###############################################################################
#
# IAR ELF Linker V7.40.3.8902/W32 for ARM                 06/Sep/2015  14:56:54
# Copyright 2007-2015 IAR Systems AB.
#
#    Output file  =  
#        E:\work\13.WiFi_Mxchip\SDK_MiCOKit_v2.3.0.2\Build\Cloud_RGB_Humiture\MiCOKit-LPC5410x\COM.MXCHIP.SPP.out.tmp
#    Map file     =  
#        E:\work\13.WiFi_Mxchip\SDK_MiCOKit_v2.3.0.2\Build\Cloud_RGB_Humiture\MiCOKit-LPC5410x\list_EWARM\COM.MXCHIP.SPP.map
#    Command line =  
#        E:\work\13.WiFi_Mxchip\SDK_MiCOKit_v2.3.0.2\Build\Cloud_RGB_HumitureMiCOKit-LPC5410x\obj_EWARM\adc_5410x.o
#        E:\work\13.WiFi_Mxchip\SDK_MiCOKit_v2.3.0.2\Build\Cloud_RGB_HumitureMiCOKit-LPC5410x\obj_EWARM\arraylist.o
#        E:\work\13.WiFi_Mxchip\SDK_MiCOKit_v2.3.0.2\Build\Cloud_RGB_HumitureMiCOKit-LPC5410x\obj_EWARM\AsciiLib.o
#        E:\work\13.WiFi_Mxchip\SDK_MiCOKit_v2.3.0.2\Build\Cloud_RGB_HumitureMiCOKit-LPC5410x\obj_EWARM\bme280.o
#        E:\work\13.WiFi_Mxchip\SDK_MiCOKit_v2.3.0.2\Build\Cloud_RGB_HumitureMiCOKit-LPC5410x\obj_EWARM\bme280_user.o
#        E:\work\13.WiFi_Mxchip\SDK_MiCOKit_v2.3.0.2\Build\Cloud_RGB_HumitureMiCOKit-LPC5410x\obj_EWARM\CheckSumUtils.o
#        E:\work\13.WiFi_Mxchip\SDK_MiCOKit_v2.3.0.2\Build\Cloud_RGB_HumitureMiCOKit-LPC5410x\obj_EWARM\chip_5410x.o
#        E:\work\13.WiFi_Mxchip\SDK_MiCOKit_v2.3.0.2\Build\Cloud_RGB_HumitureMiCOKit-LPC5410x\obj_EWARM\clock_5410x.o
#        E:\work\13.WiFi_Mxchip\SDK_MiCOKit_v2.3.0.2\Build\Cloud_RGB_HumitureMiCOKit-LPC5410x\obj_EWARM\config_server.o
#        E:\work\13.WiFi_Mxchip\SDK_MiCOKit_v2.3.0.2\Build\Cloud_RGB_HumitureMiCOKit-LPC5410x\obj_EWARM\config_server_menu.o
#        E:\work\13.WiFi_Mxchip\SDK_MiCOKit_v2.3.0.2\Build\Cloud_RGB_HumitureMiCOKit-LPC5410x\obj_EWARM\crc_5410x.o
#        E:\work\13.WiFi_Mxchip\SDK_MiCOKit_v2.3.0.2\Build\Cloud_RGB_HumitureMiCOKit-LPC5410x\obj_EWARM\crt0_EWARM.o
#        E:\work\13.WiFi_Mxchip\SDK_MiCOKit_v2.3.0.2\Build\Cloud_RGB_HumitureMiCOKit-LPC5410x\obj_EWARM\dc_motor.o
#        E:\work\13.WiFi_Mxchip\SDK_MiCOKit_v2.3.0.2\Build\Cloud_RGB_HumitureMiCOKit-LPC5410x\obj_EWARM\debug.o
#        E:\work\13.WiFi_Mxchip\SDK_MiCOKit_v2.3.0.2\Build\Cloud_RGB_HumitureMiCOKit-LPC5410x\obj_EWARM\DHT11.o
#        E:\work\13.WiFi_Mxchip\SDK_MiCOKit_v2.3.0.2\Build\Cloud_RGB_HumitureMiCOKit-LPC5410x\obj_EWARM\dma_5410x.o
#        E:\work\13.WiFi_Mxchip\SDK_MiCOKit_v2.3.0.2\Build\Cloud_RGB_HumitureMiCOKit-LPC5410x\obj_EWARM\fifo_5410x.o
#        E:\work\13.WiFi_Mxchip\SDK_MiCOKit_v2.3.0.2\Build\Cloud_RGB_HumitureMiCOKit-LPC5410x\obj_EWARM\fogCloud.o
#        E:\work\13.WiFi_Mxchip\SDK_MiCOKit_v2.3.0.2\libraries\protocols\fog_cloud\FogCloud_cm4_release.a
#        E:\work\13.WiFi_Mxchip\SDK_MiCOKit_v2.3.0.2\Build\Cloud_RGB_HumitureMiCOKit-LPC5410x\obj_EWARM\fpu_init.o
#        E:\work\13.WiFi_Mxchip\SDK_MiCOKit_v2.3.0.2\Build\Cloud_RGB_HumitureMiCOKit-LPC5410x\obj_EWARM\gpio_5410x.o
#        E:\work\13.WiFi_Mxchip\SDK_MiCOKit_v2.3.0.2\Build\Cloud_RGB_HumitureMiCOKit-LPC5410x\obj_EWARM\gpiogroup_5410x.o
#        E:\work\13.WiFi_Mxchip\SDK_MiCOKit_v2.3.0.2\Build\Cloud_RGB_HumitureMiCOKit-LPC5410x\obj_EWARM\hardfault.o
#        E:\work\13.WiFi_Mxchip\SDK_MiCOKit_v2.3.0.2\Build\Cloud_RGB_HumitureMiCOKit-LPC5410x\obj_EWARM\hsb2rgb_led.o
#        E:\work\13.WiFi_Mxchip\SDK_MiCOKit_v2.3.0.2\Build\Cloud_RGB_HumitureMiCOKit-LPC5410x\obj_EWARM\HTTPUtils.o
#        E:\work\13.WiFi_Mxchip\SDK_MiCOKit_v2.3.0.2\Build\Cloud_RGB_HumitureMiCOKit-LPC5410x\obj_EWARM\i2c_common_5410x.o
#        E:\work\13.WiFi_Mxchip\SDK_MiCOKit_v2.3.0.2\Build\Cloud_RGB_HumitureMiCOKit-LPC5410x\obj_EWARM\i2cm_5410x.o
#        E:\work\13.WiFi_Mxchip\SDK_MiCOKit_v2.3.0.2\Build\Cloud_RGB_HumitureMiCOKit-LPC5410x\obj_EWARM\i2cs_5410x.o
#        E:\work\13.WiFi_Mxchip\SDK_MiCOKit_v2.3.0.2\Build\Cloud_RGB_HumitureMiCOKit-LPC5410x\obj_EWARM\iap.o
#        E:\work\13.WiFi_Mxchip\SDK_MiCOKit_v2.3.0.2\Build\Cloud_RGB_HumitureMiCOKit-LPC5410x\obj_EWARM\infrared_reflective.o
#        E:\work\13.WiFi_Mxchip\SDK_MiCOKit_v2.3.0.2\Build\Cloud_RGB_HumitureMiCOKit-LPC5410x\obj_EWARM\iocon_5410x.o
#        E:\work\13.WiFi_Mxchip\SDK_MiCOKit_v2.3.0.2\Build\Cloud_RGB_HumitureMiCOKit-LPC5410x\obj_EWARM\json_object.o
#        E:\work\13.WiFi_Mxchip\SDK_MiCOKit_v2.3.0.2\Build\Cloud_RGB_HumitureMiCOKit-LPC5410x\obj_EWARM\json_tokener.o
#        E:\work\13.WiFi_Mxchip\SDK_MiCOKit_v2.3.0.2\Build\Cloud_RGB_HumitureMiCOKit-LPC5410x\obj_EWARM\json_util.o
#        E:\work\13.WiFi_Mxchip\SDK_MiCOKit_v2.3.0.2\Build\Cloud_RGB_HumitureMiCOKit-LPC5410x\obj_EWARM\keys.o
#        E:\work\13.WiFi_Mxchip\SDK_MiCOKit_v2.3.0.2\Build\Cloud_RGB_HumitureMiCOKit-LPC5410x\obj_EWARM\light_sensor.o
#        E:\work\13.WiFi_Mxchip\SDK_MiCOKit_v2.3.0.2\Build\Cloud_RGB_HumitureMiCOKit-LPC5410x\obj_EWARM\linkhash.o
#        E:\work\13.WiFi_Mxchip\SDK_MiCOKit_v2.3.0.2\Build\Cloud_RGB_HumitureMiCOKit-LPC5410x\obj_EWARM\mico_cli.o
#        E:\work\13.WiFi_Mxchip\SDK_MiCOKit_v2.3.0.2\Build\Cloud_RGB_HumitureMiCOKit-LPC5410x\obj_EWARM\mico_config.o
#        E:\work\13.WiFi_Mxchip\SDK_MiCOKit_v2.3.0.2\Build\Cloud_RGB_HumitureMiCOKit-LPC5410x\obj_EWARM\mico_mdns.o
#        E:\work\13.WiFi_Mxchip\SDK_MiCOKit_v2.3.0.2\Build\Cloud_RGB_HumitureMiCOKit-LPC5410x\obj_EWARM\mico_platform_common.o
#        E:\work\13.WiFi_Mxchip\SDK_MiCOKit_v2.3.0.2\Build\Cloud_RGB_HumitureMiCOKit-LPC5410x\obj_EWARM\mico_system_init.o
#        E:\work\13.WiFi_Mxchip\SDK_MiCOKit_v2.3.0.2\Build\Cloud_RGB_HumitureMiCOKit-LPC5410x\obj_EWARM\mico_system_monitor.o
#        E:\work\13.WiFi_Mxchip\SDK_MiCOKit_v2.3.0.2\Build\Cloud_RGB_HumitureMiCOKit-LPC5410x\obj_EWARM\mico_system_notification.o
#        E:\work\13.WiFi_Mxchip\SDK_MiCOKit_v2.3.0.2\Build\Cloud_RGB_HumitureMiCOKit-LPC5410x\obj_EWARM\mico_system_para_storage.o
#        E:\work\13.WiFi_Mxchip\SDK_MiCOKit_v2.3.0.2\Build\Cloud_RGB_HumitureMiCOKit-LPC5410x\obj_EWARM\mico_system_power_daemon.o
#        E:\work\13.WiFi_Mxchip\SDK_MiCOKit_v2.3.0.2\Build\Cloud_RGB_HumitureMiCOKit-LPC5410x\obj_EWARM\MICOAppEntrance.o
#        E:\work\13.WiFi_Mxchip\SDK_MiCOKit_v2.3.0.2\Build\Cloud_RGB_HumitureMiCOKit-LPC5410x\obj_EWARM\MICOBonjour.o
#        E:\work\13.WiFi_Mxchip\SDK_MiCOKit_v2.3.0.2\Build\Cloud_RGB_HumitureMiCOKit-LPC5410x\obj_EWARM\MICOConfigDelegate.o
#        E:\work\13.WiFi_Mxchip\SDK_MiCOKit_v2.3.0.2\Platform\Drivers\MicoDriverMFiAuth\MicoDriverMFiAuth.a
#        E:\work\13.WiFi_Mxchip\SDK_MiCOKit_v2.3.0.2\Build\Cloud_RGB_HumitureMiCOKit-LPC5410x\obj_EWARM\MicoFogCloud.o
#        E:\work\13.WiFi_Mxchip\SDK_MiCOKit_v2.3.0.2\Build\Cloud_RGB_HumitureMiCOKit-LPC5410x\obj_EWARM\MicoFogCloudConfigServer.o
#        E:\work\13.WiFi_Mxchip\SDK_MiCOKit_v2.3.0.2\Build\Cloud_RGB_HumitureMiCOKit-LPC5410x\obj_EWARM\micokit_ext.o
#        E:\work\13.WiFi_Mxchip\SDK_MiCOKit_v2.3.0.2\Build\Cloud_RGB_HumitureMiCOKit-LPC5410x\obj_EWARM\micokit_ext_mfg.o
#        E:\work\13.WiFi_Mxchip\SDK_MiCOKit_v2.3.0.2\MICO\core\mxchipWNet_cm4f_spi.a
#        E:\work\13.WiFi_Mxchip\SDK_MiCOKit_v2.3.0.2\Build\Cloud_RGB_HumitureMiCOKit-LPC5410x\obj_EWARM\oled.o
#        E:\work\13.WiFi_Mxchip\SDK_MiCOKit_v2.3.0.2\Build\Cloud_RGB_HumitureMiCOKit-LPC5410x\obj_EWARM\pinint_5410x.o
#        E:\work\13.WiFi_Mxchip\SDK_MiCOKit_v2.3.0.2\Build\Cloud_RGB_HumitureMiCOKit-LPC5410x\obj_EWARM\platform.o
#        E:\work\13.WiFi_Mxchip\SDK_MiCOKit_v2.3.0.2\Build\Cloud_RGB_HumitureMiCOKit-LPC5410x\obj_EWARM\platform_adc.o
#        E:\work\13.WiFi_Mxchip\SDK_MiCOKit_v2.3.0.2\Build\Cloud_RGB_HumitureMiCOKit-LPC5410x\obj_EWARM\platform_flash.o
#        E:\work\13.WiFi_Mxchip\SDK_MiCOKit_v2.3.0.2\Build\Cloud_RGB_HumitureMiCOKit-LPC5410x\obj_EWARM\platform_gpio.o
#        E:\work\13.WiFi_Mxchip\SDK_MiCOKit_v2.3.0.2\Build\Cloud_RGB_HumitureMiCOKit-LPC5410x\obj_EWARM\platform_i2c.o
#        E:\work\13.WiFi_Mxchip\SDK_MiCOKit_v2.3.0.2\Build\Cloud_RGB_HumitureMiCOKit-LPC5410x\obj_EWARM\platform_init.o
#        E:\work\13.WiFi_Mxchip\SDK_MiCOKit_v2.3.0.2\Build\Cloud_RGB_HumitureMiCOKit-LPC5410x\obj_EWARM\platform_mcu_powersave.o
#        E:\work\13.WiFi_Mxchip\SDK_MiCOKit_v2.3.0.2\Build\Cloud_RGB_HumitureMiCOKit-LPC5410x\obj_EWARM\platform_nano_second.o
#        E:\work\13.WiFi_Mxchip\SDK_MiCOKit_v2.3.0.2\Build\Cloud_RGB_HumitureMiCOKit-LPC5410x\obj_EWARM\platform_pwm.o
#        E:\work\13.WiFi_Mxchip\SDK_MiCOKit_v2.3.0.2\Build\Cloud_RGB_HumitureMiCOKit-LPC5410x\obj_EWARM\platform_rng.o
#        E:\work\13.WiFi_Mxchip\SDK_MiCOKit_v2.3.0.2\Build\Cloud_RGB_HumitureMiCOKit-LPC5410x\obj_EWARM\platform_rtc.o
#        E:\work\13.WiFi_Mxchip\SDK_MiCOKit_v2.3.0.2\Build\Cloud_RGB_HumitureMiCOKit-LPC5410x\obj_EWARM\platform_spi.o
#        E:\work\13.WiFi_Mxchip\SDK_MiCOKit_v2.3.0.2\Build\Cloud_RGB_HumitureMiCOKit-LPC5410x\obj_EWARM\platform_uart.o
#        E:\work\13.WiFi_Mxchip\SDK_MiCOKit_v2.3.0.2\Build\Cloud_RGB_HumitureMiCOKit-LPC5410x\obj_EWARM\platform_watchdog.o
#        E:\work\13.WiFi_Mxchip\SDK_MiCOKit_v2.3.0.2\Build\Cloud_RGB_HumitureMiCOKit-LPC5410x\obj_EWARM\pll_5410x.o
#        E:\work\13.WiFi_Mxchip\SDK_MiCOKit_v2.3.0.2\Build\Cloud_RGB_HumitureMiCOKit-LPC5410x\obj_EWARM\power_control.o
#        E:\work\13.WiFi_Mxchip\SDK_MiCOKit_v2.3.0.2\Build\Cloud_RGB_HumitureMiCOKit-LPC5410x\obj_EWARM\printbuf.o
#        E:\work\13.WiFi_Mxchip\SDK_MiCOKit_v2.3.0.2\Build\Cloud_RGB_HumitureMiCOKit-LPC5410x\obj_EWARM\Retarget.o
#        E:\work\13.WiFi_Mxchip\SDK_MiCOKit_v2.3.0.2\Build\Cloud_RGB_HumitureMiCOKit-LPC5410x\obj_EWARM\rgb_led.o
#        E:\work\13.WiFi_Mxchip\SDK_MiCOKit_v2.3.0.2\Build\Cloud_RGB_HumitureMiCOKit-LPC5410x\obj_EWARM\ring_buffer.o
#        E:\work\13.WiFi_Mxchip\SDK_MiCOKit_v2.3.0.2\Build\Cloud_RGB_HumitureMiCOKit-LPC5410x\obj_EWARM\RingBufferUtils.o
#        E:\work\13.WiFi_Mxchip\SDK_MiCOKit_v2.3.0.2\Build\Cloud_RGB_HumitureMiCOKit-LPC5410x\obj_EWARM\ritimer_5410x.o
#        E:\work\13.WiFi_Mxchip\SDK_MiCOKit_v2.3.0.2\Build\Cloud_RGB_HumitureMiCOKit-LPC5410x\obj_EWARM\rtc_5410x.o
#        E:\work\13.WiFi_Mxchip\SDK_MiCOKit_v2.3.0.2\Build\Cloud_RGB_HumitureMiCOKit-LPC5410x\obj_EWARM\rtc_ut.o
#        E:\work\13.WiFi_Mxchip\SDK_MiCOKit_v2.3.0.2\Build\Cloud_RGB_HumitureMiCOKit-LPC5410x\obj_EWARM\sct_5410x.o
#        E:\work\13.WiFi_Mxchip\SDK_MiCOKit_v2.3.0.2\Build\Cloud_RGB_HumitureMiCOKit-LPC5410x\obj_EWARM\sct_pwm_5410x.o
#        E:\work\13.WiFi_Mxchip\SDK_MiCOKit_v2.3.0.2\Build\Cloud_RGB_HumitureMiCOKit-LPC5410x\obj_EWARM\SocketUtils.o
#        E:\work\13.WiFi_Mxchip\SDK_MiCOKit_v2.3.0.2\Build\Cloud_RGB_HumitureMiCOKit-LPC5410x\obj_EWARM\spi_5410x.o
#        E:\work\13.WiFi_Mxchip\SDK_MiCOKit_v2.3.0.2\Build\Cloud_RGB_HumitureMiCOKit-LPC5410x\obj_EWARM\spi_common_5410x.o
#        E:\work\13.WiFi_Mxchip\SDK_MiCOKit_v2.3.0.2\Build\Cloud_RGB_HumitureMiCOKit-LPC5410x\obj_EWARM\spi_flash.o
#        E:\work\13.WiFi_Mxchip\SDK_MiCOKit_v2.3.0.2\Build\Cloud_RGB_HumitureMiCOKit-LPC5410x\obj_EWARM\spi_flash_platform.o
#        E:\work\13.WiFi_Mxchip\SDK_MiCOKit_v2.3.0.2\Build\Cloud_RGB_HumitureMiCOKit-LPC5410x\obj_EWARM\spim_5410x.o
#        E:\work\13.WiFi_Mxchip\SDK_MiCOKit_v2.3.0.2\Build\Cloud_RGB_HumitureMiCOKit-LPC5410x\obj_EWARM\spis_5410x.o
#        E:\work\13.WiFi_Mxchip\SDK_MiCOKit_v2.3.0.2\Build\Cloud_RGB_HumitureMiCOKit-LPC5410x\obj_EWARM\startup_lpc54100_EWARM.o
#        E:\work\13.WiFi_Mxchip\SDK_MiCOKit_v2.3.0.2\Build\Cloud_RGB_HumitureMiCOKit-LPC5410x\obj_EWARM\stopwatch_5410x.o
#        E:\work\13.WiFi_Mxchip\SDK_MiCOKit_v2.3.0.2\Build\Cloud_RGB_HumitureMiCOKit-LPC5410x\obj_EWARM\StringUtils.o
#        E:\work\13.WiFi_Mxchip\SDK_MiCOKit_v2.3.0.2\Build\Cloud_RGB_HumitureMiCOKit-LPC5410x\obj_EWARM\syscon_5410x.o
#        E:\work\13.WiFi_Mxchip\SDK_MiCOKit_v2.3.0.2\Build\Cloud_RGB_HumitureMiCOKit-LPC5410x\obj_EWARM\sysinit_5410x.o
#        E:\work\13.WiFi_Mxchip\SDK_MiCOKit_v2.3.0.2\Build\Cloud_RGB_HumitureMiCOKit-LPC5410x\obj_EWARM\system_easylink.o
#        E:\work\13.WiFi_Mxchip\SDK_MiCOKit_v2.3.0.2\Build\Cloud_RGB_HumitureMiCOKit-LPC5410x\obj_EWARM\system_easylink_delegate.o
#        E:\work\13.WiFi_Mxchip\SDK_MiCOKit_v2.3.0.2\Build\Cloud_RGB_HumitureMiCOKit-LPC5410x\obj_EWARM\system_factory_test.o
#        E:\work\13.WiFi_Mxchip\SDK_MiCOKit_v2.3.0.2\Build\Cloud_RGB_HumitureMiCOKit-LPC5410x\obj_EWARM\system_misc.o
#        E:\work\13.WiFi_Mxchip\SDK_MiCOKit_v2.3.0.2\Build\Cloud_RGB_HumitureMiCOKit-LPC5410x\obj_EWARM\temp_hum_sensor.o
#        E:\work\13.WiFi_Mxchip\SDK_MiCOKit_v2.3.0.2\Build\Cloud_RGB_HumitureMiCOKit-LPC5410x\obj_EWARM\tftp_ota.o
#        E:\work\13.WiFi_Mxchip\SDK_MiCOKit_v2.3.0.2\MICO\system\tftp_ota\tftpc.o
#        E:\work\13.WiFi_Mxchip\SDK_MiCOKit_v2.3.0.2\Build\Cloud_RGB_HumitureMiCOKit-LPC5410x\obj_EWARM\timer_5410x.o
#        E:\work\13.WiFi_Mxchip\SDK_MiCOKit_v2.3.0.2\Build\Cloud_RGB_HumitureMiCOKit-LPC5410x\obj_EWARM\uart_5410x.o
#        E:\work\13.WiFi_Mxchip\SDK_MiCOKit_v2.3.0.2\Build\Cloud_RGB_HumitureMiCOKit-LPC5410x\obj_EWARM\URLUtils.o
#        E:\work\13.WiFi_Mxchip\SDK_MiCOKit_v2.3.0.2\Build\Cloud_RGB_HumitureMiCOKit-LPC5410x\obj_EWARM\user_downstream.o
#        E:\work\13.WiFi_Mxchip\SDK_MiCOKit_v2.3.0.2\Build\Cloud_RGB_HumitureMiCOKit-LPC5410x\obj_EWARM\user_main.o
#        E:\work\13.WiFi_Mxchip\SDK_MiCOKit_v2.3.0.2\Build\Cloud_RGB_HumitureMiCOKit-LPC5410x\obj_EWARM\user_uart.o
#        E:\work\13.WiFi_Mxchip\SDK_MiCOKit_v2.3.0.2\Build\Cloud_RGB_HumitureMiCOKit-LPC5410x\obj_EWARM\user_upstream.o
#        E:\work\13.WiFi_Mxchip\SDK_MiCOKit_v2.3.0.2\Build\Cloud_RGB_HumitureMiCOKit-LPC5410x\obj_EWARM\utick_5410x.o
#        E:\work\13.WiFi_Mxchip\SDK_MiCOKit_v2.3.0.2\Build\Cloud_RGB_HumitureMiCOKit-LPC5410x\obj_EWARM\wlan_bus_spi.o
#        E:\work\13.WiFi_Mxchip\SDK_MiCOKit_v2.3.0.2\Build\Cloud_RGB_HumitureMiCOKit-LPC5410x\obj_EWARM\wlan_platform.o
#        E:\work\13.WiFi_Mxchip\SDK_MiCOKit_v2.3.0.2\Build\Cloud_RGB_HumitureMiCOKit-LPC5410x\obj_EWARM\wlan_platform_common.o
#        E:\work\13.WiFi_Mxchip\SDK_MiCOKit_v2.3.0.2\Build\Cloud_RGB_HumitureMiCOKit-LPC5410x\obj_EWARM\wwdt_5410x.o
#        E:\work\13.WiFi_Mxchip\SDK_MiCOKit_v2.3.0.2\Build\Cloud_RGB_HumitureMiCOKit-LPC5410x\obj_EWARM\ZigbeeControlBridge.o
#        E:\work\13.WiFi_Mxchip\SDK_MiCOKit_v2.3.0.2\Build\Cloud_RGB_HumitureMiCOKit-LPC5410x\obj_EWARM\ZigBeeNetwork.o
#        E:\work\13.WiFi_Mxchip\SDK_MiCOKit_v2.3.0.2\Build\Cloud_RGB_HumitureMiCOKit-LPC5410x\obj_EWARM\ZigbeePDM.o
#        E:\work\13.WiFi_Mxchip\SDK_MiCOKit_v2.3.0.2\Build\Cloud_RGB_HumitureMiCOKit-LPC5410x\obj_EWARM\ZigBeeSerialLink.o
#        --redirect _Printf=_PrintfFull --redirect _Scanf=_ScanfFull -o
#        E:\work\13.WiFi_Mxchip\SDK_MiCOKit_v2.3.0.2\Build\Cloud_RGB_Humiture\MiCOKit-LPC5410x\COM.MXCHIP.SPP.out.tmp
#        --map
#        E:\work\13.WiFi_Mxchip\SDK_MiCOKit_v2.3.0.2\Build\Cloud_RGB_Humiture\MiCOKit-LPC5410x\list_EWARM\COM.MXCHIP.SPP.map
#        --config
#        E:\work\13.WiFi_Mxchip\SDK_MiCOKit_v2.3.0.2\Projects\LPC5410x\Cloud_RGB_Humiture\EWARM\..\..\..\..\Board\MiCOKit-LPC5410x\micoLinkerForIAR.icf
#        --semihosting --entry __iar_program_start --vfe --threaded_lib
#
###############################################################################

*******************************************************************************
*** MESSAGES
***

Warning[Lt049]: Potential floating point parameter passing conflict. The first
          module below references the second and they have been built with
          different settings.
          AAPCS, base variant: E:\work\13.WiFi_Mxchip\SDK_MiCOKit_v2.3.0.2\Buil
                    d\Cloud_RGB_HumitureMiCOKit-LPC5410x\obj_EWARM\config_serve
                    r_menu.o
          AAPCS, VFP variant: wiced_rtos.o(mxchipWNet_cm4f_spi.a)
Warning[Lt049]: Potential floating point parameter passing conflict. The first
          module below references the second and they have been built with
          different settings.
          AAPCS, base variant: E:\work\13.WiFi_Mxchip\SDK_MiCOKit_v2.3.0.2\Buil
                    d\Cloud_RGB_HumitureMiCOKit-LPC5410x\obj_EWARM\config_serve
                    r_menu.o
          AAPCS, VFP variant: mxchipWNET.o(mxchipWNet_cm4f_spi.a)
Warning[Lt049]: Potential floating point parameter passing conflict. The first
          module below references the second and they have been built with
          different settings.
          AAPCS, base variant: E:\work\13.WiFi_Mxchip\SDK_MiCOKit_v2.3.0.2\Buil
                    d\Cloud_RGB_HumitureMiCOKit-LPC5410x\obj_EWARM\json_object.
                    o
          AAPCS, VFP variant: dlmalloc.o(mxchipWNet_cm4f_spi.a)
Warning[Lt049]: Potential floating point parameter passing conflict. The first
          module below references the second and they have been built with
          different settings.
          AAPCS, base variant: E:\work\13.WiFi_Mxchip\SDK_MiCOKit_v2.3.0.2\Buil
                    d\Cloud_RGB_HumitureMiCOKit-LPC5410x\obj_EWARM\json_tokener
                    .o
          AAPCS, VFP variant: dlmalloc.o(mxchipWNet_cm4f_spi.a)
Warning[Lt049]: Potential floating point parameter passing conflict. The first
          module below references the second and they have been built with
          different settings.
          AAPCS, base variant: E:\work\13.WiFi_Mxchip\SDK_MiCOKit_v2.3.0.2\Buil
                    d\Cloud_RGB_HumitureMiCOKit-LPC5410x\obj_EWARM\mico_platfor
                    m_common.o
          AAPCS, VFP variant: wiced_rtos.o(mxchipWNet_cm4f_spi.a)
Warning[Lt049]: Potential floating point parameter passing conflict. The first
          module below references the second and they have been built with
          different settings.
          AAPCS, base variant: E:\work\13.WiFi_Mxchip\SDK_MiCOKit_v2.3.0.2\Buil
                    d\Cloud_RGB_HumitureMiCOKit-LPC5410x\obj_EWARM\mico_platfor
                    m_common.o
          AAPCS, VFP variant: mxchipWNET.o(mxchipWNet_cm4f_spi.a)
Warning[Lt049]: Potential floating point parameter passing conflict. The first
          module below references the second and they have been built with
          different settings.
          AAPCS, base variant: E:\work\13.WiFi_Mxchip\SDK_MiCOKit_v2.3.0.2\Buil
                    d\Cloud_RGB_HumitureMiCOKit-LPC5410x\obj_EWARM\micokit_ext_
                    mfg.o
          AAPCS, VFP variant: wiced_rtos.o(mxchipWNet_cm4f_spi.a)
Warning[Lt049]: Potential floating point parameter passing conflict. The first
          module below references the second and they have been built with
          different settings.
          AAPCS, base variant: E:\work\13.WiFi_Mxchip\SDK_MiCOKit_v2.3.0.2\Buil
                    d\Cloud_RGB_HumitureMiCOKit-LPC5410x\obj_EWARM\micokit_ext_
                    mfg.o
          AAPCS, VFP variant: mxchipWNET.o(mxchipWNet_cm4f_spi.a)
Warning[Lt049]: Potential floating point parameter passing conflict. The first
          module below references the second and they have been built with
          different settings.
          AAPCS, base variant: E:\work\13.WiFi_Mxchip\SDK_MiCOKit_v2.3.0.2\Buil
                    d\Cloud_RGB_HumitureMiCOKit-LPC5410x\obj_EWARM\micokit_ext_
                    mfg.o
          AAPCS, VFP variant: wifimgr.o(mxchipWNet_cm4f_spi.a)
Warning[Lt049]: Potential floating point parameter passing conflict. The first
          module below references the second and they have been built with
          different settings.
          AAPCS, base variant: E:\work\13.WiFi_Mxchip\SDK_MiCOKit_v2.3.0.2\MICO
                    \system\tftp_ota\tftpc.o
          AAPCS, VFP variant: mxchipWNET.o(mxchipWNet_cm4f_spi.a)
Warning[Lt049]: Potential floating point parameter passing conflict. The first
          module below references the second and they have been built with
          different settings.
          AAPCS, base variant: E:\work\13.WiFi_Mxchip\SDK_MiCOKit_v2.3.0.2\Buil
                    d\Cloud_RGB_HumitureMiCOKit-LPC5410x\obj_EWARM\user_main.o
          AAPCS, VFP variant: wiced_rtos.o(mxchipWNet_cm4f_spi.a)
Warning[Lt049]: Potential floating point parameter passing conflict. The first
          module below references the second and they have been built with
          different settings.
          AAPCS, base variant: E:\work\13.WiFi_Mxchip\SDK_MiCOKit_v2.3.0.2\Buil
                    d\Cloud_RGB_HumitureMiCOKit-LPC5410x\obj_EWARM\user_main.o
          AAPCS, VFP variant: mxchipWNET.o(mxchipWNet_cm4f_spi.a)
Warning[Lt049]: Potential floating point parameter passing conflict. The first
          module below references the second and they have been built with
          different settings.
          AAPCS, VFP variant: FogCloudUtils.o(FogCloud_cm4_release.a)
          AAPCS, base variant: E:\work\13.WiFi_Mxchip\SDK_MiCOKit_v2.3.0.2\Buil
                    d\Cloud_RGB_HumitureMiCOKit-LPC5410x\obj_EWARM\mico_platfor
                    m_common.o
Warning[Lt049]: Potential floating point parameter passing conflict. The first
          module below references the second and they have been built with
          different settings.
          AAPCS, VFP variant: FogCloudService.o(FogCloud_cm4_release.a)
          AAPCS, base variant: E:\work\13.WiFi_Mxchip\SDK_MiCOKit_v2.3.0.2\Buil
                    d\Cloud_RGB_HumitureMiCOKit-LPC5410x\obj_EWARM\json_object.
                    o
Warning[Lt049]: Potential floating point parameter passing conflict. The first
          module below references the second and they have been built with
          different settings.
          AAPCS, VFP variant: FogCloudService.o(FogCloud_cm4_release.a)
          AAPCS, base variant: E:\work\13.WiFi_Mxchip\SDK_MiCOKit_v2.3.0.2\Buil
                    d\Cloud_RGB_HumitureMiCOKit-LPC5410x\obj_EWARM\json_tokener
                    .o
Warning[Lt049]: Potential floating point parameter passing conflict. The first
          module below references the second and they have been built with
          different settings.
          AAPCS, VFP variant: wifi.o(mxchipWNet_cm4f_spi.a)
          AAPCS, base variant: E:\work\13.WiFi_Mxchip\SDK_MiCOKit_v2.3.0.2\Buil
                    d\Cloud_RGB_HumitureMiCOKit-LPC5410x\obj_EWARM\mico_platfor
                    m_common.o


*******************************************************************************
*** RUNTIME MODEL ATTRIBUTES
***

CppFlavor                     = *
__Heap_Handler                = DLMalloc
__SystemLibrary               = DLib
__dlib_dynamic_initialization = normal


*******************************************************************************
*** PLACEMENT SUMMARY
***

"A1":  place at 0x0000c000 { ro section .intvec };
"P1":  place in [from 0x0000c000 to 0x0007ffff] { ro };
"P2":  place in [from 0x02000100 to 0x02017fff] |
                [from 0x03400000 to 0x03401fff] { rw, block CSTACK, block HEAP };

  Section             Kind        Address     Size  Object
  -------             ----        -------     ----  ------
"A1":                                        0x108
  .intvec                      0x0000c000    0x108  <Block>
    .intvec           ro code  0x0000c000    0x108  startup_lpc54100_EWARM.o [1]
                             - 0x0000c108    0x108

"P1":                                      0x44cca
  .text               ro code  0x0000c108   0x27e4  smart_config.o [7]
  .text               ro code  0x0000e8ec     0x66  ABImemset.o [8]
  .text               ro code  0x0000e952     0x1e  xsscin.o [5]
  .text               ro code  0x0000e970     0x62  memcmp_unaligned.o [8]
  .text               ro code  0x0000e9d2     0x1a  xsnprout.o [5]
  .text               ro code  0x0000e9ec    0x846  mxchipWNET.o [7]
  .text               ro code  0x0000f232      0xa  xsprout.o [5]
  .text               ro code  0x0000f23c    0x410  mico_system_notification.o [1]
  .text               ro code  0x0000f64c     0x76  ABImemcpy_unaligned.o [8]
  .rodata             const    0x0000f6c2      0x2  wwd_bus_protocol.o [7]
  .text               ro code  0x0000f6c4     0x44  snprintf.o [5]
  .text               ro code  0x0000f708   0x14c0  wwd_wifi.o [7]
  .text               ro code  0x00010bc8   0x2650  wifimgr.o [7]
  .text               ro code  0x00013218     0x6c  strncpy_unaligned.o [8]
  .text               ro code  0x00013284     0x36  strlen.o [8]
  .rodata             const    0x000132ba      0x1  smart_config.o [7]
  .rodata             const    0x000132bb      0x1  smart_config.o [7]
  .text               ro code  0x000132bc    0x7fa  wiced_rtos.o [7]
  .rodata             const    0x00013ab6      0x1  smart_config.o [7]
  .rodata             const    0x00013ab7      0x1  smart_config.o [7]
  .text               ro code  0x00013ab8    0xca4  tasks.o [7]
  .text               ro code  0x0001475c    0x440  wifi.o [7]
  .text               ro code  0x00014b9c   0x2590  dlmalloc.o [7]
  .text               ro code  0x0001712c     0xe0  arc4.o [7]
  .text               ro code  0x0001720c     0x92  wwd_buffer.o [7]
  .text               ro code  0x000172a0     0x34  sprintf.o [5]
  .text               ro code  0x000172d4    0x628  tcpip.o [7]
  .text               ro code  0x000178fc    0x7ec  dns.o [7]
  .text               ro code  0x000180e8    0x130  wwd_rtos.o [7]
  .text               ro code  0x00018218     0x20  srand.o [5]
  .text               ro code  0x00018238    0xe04  tcp.o [7]
  .text               ro code  0x0001903c    0x25a  ip_addr.o [7]
  .text               ro code  0x00019296     0x36  def.o [7]
  .text               ro code  0x000192cc   0x19cc  sockets.o [7]
  .text               ro code  0x0001ac98     0x42  strcmp_unaligned.o [8]
  .text               ro code  0x0001acdc     0x44  strcpy_unaligned.o [8]
  .text               ro code  0x0001ad20    0x244  wwd_management.o [7]
  .text               ro code  0x0001af64     0x18  strrchr.o [5]
  .text               ro code  0x0001af7c     0x24  printf.o [5]
  .text               ro code  0x0001afa0   0x1156  xprintffull.o [5]
  .text               ro code  0x0001c0f8   0x101c  SDPCM.o [7]
  .text               ro code  0x0001d114     0x14  mxchip_debug.o [7]
  .text               ro code  0x0001d128    0x4ec  pbuf.o [7]
  .text               ro code  0x0001d614    0x4b4  ip.o [7]
  .text               ro code  0x0001dac8    0xce0  system_misc.o [1]
  .text               ro code  0x0001e7a8     0x30  aes_wrap.o [7]
  .text               ro code  0x0001e7d8    0x404  wiced_network.o [7]
  .text               ro code  0x0001ebdc    0x1ec  dns_redirect.o [7]
  .text               ro code  0x0001edc8    0x492  wwd_ap.o [7]
  .text               ro code  0x0001f25c     0x64  dnsclient.o [7]
  .text               ro code  0x0001f2c0     0x2a  strncmp.o [5]
  .text               ro code  0x0001f2ec    0x4b8  system_factory_test.o [1]
  .text               ro code  0x0001f7a4    0x9e0  etharp.o [7]
  .text               ro code  0x00020184     0x46  strcasecmp.o [5]
  .text               ro code  0x000201cc   0x1594  tcp_in.o [7]
  .text               ro code  0x00021760    0x710  udp.o [7]
  .text               ro code  0x00021e70      0x4  strtoul.o [5]
  .text               ro code  0x00021e74    0x140  platform_init.o [1]
  .text               ro code  0x00021fb4    0x2fa  platform.o [1]
  .text               ro code  0x000222b0    0x7a8  MICOAppEntrance.o [1]
  .text               ro code  0x00022a58    0x526  queue.o [7]
  .text               ro code  0x00022f80     0xe8  wlan_platform_common.o [1]
  .text               ro code  0x00023068     0xec  port.o [7]
  .text               ro code  0x00023154    0x370  ostimers.o [7]
  .text               ro code  0x000234c4     0x9a  list.o [7]
  CODE                ro code  0x00023560     0xa8  portasm.o [7]
  .text               ro code  0x00023608     0x1c  strcat.o [5]
  .text               ro code  0x00023624    0x10c  platform_mcu_powersave.o [1]
  .text               ro code  0x00023730     0x38  heap_3.o [7]
  .text               ro code  0x00023768    0x974  mico_platform_common.o [1]
  .text               ro code  0x000240dc      0x6  abort.o [5]
  .text               ro code  0x000240e4      0x6  ABImemclr4.o [8]
  .text               ro code  0x000240ea     0x20  xsyslock.o [5]
  .text               ro code  0x0002410c     0x2c  xgetmemchunk.o [5]
  .text               ro code  0x00024138    0x190  wiced_ping.o [7]
  .text               ro code  0x000242c8    0x5e0  api_lib.o [7]
  .text               ro code  0x000248a8      0xc  mxchipbesl.o [7]
  .text               ro code  0x000248b4     0xda  netbuf.o [7]
  .text               ro code  0x00024990    0x27c  lwiptcpip.o [7]
  .text               ro code  0x00024c0c      0x2  xtls.o [5]
  .text               ro code  0x00024c10    0xcc2  tcp_out.o [7]
  .text               ro code  0x000258d4    0x300  lwiptimers.o [7]
  .text               ro code  0x00025bd4    0x1b8  memp.o [7]
  .text               ro code  0x00025d8c     0xe0  rand.o [5]
  .text               ro code  0x00025e6c    0x2a0  sys_arch.o [7]
  .text               ro code  0x0002610c    0x568  igmp.o [7]
  .text               ro code  0x00026674    0x3ac  wlan_bus_spi.o [1]
  .text               ro code  0x00026a20    0x6f4  wwd_bus_protocol.o [7]
  .text               ro code  0x00027114    0x248  wwd_thread.o [7]
  .text               ro code  0x0002735c     0x10  wlan_platform.o [1]
  .text               ro code  0x0002736c     0x20  xmbtowc.o [5]
  .text               ro code  0x0002738c     0x16  strchr.o [8]
  .text               ro code  0x000273a4     0x58  memchr.o [8]
  .text               ro code  0x000273fc      0xa  xmbcurmax.o [5]
  .text               ro code  0x00027406     0x1a  xwctomb.o [5]
  .text               ro code  0x00027420     0xee  I64DivMod.o [8]
  .text               ro code  0x0002750e     0x42  xdnorm.o [6]
  .text               ro code  0x00027550     0x2e  DblCmpLe.o [6]
  .text               ro code  0x00027580     0x2e  DblCmpGe.o [6]
  .text               ro code  0x000275b0    0x118  xdscale.o [6]
  .text               ro code  0x000276c8     0x58  DblToI32.o [6]
  .text               ro code  0x00027720     0x30  I32ToDbl.o [6]
  .text               ro code  0x00027750    0x180  DblSub.o [6]
  .text               ro code  0x000278d0    0x1a2  DblMul.o [6]
  .text               ro code  0x00027a74    0x256  DblDiv.o [6]
  .text               ro code  0x00027ccc     0x6c  localeconv.o [5]
  .text               ro code  0x00027d38      0xe  div.o [5]
  .text               ro code  0x00027d48    0x17c  wwd_network.o [7]
  .text               ro code  0x00027ec4     0x78  ABImemmove_unaligned.o [8]
  .text               ro code  0x00027f3c    0x170  inet_chksum.o [7]
  .text               ro code  0x000280ac    0x1cc  raw.o [7]
  .text               ro code  0x00028278    0x184  icmp.o [7]
  .text               ro code  0x000283fc    0x358  netif.o [7]
  .text               ro code  0x00028754    0xba4  mico_system_para_storage.o [1]
  .text               ro code  0x000292f8    0x900  StringUtils.o [1]
  .text               ro code  0x00029bf8    0xb62  aes.o [7]
  .text               ro code  0x0002a75c    0xf20  dhcp.o [7]
  .text               ro code  0x0002b67c     0x28  sys.o [7]
  .text               ro code  0x0002b6a4    0x650  dhcp_server.o [7]
  .text               ro code  0x0002bcf4     0x48  netifapi.o [7]
  .text               ro code  0x0002bd3c     0xc6  RingBufferUtils.o [1]
  .text               ro code  0x0002be04    0x3a8  mftest.o [7]
  .text               ro code  0x0002c1ac     0x14  tolower.o [5]
  .text               ro code  0x0002c1c0    0x198  xstoul.o [5]
  .text               ro code  0x0002c358     0x44  fpu_init.o [1]
  .text               ro code  0x0002c39c     0x3c  power_control.o [1]
  .text               ro code  0x0002c3d8    0x394  platform_gpio.o [1]
  .text               ro code  0x0002c76c    0x698  platform_uart.o [1]
  .text               ro code  0x0002ce04      0xc  platform_rtc.o [1]
  .text               ro code  0x0002ce10    0x2b8  platform_spi.o [1]
  .text               ro code  0x0002d0c8    0x3ec  platform_i2c.o [1]
  .text               ro code  0x0002d4b4    0x4cc  mico_system_power_daemon.o [1]
  .text               ro code  0x0002d980     0x24  dc_motor.o [1]
  .text               ro code  0x0002d9a4    0x4d0  user_main.o [1]
  .text               ro code  0x0002de74   0x17e8  MicoFogCloud.o [1]
  .text               ro code  0x0002f65c    0x61c  mico_system_init.o [1]
  .text               ro code  0x0002fc78    0x46c  MICOBonjour.o [1]
  .text               ro code  0x000300e4      0x4  platform_watchdog.o [1]
  .text               ro code  0x000300e8     0xf0  micokit_ext.o [1]
  .text               ro code  0x000301d8    0x30c  platform_adc.o [1]
  .text               ro code  0x000304e4    0x9ec  platform_flash.o [1]
  .text               ro code  0x00030ed0     0x60  platform_nano_second.o [1]
  .text               ro code  0x00030f30     0x14  exit.o [9]
  .text               ro code  0x00030f44     0x3a  ABImemset48.o [8]
  .text               ro code  0x00030f80    0x15c  xsyslock_mtx.o [5]
  .text               ro code  0x000310dc    0xeac  api_msg.o [7]
  .text               ro code  0x00031f88     0x20  init.o [7]
  .text               ro code  0x00031fa8    0x154  clock_5410x.o [1]
  .text               ro code  0x000320fc    0x260  wwd_internal.o [7]
  .text               ro code  0x0003235c    0x300  wwd_firmware.o [7]
  .text               ro code  0x0003265c     0x24  setlocale.o [5]
  .text               ro code  0x00032680     0x60  xencoding_sb.o [5]
  .text               ro code  0x000326e0      0x2  I64DivZer.o [8]
  .text               ro code  0x000326e4     0xe8  DblAdd.o [6]
  .text               ro code  0x000327cc     0x4c  wps_host.o [7]
  .text               ro code  0x00032818     0x7a  CheckSumUtils.o [1]
  .text               ro code  0x00032892     0x18  toupper.o [5]
  .text               ro code  0x000328aa     0x3c  isxxx.o [5]
  .text               ro code  0x000328e6     0x16  strnlen.o [5]
  .text               ro code  0x000328fc     0x44  logging.o [7]
  .text               ro code  0x00032940     0x8c  wiced_lib.o [7]
  .text               ro code  0x000329cc      0xc  xlocale_c.o [5]
  .text               ro code  0x000329d8      0xc  errno.o [5]
  .text               ro code  0x000329e4     0x7c  syscon_5410x.o [1]
  .text               ro code  0x00032a60     0x88  uart_5410x.o [1]
  .text               ro code  0x00032ae8     0x94  dma_5410x.o [1]
  .text               ro code  0x00032b7c     0x5c  i2c_common_5410x.o [1]
  .text               ro code  0x00032bd8    0x274  hsb2rgb_led.o [1]
  .text               ro code  0x00032e4c      0xe  S32ToFlt.o [6]
  .text               ro code  0x00032e5c    0xa84  oled.o [1]
  .text               ro code  0x000338e0   0x1b20  fogCloud.o [1]
  .text               ro code  0x00035400   0x1a9c  MicoFogCloudConfigServer.o [1]
  .text               ro code  0x00036e9c   0x1298  MICOConfigDelegate.o [1]
  .text               ro code  0x00038134      0x6  ABImemclr.o [8]
  .text               ro code  0x0003813c    0x5f8  json_object.o [1]
  .text               ro code  0x00038734    0xf70  mico_cli.o [1]
  .text               ro code  0x000396a4    0x754  micokit_ext_mfg.o [1]
  .text               ro code  0x00039df8   0x1838  system_easylink.o [1]
  .text               ro code  0x0003b630   0x1fd0  config_server.o [1]
  .text               ro code  0x0003d600   0x1124  mico_mdns.o [1]
  .text               ro code  0x0003e724     0xbc  rgb_led.o [1]
  .text               ro code  0x0003e7e0     0x38  light_sensor.o [1]
  .text               ro code  0x0003e818     0x3a  infrared_reflective.o [1]
  .text               ro code  0x0003e854    0x188  keys.o [1]
  .text               ro code  0x0003e9dc     0x30  temp_hum_sensor.o [1]
  .text               ro code  0x0003ea0c     0x22  adc_5410x.o [1]
  .text               ro code  0x0003ea30    0x484  spi_flash.o [1]
  .text               ro code  0x0003eeb4     0x72  iap.o [1]
  .text               ro code  0x0003ef28     0x74  timer_5410x.o [1]
  .text               ro code  0x0003ef9c     0x1c  iar_mutex.o [7]
  .text               ro code  0x0003efb8    0x230  pll_5410x.o [1]
  .text               ro code  0x0003f1e8     0x18  read_wifi_firmware.o [7]
  .text               ro code  0x0003f200     0x16  xlocale_c.o [5]
  .text               ro code  0x0003f216     0x24  xlocale_c.o [5]
  .text               ro code  0x0003f23a     0x14  xlocale_c.o [5]
  .text               ro code  0x0003f250     0x24  FltCmpGe.o [6]
  .text               ro code  0x0003f274     0x24  FltCmpLe.o [6]
  .text               ro code  0x0003f298     0x12  FltDiv.o [6]
  .text               ro code  0x0003f2aa     0x12  FltMul.o [6]
  .text               ro code  0x0003f2bc     0x12  FltSub.o [6]
  .text               ro code  0x0003f2ce     0x12  FltAdd.o [6]
  .text               ro code  0x0003f2e0      0xe  FltToS32.o [6]
  .text               ro code  0x0003f2f0     0x14  FogCloudServiceVersion.o [4]
  .text               ro code  0x0003f304   0x10c0  FogCloudService.o [4]
  .text               ro code  0x000403c4    0x9a6  md5.o [7]
  .text               ro code  0x00040d6c   0x15ec  FogCloudUtils.o [4]
  .text               ro code  0x00042358    0x398  SocketUtils.o [1]
  .text               ro code  0x000426f0    0x4f0  config_server_menu.o [1]
  .text               ro code  0x00042be0    0xeac  json_tokener.o [1]
  .text               ro code  0x00043a8c    0x136  printbuf.o [1]
  .text               ro code  0x00043bc4    0x34c  linkhash.o [1]
  .text               ro code  0x00043f10     0x18  strdup.o [5]
  .text               ro code  0x00043f28     0x20  DblCmpEq.o [6]
  .text               ro code  0x00043f48     0xe4  json_util.o [1]
  .text               ro code  0x0004402c     0xd4  arraylist.o [1]
  .text               ro code  0x00044100    0x6b4  tftpc.o [2]
  .text               ro code  0x000447b4    0xa7c  tftp_ota.o [1]
  .text               ro code  0x00045230     0x3c  vsnprint.o [5]
  .text               ro code  0x0004526c    0x524  bme280_user.o [1]
  .text               ro code  0x00045790      0xe  U32ToFlt.o [6]
  .text               ro code  0x000457a0     0x4e  FltToDbl.o [6]
  .text               ro code  0x000457ee    0x19c  DHT11.o [1]
  .text               ro code  0x0004598c      0x4  system_easylink_delegate.o [1]
  .text               ro code  0x00045990   0x1450  HTTPUtils.o [1]
  .text               ro code  0x00046de0     0x30  spi_flash_platform.o [1]
  .text               ro code  0x00046e10    0x800  FogCloudMQTTClient.o [4]
  .text               ro code  0x00047610     0x28  strncat.o [5]
  .text               ro code  0x00047638    0x16c  URLUtils.o [1]
  .text               ro code  0x000477a4     0x4e  strncasecmp.o [5]
  .text               ro code  0x000477f4     0x24  sscanf.o [5]
  .text               ro code  0x00047818     0x2c  vsprintf.o [5]
  .text               ro code  0x00047844     0x18  vprintf.o [5]
  .text               ro code  0x0004785c      0x4  exit.o [5]
  .text               ro code  0x00047860    0x778  bme280.o [1]
  .text               ro code  0x00047fd8    0x2a6  MQTTMICO.o [4]
  .text               ro code  0x00048280    0x6b0  MQTTClient.o [4]
  .text               ro code  0x00048930    0xcd0  xscanffull.o [5]
  .text               ro code  0x00049600     0x12  cexit.o [8]
  .text               ro code  0x00049614    0x1f4  MQTTPacket.o [4]
  .text               ro code  0x00049808    0x2e8  MQTTConnectClient.o [4]
  .text               ro code  0x00049af0     0xf8  MQTTDeserializePublish.o [4]
  .text               ro code  0x00049be8    0x10c  MQTTSerializePublish.o [4]
  .text               ro code  0x00049cf4    0x138  MQTTSubscribeClient.o [4]
  .text               ro code  0x00049e2c     0x40  xwctob.o [5]
  .text               ro code  0x00049e6c     0xa4  xstoll.o [5]
  .text               ro code  0x00049f10    0x1b0  xstoull.o [5]
  .text               ro code  0x0004a0c0    0x168  xstold.o [6]
  .text               ro code  0x0004a228     0x90  DblToFlt.o [6]
  .text               ro code  0x0004a2b8     0x58  xcloseall.o [5]
  .text               ro code  0x0004a310    0x124  xstopfx.o [5]
  .text               ro code  0x0004a434    0x1b8  xstoflt.o [5]
  .rodata             const    0x0004a5ec     0x4c  dns.o [7]
  .text               ro code  0x0004a638    0x200  xdtento.o [6]
  .text               ro code  0x0004a838    0x218  xstoxflt.o [5]
  .text               ro code  0x0004aa50     0x7a  fclose.o [5]
  .text               ro code  0x0004aaca     0x14  Retarget.o [1]
  .text               ro code  0x0004aade     0x56  xdunscal.o [6]
  .text               ro code  0x0004ab34     0x7c  xfofind.o [5]
  .text               ro code  0x0004abb0     0xb0  fflush.o [5]
  .text               ro code  0x0004ac60     0x1a  close.o [9]
  .text               ro code  0x0004ac7a     0x16  remove.o [9]
  .text               ro code  0x0004ac90     0xe0  XShHandles.o [5]
  .rodata             const    0x0004ad70   0x1400  aes.o [7]
  .rodata             const    0x0004c170   0x1400  aes.o [7]
  .text               ro code  0x0004d570    0x468  user_upstream.o [1]
  .text               ro code  0x0004d9d8    0x3d4  user_downstream.o [1]
  .text               ro code  0x0004ddac    0x3a4  hardfault.o [1]
  .rodata             const    0x0004e150    0x30c  wwd_firmware.o [7]
  .rodata             const    0x0004e45c    0x244  mico_cli.o [1]
  .rodata             const    0x0004e6a0    0x230  MicoFogCloudConfigServer.o [1]
  .rodata             const    0x0004e8d0    0x1b8  platform.o [1]
  .rodata             const    0x0004ea88    0x100  smart_config.o [7]
  .rodata             const    0x0004eb88    0x100  wwd_wifi.o [7]
  .text               ro code  0x0004ec88     0xd6  xfspos.o [5]
  .text               ro code  0x0004ed5e      0xc  xfgpos.o [5]
  .text               ro code  0x0004ed6a     0x4c  lseek.o [9]
  .text               ro code  0x0004edb6     0xd0  packbits_init.o [8]
  .text               ro code  0x0004ee86     0xb6  xfwprep.o [5]
  .text               ro code  0x0004ef3c     0x22  fseek.o [5]
  .rodata             const    0x0004ef60     0xb0  config_server.o [1]
  .rodata             const    0x0004f010     0x68  wifimgr.o [7]
  .text               ro code  0x0004f078     0x68  startup_lpc54100_EWARM.o [1]
  .rodata             const    0x0004f0e0     0x58  smart_config.o [7]
  .text               ro code  0x0004f138     0x56  fputc.o [5]
  .rodata             const    0x0004f190     0x4c  dns.o [7]
  .rodata             const    0x0004f1dc     0x48  tcp_in.o [7]
  .rodata             const    0x0004f224     0x44  tcp_in.o [7]
  .rodata             const    0x0004f268     0x40  sockets.o [7]
  .rodata             const    0x0004f2a8     0x40  wifimgr.o [7]
  .rodata             const    0x0004f2e8     0x40  wifimgr.o [7]
  .rodata             const    0x0004f328     0x40  udp.o [7]
  .rodata             const    0x0004f368     0x40  udp.o [7]
  .text               ro code  0x0004f3a8     0x40  zero_init3.o [8]
  .rodata             const    0x0004f3e8     0x3c  wifimgr.o [7]
  .rodata             const    0x0004f424     0x3c  wifimgr.o [7]
  .rodata             const    0x0004f460     0x3c  wifimgr.o [7]
  .rodata             const    0x0004f49c     0x38  wifimgr.o [7]
  .rodata             const    0x0004f4d4     0x38  wifimgr.o [7]
  .rodata             const    0x0004f50c     0x38  memp.o [7]
  .rodata             const    0x0004f544     0x34  smart_config.o [7]
  .rodata             const    0x0004f578     0x30  wifimgr.o [7]
  .rodata             const    0x0004f5a8     0x30  tcp_in.o [7]
  .rodata             const    0x0004f5d8     0x30  etharp.o [7]
  .rodata             const    0x0004f608     0x30  etharp.o [7]
  .rodata             const    0x0004f638     0x30  aes.o [7]
  .rodata             const    0x0004f668     0x2c  wifimgr.o [7]
  .rodata             const    0x0004f694     0x2c  wifimgr.o [7]
  .rodata             const    0x0004f6c0     0x2c  wifimgr.o [7]
  .rodata             const    0x0004f6ec     0x2c  mftest.o [7]
  .rodata             const    0x0004f718     0x2c  etharp.o [7]
  .rodata             const    0x0004f744     0x28  wifimgr.o [7]
  .rodata             const    0x0004f76c     0x28  wifimgr.o [7]
  .rodata             const    0x0004f794     0x28  wifimgr.o [7]
  .rodata             const    0x0004f7bc     0x28  wifimgr.o [7]
  .rodata             const    0x0004f7e4     0x28  wifimgr.o [7]
  .rodata             const    0x0004f80c     0x28  SDPCM.o [7]
  .rodata             const    0x0004f834     0x28  mftest.o [7]
  .rodata             const    0x0004f85c     0x28  smart_config.o [7]
  .rodata             const    0x0004f884     0x28  aes.o [7]
  .text               ro code  0x0004f8ac     0x28  data_init.o [8]
  .rodata             const    0x0004f8d4     0x24  json_object.o [1]
  .rodata             const    0x0004f8f8     0x24  wifimgr.o [7]
  .rodata             const    0x0004f91c     0x24  wifimgr.o [7]
  .rodata             const    0x0004f940     0x24  wifimgr.o [7]
  .rodata             const    0x0004f964     0x24  SDPCM.o [7]
  .rodata             const    0x0004f988     0x24  memp.o [7]
  .rodata             const    0x0004f9ac     0x24  mftest.o [7]
  .rodata             const    0x0004f9d0     0x24  smart_config.o [7]
  .rodata             const    0x0004f9f4     0x24  smart_config.o [7]
  .rodata             const    0x0004fa18     0x24  tcp_in.o [7]
  .rodata             const    0x0004fa3c     0x24  dhcp_server.o [7]
  .text               ro code  0x0004fa60     0x22  fpinit_M.o [6]
  .iar.init_table     const    0x0004fa84     0x44  - Linker created -
  .rodata             const    0x0004fac8     0x20  wifimgr.o [7]
  .rodata             const    0x0004fae8     0x20  wifimgr.o [7]
  .rodata             const    0x0004fb08     0x20  wifimgr.o [7]
  .rodata             const    0x0004fb28     0x20  wifimgr.o [7]
  .rodata             const    0x0004fb48     0x20  wifimgr.o [7]
  .rodata             const    0x0004fb68     0x20  wifimgr.o [7]
  .rodata             const    0x0004fb88     0x20  wifimgr.o [7]
  .rodata             const    0x0004fba8     0x20  memp.o [7]
  .rodata             const    0x0004fbc8     0x20  memp.o [7]
  .rodata             const    0x0004fbe8     0x20  memp.o [7]
  .rodata             const    0x0004fc08     0x20  mftest.o [7]
  .rodata             const    0x0004fc28     0x20  mftest.o [7]
  .rodata             const    0x0004fc48     0x20  mftest.o [7]
  .rodata             const    0x0004fc68     0x20  smart_config.o [7]
  .rodata             const    0x0004fc88     0x20  dns.o [7]
  .rodata             const    0x0004fca8     0x20  wifi.o [7]
  .rodata             const    0x0004fcc8     0x20  udp.o [7]
  .rodata             const    0x0004fce8     0x20  dhcp_server.o [7]
  .rodata             const    0x0004fd08     0x1c  mxchipWNET.o [7]
  .rodata             const    0x0004fd24     0x1c  sockets.o [7]
  .rodata             const    0x0004fd40     0x1c  wifimgr.o [7]
  .rodata             const    0x0004fd5c     0x1c  wifimgr.o [7]
  .rodata             const    0x0004fd78     0x1c  wifimgr.o [7]
  .rodata             const    0x0004fd94     0x1c  wifimgr.o [7]
  .rodata             const    0x0004fdb0     0x1c  SDPCM.o [7]
  .rodata             const    0x0004fdcc     0x1c  SDPCM.o [7]
  .rodata             const    0x0004fde8     0x1c  mftest.o [7]
  .rodata             const    0x0004fe04     0x1c  smart_config.o [7]
  .rodata             const    0x0004fe20     0x1c  smart_config.o [7]
  .rodata             const    0x0004fe3c     0x1c  smart_config.o [7]
  .rodata             const    0x0004fe58     0x1c  smart_config.o [7]
  .rodata             const    0x0004fe74     0x1c  wwd_wifi.o [7]
  .text               ro code  0x0004fe90     0x1c  crt0_EWARM.o [1]
  .text               ro code  0x0004feac     0x1a  cmain.o [8]
  .rodata             const    0x0004fec8     0x18  sockets.o [7]
  .rodata             const    0x0004fee0     0x18  sockets.o [7]
  .rodata             const    0x0004fef8     0x18  sockets.o [7]
  .rodata             const    0x0004ff10     0x18  sockets.o [7]
  .rodata             const    0x0004ff28     0x18  wifimgr.o [7]
  .rodata             const    0x0004ff40     0x18  wifimgr.o [7]
  .rodata             const    0x0004ff58     0x18  wifimgr.o [7]
  .rodata             const    0x0004ff70     0x18  wifimgr.o [7]
  .rodata             const    0x0004ff88     0x18  wifimgr.o [7]
  .rodata             const    0x0004ffa0     0x18  wifimgr.o [7]
  .rodata             const    0x0004ffb8     0x18  wifimgr.o [7]
  .rodata             const    0x0004ffd0     0x18  wifimgr.o [7]
  .rodata             const    0x0004ffe8     0x18  wifimgr.o [7]
  .rodata             const    0x00050000     0x18  wifimgr.o [7]
  .rodata             const    0x00050018     0x18  SDPCM.o [7]
  .rodata             const    0x00050030     0x18  SDPCM.o [7]
  .rodata             const    0x00050048     0x18  mftest.o [7]
  .rodata             const    0x00050060     0x18  mftest.o [7]
  .rodata             const    0x00050078     0x18  mftest.o [7]
  .rodata             const    0x00050090     0x18  smart_config.o [7]
  .rodata             const    0x000500a8     0x18  smart_config.o [7]
  .rodata             const    0x000500c0     0x18  smart_config.o [7]
  .rodata             const    0x000500d8     0x18  smart_config.o [7]
  .rodata             const    0x000500f0     0x18  smart_config.o [7]
  .rodata             const    0x00050108     0x18  smart_config.o [7]
  .rodata             const    0x00050120     0x18  smart_config.o [7]
  .rodata             const    0x00050138     0x18  smart_config.o [7]
  .rodata             const    0x00050150     0x18  smart_config.o [7]
  .text               ro code  0x00050168     0x16  xprout.o [5]
  .text               ro code  0x00050180      0xc  putchar.o [5]
  .rodata             const    0x0005018c     0x14  wifimgr.o [7]
  .rodata             const    0x000501a0     0x14  wifimgr.o [7]
  .rodata             const    0x000501b4     0x14  wifimgr.o [7]
  .rodata             const    0x000501c8     0x14  wifimgr.o [7]
  .rodata             const    0x000501dc     0x14  wifimgr.o [7]
  .rodata             const    0x000501f0     0x14  wifimgr.o [7]
  .rodata             const    0x00050204     0x14  wifimgr.o [7]
  .rodata             const    0x00050218     0x14  wifimgr.o [7]
  .rodata             const    0x0005022c     0x14  wifimgr.o [7]
  .rodata             const    0x00050240     0x14  wifimgr.o [7]
  .rodata             const    0x00050254     0x14  wifimgr.o [7]
  .rodata             const    0x00050268     0x14  wifimgr.o [7]
  .rodata             const    0x0005027c     0x14  wifimgr.o [7]
  .rodata             const    0x00050290     0x14  wifimgr.o [7]
  .rodata             const    0x000502a4     0x14  wifimgr.o [7]
  .rodata             const    0x000502b8     0x14  wifimgr.o [7]
  .rodata             const    0x000502cc     0x14  wifimgr.o [7]
  .rodata             const    0x000502e0     0x14  wifimgr.o [7]
  .rodata             const    0x000502f4     0x14  SDPCM.o [7]
  .rodata             const    0x00050308     0x14  SDPCM.o [7]
  .rodata             const    0x0005031c     0x14  SDPCM.o [7]
  .rodata             const    0x00050330     0x14  mftest.o [7]
  .rodata             const    0x00050344     0x14  mftest.o [7]
  .rodata             const    0x00050358     0x14  tasks.o [7]
  .rodata             const    0x0005036c     0x14  tasks.o [7]
  .rodata             const    0x00050380     0x14  smart_config.o [7]
  .rodata             const    0x00050394     0x14  smart_config.o [7]
  .rodata             const    0x000503a8     0x14  smart_config.o [7]
  .rodata             const    0x000503bc     0x14  smart_config.o [7]
  .rodata             const    0x000503d0     0x14  smart_config.o [7]
  .rodata             const    0x000503e4     0x14  aes_wrap.o [7]
  .rodata             const    0x000503f8     0x14  dns.o [7]
  .rodata             const    0x0005040c     0x14  wwd_wifi.o [7]
  .rodata             const    0x00050420     0x14  wwd_wifi.o [7]
  .rodata             const    0x00050434     0x14  wiced_network.o [7]
  .text               ro code  0x00050448     0x12  startup_lpc54100_EWARM.o [1]
  .rodata             const    0x0005045c     0x10  mico_config.o [1]
  .rodata             const    0x0005046c     0x10  wiced_rtos.o [7]
  .rodata             const    0x0005047c     0x10  wiced_rtos.o [7]
  .rodata             const    0x0005048c     0x10  mxchipWNET.o [7]
  .rodata             const    0x0005049c     0x10  mxchipWNET.o [7]
  .rodata             const    0x000504ac     0x10  wifimgr.o [7]
  .rodata             const    0x000504bc     0x10  wifimgr.o [7]
  .rodata             const    0x000504cc     0x10  wifimgr.o [7]
  .rodata             const    0x000504dc     0x10  wifimgr.o [7]
  .rodata             const    0x000504ec     0x10  wifimgr.o [7]
  .rodata             const    0x000504fc     0x10  wifimgr.o [7]
  .rodata             const    0x0005050c     0x10  wifimgr.o [7]
  .rodata             const    0x0005051c     0x10  wifimgr.o [7]
  .rodata             const    0x0005052c     0x10  wifimgr.o [7]
  .rodata             const    0x0005053c     0x10  wifimgr.o [7]
  .rodata             const    0x0005054c     0x10  wifimgr.o [7]
  .rodata             const    0x0005055c     0x10  wifimgr.o [7]
  .rodata             const    0x0005056c     0x10  SDPCM.o [7]
  .rodata             const    0x0005057c     0x10  memp.o [7]
  .rodata             const    0x0005058c     0x10  memp.o [7]
  .rodata             const    0x0005059c     0x10  memp.o [7]
  .rodata             const    0x000505ac     0x10  memp.o [7]
  .rodata             const    0x000505bc     0x10  memp.o [7]
  .rodata             const    0x000505cc     0x10  memp.o [7]
  .rodata             const    0x000505dc     0x10  mftest.o [7]
  .rodata             const    0x000505ec     0x10  mftest.o [7]
  .rodata             const    0x000505fc     0x10  smart_config.o [7]
  .rodata             const    0x0005060c     0x10  smart_config.o [7]
  .rodata             const    0x0005061c     0x10  smart_config.o [7]
  .rodata             const    0x0005062c     0x10  smart_config.o [7]
  .rodata             const    0x0005063c     0x10  smart_config.o [7]
  .rodata             const    0x0005064c     0x10  smart_config.o [7]
  .rodata             const    0x0005065c     0x10  smart_config.o [7]
  .rodata             const    0x0005066c     0x10  smart_config.o [7]
  .rodata             const    0x0005067c     0x10  smart_config.o [7]
  .rodata             const    0x0005068c     0x10  dns.o [7]
  .rodata             const    0x0005069c     0x10  tcp.o [7]
  .rodata             const    0x000506ac     0x10  wwd_wifi.o [7]
  .rodata             const    0x000506bc     0x10  wwd_wifi.o [7]
  .rodata             const    0x000506cc     0x10  wwd_wifi.o [7]
  .rodata             const    0x000506dc     0x10  wwd_wifi.o [7]
  .rodata             const    0x000506ec     0x10  wifi.o [7]
  .rodata             const    0x000506fc     0x10  lwiptcpip.o [7]
  .rodata             const    0x0005070c     0x10  wwd_ap.o [7]
  .rodata             const    0x0005071c     0x10  FogCloudMQTTClient.o [4]
  .rodata             const    0x0005072c      0xc  wiced_rtos.o [7]
  .rodata             const    0x00050738      0xc  wifimgr.o [7]
  .rodata             const    0x00050744      0xc  wifimgr.o [7]
  .rodata             const    0x00050750      0xc  wifimgr.o [7]
  .rodata             const    0x0005075c      0xc  wifimgr.o [7]
  .rodata             const    0x00050768      0xc  wifimgr.o [7]
  .rodata             const    0x00050774      0xc  wifimgr.o [7]
  .rodata             const    0x00050780      0xc  wifimgr.o [7]
  .rodata             const    0x0005078c      0xc  wifimgr.o [7]
  .rodata             const    0x00050798      0xc  wifimgr.o [7]
  .rodata             const    0x000507a4      0xc  wifimgr.o [7]
  .rodata             const    0x000507b0      0xc  wifimgr.o [7]
  .rodata             const    0x000507bc      0xc  wifimgr.o [7]
  .rodata             const    0x000507c8      0xc  memp.o [7]
  .rodata             const    0x000507d4      0xc  memp.o [7]
  .rodata             const    0x000507e0      0xc  memp.o [7]
  .rodata             const    0x000507ec      0xc  smart_config.o [7]
  .rodata             const    0x000507f8      0xc  smart_config.o [7]
  .rodata             const    0x00050804      0xc  smart_config.o [7]
  .rodata             const    0x00050810      0xc  smart_config.o [7]
  .rodata             const    0x0005081c      0xc  smart_config.o [7]
  .rodata             const    0x00050828      0xc  smart_config.o [7]
  .rodata             const    0x00050834      0xc  smart_config.o [7]
  .rodata             const    0x00050840      0xc  smart_config.o [7]
  .rodata             const    0x0005084c      0xc  smart_config.o [7]
  .rodata             const    0x00050858      0xc  smart_config.o [7]
  .rodata             const    0x00050864      0xc  smart_config.o [7]
  .rodata             const    0x00050870      0xc  smart_config.o [7]
  .rodata             const    0x0005087c      0xc  smart_config.o [7]
  .rodata             const    0x00050888      0xc  smart_config.o [7]
  .rodata             const    0x00050894      0xc  smart_config.o [7]
  .rodata             const    0x000508a0      0xc  smart_config.o [7]
  .rodata             const    0x000508ac      0xc  smart_config.o [7]
  .rodata             const    0x000508b8      0xc  smart_config.o [7]
  .rodata             const    0x000508c4      0xc  smart_config.o [7]
  .rodata             const    0x000508d0      0xc  smart_config.o [7]
  .rodata             const    0x000508dc      0xc  smart_config.o [7]
  .rodata             const    0x000508e8      0xc  smart_config.o [7]
  .rodata             const    0x000508f4      0xc  smart_config.o [7]
  .rodata             const    0x00050900      0xc  smart_config.o [7]
  .rodata             const    0x0005090c      0xc  smart_config.o [7]
  .rodata             const    0x00050918      0xc  smart_config.o [7]
  .rodata             const    0x00050924      0xc  smart_config.o [7]
  .rodata             const    0x00050930      0xc  dns.o [7]
  .rodata             const    0x0005093c      0xc  dns.o [7]
  .rodata             const    0x00050948      0xc  dns.o [7]
  .rodata             const    0x00050954      0xc  wwd_wifi.o [7]
  .rodata             const    0x00050960      0xc  wwd_wifi.o [7]
  .rodata             const    0x0005096c      0xc  wwd_wifi.o [7]
  .rodata             const    0x00050978      0xc  wwd_wifi.o [7]
  .rodata             const    0x00050984      0xc  tcp_in.o [7]
  .rodata             const    0x00050990      0xc  wwd_management.o [7]
  .rodata             const    0x0005099c      0xc  wwd_management.o [7]
  .rodata             const    0x000509a8      0xc  dns_redirect.o [7]
  .rodata             const    0x000509b4      0xc  dns_redirect.o [7]
  .rodata             const    0x000509c0      0xc  wwd_ap.o [7]
  .rodata             const    0x000509cc      0xc  wwd_ap.o [7]
  .rodata             const    0x000509d8      0xc  wwd_ap.o [7]
  .rodata             const    0x000509e4      0xc  wwd_internal.o [7]
  .rodata             const    0x000509f0      0xc  dhcp_server.o [7]
  .rodata             const    0x000509fc      0xc  wiced_lib.o [7]
  .text               ro code  0x00050a08      0xc  cstartup_M.o [8]
  .rodata             const    0x00050a14      0x8  sockets.o [7]
  .rodata             const    0x00050a1c      0x8  sockets.o [7]
  .rodata             const    0x00050a24      0x8  sockets.o [7]
  .rodata             const    0x00050a2c      0x8  sockets.o [7]
  .rodata             const    0x00050a34      0x8  sockets.o [7]
  .rodata             const    0x00050a3c      0x8  sockets.o [7]
  .rodata             const    0x00050a44      0x8  wifimgr.o [7]
  .rodata             const    0x00050a4c      0x8  wifimgr.o [7]
  .rodata             const    0x00050a54      0x8  wifimgr.o [7]
  .rodata             const    0x00050a5c      0x8  wifimgr.o [7]
  .rodata             const    0x00050a64      0x8  wifimgr.o [7]
  .rodata             const    0x00050a6c      0x8  wifimgr.o [7]
  .rodata             const    0x00050a74      0x8  wifimgr.o [7]
  .rodata             const    0x00050a7c      0x8  wifimgr.o [7]
  .rodata             const    0x00050a84      0x8  wifimgr.o [7]
  .rodata             const    0x00050a8c      0x8  wifimgr.o [7]
  .rodata             const    0x00050a94      0x8  wifimgr.o [7]
  .rodata             const    0x00050a9c      0x8  wifimgr.o [7]
  .rodata             const    0x00050aa4      0x8  wifimgr.o [7]
  .rodata             const    0x00050aac      0x8  wifimgr.o [7]
  .rodata             const    0x00050ab4      0x8  SDPCM.o [7]
  .rodata             const    0x00050abc      0x8  memp.o [7]
  .rodata             const    0x00050ac4      0x8  memp.o [7]
  .rodata             const    0x00050acc      0x8  memp.o [7]
  .rodata             const    0x00050ad4      0x8  memp.o [7]
  .rodata             const    0x00050adc      0x8  memp.o [7]
  .rodata             const    0x00050ae4      0x8  memp.o [7]
  .rodata             const    0x00050aec      0x8  memp.o [7]
  .rodata             const    0x00050af4      0x8  memp.o [7]
  .rodata             const    0x00050afc      0x8  wwd_thread.o [7]
  .rodata             const    0x00050b04      0x8  ostimers.o [7]
  .rodata             const    0x00050b0c      0x8  tasks.o [7]
  .rodata             const    0x00050b14      0x8  smart_config.o [7]
  .rodata             const    0x00050b1c      0x8  smart_config.o [7]
  .rodata             const    0x00050b24      0x8  smart_config.o [7]
  .rodata             const    0x00050b2c      0x8  dns.o [7]
  .rodata             const    0x00050b34      0x8  dns.o [7]
  .rodata             const    0x00050b3c      0x8  tcp.o [7]
  .rodata             const    0x00050b44      0x8  wwd_wifi.o [7]
  .rodata             const    0x00050b4c      0x8  wwd_wifi.o [7]
  .rodata             const    0x00050b54      0x8  wwd_wifi.o [7]
  .rodata             const    0x00050b5c      0x8  wwd_wifi.o [7]
  .rodata             const    0x00050b64      0x8  wwd_wifi.o [7]
  .rodata             const    0x00050b6c      0x8  tcp_in.o [7]
  .rodata             const    0x00050b74      0x8  tcp_in.o [7]
  .rodata             const    0x00050b7c      0x8  tcp_in.o [7]
  .rodata             const    0x00050b84      0x8  tcp_in.o [7]
  .rodata             const    0x00050b8c      0x8  wwd_management.o [7]
  .rodata             const    0x00050b94      0x8  wwd_management.o [7]
  .rodata             const    0x00050b9c      0x8  etharp.o [7]
  .rodata             const    0x00050ba4      0x8  etharp.o [7]
  .rodata             const    0x00050bac      0x8  etharp.o [7]
  .rodata             const    0x00050bb4      0x8  etharp.o [7]
  .rodata             const    0x00050bbc      0x8  wiced_network.o [7]
  .rodata             const    0x00050bc4      0x8  wwd_ap.o [7]
  .rodata             const    0x00050bcc      0x8  wwd_network.o [7]
  .rodata             const    0x00050bd4      0x8  dhcp_server.o [7]
  .rodata             const    0x00050bdc      0x8  dhcp_server.o [7]
  .rodata             const    0x00050be4      0x8  dhcp_server.o [7]
  .rodata             const    0x00050bec      0x8  dhcp_server.o [7]
  .text               ro code  0x00050bf4      0x6  startup_lpc54100_EWARM.o [1]
  .rodata             const    0x00050bfc      0x4  smart_config.o [7]
  .rodata             const    0x00050c00      0x4  smart_config.o [7]
  .rodata             const    0x00050c04      0x4  ip_addr.o [7]
  .rodata             const    0x00050c08      0x4  ip_addr.o [7]
  .rodata             const    0x00050c0c      0x4  dhcp_server.o [7]
  .rodata             const    0x00050c10      0x4  dhcp_server.o [7]
  .rodata             const    0x00050c14      0x4  dhcp_server.o [7]
  .rodata             const    0x00050c18      0x4  dhcp_server.o [7]
  .rodata             const    0x00050c1c      0x4  dhcp_server.o [7]
  .text               ro code  0x00050c20      0x4  startup_lpc54100_EWARM.o [1]
  .text               ro code  0x00050c24      0x4  startup_lpc54100_EWARM.o [1]
  .text               ro code  0x00050c28      0x4  startup_lpc54100_EWARM.o [1]
  .text               ro code  0x00050c2c      0x4  startup_lpc54100_EWARM.o [1]
  .text               ro code  0x00050c30      0x4  startup_lpc54100_EWARM.o [1]
  .text               ro code  0x00050c34      0x4  startup_lpc54100_EWARM.o [1]
  .text               ro code  0x00050c38      0x4  startup_lpc54100_EWARM.o [1]
  .text               ro code  0x00050c3c      0x4  startup_lpc54100_EWARM.o [1]
  .text               ro code  0x00050c40      0x0  cstart_clearlocks.o [8]
  .text               ro code  0x00050c40      0x0  cstart_closeall.o [8]
  .rodata             const    0x00050c40      0x0  zero_init3.o [8]
  .rodata             const    0x00050c40      0x0  packbits_init.o [8]
  Initializer bytes   const    0x00050c40    0x192  <for P2 s0>
                             - 0x00050dd2  0x44cca

"P2", part 1 of 2:                         0x17b9c
  HEAP                         0x02000100  0x11000  <Block>
    HEAP              uninit   0x02000100  0x11000  <Block tail>
  .bss                zero     0x02011100   0x517c  memp.o [7]
  .bss                zero     0x0201627c    0x500  smart_config.o [7]
  .bss                zero     0x0201677c    0x460  dns.o [7]
  .bss                zero     0x02016bdc     0x64  dhcp_server.o [7]
  .bss                zero     0x02016c40    0x338  fogCloud.o [1]
  .bss                zero     0x02016f78    0x204  dns.o [7]
  .bss                zero     0x0201717c    0x1d8  dlmalloc.o [7]
  .bss                zero     0x02017354    0x180  sockets.o [7]
  .bss                zero     0x02017600    0x160  dma_5410x.o [1]
  .bss                zero     0x02017760      0x4  wifimgr.o [7]
  .bss                zero     0x02017764      0x4  wifimgr.o [7]
  .bss                zero     0x02017768      0x4  wifimgr.o [7]
  .bss                zero     0x0201776c      0x4  wifimgr.o [7]
  .bss                zero     0x02017770      0x4  wifimgr.o [7]
  .bss                zero     0x02017774      0x4  wifimgr.o [7]
  .bss                zero     0x02017778      0x4  wifimgr.o [7]
  .bss                zero     0x0201777c      0x4  wifimgr.o [7]
  .bss                zero     0x02017780      0x4  wifimgr.o [7]
  .bss                zero     0x02017784      0x4  wifimgr.o [7]
  .bss                zero     0x02017788      0x4  SDPCM.o [7]
  .bss                zero     0x0201778c      0x4  SDPCM.o [7]
  .bss                zero     0x02017790      0x4  SDPCM.o [7]
  .bss                zero     0x02017794      0x4  SDPCM.o [7]
  .bss                zero     0x02017798      0x4  SDPCM.o [7]
  .bss                zero     0x0201779c      0x4  SDPCM.o [7]
  .bss                zero     0x020177a0      0x4  SDPCM.o [7]
  .bss                zero     0x020177a4      0x4  SDPCM.o [7]
  .bss                zero     0x020177a8      0x4  SDPCM.o [7]
  .bss                zero     0x020177ac      0x4  mftest.o [7]
  .bss                zero     0x020177b0      0x4  mftest.o [7]
  .bss                zero     0x020177b4      0x4  mftest.o [7]
  .bss                zero     0x020177b8      0x4  mftest.o [7]
  .bss                zero     0x020177bc      0x4  wwd_thread.o [7]
  .bss                zero     0x020177c0      0x4  wwd_thread.o [7]
  .bss                zero     0x020177c4      0x4  wwd_thread.o [7]
  .bss                zero     0x020177c8      0x4  wwd_thread.o [7]
  .bss                zero     0x020177cc      0x4  ostimers.o [7]
  .bss                zero     0x020177d0      0x4  ostimers.o [7]
  .bss                zero     0x020177d4      0x4  ostimers.o [7]
  .bss                zero     0x020177d8      0x4  ostimers.o [7]
  .bss                zero     0x020177dc      0x4  tasks.o [7]
  .bss                zero     0x020177e0      0x4  tasks.o [7]
  .bss                zero     0x020177e4      0x4  tasks.o [7]
  .bss                zero     0x020177e8      0x4  tasks.o [7]
  .bss                zero     0x020177ec      0x4  tasks.o [7]
  .bss                zero     0x020177f0      0x4  tasks.o [7]
  .bss                zero     0x020177f4      0x4  tasks.o [7]
  .bss                zero     0x020177f8      0x4  tasks.o [7]
  .bss                zero     0x020177fc      0x4  tasks.o [7]
  .bss                zero     0x02017800      0x4  tasks.o [7]
  .bss                zero     0x02017804      0x4  tasks.o [7]
  .bss                zero     0x02017808      0x4  tasks.o [7]
  .bss                zero     0x0201780c      0x4  tasks.o [7]
  .bss                zero     0x02017810      0x4  tasks.o [7]
  .bss                zero     0x02017814      0x4  smart_config.o [7]
  .bss                zero     0x02017818      0x4  smart_config.o [7]
  .bss                zero     0x0201781c      0x4  smart_config.o [7]
  .bss                zero     0x02017820      0x4  smart_config.o [7]
  .bss                zero     0x02017824      0x4  smart_config.o [7]
  .bss                zero     0x02017828      0x4  smart_config.o [7]
  .bss                zero     0x0201782c      0x4  smart_config.o [7]
  .bss                zero     0x02017830      0x4  smart_config.o [7]
  .bss                zero     0x02017834      0x4  smart_config.o [7]
  .bss                zero     0x02017838      0x4  smart_config.o [7]
  .bss                zero     0x0201783c      0x4  smart_config.o [7]
  .bss                zero     0x02017840      0x4  smart_config.o [7]
  .bss                zero     0x02017844      0x4  smart_config.o [7]
  .bss                zero     0x02017848      0x4  smart_config.o [7]
  .bss                zero     0x0201784c      0x4  smart_config.o [7]
  .bss                zero     0x02017850      0x4  smart_config.o [7]
  .bss                zero     0x02017854      0x4  smart_config.o [7]
  .bss                zero     0x02017858      0x4  smart_config.o [7]
  .bss                zero     0x0201785c      0x4  smart_config.o [7]
  .bss                zero     0x02017860      0x4  smart_config.o [7]
  .bss                zero     0x02017864      0x4  smart_config.o [7]
  .bss                zero     0x02017868      0x4  wps_host.o [7]
  .bss                zero     0x0201786c      0x4  wps_host.o [7]
  .bss                zero     0x02017870      0x4  dns.o [7]
  .bss                zero     0x02017874      0x4  dns.o [7]
  .bss                zero     0x02017878      0x4  tcp.o [7]
  .bss                zero     0x0201787c      0x4  tcp.o [7]
  .bss                zero     0x02017880      0x4  tcp.o [7]
  .bss                zero     0x02017884      0x4  tcp.o [7]
  .bss                zero     0x02017888      0x4  tcp.o [7]
  .bss                zero     0x0201788c      0x4  tcp.o [7]
  .bss                zero     0x02017890      0x4  tcp.o [7]
  .bss                zero     0x02017894      0x4  tcp.o [7]
  .bss                zero     0x02017898      0x4  wwd_wifi.o [7]
  .bss                zero     0x0201789c      0x4  wwd_wifi.o [7]
  .bss                zero     0x020178a0      0x4  wwd_wifi.o [7]
  .bss                zero     0x020178a4      0x4  wwd_wifi.o [7]
  .bss                zero     0x020178a8      0x4  wwd_wifi.o [7]
  .bss                zero     0x020178ac      0x4  wifi.o [7]
  .bss                zero     0x020178b0      0x4  wifi.o [7]
  .bss                zero     0x020178b4      0x4  wifi.o [7]
  .bss                zero     0x020178b8      0x4  wifi.o [7]
  .bss                zero     0x020178bc      0x4  wifi.o [7]
  .bss                zero     0x020178c0      0x4  tcp_in.o [7]
  .bss                zero     0x020178c4      0x4  tcp_in.o [7]
  .bss                zero     0x020178c8      0x4  tcp_in.o [7]
  .bss                zero     0x020178cc      0x4  tcp_in.o [7]
  .bss                zero     0x020178d0      0x4  tcp_in.o [7]
  .bss                zero     0x020178d4      0x4  tcp_in.o [7]
  .bss                zero     0x020178d8      0x4  igmp.o [7]
  .bss                zero     0x020178dc      0x4  igmp.o [7]
  .bss                zero     0x020178e0      0x4  igmp.o [7]
  .bss                zero     0x020178e4      0x4  igmp.o [7]
  .bss                zero     0x020178e8      0x4  lwiptcpip.o [7]
  .bss                zero     0x020178ec      0x4  lwiptcpip.o [7]
  .bss                zero     0x020178f0      0x4  lwiptcpip.o [7]
  .bss                zero     0x020178f4      0x4  mxchip_debug.o [7]
  .bss                zero     0x020178f8      0x4  mxchip_debug.o [7]
  .bss                zero     0x020178fc      0x4  dnsclient.o [7]
  .bss                zero     0x02017900      0x4  ip.o [7]
  P2 s0                        0x02017904    0x398  <Init block>
    __DLIB_PERTHREAD  inited   0x02017904     0x8c  rand.o [5]
    __DLIB_PERTHREAD  inited   0x02017990     0x88  localeconv.o [5]
    __DLIB_PERTHREAD  inited   0x02017a18     0x74  setlocale.o [5]
    .data             inited   0x02017a8c     0x64  platform_init.o [1]
    .data             inited   0x02017af0     0x44  bme280_user.o [1]
    .data             inited   0x02017b34     0x40  memp.o [7]
    .data             inited   0x02017b74     0x40  xfiles.o [5]
    .data             inited   0x02017bb4     0x40  xfiles.o [5]
    .data             inited   0x02017bf4     0x40  xfiles.o [5]
    .data             inited   0x02017c34     0x20  mico_mdns.o [1]
    .data             inited   0x02017c54     0x20  xfiles.o [5]
    .data             inited   0x02017c74     0x18  user_main.o [1]
    .data             inited   0x02017c8c     0x10  platform.o [1]
                             - 0x02017c9c  0x17b9c

"P2", part 2 of 2:                          0x1730
  P2 s0                        0x03400000     0xcd  <Init block>
    .data             inited   0x03400000     0x14  FogCloudUtils.o [4]
    .data             inited   0x03400014     0x10  tcp.o [7]
    .data             inited   0x03400024      0xc  platform.o [1]
    .data             inited   0x03400030      0xc  wwd_internal.o [7]
    .data             inited   0x0340003c      0x8  MicoFogCloudConfigServer.o [1]
    .data             inited   0x03400044      0x4  json_object.o [1]
    .data             inited   0x03400048      0x4  json_object.o [1]
    .data             inited   0x0340004c      0x4  json_tokener.o [1]
    .data             inited   0x03400050      0x4  mico_config.o [1]
    .data             inited   0x03400054      0x4  mico_config.o [1]
    .data             inited   0x03400058      0x4  platform_init.o [1]
    .data             inited   0x0340005c      0x4  platform_init.o [1]
    .data             inited   0x03400060      0x4  platform_init.o [1]
    .data             inited   0x03400064      0x4  platform_init.o [1]
    .data             inited   0x03400068      0x4  platform_init.o [1]
    .data             inited   0x0340006c      0x4  platform_init.o [1]
    .data             inited   0x03400070      0x4  platform_init.o [1]
    .data             inited   0x03400074      0x4  platform_init.o [1]
    .data             inited   0x03400078      0x4  platform_init.o [1]
    .data             inited   0x0340007c      0x4  platform_init.o [1]
    .data             inited   0x03400080      0x4  platform_init.o [1]
    .data             inited   0x03400084      0x4  wifimgr.o [7]
    .data             inited   0x03400088      0x4  wifimgr.o [7]
    .data             inited   0x0340008c      0x4  wifimgr.o [7]
    .data             inited   0x03400090      0x4  wifimgr.o [7]
    .data             inited   0x03400094      0x4  wifimgr.o [7]
    .data             inited   0x03400098      0x4  SDPCM.o [7]
    .data             inited   0x0340009c      0x4  port.o [7]
    .data             inited   0x034000a0      0x4  mftest.o [7]
    .data             inited   0x034000a4      0x4  mftest.o [7]
    .data             inited   0x034000a8      0x4  wwd_rtos.o [7]
    .data             inited   0x034000ac      0x4  tasks.o [7]
    .data             inited   0x034000b0      0x4  smart_config.o [7]
    .data             inited   0x034000b4      0x4  tcp.o [7]
    .data             inited   0x034000b8      0x4  wwd_firmware.o [7]
    .data             inited   0x034000bc      0x4  wifi.o [7]
    .data             inited   0x034000c0      0x4  wwd_ap.o [7]
    .data             inited   0x034000c4      0x4  dhcp.o [7]
    __DLIB_PERTHREAD  inited   0x034000c8      0x4  errno.o [5]
    .data             inited   0x034000cc      0x1  smart_config.o [7]
  .bss                zero     0x034000d0    0x100  platform_flash.o [1]
  .bss                zero     0x034001d0    0x100  smart_config.o [7]
  .bss                zero     0x034002d0    0x100  smart_config.o [7]
  .bss                zero     0x034003d0     0xc8  tasks.o [7]
  .bss                zero     0x03400498     0xa0  etharp.o [7]
  .bss                zero     0x03400538     0x88  wiced_network.o [7]
  .bss                zero     0x034005c0     0x80  mico_mdns.o [1]
  .bss                zero     0x03400640     0x80  XShHandles.o [5]
  .bss                zero     0x034006c0     0x70  wifimgr.o [7]
  .bss                zero     0x03400730     0x68  platform.o [1]
  .bss                zero     0x03400798     0x60  sockets.o [7]
  .bss                zero     0x034007f8     0x60  FogCloudMQTTClient.o [4]
  .bss                zero     0x03400858     0x58  mico_cli.o [1]
  .bss                zero     0x034008b0     0x50  mico_system_notification.o [1]
  .bss                zero     0x03400900     0x50  platform_gpio.o [1]
  .bss                zero     0x03400950     0x50  smart_config.o [7]
  .bss                zero     0x034009a0     0x50  xfiles.o [5]
  .bss                zero     0x034009f0     0x50  xfiles.o [5]
  .bss                zero     0x03400a40     0x44  FogCloudMQTTClient.o [4]
  .bss                zero     0x03400a84     0x44  netif.o [7]
  .bss                zero     0x03400ac8     0x40  system_factory_test.o [1]
  .bss                zero     0x03400b08     0x40  memp.o [7]
  .bss                zero     0x03400b48     0x40  memp.o [7]
  .bss                zero     0x03400b88     0x40  smart_config.o [7]
  .bss                zero     0x03400bc8     0x3c  wifimgr.o [7]
  .bss                zero     0x03400c04     0x3c  wifimgr.o [7]
  .bss                zero     0x03400c40     0x3c  wifimgr.o [7]
  .bss                zero     0x03400c7c     0x3c  wifimgr.o [7]
  .bss                zero     0x03400cb8     0x3c  SDPCM.o [7]
  .bss                zero     0x03400cf4     0x3c  wiced_network.o [7]
  .bss                zero     0x03400d30     0x38  wiced_network.o [7]
  .bss                zero     0x03400d68     0x38  xsyslock_mtx.o [5]
  .bss                zero     0x03400da0     0x34  tasks.o [7]
  .bss                zero     0x03400dd4     0x30  mftest.o [7]
  .bss                zero     0x03400e04     0x30  mftest.o [7]
  .bss                zero     0x03400e34     0x28  wlan_bus_spi.o [1]
  .bss                zero     0x03400e5c     0x28  smart_config.o [7]
  .bss                zero     0x03400e84     0x28  dnsclient.o [7]
  .bss                zero     0x03400eac     0x28  wiced_ping.o [7]
  .bss                zero     0x03400ed4     0x28  dhcp.o [7]
  .bss                zero     0x03400efc     0x24  mico_platform_common.o [1]
  .bss                zero     0x03400f20     0x24  power_control.o [1]
[...]
wiced_bus_allow_wlan_bus_to_sleep
                        0x00026fc1    0x10  Code  Gb  wwd_bus_protocol.o [7]
wiced_bus_deinit        0x00026e0d     0xc  Code  Gb  wwd_bus_protocol.o [7]
wiced_bus_ensure_wlan_bus_is_up
                        0x00026f95    0x2c  Code  Gb  wwd_bus_protocol.o [7]
wiced_bus_flow_controlled
                        0x0340132c     0x1  Data  Lc  wwd_bus_protocol.o [7]
wiced_bus_init          0x00026c1f   0x1ee  Code  Gb  wwd_bus_protocol.o [7]
wiced_bus_interrupt     0x03401318     0x1  Data  Lc  wwd_thread.o [7]
wiced_bus_is_flow_controlled
                        0x00026b43     0x8  Code  Gb  wwd_bus_protocol.o [7]
wiced_bus_poke_wlan     0x00026b23     0x4  Code  Gb  wwd_bus_protocol.o [7]
wiced_bus_process_interrupt
                        0x00026b4b    0x36  Code  Gb  wwd_bus_protocol.o [7]
wiced_bus_set_flow_control
                        0x00026b27    0x1c  Code  Gb  wwd_bus_protocol.o [7]
wiced_bus_transfer_buffer
                        0x00026a21   0x102  Code  Gb  wwd_bus_protocol.o [7]
wiced_bus_transfer_bytes
                        0x00026eb1    0xe4  Code  Gb  wwd_bus_protocol.o [7]
wiced_device_core_is_up
                        0x000321b1    0x5c  Code  Gb  wwd_internal.o [7]
wiced_dhcp_handle       0x03400cf4    0x3c  Data  Gb  wiced_network.o [7]
wiced_disable_device_core
                        0x0003220d    0x9e  Code  Gb  wwd_internal.o [7]
wiced_dns_redirector_start
                        0x0001ec01    0x42  Code  Gb  dns_redirect.o [7]
wiced_dns_redirector_stop
                        0x0001ec43    0x30  Code  Gb  dns_redirect.o [7]
wiced_download_firmware
                        0x00026fd1    0xd0  Code  Lc  wwd_bus_protocol.o [7]
wiced_get_available_bus_credits
                        0x0001ce83     0xe  Code  Gb  SDPCM.o [7]
wiced_get_core_address  0x000321a5     0xc  Code  Lc  wwd_internal.o [7]
wiced_get_ioctl_buffer  0x0001cd25    0x26  Code  Gb  SDPCM.o [7]
wiced_get_iovar_buffer  0x0001ccbd    0x68  Code  Gb  SDPCM.o [7]
wiced_get_mac_addr      0x0001af35    0x10  Code  Gb  wwd_management.o [7]
wiced_get_next_buffer_in_queue
                        0x0001cf21     0xa  Code  Lc  SDPCM.o [7]
wiced_get_packet_to_send
                        0x0001cd4b   0x138  Code  Gb  SDPCM.o [7]
wiced_gpio_input_get    0x00023885    0x14  Code  Gb  mico_platform_common.o [1]
wiced_gspi_32bit        0x0340132b     0x1  Data  Lc  wwd_bus_protocol.o [7]
wiced_handle_apsta_event
                        0x0001edc9    0x2e  Code  Lc  wwd_ap.o [7]
wiced_init              0x0001475d    0x84  Code  Gb  wifi.o [7]
wiced_init_sdpcm        0x0001c0f9    0xe4  Code  Gb  SDPCM.o [7]
wiced_inited            0x03401317     0x1  Data  Lc  wwd_thread.o [7]
wiced_initialised       0x03401324     0x1  Data  Lc  wifi.o [7]
wiced_ioctl_response    0x0201778c     0x4  Data  Lc  SDPCM.o [7]
wiced_ioctl_sleep       0x02017790     0x4  Data  Lc  SDPCM.o [7]
wiced_ip_broadcast      0x00050434    0x14  Data  Gb  wiced_network.o [7]
wiced_ip_down           0x0001eafd    0x7e  Code  Gb  wiced_network.o [7]
wiced_ip_get_gateway_address
                        0x000172fd    0x24  Code  Gb  tcpip.o [7]
wiced_ip_get_ipaddr     0x00017345    0x56  Code  Gb  tcpip.o [7]
wiced_ip_get_ipv4_address
                        0x000176bf    0x24  Code  Gb  tcpip.o [7]
wiced_ip_get_netmask    0x00017321    0x24  Code  Gb  tcpip.o [7]
wiced_ip_handle         0x03400538    0x88  Data  Gb  wiced_network.o [7]
wiced_ip_up             0x0001e88d   0x270  Code  Gb  wiced_network.o [7]
wiced_join_events_handler
                        0x00010239   0x12a  Code  Lc  wwd_wifi.o [7]
wiced_join_status       0x020178a4     0x4  Data  Gb  wwd_wifi.o [7]
wiced_mac_addr          0x03401248     0x8  Data  Lc  wwd_management.o [7]
wiced_management_init   0x0001ad21    0x1e  Code  Gb  wwd_management.o [7]
wiced_management_set_event_handler
                        0x0001cb05     0xa  Code  Gb  SDPCM.o [7]
wiced_management_wifi_off
                        0x0001aee5    0x50  Code  Gb  wwd_management.o [7]
wiced_management_wifi_on
                        0x0001ad3f   0x1a6  Code  Gb  wwd_management.o [7]
wiced_network_init      0x0001e7d9    0xa2  Code  Gb  wiced_network.o [7]
wiced_network_link_renew_handler
                        0x0001eb7b    0x18  Code  Gb  wiced_network.o [7]
wiced_network_send_ethernet_data
                        0x0001c25b    0x8a  Code  Gb  SDPCM.o [7]
wiced_networking_worker_thread
                        0x03401200     0x8  Data  Gb  wiced_rtos.o [7]
wiced_packet_create_tcp
                        0x0001758f    0x6c  Code  Gb  tcpip.o [7]
wiced_packet_create_udp
                        0x000175fb    0x12  Code  Gb  tcpip.o [7]
wiced_packet_delete     0x0001760d     0xa  Code  Gb  tcpip.o [7]
wiced_packet_get_data   0x00017649    0x76  Code  Gb  tcpip.o [7]
wiced_packet_set_data_end
                        0x00017617    0x16  Code  Gb  tcpip.o [7]
wiced_ping              0x000172d5    0x28  Code  Gb  tcpip.o [7]
wiced_ping_send         0x00024139    0x8c  Code  Gb  wiced_ping.o [7]
wiced_platform_notify_irq
                        0x00027203    0x22  Code  Gb  wwd_thread.o [7]
wiced_process_bus_credit_update
                        0x0001c2e5    0x72  Code  Gb  SDPCM.o [7]
wiced_process_sdpcm     0x0001c357   0x496  Code  Gb  SDPCM.o [7]
wiced_quit_sdpcm        0x0001c1dd    0x4e  Code  Gb  SDPCM.o [7]
wiced_read_backplane_value
                        0x00026e83    0x2e  Code  Gb  wwd_bus_protocol.o [7]
wiced_read_frame        0x00026b81    0x9e  Code  Gb  wwd_bus_protocol.o [7]
wiced_read_register_value
                        0x000270c5    0x50  Code  Lc  wwd_bus_protocol.o [7]
wiced_receive_one_packet
                        0x000271a3    0x38  Code  Gb  wwd_thread.o [7]
wiced_reset_device_core
                        0x000322ab    0x9e  Code  Gb  wwd_internal.o [7]
wiced_rtos_create_thread
                        0x00013365    0x4e  Code  Gb  wiced_rtos.o [7]
wiced_rtos_create_worker_thread
                        0x000135ff    0x5a  Code  Gb  wiced_rtos.o [7]
wiced_rtos_deinit_queue
                        0x0001353f     0xc  Code  Gb  wiced_rtos.o [7]
wiced_rtos_deinit_semaphore
                        0x000134c7    0x16  Code  Gb  wiced_rtos.o [7]
wiced_rtos_deinit_timer
                        0x000135c1    0x22  Code  Gb  wiced_rtos.o [7]
wiced_rtos_delay_milliseconds
                        0x00013415     0xa  Code  Gb  wiced_rtos.o [7]
wiced_rtos_delete_thread
                        0x000133b3    0x24  Code  Gb  wiced_rtos.o [7]
wiced_rtos_deregister_timed_event
                        0x000136a1    0x24  Code  Gb  wiced_rtos.o [7]
wiced_rtos_get_semaphore
                        0x0001345f    0x22  Code  Gb  wiced_rtos.o [7]
wiced_rtos_init         0x00013343    0x22  Code  Gb  wiced_rtos.o [7]
wiced_rtos_init_queue   0x000134dd    0x1e  Code  Gb  wiced_rtos.o [7]
wiced_rtos_init_semaphore
                        0x0001343d    0x22  Code  Gb  wiced_rtos.o [7]
wiced_rtos_init_timer   0x00013561    0x36  Code  Gb  wiced_rtos.o [7]
wiced_rtos_is_current_thread
                        0x000133f1    0x18  Code  Gb  wiced_rtos.o [7]
wiced_rtos_pop_from_queue
                        0x0001351d    0x22  Code  Gb  wiced_rtos.o [7]
wiced_rtos_push_to_queue
                        0x000134fb    0x22  Code  Gb  wiced_rtos.o [7]
wiced_rtos_register_timed_event
                        0x00013659    0x48  Code  Gb  wiced_rtos.o [7]
wiced_rtos_send_asynchronous_event
                        0x000136c5    0x14  Code  Gb  wiced_rtos.o [7]
wiced_rtos_set_semaphore
                        0x00013481    0x46  Code  Gb  wiced_rtos.o [7]
wiced_rtos_start_timer  0x00013597    0x2a  Code  Gb  wiced_rtos.o [7]
wiced_rtos_thread_force_awake
                        0x00013409     0xc  Code  Gb  wiced_rtos.o [7]
wiced_rtos_thread_join  0x000133d7    0x1a  Code  Gb  wiced_rtos.o [7]
wiced_sdpcm_ioctl_mutex
                        0x02017788     0x4  Data  Lc  SDPCM.o [7]
wiced_sdpcm_send_queue_head
                        0x0201779c     0x4  Data  Lc  SDPCM.o [7]
wiced_sdpcm_send_queue_mutex
                        0x02017798     0x4  Data  Lc  SDPCM.o [7]
wiced_sdpcm_send_queue_tail
                        0x020177a0     0x4  Data  Lc  SDPCM.o [7]
wiced_send_ioctl        0x0001c7f1   0x314  Code  Gb  SDPCM.o [7]
wiced_send_iovar        0x0001c22b    0x30  Code  Gb  SDPCM.o [7]
wiced_send_one_packet   0x00027167    0x3c  Code  Gb  wwd_thread.o [7]
wiced_send_sdpcm_common
                        0x0001ce91    0x90  Code  Lc  SDPCM.o [7]
wiced_set_backplane_window
                        0x000320fd    0xa8  Code  Gb  wwd_internal.o [7]
wiced_set_next_buffer_in_queue
                        0x0001cf2b     0xe  Code  Lc  SDPCM.o [7]
wiced_start_dhcp_server
                        0x0002b6bd    0x58  Code  Gb  dhcp_server.o [7]
wiced_stop_dhcp         0x0001eb93     0x8  Code  Gb  wiced_network.o [7]
wiced_stop_dhcp_server  0x0002b715    0x2a  Code  Gb  dhcp_server.o [7]
wiced_tcp_bind          0x000174a3    0x4a  Code  Gb  tcpip.o [7]
wiced_tcp_connect       0x000173f9    0xaa  Code  Gb  tcpip.o [7]
wiced_tcp_create_socket
                        0x0001739b    0x5e  Code  Gb  tcpip.o [7]
wiced_tcp_send_packet   0x000174ed    0x20  Code  Gb  tcpip.o [7]
wiced_tcp_start_tls     0x000248af     0x6  Code  Gb  mxchipbesl.o [7]
wiced_thread            0x020177c4     0x4  Data  Lc  wwd_thread.o [7]
wiced_thread_func       0x00027239    0xfe  Code  Lc  wwd_thread.o [7]
wiced_thread_init       0x00027119    0x4e  Code  Gb  wwd_thread.o [7]
wiced_thread_notify     0x00027225    0x14  Code  Gb  wwd_thread.o [7]
wiced_thread_quit       0x000271db    0x28  Code  Gb  wwd_thread.o [7]
wiced_thread_quit_flag  0x03401316     0x1  Data  Lc  wwd_thread.o [7]
wiced_time_get_time     0x0001341f    0x1e  Code  Gb  wiced_rtos.o [7]
wiced_time_offset       0x03401278     0x4  Data  Lc  wiced_rtos.o [7]
wiced_tls_encrypt_packet
                        0x000248a9     0x6  Code  Gb  mxchipbesl.o [7]
wiced_transceive_semaphore
                        0x020177c8     0x4  Data  Lc  wwd_thread.o [7]
wiced_udp_create_socket
                        0x000176e3    0x7c  Code  Gb  tcpip.o [7]
wiced_udp_delete_socket
                        0x00017819    0x1e  Code  Gb  tcpip.o [7]
wiced_udp_packet_get_info
                        0x0001762d    0x1c  Code  Gb  tcpip.o [7]
wiced_udp_receive       0x000177db    0x3e  Code  Gb  tcpip.o [7]
wiced_udp_send          0x0001775f    0x7c  Code  Gb  tcpip.o [7]
wiced_using_dhcp        0x03401328     0x1  Data  Lc  wiced_network.o [7]
wiced_wifi_add_packet_filter
                        0x00010959    0x86  Code  Gb  wwd_wifi.o [7]
wiced_wifi_ap_is_up     0x0340132a     0x1  Data  Gb  wwd_ap.o [7]
wiced_wifi_disable_monitor_mode
                        0x00010811    0x5c  Code  Gb  wwd_wifi.o [7]
wiced_wifi_enable_monitor_mode
                        0x000107b5    0x5c  Code  Gb  wwd_wifi.o [7]
wiced_wifi_enable_packet_filter
                        0x00010a17     0xc  Code  Gb  wwd_wifi.o [7]
wiced_wifi_enable_powersave_with_throughput
                        0x00010461    0x8a  Code  Gb  wwd_wifi.o [7]
wiced_wifi_get_ap_name  0x00010a65    0x68  Code  Gb  wwd_wifi.o [7]
wiced_wifi_get_channel  0x0001089d     0xc  Code  Gb  wwd_wifi.o [7]
wiced_wifi_get_mac_address
                        0x00010363    0x4e  Code  Gb  wwd_wifi.o [7]
wiced_wifi_get_pmk      0x000104fd    0x86  Code  Gb  wwd_wifi.o [7]
wiced_wifi_get_rssi     0x00010769    0x4c  Code  Gb  wwd_wifi.o [7]
wiced_wifi_get_wifi_version
                        0x00010b29    0x52  Code  Gb  wwd_wifi.o [7]
wiced_wifi_is_packet_from_ap
                        0x0001f24d     0xe  Code  Gb  wwd_ap.o [7]
wiced_wifi_is_ready_to_transceive
                        0x000103ed    0x70  Code  Gb  wwd_wifi.o [7]
wiced_wifi_join         0x0000fb9f   0x108  Code  Gb  wwd_wifi.o [7]
wiced_wifi_join_specific
                        0x0000fca7   0x194  Code  Gb  wwd_wifi.o [7]
wiced_wifi_leave        0x000101d1    0x66  Code  Gb  wwd_wifi.o [7]
wiced_wifi_prepare_join
                        0x0000fe3b   0x396  Code  Lc  wwd_wifi.o [7]
wiced_wifi_register_multicast_address
                        0x00010583    0xd0  Code  Gb  wwd_wifi.o [7]
wiced_wifi_remove_packet_filter
                        0x000109e9    0x2e  Code  Gb  wwd_wifi.o [7]
wiced_wifi_scan         0x0000f709   0x12c  Code  Gb  wwd_wifi.o [7]
wiced_wifi_scan_networks
                        0x000147e1   0x11c  Code  Gb  wifi.o [7]
wiced_wifi_set_channel  0x000108e7     0xc  Code  Gb  wwd_wifi.o [7]
wiced_wifi_set_down     0x00010875    0x20  Code  Gb  wwd_wifi.o [7]
wiced_wifi_set_maxassoc
                        0x00010b7b    0x2c  Code  Gb  wwd_wifi.o [7]
wiced_wifi_set_nmode    0x000103b9    0x2e  Code  Gb  wwd_wifi.o [7]
wiced_wifi_sleep_flag   0x034012c8     0x4  Data  Lc  wwd_ap.o [7]
wiced_wifi_start_ap     0x0001edf7   0x332  Code  Gb  wwd_ap.o [7]
wiced_wifi_stop_ap      0x0001f12d    0xea  Code  Gb  wwd_ap.o [7]
wiced_wifi_stop_scan    0x0000f835    0x58  Code  Gb  wwd_wifi.o [7]
wiced_wifi_toggle_packet_filter
                        0x00010a23    0x32  Code  Gb  wwd_wifi.o [7]
wiced_wifi_unregister_multicast_address
                        0x00010653    0xf0  Code  Gb  wwd_wifi.o [7]
wiced_wlan_status       0x03400030     0xc  Data  Gb  wwd_internal.o [7]
wiced_write_backplane_value
                        0x00026e59    0x2a  Code  Gb  wwd_bus_protocol.o [7]
wiced_write_register_value
                        0x00026e19    0x40  Code  Gb  wwd_bus_protocol.o [7]
wiced_write_wifi_firmware_image
                        0x0003235d    0xbe  Code  Gb  wwd_firmware.o [7]
wiced_write_wifi_nvram_image
                        0x0003241b   0x162  Code  Gb  wwd_firmware.o [7]
wifi_control_pins       0x0004e9e8     0x8  Data  Gb  platform.o [1]
wifi_join_aping         0x03401323     0x1  Data  Lc  wwd_wifi.o [7]
wifi_mgmt_parse         0x0000e33d   0x10c  Code  Lc  smart_config.o [7]
wifi_nvram_image        0x0004e150   0x30c  Data  Lc  wwd_firmware.o [7]
wifi_power_down         0x0000f113    0x26  Code  Gb  mxchipWNET.o [7]
wifi_power_is_down      0x03401284     0x4  Data  Lc  mxchipWNET.o [7]
wifi_reboot_event       0x0000f369    0x16  Code  Gb  mico_system_notification.o [1]
wifi_reboot_only        0x00012025    0x34  Code  Gb  wifimgr.o [7]
wifi_spi_pins           0x0004e9f0     0xc  Data  Gb  platform.o [1]
wifi_status_callback    0x0000eb97    0x74  Code  Gb  mxchipWNET.o [7]
wifi_up                 0x0340126c     0x4  Data  Lc  tftp_ota.o [1]
wifidebug_Command       0x00012755    0x70  Code  Gb  wifimgr.o [7]
wifimgr_debug_enable    0x00010bc9    0x1c  Code  Gb  wifimgr.o [7]
wifimgr_sem             0x02017768     0x4  Data  Lc  wifimgr.o [7]
wifimgr_thread          0x0001218d   0x148  Code  Lc  wifimgr.o [7]
wifiscan_Command        0x0001280d   0x268  Code  Gb  wifimgr.o [7]
wifistate_Command       0x00012571   0x1dc  Code  Gb  wifimgr.o [7]
wlan_disconnect         0x0001154d    0x48  Code  Gb  wifimgr.o [7]
wlan_driver_version     0x0000f1c3     0xa  Code  Gb  mxchipWNET.o [7]
wlan_get_mac_address    0x00011ee7     0x8  Code  Gb  wifimgr.o [7]
wlan_init               0x00011ff9    0x28  Code  Gb  wifimgr.o [7]
wlan_spi_xfer_done      0x00026711    0x40  Code  Gb  wlan_bus_spi.o [1]
wlu_is_ali_ie           0x0000d763    0x36  Code  Lc  smart_config.o [7]
wlu_is_wpa_ie           0x00010af3    0x36  Code  Lc  wwd_wifi.o [7]
wlu_parse_tlvs          0x0000d73d    0x26  Code  Lc  smart_config.o [7]
wlu_parse_tlvs          0x00010acd    0x26  Code  Lc  wwd_wifi.o [7]
work_mode               0x02017864     0x4  Data  Lc  smart_config.o [7]
worker_thread_main      0x000135e3    0x1c  Code  Lc  wiced_rtos.o [7]
wps_running             0x0340131e     0x1  Data  Lc  wps_host.o [7]
write                   0x0000efed     0xa  Code  Gb  mxchipWNET.o [7]
writeCString            0x00049703    0x38  Code  Gb  MQTTPacket.o [4]
writeChar               0x000496e3     0x4  Code  Gb  MQTTPacket.o [4]
writeInt                0x000496e7    0x12  Code  Gb  MQTTPacket.o [4]
writeMQTTString         0x0004973b    0x58  Code  Gb  MQTTPacket.o [4]
wwd_management_set_event_handler
                        0x0001cb0f   0x17e  Code  Gb  SDPCM.o [7]
wwd_thread_line         0x020177bc     0x4  Data  Gb  wwd_thread.o [7]
wwd_wifi_get_channel    0x000108a9    0x3e  Code  Gb  wwd_wifi.o [7]
wwd_wifi_set_channel    0x000108f3    0x62  Code  Gb  wwd_wifi.o [7]
xActiveTimerList1       0x03401078    0x14  Data  Lc  ostimers.o [7]
xActiveTimerList2       0x0340108c    0x14  Data  Lc  ostimers.o [7]
xDelayedTaskList1       0x034010a0    0x14  Data  Lc  tasks.o [7]
xDelayedTaskList2       0x034010b4    0x14  Data  Lc  tasks.o [7]
xMissedYield            0x02017808     0x4  Data  Lc  tasks.o [7]
xNextTaskUnblockTime    0x034000ac     0x4  Data  Lc  tasks.o [7]
xNumOfOverflows         0x0201780c     0x4  Data  Lc  tasks.o [7]
xPendingReadyList       0x034010c8    0x14  Data  Lc  tasks.o [7]
xPortPendSVHandler      0x00023567          Code  Gb  portasm.o [7]
xPortStartScheduler     0x0002308b    0x3c  Code  Gb  port.o [7]
xPortSysTickHandler     0x000230fd    0x1a  Code  Gb  port.o [7]
xQueueCreateCountingSemaphore
                        0x00022b33    0x14  Code  Gb  queue.o [7]
xQueueCreateMutex       0x00022ad7    0x5c  Code  Gb  queue.o [7]
xQueueGenericCreate     0x00022a59    0x7e  Code  Gb  queue.o [7]
xQueueGenericReceive    0x00022c71   0x156  Code  Gb  queue.o [7]
xQueueGenericSend       0x00022b47    0xd4  Code  Gb  queue.o [7]
xQueueGenericSendFromISR
                        0x00022c1b    0x56  Code  Gb  queue.o [7]
xQueueIsQueueEmptyFromISR
                        0x00022f05     0xe  Code  Gb  queue.o [7]
xQueueIsQueueFullFromISR
                        0x00022f31    0x10  Code  Gb  queue.o [7]
xSchedulerRunning       0x020177fc     0x4  Data  Lc  tasks.o [7]
xSuspendedTaskList      0x034010f0    0x14  Data  Lc  tasks.o [7]
xTaskCheckForTimeOut    0x000142df    0x60  Code  Gb  tasks.o [7]
xTaskForceAwakeClearPending
                        0x00013dfb     0xc  Code  Gb  tasks.o [7]
xTaskForceAwakePending  0x00013df1     0xa  Code  Gb  tasks.o [7]
xTaskGenericCreate      0x00013ab9   0x130  Code  Gb  tasks.o [7]
xTaskGetCurrentTaskHandle
                        0x0001463f     0x6  Code  Gb  tasks.o [7]
xTaskGetCurrentThread   0x00013d9d     0x8  Code  Gb  tasks.o [7]
xTaskGetSchedulerState  0x00014645    0x1c  Code  Gb  tasks.o [7]
xTaskGetTickCount       0x00013f99    0x14  Code  Gb  tasks.o [7]
xTaskGetTickCountFromISR
                        0x00013fad    0x16  Code  Gb  tasks.o [7]
xTaskIsTaskFinished     0x00013d2d    0x70  Code  Gb  tasks.o [7]
xTaskIsTaskSuspended    0x00013d0b    0x22  Code  Gb  tasks.o [7]
xTaskRemoveFromEventList
                        0x0001426d    0x62  Code  Gb  tasks.o [7]
xTaskResumeAll          0x00013ec7    0xd2  Code  Gb  tasks.o [7]
xTasksWaitingTermination
                        0x034010dc    0x14  Data  Lc  tasks.o [7]
xTickCount              0x020177f0     0x4  Data  Lc  tasks.o [7]
xTimerCreate            0x0002318f    0x4c  Code  Gb  ostimers.o [7]
xTimerCreateTimerTask   0x00023155    0x3a  Code  Gb  ostimers.o [7]
xTimerGenericCommand    0x000231db    0x52  Code  Gb  ostimers.o [7]
xTimerQueue             0x020177d4     0x4  Data  Lc  ostimers.o [7]
xorbuf                  0x00029c57    0x32  Code  Lc  aes.o [7]


[1] = E:\work\13.WiFi_Mxchip\SDK_MiCOKit_v2.3.0.2\Build\Cloud_RGB_HumitureMiCOKit-LPC5410x\obj_EWARM
[2] = E:\work\13.WiFi_Mxchip\SDK_MiCOKit_v2.3.0.2\MICO\system\tftp_ota
[3] = command line
[4] = FogCloud_cm4_release.a
[5] = dl7M_tlf.a
[6] = m7M_tls.a
[7] = mxchipWNet_cm4f_spi.a
[8] = rt7M_tl.a
[9] = shb_l.a

  261 562 bytes of readonly  code memory
   20 504 bytes of readonly  data memory
  103 114 bytes of readwrite data memory

Errors: none
Warnings: 16
