###############################################################################
#
# IAR ELF Linker V7.40.3.8902/W32 for ARM                 15/Sep/2015  15:38:06
# Copyright 2007-2015 IAR Systems AB.
#
#    Output file  =  
#        E:\work\13.WiFi_Mxchip\SDK_MiCOKit_v2.3.0.2\Build\Cloud_RGB_LED\MiCOKit-LPC5410x\COM.MXCHIP.SPP.out.tmp
#    Map file     =  
#        E:\work\13.WiFi_Mxchip\SDK_MiCOKit_v2.3.0.2\Build\Cloud_RGB_LED\MiCOKit-LPC5410x\list_EWARM\COM.MXCHIP.SPP.map
#    Command line =  
#        E:\work\13.WiFi_Mxchip\SDK_MiCOKit_v2.3.0.2\Build\Cloud_RGB_LED\MiCOKit-LPC5410x\obj_EWARM\adc_5410x.o
#        E:\work\13.WiFi_Mxchip\SDK_MiCOKit_v2.3.0.2\Build\Cloud_RGB_LED\MiCOKit-LPC5410x\obj_EWARM\arraylist.o
#        E:\work\13.WiFi_Mxchip\SDK_MiCOKit_v2.3.0.2\Build\Cloud_RGB_LED\MiCOKit-LPC5410x\obj_EWARM\AsciiLib.o
#        E:\work\13.WiFi_Mxchip\SDK_MiCOKit_v2.3.0.2\Build\Cloud_RGB_LED\MiCOKit-LPC5410x\obj_EWARM\bme280.o
#        E:\work\13.WiFi_Mxchip\SDK_MiCOKit_v2.3.0.2\Build\Cloud_RGB_LED\MiCOKit-LPC5410x\obj_EWARM\bme280_user.o
#        E:\work\13.WiFi_Mxchip\SDK_MiCOKit_v2.3.0.2\Build\Cloud_RGB_LED\MiCOKit-LPC5410x\obj_EWARM\CheckSumUtils.o
#        E:\work\13.WiFi_Mxchip\SDK_MiCOKit_v2.3.0.2\Build\Cloud_RGB_LED\MiCOKit-LPC5410x\obj_EWARM\chip_5410x.o
#        E:\work\13.WiFi_Mxchip\SDK_MiCOKit_v2.3.0.2\Build\Cloud_RGB_LED\MiCOKit-LPC5410x\obj_EWARM\clock_5410x.o
#        E:\work\13.WiFi_Mxchip\SDK_MiCOKit_v2.3.0.2\Build\Cloud_RGB_LED\MiCOKit-LPC5410x\obj_EWARM\config_server.o
#        E:\work\13.WiFi_Mxchip\SDK_MiCOKit_v2.3.0.2\Build\Cloud_RGB_LED\MiCOKit-LPC5410x\obj_EWARM\config_server_menu.o
#        E:\work\13.WiFi_Mxchip\SDK_MiCOKit_v2.3.0.2\Build\Cloud_RGB_LED\MiCOKit-LPC5410x\obj_EWARM\crc_5410x.o
#        E:\work\13.WiFi_Mxchip\SDK_MiCOKit_v2.3.0.2\Build\Cloud_RGB_LED\MiCOKit-LPC5410x\obj_EWARM\crt0_EWARM.o
#        E:\work\13.WiFi_Mxchip\SDK_MiCOKit_v2.3.0.2\Build\Cloud_RGB_LED\MiCOKit-LPC5410x\obj_EWARM\dc_motor.o
#        E:\work\13.WiFi_Mxchip\SDK_MiCOKit_v2.3.0.2\Build\Cloud_RGB_LED\MiCOKit-LPC5410x\obj_EWARM\debug.o
#        E:\work\13.WiFi_Mxchip\SDK_MiCOKit_v2.3.0.2\Build\Cloud_RGB_LED\MiCOKit-LPC5410x\obj_EWARM\DHT11.o
#        E:\work\13.WiFi_Mxchip\SDK_MiCOKit_v2.3.0.2\Build\Cloud_RGB_LED\MiCOKit-LPC5410x\obj_EWARM\dma_5410x.o
#        E:\work\13.WiFi_Mxchip\SDK_MiCOKit_v2.3.0.2\Build\Cloud_RGB_LED\MiCOKit-LPC5410x\obj_EWARM\fifo_5410x.o
#        E:\work\13.WiFi_Mxchip\SDK_MiCOKit_v2.3.0.2\Build\Cloud_RGB_LED\MiCOKit-LPC5410x\obj_EWARM\fogCloud.o
#        E:\work\13.WiFi_Mxchip\SDK_MiCOKit_v2.3.0.2\libraries\protocols\fog_cloud\FogCloud_cm4_release.a
#        E:\work\13.WiFi_Mxchip\SDK_MiCOKit_v2.3.0.2\Build\Cloud_RGB_LED\MiCOKit-LPC5410x\obj_EWARM\fpu_init.o
#        E:\work\13.WiFi_Mxchip\SDK_MiCOKit_v2.3.0.2\Build\Cloud_RGB_LED\MiCOKit-LPC5410x\obj_EWARM\gpio_5410x.o
#        E:\work\13.WiFi_Mxchip\SDK_MiCOKit_v2.3.0.2\Build\Cloud_RGB_LED\MiCOKit-LPC5410x\obj_EWARM\gpiogroup_5410x.o
#        E:\work\13.WiFi_Mxchip\SDK_MiCOKit_v2.3.0.2\Build\Cloud_RGB_LED\MiCOKit-LPC5410x\obj_EWARM\hardfault.o
#        E:\work\13.WiFi_Mxchip\SDK_MiCOKit_v2.3.0.2\Build\Cloud_RGB_LED\MiCOKit-LPC5410x\obj_EWARM\hsb2rgb_led.o
#        E:\work\13.WiFi_Mxchip\SDK_MiCOKit_v2.3.0.2\Build\Cloud_RGB_LED\MiCOKit-LPC5410x\obj_EWARM\HTTPUtils.o
#        E:\work\13.WiFi_Mxchip\SDK_MiCOKit_v2.3.0.2\Build\Cloud_RGB_LED\MiCOKit-LPC5410x\obj_EWARM\i2c_common_5410x.o
#        E:\work\13.WiFi_Mxchip\SDK_MiCOKit_v2.3.0.2\Build\Cloud_RGB_LED\MiCOKit-LPC5410x\obj_EWARM\i2cm_5410x.o
#        E:\work\13.WiFi_Mxchip\SDK_MiCOKit_v2.3.0.2\Build\Cloud_RGB_LED\MiCOKit-LPC5410x\obj_EWARM\i2cs_5410x.o
#        E:\work\13.WiFi_Mxchip\SDK_MiCOKit_v2.3.0.2\Build\Cloud_RGB_LED\MiCOKit-LPC5410x\obj_EWARM\iap.o
#        E:\work\13.WiFi_Mxchip\SDK_MiCOKit_v2.3.0.2\Build\Cloud_RGB_LED\MiCOKit-LPC5410x\obj_EWARM\infrared_reflective.o
#        E:\work\13.WiFi_Mxchip\SDK_MiCOKit_v2.3.0.2\Build\Cloud_RGB_LED\MiCOKit-LPC5410x\obj_EWARM\iocon_5410x.o
#        E:\work\13.WiFi_Mxchip\SDK_MiCOKit_v2.3.0.2\Build\Cloud_RGB_LED\MiCOKit-LPC5410x\obj_EWARM\json_object.o
#        E:\work\13.WiFi_Mxchip\SDK_MiCOKit_v2.3.0.2\Build\Cloud_RGB_LED\MiCOKit-LPC5410x\obj_EWARM\json_tokener.o
#        E:\work\13.WiFi_Mxchip\SDK_MiCOKit_v2.3.0.2\Build\Cloud_RGB_LED\MiCOKit-LPC5410x\obj_EWARM\json_util.o
#        E:\work\13.WiFi_Mxchip\SDK_MiCOKit_v2.3.0.2\Build\Cloud_RGB_LED\MiCOKit-LPC5410x\obj_EWARM\keys.o
#        E:\work\13.WiFi_Mxchip\SDK_MiCOKit_v2.3.0.2\Build\Cloud_RGB_LED\MiCOKit-LPC5410x\obj_EWARM\light_sensor.o
#        E:\work\13.WiFi_Mxchip\SDK_MiCOKit_v2.3.0.2\Build\Cloud_RGB_LED\MiCOKit-LPC5410x\obj_EWARM\linkhash.o
#        E:\work\13.WiFi_Mxchip\SDK_MiCOKit_v2.3.0.2\Build\Cloud_RGB_LED\MiCOKit-LPC5410x\obj_EWARM\mico_cli.o
#        E:\work\13.WiFi_Mxchip\SDK_MiCOKit_v2.3.0.2\Build\Cloud_RGB_LED\MiCOKit-LPC5410x\obj_EWARM\mico_config.o
#        E:\work\13.WiFi_Mxchip\SDK_MiCOKit_v2.3.0.2\Build\Cloud_RGB_LED\MiCOKit-LPC5410x\obj_EWARM\mico_mdns.o
#        E:\work\13.WiFi_Mxchip\SDK_MiCOKit_v2.3.0.2\Build\Cloud_RGB_LED\MiCOKit-LPC5410x\obj_EWARM\mico_platform_common.o
#        E:\work\13.WiFi_Mxchip\SDK_MiCOKit_v2.3.0.2\Build\Cloud_RGB_LED\MiCOKit-LPC5410x\obj_EWARM\mico_system_init.o
#        E:\work\13.WiFi_Mxchip\SDK_MiCOKit_v2.3.0.2\Build\Cloud_RGB_LED\MiCOKit-LPC5410x\obj_EWARM\mico_system_monitor.o
#        E:\work\13.WiFi_Mxchip\SDK_MiCOKit_v2.3.0.2\Build\Cloud_RGB_LED\MiCOKit-LPC5410x\obj_EWARM\mico_system_notification.o
#        E:\work\13.WiFi_Mxchip\SDK_MiCOKit_v2.3.0.2\Build\Cloud_RGB_LED\MiCOKit-LPC5410x\obj_EWARM\mico_system_para_storage.o
#        E:\work\13.WiFi_Mxchip\SDK_MiCOKit_v2.3.0.2\Build\Cloud_RGB_LED\MiCOKit-LPC5410x\obj_EWARM\mico_system_power_daemon.o
#        E:\work\13.WiFi_Mxchip\SDK_MiCOKit_v2.3.0.2\Build\Cloud_RGB_LED\MiCOKit-LPC5410x\obj_EWARM\MICOAppEntrance.o
#        E:\work\13.WiFi_Mxchip\SDK_MiCOKit_v2.3.0.2\Build\Cloud_RGB_LED\MiCOKit-LPC5410x\obj_EWARM\MICOBonjour.o
#        E:\work\13.WiFi_Mxchip\SDK_MiCOKit_v2.3.0.2\Build\Cloud_RGB_LED\MiCOKit-LPC5410x\obj_EWARM\MICOConfigDelegate.o
#        E:\work\13.WiFi_Mxchip\SDK_MiCOKit_v2.3.0.2\Platform\Drivers\MicoDriverMFiAuth\MicoDriverMFiAuth.a
#        E:\work\13.WiFi_Mxchip\SDK_MiCOKit_v2.3.0.2\Build\Cloud_RGB_LED\MiCOKit-LPC5410x\obj_EWARM\MicoFogCloud.o
#        E:\work\13.WiFi_Mxchip\SDK_MiCOKit_v2.3.0.2\Build\Cloud_RGB_LED\MiCOKit-LPC5410x\obj_EWARM\MicoFogCloudConfigServer.o
#        E:\work\13.WiFi_Mxchip\SDK_MiCOKit_v2.3.0.2\Build\Cloud_RGB_LED\MiCOKit-LPC5410x\obj_EWARM\micokit_ext.o
#        E:\work\13.WiFi_Mxchip\SDK_MiCOKit_v2.3.0.2\Build\Cloud_RGB_LED\MiCOKit-LPC5410x\obj_EWARM\micokit_ext_mfg.o
#        E:\work\13.WiFi_Mxchip\SDK_MiCOKit_v2.3.0.2\MICO\core\mxchipWNet_cm4f_spi.a
#        E:\work\13.WiFi_Mxchip\SDK_MiCOKit_v2.3.0.2\Build\Cloud_RGB_LED\MiCOKit-LPC5410x\obj_EWARM\oled.o
#        E:\work\13.WiFi_Mxchip\SDK_MiCOKit_v2.3.0.2\Build\Cloud_RGB_LED\MiCOKit-LPC5410x\obj_EWARM\pinint_5410x.o
#        E:\work\13.WiFi_Mxchip\SDK_MiCOKit_v2.3.0.2\Build\Cloud_RGB_LED\MiCOKit-LPC5410x\obj_EWARM\platform.o
#        E:\work\13.WiFi_Mxchip\SDK_MiCOKit_v2.3.0.2\Build\Cloud_RGB_LED\MiCOKit-LPC5410x\obj_EWARM\platform_adc.o
#        E:\work\13.WiFi_Mxchip\SDK_MiCOKit_v2.3.0.2\Build\Cloud_RGB_LED\MiCOKit-LPC5410x\obj_EWARM\platform_flash.o
#        E:\work\13.WiFi_Mxchip\SDK_MiCOKit_v2.3.0.2\Build\Cloud_RGB_LED\MiCOKit-LPC5410x\obj_EWARM\platform_gpio.o
#        E:\work\13.WiFi_Mxchip\SDK_MiCOKit_v2.3.0.2\Build\Cloud_RGB_LED\MiCOKit-LPC5410x\obj_EWARM\platform_i2c.o
#        E:\work\13.WiFi_Mxchip\SDK_MiCOKit_v2.3.0.2\Build\Cloud_RGB_LED\MiCOKit-LPC5410x\obj_EWARM\platform_init.o
#        E:\work\13.WiFi_Mxchip\SDK_MiCOKit_v2.3.0.2\Build\Cloud_RGB_LED\MiCOKit-LPC5410x\obj_EWARM\platform_mcu_powersave.o
#        E:\work\13.WiFi_Mxchip\SDK_MiCOKit_v2.3.0.2\Build\Cloud_RGB_LED\MiCOKit-LPC5410x\obj_EWARM\platform_nano_second.o
#        E:\work\13.WiFi_Mxchip\SDK_MiCOKit_v2.3.0.2\Build\Cloud_RGB_LED\MiCOKit-LPC5410x\obj_EWARM\platform_pwm.o
#        E:\work\13.WiFi_Mxchip\SDK_MiCOKit_v2.3.0.2\Build\Cloud_RGB_LED\MiCOKit-LPC5410x\obj_EWARM\platform_rng.o
#        E:\work\13.WiFi_Mxchip\SDK_MiCOKit_v2.3.0.2\Build\Cloud_RGB_LED\MiCOKit-LPC5410x\obj_EWARM\platform_rtc.o
#        E:\work\13.WiFi_Mxchip\SDK_MiCOKit_v2.3.0.2\Build\Cloud_RGB_LED\MiCOKit-LPC5410x\obj_EWARM\platform_spi.o
#        E:\work\13.WiFi_Mxchip\SDK_MiCOKit_v2.3.0.2\Build\Cloud_RGB_LED\MiCOKit-LPC5410x\obj_EWARM\platform_uart.o
#        E:\work\13.WiFi_Mxchip\SDK_MiCOKit_v2.3.0.2\Build\Cloud_RGB_LED\MiCOKit-LPC5410x\obj_EWARM\platform_watchdog.o
#        E:\work\13.WiFi_Mxchip\SDK_MiCOKit_v2.3.0.2\Build\Cloud_RGB_LED\MiCOKit-LPC5410x\obj_EWARM\pll_5410x.o
#        E:\work\13.WiFi_Mxchip\SDK_MiCOKit_v2.3.0.2\Build\Cloud_RGB_LED\MiCOKit-LPC5410x\obj_EWARM\power_control.o
#        E:\work\13.WiFi_Mxchip\SDK_MiCOKit_v2.3.0.2\Build\Cloud_RGB_LED\MiCOKit-LPC5410x\obj_EWARM\printbuf.o
#        E:\work\13.WiFi_Mxchip\SDK_MiCOKit_v2.3.0.2\Build\Cloud_RGB_LED\MiCOKit-LPC5410x\obj_EWARM\Retarget.o
#        E:\work\13.WiFi_Mxchip\SDK_MiCOKit_v2.3.0.2\Build\Cloud_RGB_LED\MiCOKit-LPC5410x\obj_EWARM\rgb_led.o
#        E:\work\13.WiFi_Mxchip\SDK_MiCOKit_v2.3.0.2\Build\Cloud_RGB_LED\MiCOKit-LPC5410x\obj_EWARM\ring_buffer.o
#        E:\work\13.WiFi_Mxchip\SDK_MiCOKit_v2.3.0.2\Build\Cloud_RGB_LED\MiCOKit-LPC5410x\obj_EWARM\RingBufferUtils.o
#        E:\work\13.WiFi_Mxchip\SDK_MiCOKit_v2.3.0.2\Build\Cloud_RGB_LED\MiCOKit-LPC5410x\obj_EWARM\ritimer_5410x.o
#        E:\work\13.WiFi_Mxchip\SDK_MiCOKit_v2.3.0.2\Build\Cloud_RGB_LED\MiCOKit-LPC5410x\obj_EWARM\rtc_5410x.o
#        E:\work\13.WiFi_Mxchip\SDK_MiCOKit_v2.3.0.2\Build\Cloud_RGB_LED\MiCOKit-LPC5410x\obj_EWARM\rtc_ut.o
#        E:\work\13.WiFi_Mxchip\SDK_MiCOKit_v2.3.0.2\Build\Cloud_RGB_LED\MiCOKit-LPC5410x\obj_EWARM\sct_5410x.o
#        E:\work\13.WiFi_Mxchip\SDK_MiCOKit_v2.3.0.2\Build\Cloud_RGB_LED\MiCOKit-LPC5410x\obj_EWARM\sct_pwm_5410x.o
#        E:\work\13.WiFi_Mxchip\SDK_MiCOKit_v2.3.0.2\Build\Cloud_RGB_LED\MiCOKit-LPC5410x\obj_EWARM\SocketUtils.o
#        E:\work\13.WiFi_Mxchip\SDK_MiCOKit_v2.3.0.2\Build\Cloud_RGB_LED\MiCOKit-LPC5410x\obj_EWARM\spi_5410x.o
#        E:\work\13.WiFi_Mxchip\SDK_MiCOKit_v2.3.0.2\Build\Cloud_RGB_LED\MiCOKit-LPC5410x\obj_EWARM\spi_common_5410x.o
#        E:\work\13.WiFi_Mxchip\SDK_MiCOKit_v2.3.0.2\Build\Cloud_RGB_LED\MiCOKit-LPC5410x\obj_EWARM\spi_flash.o
#        E:\work\13.WiFi_Mxchip\SDK_MiCOKit_v2.3.0.2\Build\Cloud_RGB_LED\MiCOKit-LPC5410x\obj_EWARM\spi_flash_platform.o
#        E:\work\13.WiFi_Mxchip\SDK_MiCOKit_v2.3.0.2\Build\Cloud_RGB_LED\MiCOKit-LPC5410x\obj_EWARM\spim_5410x.o
#        E:\work\13.WiFi_Mxchip\SDK_MiCOKit_v2.3.0.2\Build\Cloud_RGB_LED\MiCOKit-LPC5410x\obj_EWARM\spis_5410x.o
#        E:\work\13.WiFi_Mxchip\SDK_MiCOKit_v2.3.0.2\Build\Cloud_RGB_LED\MiCOKit-LPC5410x\obj_EWARM\startup_lpc54100_EWARM.o
#        E:\work\13.WiFi_Mxchip\SDK_MiCOKit_v2.3.0.2\Build\Cloud_RGB_LED\MiCOKit-LPC5410x\obj_EWARM\stopwatch_5410x.o
#        E:\work\13.WiFi_Mxchip\SDK_MiCOKit_v2.3.0.2\Build\Cloud_RGB_LED\MiCOKit-LPC5410x\obj_EWARM\StringUtils.o
#        E:\work\13.WiFi_Mxchip\SDK_MiCOKit_v2.3.0.2\Build\Cloud_RGB_LED\MiCOKit-LPC5410x\obj_EWARM\syscon_5410x.o
#        E:\work\13.WiFi_Mxchip\SDK_MiCOKit_v2.3.0.2\Build\Cloud_RGB_LED\MiCOKit-LPC5410x\obj_EWARM\sysinit_5410x.o
#        E:\work\13.WiFi_Mxchip\SDK_MiCOKit_v2.3.0.2\Build\Cloud_RGB_LED\MiCOKit-LPC5410x\obj_EWARM\system_easylink.o
#        E:\work\13.WiFi_Mxchip\SDK_MiCOKit_v2.3.0.2\Build\Cloud_RGB_LED\MiCOKit-LPC5410x\obj_EWARM\system_easylink_delegate.o
#        E:\work\13.WiFi_Mxchip\SDK_MiCOKit_v2.3.0.2\Build\Cloud_RGB_LED\MiCOKit-LPC5410x\obj_EWARM\system_factory_test.o
#        E:\work\13.WiFi_Mxchip\SDK_MiCOKit_v2.3.0.2\Build\Cloud_RGB_LED\MiCOKit-LPC5410x\obj_EWARM\system_misc.o
#        E:\work\13.WiFi_Mxchip\SDK_MiCOKit_v2.3.0.2\Build\Cloud_RGB_LED\MiCOKit-LPC5410x\obj_EWARM\temp_hum_sensor.o
#        E:\work\13.WiFi_Mxchip\SDK_MiCOKit_v2.3.0.2\Build\Cloud_RGB_LED\MiCOKit-LPC5410x\obj_EWARM\tftp_ota.o
#        E:\work\13.WiFi_Mxchip\SDK_MiCOKit_v2.3.0.2\MICO\system\tftp_ota\tftpc.o
#        E:\work\13.WiFi_Mxchip\SDK_MiCOKit_v2.3.0.2\Build\Cloud_RGB_LED\MiCOKit-LPC5410x\obj_EWARM\timer_5410x.o
#        E:\work\13.WiFi_Mxchip\SDK_MiCOKit_v2.3.0.2\Build\Cloud_RGB_LED\MiCOKit-LPC5410x\obj_EWARM\uart_5410x.o
#        E:\work\13.WiFi_Mxchip\SDK_MiCOKit_v2.3.0.2\Build\Cloud_RGB_LED\MiCOKit-LPC5410x\obj_EWARM\URLUtils.o
#        E:\work\13.WiFi_Mxchip\SDK_MiCOKit_v2.3.0.2\Build\Cloud_RGB_LED\MiCOKit-LPC5410x\obj_EWARM\user_main.o
#        E:\work\13.WiFi_Mxchip\SDK_MiCOKit_v2.3.0.2\Build\Cloud_RGB_LED\MiCOKit-LPC5410x\obj_EWARM\user_uart.o
#        E:\work\13.WiFi_Mxchip\SDK_MiCOKit_v2.3.0.2\Build\Cloud_RGB_LED\MiCOKit-LPC5410x\obj_EWARM\utick_5410x.o
#        E:\work\13.WiFi_Mxchip\SDK_MiCOKit_v2.3.0.2\Build\Cloud_RGB_LED\MiCOKit-LPC5410x\obj_EWARM\wlan_bus_spi.o
#        E:\work\13.WiFi_Mxchip\SDK_MiCOKit_v2.3.0.2\Build\Cloud_RGB_LED\MiCOKit-LPC5410x\obj_EWARM\wlan_platform.o
#        E:\work\13.WiFi_Mxchip\SDK_MiCOKit_v2.3.0.2\Build\Cloud_RGB_LED\MiCOKit-LPC5410x\obj_EWARM\wlan_platform_common.o
#        E:\work\13.WiFi_Mxchip\SDK_MiCOKit_v2.3.0.2\Build\Cloud_RGB_LED\MiCOKit-LPC5410x\obj_EWARM\wwdt_5410x.o
#        E:\work\13.WiFi_Mxchip\SDK_MiCOKit_v2.3.0.2\Build\Cloud_RGB_LED\MiCOKit-LPC5410x\obj_EWARM\ZigbeeControlBridge.o
#        E:\work\13.WiFi_Mxchip\SDK_MiCOKit_v2.3.0.2\Build\Cloud_RGB_LED\MiCOKit-LPC5410x\obj_EWARM\ZigBeeNetwork.o
#        E:\work\13.WiFi_Mxchip\SDK_MiCOKit_v2.3.0.2\Build\Cloud_RGB_LED\MiCOKit-LPC5410x\obj_EWARM\ZigbeePDM.o
#        E:\work\13.WiFi_Mxchip\SDK_MiCOKit_v2.3.0.2\Build\Cloud_RGB_LED\MiCOKit-LPC5410x\obj_EWARM\ZigBeeSerialLink.o
#        --redirect _Printf=_PrintfFull --redirect _Scanf=_ScanfFull -o
#        E:\work\13.WiFi_Mxchip\SDK_MiCOKit_v2.3.0.2\Build\Cloud_RGB_LED\MiCOKit-LPC5410x\COM.MXCHIP.SPP.out.tmp
#        --map
#        E:\work\13.WiFi_Mxchip\SDK_MiCOKit_v2.3.0.2\Build\Cloud_RGB_LED\MiCOKit-LPC5410x\list_EWARM\COM.MXCHIP.SPP.map
#        --config
#        E:\work\13.WiFi_Mxchip\SDK_MiCOKit_v2.3.0.2\Projects\LPC5410x\Cloud_RGB_LED\EWARM\..\..\..\..\Board\MiCOKit-LPC5410x\micoLinkerForIAR.icf
#        --semihosting --entry __iar_program_start --vfe --threaded_lib
#
###############################################################################

*******************************************************************************
*** MESSAGES
***

Warning[Lt049]: Potential floating point parameter passing conflict. The first
          module below references the second and they have been built with
          different settings.
          AAPCS, base variant: E:\work\13.WiFi_Mxchip\SDK_MiCOKit_v2.3.0.2\Buil
                    d\Cloud_RGB_LED\MiCOKit-LPC5410x\obj_EWARM\config_server_me
                    nu.o
          AAPCS, VFP variant: wiced_rtos.o(mxchipWNet_cm4f_spi.a)
Warning[Lt049]: Potential floating point parameter passing conflict. The first
          module below references the second and they have been built with
          different settings.
          AAPCS, base variant: E:\work\13.WiFi_Mxchip\SDK_MiCOKit_v2.3.0.2\Buil
                    d\Cloud_RGB_LED\MiCOKit-LPC5410x\obj_EWARM\config_server_me
                    nu.o
          AAPCS, VFP variant: mxchipWNET.o(mxchipWNet_cm4f_spi.a)
Warning[Lt049]: Potential floating point parameter passing conflict. The first
          module below references the second and they have been built with
          different settings.
          AAPCS, base variant: E:\work\13.WiFi_Mxchip\SDK_MiCOKit_v2.3.0.2\Buil
                    d\Cloud_RGB_LED\MiCOKit-LPC5410x\obj_EWARM\json_object.o
          AAPCS, VFP variant: dlmalloc.o(mxchipWNet_cm4f_spi.a)
Warning[Lt049]: Potential floating point parameter passing conflict. The first
          module below references the second and they have been built with
          different settings.
          AAPCS, base variant: E:\work\13.WiFi_Mxchip\SDK_MiCOKit_v2.3.0.2\Buil
                    d\Cloud_RGB_LED\MiCOKit-LPC5410x\obj_EWARM\json_tokener.o
          AAPCS, VFP variant: dlmalloc.o(mxchipWNet_cm4f_spi.a)
Warning[Lt049]: Potential floating point parameter passing conflict. The first
          module below references the second and they have been built with
          different settings.
          AAPCS, base variant: E:\work\13.WiFi_Mxchip\SDK_MiCOKit_v2.3.0.2\Buil
                    d\Cloud_RGB_LED\MiCOKit-LPC5410x\obj_EWARM\mico_platform_co
                    mmon.o
          AAPCS, VFP variant: wiced_rtos.o(mxchipWNet_cm4f_spi.a)
Warning[Lt049]: Potential floating point parameter passing conflict. The first
          module below references the second and they have been built with
          different settings.
          AAPCS, base variant: E:\work\13.WiFi_Mxchip\SDK_MiCOKit_v2.3.0.2\Buil
                    d\Cloud_RGB_LED\MiCOKit-LPC5410x\obj_EWARM\mico_platform_co
                    mmon.o
          AAPCS, VFP variant: mxchipWNET.o(mxchipWNet_cm4f_spi.a)
Warning[Lt049]: Potential floating point parameter passing conflict. The first
          module below references the second and they have been built with
          different settings.
          AAPCS, base variant: E:\work\13.WiFi_Mxchip\SDK_MiCOKit_v2.3.0.2\Buil
                    d\Cloud_RGB_LED\MiCOKit-LPC5410x\obj_EWARM\micokit_ext_mfg.
                    o
          AAPCS, VFP variant: wiced_rtos.o(mxchipWNet_cm4f_spi.a)
Warning[Lt049]: Potential floating point parameter passing conflict. The first
          module below references the second and they have been built with
          different settings.
          AAPCS, base variant: E:\work\13.WiFi_Mxchip\SDK_MiCOKit_v2.3.0.2\Buil
                    d\Cloud_RGB_LED\MiCOKit-LPC5410x\obj_EWARM\micokit_ext_mfg.
                    o
          AAPCS, VFP variant: mxchipWNET.o(mxchipWNet_cm4f_spi.a)
Warning[Lt049]: Potential floating point parameter passing conflict. The first
          module below references the second and they have been built with
          different settings.
          AAPCS, base variant: E:\work\13.WiFi_Mxchip\SDK_MiCOKit_v2.3.0.2\Buil
                    d\Cloud_RGB_LED\MiCOKit-LPC5410x\obj_EWARM\micokit_ext_mfg.
                    o
          AAPCS, VFP variant: wifimgr.o(mxchipWNet_cm4f_spi.a)
Warning[Lt049]: Potential floating point parameter passing conflict. The first
          module below references the second and they have been built with
          different settings.
          AAPCS, base variant: E:\work\13.WiFi_Mxchip\SDK_MiCOKit_v2.3.0.2\MICO
                    \system\tftp_ota\tftpc.o
          AAPCS, VFP variant: mxchipWNET.o(mxchipWNet_cm4f_spi.a)
Warning[Lt049]: Potential floating point parameter passing conflict. The first
          module below references the second and they have been built with
          different settings.
          AAPCS, base variant: E:\work\13.WiFi_Mxchip\SDK_MiCOKit_v2.3.0.2\Buil
                    d\Cloud_RGB_LED\MiCOKit-LPC5410x\obj_EWARM\user_main.o
          AAPCS, VFP variant: wiced_rtos.o(mxchipWNet_cm4f_spi.a)
Warning[Lt049]: Potential floating point parameter passing conflict. The first
          module below references the second and they have been built with
          different settings.
          AAPCS, base variant: E:\work\13.WiFi_Mxchip\SDK_MiCOKit_v2.3.0.2\Buil
                    d\Cloud_RGB_LED\MiCOKit-LPC5410x\obj_EWARM\user_main.o
          AAPCS, VFP variant: mxchipWNET.o(mxchipWNet_cm4f_spi.a)
Warning[Lt049]: Potential floating point parameter passing conflict. The first
          module below references the second and they have been built with
          different settings.
          AAPCS, base variant: E:\work\13.WiFi_Mxchip\SDK_MiCOKit_v2.3.0.2\Buil
                    d\Cloud_RGB_LED\MiCOKit-LPC5410x\obj_EWARM\user_main.o
          AAPCS, VFP variant: dlmalloc.o(mxchipWNet_cm4f_spi.a)
Warning[Lt049]: Potential floating point parameter passing conflict. The first
          module below references the second and they have been built with
          different settings.
          AAPCS, VFP variant: FogCloudUtils.o(FogCloud_cm4_release.a)
          AAPCS, base variant: E:\work\13.WiFi_Mxchip\SDK_MiCOKit_v2.3.0.2\Buil
                    d\Cloud_RGB_LED\MiCOKit-LPC5410x\obj_EWARM\mico_platform_co
                    mmon.o
Warning[Lt049]: Potential floating point parameter passing conflict. The first
          module below references the second and they have been built with
          different settings.
          AAPCS, VFP variant: FogCloudService.o(FogCloud_cm4_release.a)
          AAPCS, base variant: E:\work\13.WiFi_Mxchip\SDK_MiCOKit_v2.3.0.2\Buil
                    d\Cloud_RGB_LED\MiCOKit-LPC5410x\obj_EWARM\json_object.o
Warning[Lt049]: Potential floating point parameter passing conflict. The first
          module below references the second and they have been built with
          different settings.
          AAPCS, VFP variant: FogCloudService.o(FogCloud_cm4_release.a)
          AAPCS, base variant: E:\work\13.WiFi_Mxchip\SDK_MiCOKit_v2.3.0.2\Buil
                    d\Cloud_RGB_LED\MiCOKit-LPC5410x\obj_EWARM\json_tokener.o
Warning[Lt049]: Potential floating point parameter passing conflict. The first
          module below references the second and they have been built with
          different settings.
          AAPCS, VFP variant: wifi.o(mxchipWNet_cm4f_spi.a)
          AAPCS, base variant: E:\work\13.WiFi_Mxchip\SDK_MiCOKit_v2.3.0.2\Buil
                    d\Cloud_RGB_LED\MiCOKit-LPC5410x\obj_EWARM\mico_platform_co
                    mmon.o


*******************************************************************************
*** RUNTIME MODEL ATTRIBUTES
***

CppFlavor                     = *
__Heap_Handler                = DLMalloc
__SystemLibrary               = DLib
__dlib_dynamic_initialization = normal


*******************************************************************************
*** PLACEMENT SUMMARY
***

"A1":  place at 0x0000c000 { ro section .intvec };
"P1":  place in [from 0x0000c000 to 0x0007ffff] { ro };
"P2":  place in [from 0x02000100 to 0x02017fff] |
                [from 0x03400000 to 0x03401fff] { rw, block CSTACK, block HEAP };

  Section             Kind        Address     Size  Object
  -------             ----        -------     ----  ------
"A1":                                        0x108
  .intvec                      0x0000c000    0x108  <Block>
    .intvec           ro code  0x0000c000    0x108  startup_lpc54100_EWARM.o [1]
                             - 0x0000c108    0x108

"P1":                                      0x47711
  .text               ro code  0x0000c108   0x27e4  smart_config.o [7]
  .text               ro code  0x0000e8ec     0x66  ABImemset.o [8]
  .text               ro code  0x0000e952     0x1e  xsscin.o [5]
  .text               ro code  0x0000e970     0x62  memcmp_unaligned.o [8]
  .text               ro code  0x0000e9d2     0x1a  xsnprout.o [5]
  .text               ro code  0x0000e9ec    0x846  mxchipWNET.o [7]
  .text               ro code  0x0000f232      0xa  xsprout.o [5]
  .text               ro code  0x0000f23c    0x410  mico_system_notification.o [1]
  .text               ro code  0x0000f64c     0x76  ABImemcpy_unaligned.o [8]
  .rodata             const    0x0000f6c2      0x2  wwd_bus_protocol.o [7]
  .text               ro code  0x0000f6c4     0x44  snprintf.o [5]
  .text               ro code  0x0000f708   0x14c0  wwd_wifi.o [7]
  .text               ro code  0x00010bc8   0x2650  wifimgr.o [7]
  .text               ro code  0x00013218     0x6c  strncpy_unaligned.o [8]
  .text               ro code  0x00013284     0x36  strlen.o [8]
  .rodata             const    0x000132ba      0x1  smart_config.o [7]
  .rodata             const    0x000132bb      0x1  smart_config.o [7]
  .text               ro code  0x000132bc    0x7ce  wiced_rtos.o [7]
  .rodata             const    0x00013a8a      0x1  smart_config.o [7]
  .rodata             const    0x00013a8b      0x1  smart_config.o [7]
  .text               ro code  0x00013a8c    0xba8  tasks.o [7]
  .text               ro code  0x00014634    0x440  wifi.o [7]
  .text               ro code  0x00014a74   0x2590  dlmalloc.o [7]
  .text               ro code  0x00017004     0xe0  arc4.o [7]
  .text               ro code  0x000170e4     0x92  wwd_buffer.o [7]
  .text               ro code  0x00017178     0x34  sprintf.o [5]
  .text               ro code  0x000171ac    0x628  tcpip.o [7]
  .text               ro code  0x000177d4    0x7ec  dns.o [7]
  .text               ro code  0x00017fc0    0x130  wwd_rtos.o [7]
  .text               ro code  0x000180f0     0x20  srand.o [5]
  .text               ro code  0x00018110    0xe04  tcp.o [7]
  .text               ro code  0x00018f14    0x25a  ip_addr.o [7]
  .text               ro code  0x0001916e     0x36  def.o [7]
  .text               ro code  0x000191a4   0x19cc  sockets.o [7]
  .text               ro code  0x0001ab70     0x42  strcmp_unaligned.o [8]
  .text               ro code  0x0001abb4     0x44  strcpy_unaligned.o [8]
  .text               ro code  0x0001abf8    0x244  wwd_management.o [7]
  .text               ro code  0x0001ae3c     0x18  strrchr.o [5]
  .text               ro code  0x0001ae54     0x24  printf.o [5]
  .text               ro code  0x0001ae78   0x1156  xprintffull.o [5]
  .text               ro code  0x0001bfd0   0x101c  SDPCM.o [7]
  .text               ro code  0x0001cfec     0x14  mxchip_debug.o [7]
  .text               ro code  0x0001d000    0x4ec  pbuf.o [7]
  .text               ro code  0x0001d4ec    0x4b4  ip.o [7]
  .text               ro code  0x0001d9a0    0xcd4  system_misc.o [1]
  .text               ro code  0x0001e674     0x30  aes_wrap.o [7]
  .text               ro code  0x0001e6a4    0x404  wiced_network.o [7]
  .text               ro code  0x0001eaa8    0x1ec  dns_redirect.o [7]
  .text               ro code  0x0001ec94    0x492  wwd_ap.o [7]
  .text               ro code  0x0001f128     0x64  dnsclient.o [7]
  .text               ro code  0x0001f18c     0x2a  strncmp.o [5]
  .text               ro code  0x0001f1b8    0x4b8  system_factory_test.o [1]
  .text               ro code  0x0001f670    0x9e0  etharp.o [7]
  .text               ro code  0x00020050     0x46  strcasecmp.o [5]
  .text               ro code  0x00020098   0x1594  tcp_in.o [7]
  .text               ro code  0x0002162c    0x710  udp.o [7]
  .text               ro code  0x00021d3c      0x4  strtoul.o [5]
  .text               ro code  0x00021d40    0x140  platform_init.o [1]
  .text               ro code  0x00021e80    0x2fa  platform.o [1]
  .text               ro code  0x0002217c    0x7a4  MICOAppEntrance.o [1]
  .text               ro code  0x00022920    0x526  queue.o [7]
  .text               ro code  0x00022e48     0xe8  wlan_platform_common.o [1]
  .text               ro code  0x00022f30     0xec  port.o [7]
  .text               ro code  0x0002301c    0x370  ostimers.o [7]
  .text               ro code  0x0002338c     0x9a  list.o [7]
  CODE                ro code  0x00023428     0xa8  portasm.o [7]
  .text               ro code  0x000234d0     0x1c  strcat.o [5]
  .text               ro code  0x000234ec    0x10c  platform_mcu_powersave.o [1]
  .text               ro code  0x000235f8     0x38  heap_3.o [7]
  .text               ro code  0x00023630    0x988  mico_platform_common.o [1]
  .text               ro code  0x00023fb8      0x6  abort.o [5]
  .text               ro code  0x00023fc0      0x6  ABImemclr4.o [8]
  .text               ro code  0x00023fc6     0x20  xsyslock.o [5]
  .text               ro code  0x00023fe8     0x2c  xgetmemchunk.o [5]
  .text               ro code  0x00024014    0x190  wiced_ping.o [7]
  .text               ro code  0x000241a4    0x5e0  api_lib.o [7]
  .text               ro code  0x00024784      0xc  mxchipbesl.o [7]
  .text               ro code  0x00024790     0xda  netbuf.o [7]
  .text               ro code  0x0002486c    0x27c  lwiptcpip.o [7]
  .text               ro code  0x00024ae8      0x2  xtls.o [5]
  .text               ro code  0x00024aec    0xcc2  tcp_out.o [7]
  .text               ro code  0x000257b0    0x300  lwiptimers.o [7]
  .text               ro code  0x00025ab0    0x1b8  memp.o [7]
  .text               ro code  0x00025c68     0xe0  rand.o [5]
  .text               ro code  0x00025d48    0x2a0  sys_arch.o [7]
  .text               ro code  0x00025fe8    0x568  igmp.o [7]
  .text               ro code  0x00026550    0x3ac  wlan_bus_spi.o [1]
  .text               ro code  0x000268fc    0x6f4  wwd_bus_protocol.o [7]
  .text               ro code  0x00026ff0    0x248  wwd_thread.o [7]
  .text               ro code  0x00027238     0x10  wlan_platform.o [1]
  .text               ro code  0x00027248     0x20  xmbtowc.o [5]
  .text               ro code  0x00027268     0x16  strchr.o [8]
  .text               ro code  0x00027280     0x58  memchr.o [8]
  .text               ro code  0x000272d8      0xa  xmbcurmax.o [5]
  .text               ro code  0x000272e2     0x1a  xwctomb.o [5]
  .text               ro code  0x000272fc     0xee  I64DivMod.o [8]
  .text               ro code  0x000273ea     0x42  xdnorm.o [6]
  .text               ro code  0x0002742c     0x2e  DblCmpLe.o [6]
  .text               ro code  0x0002745c     0x2e  DblCmpGe.o [6]
  .text               ro code  0x0002748c    0x118  xdscale.o [6]
  .text               ro code  0x000275a4     0x58  DblToI32.o [6]
  .text               ro code  0x000275fc     0x30  I32ToDbl.o [6]
  .text               ro code  0x0002762c    0x180  DblSub.o [6]
  .text               ro code  0x000277ac    0x1a2  DblMul.o [6]
  .text               ro code  0x00027950    0x256  DblDiv.o [6]
  .text               ro code  0x00027ba8     0x6c  localeconv.o [5]
  .text               ro code  0x00027c14      0xe  div.o [5]
  .text               ro code  0x00027c24    0x17c  wwd_network.o [7]
  .text               ro code  0x00027da0     0x78  ABImemmove_unaligned.o [8]
  .text               ro code  0x00027e18    0x170  inet_chksum.o [7]
  .text               ro code  0x00027f88    0x1cc  raw.o [7]
  .text               ro code  0x00028154    0x184  icmp.o [7]
  .text               ro code  0x000282d8    0x358  netif.o [7]
  .text               ro code  0x00028630    0xba4  mico_system_para_storage.o [1]
  .text               ro code  0x000291d4    0x900  StringUtils.o [1]
  .text               ro code  0x00029ad4    0xb62  aes.o [7]
  .text               ro code  0x0002a638    0xf20  dhcp.o [7]
  .text               ro code  0x0002b558     0x28  sys.o [7]
  .text               ro code  0x0002b580    0x650  dhcp_server.o [7]
  .text               ro code  0x0002bbd0     0x48  netifapi.o [7]
  .text               ro code  0x0002bc18     0xc6  RingBufferUtils.o [1]
  .text               ro code  0x0002bce0    0x3a8  mftest.o [7]
  .text               ro code  0x0002c088     0x14  tolower.o [5]
  .text               ro code  0x0002c09c    0x198  xstoul.o [5]
  .text               ro code  0x0002c234     0x44  fpu_init.o [1]
  .text               ro code  0x0002c278     0x3c  power_control.o [1]
  .text               ro code  0x0002c2b4    0x394  platform_gpio.o [1]
  .text               ro code  0x0002c648    0x6a0  platform_uart.o [1]
  .text               ro code  0x0002cce8      0xc  platform_rtc.o [1]
  .text               ro code  0x0002ccf4    0x2b8  platform_spi.o [1]
  .text               ro code  0x0002cfac    0x3ec  platform_i2c.o [1]
  .text               ro code  0x0002d398    0x4cc  mico_system_power_daemon.o [1]
  .text               ro code  0x0002d864     0x24  dc_motor.o [1]
  .text               ro code  0x0002d888    0x8f4  user_main.o [1]
  .text               ro code  0x0002e17c   0x1690  MicoFogCloud.o [1]
  .text               ro code  0x0002f80c    0x61c  mico_system_init.o [1]
  .text               ro code  0x0002fe28    0x468  MICOBonjour.o [1]
  .text               ro code  0x00030290      0x4  platform_watchdog.o [1]
  .text               ro code  0x00030294     0xf0  micokit_ext.o [1]
  .text               ro code  0x00030384    0x30c  platform_adc.o [1]
  .text               ro code  0x00030690    0x9ec  platform_flash.o [1]
  .text               ro code  0x0003107c     0x60  platform_nano_second.o [1]
  .text               ro code  0x000310dc     0x14  exit.o [9]
  .text               ro code  0x000310f0     0x3a  ABImemset48.o [8]
  .text               ro code  0x0003112c    0x15c  xsyslock_mtx.o [5]
  .text               ro code  0x00031288    0xeac  api_msg.o [7]
  .text               ro code  0x00032134     0x20  init.o [7]
  .text               ro code  0x00032154    0x154  clock_5410x.o [1]
  .text               ro code  0x000322a8    0x260  wwd_internal.o [7]
  .text               ro code  0x00032508    0x300  wwd_firmware.o [7]
  .text               ro code  0x00032808     0x24  setlocale.o [5]
  .text               ro code  0x0003282c     0x60  xencoding_sb.o [5]
  .text               ro code  0x0003288c      0x2  I64DivZer.o [8]
  .text               ro code  0x00032890     0xe8  DblAdd.o [6]
  .text               ro code  0x00032978     0x4c  wps_host.o [7]
  .text               ro code  0x000329c4     0x7a  CheckSumUtils.o [1]
  .text               ro code  0x00032a3e     0x18  toupper.o [5]
  .text               ro code  0x00032a56     0x3c  isxxx.o [5]
  .text               ro code  0x00032a92     0x16  strnlen.o [5]
  .text               ro code  0x00032aa8     0x44  logging.o [7]
  .text               ro code  0x00032aec     0x8c  wiced_lib.o [7]
  .text               ro code  0x00032b78      0xc  xlocale_c.o [5]
  .text               ro code  0x00032b84      0xc  errno.o [5]
  .text               ro code  0x00032b90     0x7c  syscon_5410x.o [1]
  .text               ro code  0x00032c0c     0x88  uart_5410x.o [1]
  .text               ro code  0x00032c94     0x94  dma_5410x.o [1]
  .text               ro code  0x00032d28     0x5c  i2c_common_5410x.o [1]
  .text               ro code  0x00032d84    0x274  hsb2rgb_led.o [1]
  .text               ro code  0x00032ff8    0x634  user_uart.o [1]
  .text               ro code  0x0003362c   0x1b54  ZigbeeControlBridge.o [1]
  .text               ro code  0x00035180    0xa4c  oled.o [1]
  .text               ro code  0x00035bcc    0xeac  json_tokener.o [1]
  .text               ro code  0x00036a78    0x608  json_object.o [1]
  .text               ro code  0x00037080      0xe  S32ToFlt.o [6]
  .text               ro code  0x00037090   0x1958  fogCloud.o [1]
  .text               ro code  0x000389e8   0x1a94  MicoFogCloudConfigServer.o [1]
  .text               ro code  0x0003a47c   0x1294  MICOConfigDelegate.o [1]
  .text               ro code  0x0003b710      0x6  ABImemclr.o [8]
  .text               ro code  0x0003b718    0xf64  mico_cli.o [1]
  .text               ro code  0x0003c67c    0x754  micokit_ext_mfg.o [1]
  .text               ro code  0x0003cdd0   0x1838  system_easylink.o [1]
  .text               ro code  0x0003e608   0x1fd0  config_server.o [1]
  .text               ro code  0x000405d8   0x1124  mico_mdns.o [1]
  .text               ro code  0x000416fc     0xbc  rgb_led.o [1]
  .text               ro code  0x000417b8     0x38  light_sensor.o [1]
  .text               ro code  0x000417f0     0x3a  infrared_reflective.o [1]
  .text               ro code  0x0004182c    0x188  keys.o [1]
  .text               ro code  0x000419b4     0x30  temp_hum_sensor.o [1]
  .text               ro code  0x000419e4     0x22  adc_5410x.o [1]
  .text               ro code  0x00041a08    0x484  spi_flash.o [1]
  .text               ro code  0x00041e8c     0x72  iap.o [1]
  .text               ro code  0x00041f00     0x74  timer_5410x.o [1]
  .text               ro code  0x00041f74     0x1c  iar_mutex.o [7]
  .text               ro code  0x00041f90    0x230  pll_5410x.o [1]
  .text               ro code  0x000421c0     0x18  read_wifi_firmware.o [7]
  .text               ro code  0x000421d8     0x16  xlocale_c.o [5]
  .text               ro code  0x000421ee     0x24  xlocale_c.o [5]
  .text               ro code  0x00042212     0x14  xlocale_c.o [5]
  .text               ro code  0x00042228     0x24  FltCmpGe.o [6]
  .text               ro code  0x0004224c     0x24  FltCmpLe.o [6]
  .text               ro code  0x00042270     0x12  FltDiv.o [6]
  .text               ro code  0x00042282     0x12  FltMul.o [6]
  .text               ro code  0x00042294     0x12  FltSub.o [6]
  .text               ro code  0x000422a6     0x12  FltAdd.o [6]
  .text               ro code  0x000422b8      0xe  FltToS32.o [6]
  .text               ro code  0x000422c8    0x4ec  ZigBeeSerialLink.o [1]
  .text               ro code  0x000427b4     0x22  I64Shl.o [8]
  .text               ro code  0x000427d8     0x1e  U64Shr.o [8]
  .text               ro code  0x000427f8    0xe48  ZigBeeNetwork.o [1]
  .text               ro code  0x00043640    0x136  printbuf.o [1]
  .text               ro code  0x00043776     0x4e  strncasecmp.o [5]
  .text               ro code  0x000437c4     0xe4  json_util.o [1]
  .text               ro code  0x000438a8     0x24  sscanf.o [5]
  .text               ro code  0x000438cc     0x18  strdup.o [5]
  .text               ro code  0x000438e4    0x34c  linkhash.o [1]
  .text               ro code  0x00043c30     0x20  DblCmpEq.o [6]
  .text               ro code  0x00043c50     0xd4  arraylist.o [1]
  .text               ro code  0x00043d24     0x14  FogCloudServiceVersion.o [4]
  .text               ro code  0x00043d38   0x1078  FogCloudService.o [4]
  .text               ro code  0x00044db0    0x9a6  md5.o [7]
  .text               ro code  0x00045758   0x15ec  FogCloudUtils.o [4]
  .text               ro code  0x00046d44    0x398  SocketUtils.o [1]
  .text               ro code  0x000470dc    0x4f0  config_server_menu.o [1]
  .text               ro code  0x000475cc    0x6b4  tftpc.o [2]
  .text               ro code  0x00047c80    0xa7c  tftp_ota.o [1]
  .text               ro code  0x000486fc     0x3c  vsnprint.o [5]
  .text               ro code  0x00048738    0x524  bme280_user.o [1]
  .text               ro code  0x00048c5c      0xe  U32ToFlt.o [6]
  .text               ro code  0x00048c6c     0x4e  FltToDbl.o [6]
  .text               ro code  0x00048cba    0x19c  DHT11.o [1]
  .text               ro code  0x00048e58      0x4  system_easylink_delegate.o [1]
  .text               ro code  0x00048e5c   0x1450  HTTPUtils.o [1]
  .text               ro code  0x0004a2ac     0x30  spi_flash_platform.o [1]
  .text               ro code  0x0004a2dc     0x2c  vsprintf.o [5]
  .text               ro code  0x0004a308    0xcd0  xscanffull.o [5]
  .text               ro code  0x0004afd8     0x18  vprintf.o [5]
  .text               ro code  0x0004aff0      0x4  exit.o [5]
  .text               ro code  0x0004aff4     0x28  strncat.o [5]
  .text               ro code  0x0004b01c    0x5f8  FogCloudMQTTClient.o [4]
  .text               ro code  0x0004b614    0x16c  URLUtils.o [1]
  .text               ro code  0x0004b780    0x778  bme280.o [1]
  .text               ro code  0x0004bef8     0x40  xwctob.o [5]
  .text               ro code  0x0004bf38     0xa4  xstoll.o [5]
  .text               ro code  0x0004bfdc    0x1b0  xstoull.o [5]
  .text               ro code  0x0004c18c    0x168  xstold.o [6]
  .text               ro code  0x0004c2f4     0x90  DblToFlt.o [6]
  .text               ro code  0x0004c384     0x12  cexit.o [8]
  .text               ro code  0x0004c398    0x2a6  MQTTMICO.o [4]
  .text               ro code  0x0004c640    0x6b0  MQTTClient.o [4]
  .text               ro code  0x0004ccf0    0x124  xstopfx.o [5]
  .text               ro code  0x0004ce14    0x1b8  xstoflt.o [5]
  .rodata             const    0x0004cfcc     0x4c  dns.o [7]
  .text               ro code  0x0004d018    0x200  xdtento.o [6]
  .text               ro code  0x0004d218    0x218  xstoxflt.o [5]
  .text               ro code  0x0004d430     0x58  xcloseall.o [5]
  .text               ro code  0x0004d488    0x1f4  MQTTPacket.o [4]
  .text               ro code  0x0004d67c    0x2e8  MQTTConnectClient.o [4]
  .text               ro code  0x0004d964     0xf8  MQTTDeserializePublish.o [4]
  .text               ro code  0x0004da5c    0x10c  MQTTSerializePublish.o [4]
  .text               ro code  0x0004db68    0x138  MQTTSubscribeClient.o [4]
  .text               ro code  0x0004dca0     0x56  xdunscal.o [6]
  .text               ro code  0x0004dcf6     0x7a  fclose.o [5]
  .text               ro code  0x0004dd70     0x14  Retarget.o [1]
  .text               ro code  0x0004dd84     0x7c  xfofind.o [5]
  .text               ro code  0x0004de00     0xb0  fflush.o [5]
  .text               ro code  0x0004deb0     0x1a  close.o [9]
  .text               ro code  0x0004deca     0x16  remove.o [9]
  .text               ro code  0x0004dee0     0xe0  XShHandles.o [5]
  .rodata             const    0x0004dfc0   0x1400  aes.o [7]
  .rodata             const    0x0004f3c0   0x1400  aes.o [7]
  .text               ro code  0x000507c0    0x3a4  hardfault.o [1]
  .rodata             const    0x00050b64    0x30c  wwd_firmware.o [7]
  .rodata             const    0x00050e70    0x244  mico_cli.o [1]
  .rodata             const    0x000510b4    0x230  MicoFogCloudConfigServer.o [1]
  .rodata             const    0x000512e4    0x1e4  platform.o [1]
  .rodata             const    0x000514c8    0x100  smart_config.o [7]
  .rodata             const    0x000515c8    0x100  wwd_wifi.o [7]
  .text               ro code  0x000516c8     0xd6  xfspos.o [5]
  .text               ro code  0x0005179e      0xc  xfgpos.o [5]
  .text               ro code  0x000517aa     0x4c  lseek.o [9]
  .text               ro code  0x000517f6     0xd0  packbits_init.o [8]
  .text               ro code  0x000518c6     0xb6  xfwprep.o [5]
  .text               ro code  0x0005197c     0x22  fseek.o [5]
  .rodata             const    0x000519a0     0xb0  config_server.o [1]
  .rodata             const    0x00051a50     0x68  wifimgr.o [7]
  .text               ro code  0x00051ab8     0x68  startup_lpc54100_EWARM.o [1]
  .rodata             const    0x00051b20     0x58  smart_config.o [7]
  .text               ro code  0x00051b78     0x56  fputc.o [5]
  .rodata             const    0x00051bd0     0x4c  dns.o [7]
  .rodata             const    0x00051c1c     0x48  tcp_in.o [7]
  .rodata             const    0x00051c64     0x44  tcp_in.o [7]
  .rodata             const    0x00051ca8     0x40  sockets.o [7]
  .rodata             const    0x00051ce8     0x40  wifimgr.o [7]
  .rodata             const    0x00051d28     0x40  wifimgr.o [7]
  .rodata             const    0x00051d68     0x40  udp.o [7]
  .rodata             const    0x00051da8     0x40  udp.o [7]
  .text               ro code  0x00051de8     0x40  zero_init3.o [8]
  .rodata             const    0x00051e28     0x3c  wifimgr.o [7]
  .rodata             const    0x00051e64     0x3c  wifimgr.o [7]
  .rodata             const    0x00051ea0     0x3c  wifimgr.o [7]
  .rodata             const    0x00051edc     0x38  wifimgr.o [7]
  .rodata             const    0x00051f14     0x38  wifimgr.o [7]
  .rodata             const    0x00051f4c     0x38  memp.o [7]
  .rodata             const    0x00051f84     0x34  smart_config.o [7]
  .rodata             const    0x00051fb8     0x30  wifimgr.o [7]
  .rodata             const    0x00051fe8     0x30  tcp_in.o [7]
  .rodata             const    0x00052018     0x30  etharp.o [7]
  .rodata             const    0x00052048     0x30  etharp.o [7]
  .rodata             const    0x00052078     0x30  aes.o [7]
  .rodata             const    0x000520a8     0x2c  wifimgr.o [7]
  .rodata             const    0x000520d4     0x2c  wifimgr.o [7]
  .rodata             const    0x00052100     0x2c  wifimgr.o [7]
  .rodata             const    0x0005212c     0x2c  mftest.o [7]
  .rodata             const    0x00052158     0x2c  etharp.o [7]
  .rodata             const    0x00052184     0x28  wifimgr.o [7]
  .rodata             const    0x000521ac     0x28  wifimgr.o [7]
  .rodata             const    0x000521d4     0x28  wifimgr.o [7]
  .rodata             const    0x000521fc     0x28  wifimgr.o [7]
  .rodata             const    0x00052224     0x28  wifimgr.o [7]
  .rodata             const    0x0005224c     0x28  SDPCM.o [7]
  .rodata             const    0x00052274     0x28  mftest.o [7]
  .rodata             const    0x0005229c     0x28  smart_config.o [7]
  .rodata             const    0x000522c4     0x28  aes.o [7]
  .text               ro code  0x000522ec     0x28  data_init.o [8]
  .rodata             const    0x00052314     0x24  json_object.o [1]
  .rodata             const    0x00052338     0x24  wifimgr.o [7]
  .rodata             const    0x0005235c     0x24  wifimgr.o [7]
  .rodata             const    0x00052380     0x24  wifimgr.o [7]
  .rodata             const    0x000523a4     0x24  SDPCM.o [7]
  .rodata             const    0x000523c8     0x24  memp.o [7]
  .rodata             const    0x000523ec     0x24  mftest.o [7]
  .rodata             const    0x00052410     0x24  smart_config.o [7]
  .rodata             const    0x00052434     0x24  smart_config.o [7]
  .rodata             const    0x00052458     0x24  tcp_in.o [7]
  .rodata             const    0x0005247c     0x24  dhcp_server.o [7]
  .text               ro code  0x000524a0     0x22  fpinit_M.o [6]
  .iar.init_table     const    0x000524c4     0x44  - Linker created -
  .rodata             const    0x00052508     0x20  wifimgr.o [7]
  .rodata             const    0x00052528     0x20  wifimgr.o [7]
  .rodata             const    0x00052548     0x20  wifimgr.o [7]
  .rodata             const    0x00052568     0x20  wifimgr.o [7]
  .rodata             const    0x00052588     0x20  wifimgr.o [7]
  .rodata             const    0x000525a8     0x20  wifimgr.o [7]
  .rodata             const    0x000525c8     0x20  wifimgr.o [7]
  .rodata             const    0x000525e8     0x20  memp.o [7]
  .rodata             const    0x00052608     0x20  memp.o [7]
  .rodata             const    0x00052628     0x20  memp.o [7]
  .rodata             const    0x00052648     0x20  mftest.o [7]
  .rodata             const    0x00052668     0x20  mftest.o [7]
  .rodata             const    0x00052688     0x20  mftest.o [7]
  .rodata             const    0x000526a8     0x20  smart_config.o [7]
  .rodata             const    0x000526c8     0x20  dns.o [7]
  .rodata             const    0x000526e8     0x20  wifi.o [7]
  .rodata             const    0x00052708     0x20  udp.o [7]
  .rodata             const    0x00052728     0x20  dhcp_server.o [7]
  .rodata             const    0x00052748     0x1c  mxchipWNET.o [7]
  .rodata             const    0x00052764     0x1c  sockets.o [7]
  .rodata             const    0x00052780     0x1c  wifimgr.o [7]
  .rodata             const    0x0005279c     0x1c  wifimgr.o [7]
  .rodata             const    0x000527b8     0x1c  wifimgr.o [7]
  .rodata             const    0x000527d4     0x1c  wifimgr.o [7]
  .rodata             const    0x000527f0     0x1c  SDPCM.o [7]
  .rodata             const    0x0005280c     0x1c  SDPCM.o [7]
  .rodata             const    0x00052828     0x1c  mftest.o [7]
  .rodata             const    0x00052844     0x1c  smart_config.o [7]
  .rodata             const    0x00052860     0x1c  smart_config.o [7]
  .rodata             const    0x0005287c     0x1c  smart_config.o [7]
  .rodata             const    0x00052898     0x1c  smart_config.o [7]
  .rodata             const    0x000528b4     0x1c  wwd_wifi.o [7]
  .text               ro code  0x000528d0     0x1c  crt0_EWARM.o [1]
  .text               ro code  0x000528ec     0x1a  cmain.o [8]
  .rodata             const    0x00052908     0x18  sockets.o [7]
  .rodata             const    0x00052920     0x18  sockets.o [7]
  .rodata             const    0x00052938     0x18  sockets.o [7]
  .rodata             const    0x00052950     0x18  sockets.o [7]
  .rodata             const    0x00052968     0x18  wifimgr.o [7]
  .rodata             const    0x00052980     0x18  wifimgr.o [7]
  .rodata             const    0x00052998     0x18  wifimgr.o [7]
  .rodata             const    0x000529b0     0x18  wifimgr.o [7]
  .rodata             const    0x000529c8     0x18  wifimgr.o [7]
  .rodata             const    0x000529e0     0x18  wifimgr.o [7]
  .rodata             const    0x000529f8     0x18  wifimgr.o [7]
  .rodata             const    0x00052a10     0x18  wifimgr.o [7]
  .rodata             const    0x00052a28     0x18  wifimgr.o [7]
  .rodata             const    0x00052a40     0x18  wifimgr.o [7]
  .rodata             const    0x00052a58     0x18  SDPCM.o [7]
  .rodata             const    0x00052a70     0x18  SDPCM.o [7]
  .rodata             const    0x00052a88     0x18  mftest.o [7]
  .rodata             const    0x00052aa0     0x18  mftest.o [7]
  .rodata             const    0x00052ab8     0x18  mftest.o [7]
  .rodata             const    0x00052ad0     0x18  smart_config.o [7]
  .rodata             const    0x00052ae8     0x18  smart_config.o [7]
  .rodata             const    0x00052b00     0x18  smart_config.o [7]
  .rodata             const    0x00052b18     0x18  smart_config.o [7]
  .rodata             const    0x00052b30     0x18  smart_config.o [7]
  .rodata             const    0x00052b48     0x18  smart_config.o [7]
  .rodata             const    0x00052b60     0x18  smart_config.o [7]
  .rodata             const    0x00052b78     0x18  smart_config.o [7]
  .rodata             const    0x00052b90     0x18  smart_config.o [7]
  .text               ro code  0x00052ba8     0x16  xprout.o [5]
  .text               ro code  0x00052bc0      0xc  putchar.o [5]
  .rodata             const    0x00052bcc     0x14  wifimgr.o [7]
  .rodata             const    0x00052be0     0x14  wifimgr.o [7]
  .rodata             const    0x00052bf4     0x14  wifimgr.o [7]
  .rodata             const    0x00052c08     0x14  wifimgr.o [7]
  .rodata             const    0x00052c1c     0x14  wifimgr.o [7]
  .rodata             const    0x00052c30     0x14  wifimgr.o [7]
  .rodata             const    0x00052c44     0x14  wifimgr.o [7]
  .rodata             const    0x00052c58     0x14  wifimgr.o [7]
  .rodata             const    0x00052c6c     0x14  wifimgr.o [7]
  .rodata             const    0x00052c80     0x14  wifimgr.o [7]
  .rodata             const    0x00052c94     0x14  wifimgr.o [7]
  .rodata             const    0x00052ca8     0x14  wifimgr.o [7]
  .rodata             const    0x00052cbc     0x14  wifimgr.o [7]
  .rodata             const    0x00052cd0     0x14  wifimgr.o [7]
  .rodata             const    0x00052ce4     0x14  wifimgr.o [7]
  .rodata             const    0x00052cf8     0x14  wifimgr.o [7]
  .rodata             const    0x00052d0c     0x14  wifimgr.o [7]
  .rodata             const    0x00052d20     0x14  wifimgr.o [7]
  .rodata             const    0x00052d34     0x14  SDPCM.o [7]
  .rodata             const    0x00052d48     0x14  SDPCM.o [7]
  .rodata             const    0x00052d5c     0x14  SDPCM.o [7]
  .rodata             const    0x00052d70     0x14  mftest.o [7]
  .rodata             const    0x00052d84     0x14  mftest.o [7]
  .rodata             const    0x00052d98     0x14  tasks.o [7]
  .rodata             const    0x00052dac     0x14  tasks.o [7]
  .rodata             const    0x00052dc0     0x14  smart_config.o [7]
  .rodata             const    0x00052dd4     0x14  smart_config.o [7]
  .rodata             const    0x00052de8     0x14  smart_config.o [7]
  .rodata             const    0x00052dfc     0x14  smart_config.o [7]
  .rodata             const    0x00052e10     0x14  smart_config.o [7]
  .rodata             const    0x00052e24     0x14  aes_wrap.o [7]
  .rodata             const    0x00052e38     0x14  dns.o [7]
  .rodata             const    0x00052e4c     0x14  wwd_wifi.o [7]
  .rodata             const    0x00052e60     0x14  wwd_wifi.o [7]
  .rodata             const    0x00052e74     0x14  wiced_network.o [7]
  .text               ro code  0x00052e88     0x12  startup_lpc54100_EWARM.o [1]
  .rodata             const    0x00052e9c     0x10  mico_config.o [1]
  .rodata             const    0x00052eac     0x10  wiced_rtos.o [7]
  .rodata             const    0x00052ebc     0x10  wiced_rtos.o [7]
  .rodata             const    0x00052ecc     0x10  mxchipWNET.o [7]
  .rodata             const    0x00052edc     0x10  mxchipWNET.o [7]
  .rodata             const    0x00052eec     0x10  wifimgr.o [7]
  .rodata             const    0x00052efc     0x10  wifimgr.o [7]
  .rodata             const    0x00052f0c     0x10  wifimgr.o [7]
  .rodata             const    0x00052f1c     0x10  wifimgr.o [7]
  .rodata             const    0x00052f2c     0x10  wifimgr.o [7]
  .rodata             const    0x00052f3c     0x10  wifimgr.o [7]
  .rodata             const    0x00052f4c     0x10  wifimgr.o [7]
  .rodata             const    0x00052f5c     0x10  wifimgr.o [7]
  .rodata             const    0x00052f6c     0x10  wifimgr.o [7]
  .rodata             const    0x00052f7c     0x10  wifimgr.o [7]
  .rodata             const    0x00052f8c     0x10  wifimgr.o [7]
  .rodata             const    0x00052f9c     0x10  wifimgr.o [7]
  .rodata             const    0x00052fac     0x10  SDPCM.o [7]
  .rodata             const    0x00052fbc     0x10  memp.o [7]
  .rodata             const    0x00052fcc     0x10  memp.o [7]
  .rodata             const    0x00052fdc     0x10  memp.o [7]
  .rodata             const    0x00052fec     0x10  memp.o [7]
  .rodata             const    0x00052ffc     0x10  memp.o [7]
  .rodata             const    0x0005300c     0x10  memp.o [7]
  .rodata             const    0x0005301c     0x10  mftest.o [7]
  .rodata             const    0x0005302c     0x10  mftest.o [7]
  .rodata             const    0x0005303c     0x10  smart_config.o [7]
  .rodata             const    0x0005304c     0x10  smart_config.o [7]
  .rodata             const    0x0005305c     0x10  smart_config.o [7]
  .rodata             const    0x0005306c     0x10  smart_config.o [7]
  .rodata             const    0x0005307c     0x10  smart_config.o [7]
  .rodata             const    0x0005308c     0x10  smart_config.o [7]
  .rodata             const    0x0005309c     0x10  smart_config.o [7]
  .rodata             const    0x000530ac     0x10  smart_config.o [7]
  .rodata             const    0x000530bc     0x10  smart_config.o [7]
  .rodata             const    0x000530cc     0x10  dns.o [7]
  .rodata             const    0x000530dc     0x10  tcp.o [7]
  .rodata             const    0x000530ec     0x10  wwd_wifi.o [7]
  .rodata             const    0x000530fc     0x10  wwd_wifi.o [7]
  .rodata             const    0x0005310c     0x10  wwd_wifi.o [7]
  .rodata             const    0x0005311c     0x10  wwd_wifi.o [7]
  .rodata             const    0x0005312c     0x10  wifi.o [7]
  .rodata             const    0x0005313c     0x10  lwiptcpip.o [7]
  .rodata             const    0x0005314c     0x10  wwd_ap.o [7]
  .rodata             const    0x0005315c     0x10  FogCloudMQTTClient.o [4]
  .rodata             const    0x0005316c      0xc  wiced_rtos.o [7]
  .rodata             const    0x00053178      0xc  wifimgr.o [7]
  .rodata             const    0x00053184      0xc  wifimgr.o [7]
  .rodata             const    0x00053190      0xc  wifimgr.o [7]
  .rodata             const    0x0005319c      0xc  wifimgr.o [7]
  .rodata             const    0x000531a8      0xc  wifimgr.o [7]
  .rodata             const    0x000531b4      0xc  wifimgr.o [7]
  .rodata             const    0x000531c0      0xc  wifimgr.o [7]
  .rodata             const    0x000531cc      0xc  wifimgr.o [7]
  .rodata             const    0x000531d8      0xc  wifimgr.o [7]
  .rodata             const    0x000531e4      0xc  wifimgr.o [7]
  .rodata             const    0x000531f0      0xc  wifimgr.o [7]
  .rodata             const    0x000531fc      0xc  wifimgr.o [7]
  .rodata             const    0x00053208      0xc  memp.o [7]
  .rodata             const    0x00053214      0xc  memp.o [7]
  .rodata             const    0x00053220      0xc  memp.o [7]
  .rodata             const    0x0005322c      0xc  smart_config.o [7]
  .rodata             const    0x00053238      0xc  smart_config.o [7]
  .rodata             const    0x00053244      0xc  smart_config.o [7]
  .rodata             const    0x00053250      0xc  smart_config.o [7]
  .rodata             const    0x0005325c      0xc  smart_config.o [7]
  .rodata             const    0x00053268      0xc  smart_config.o [7]
  .rodata             const    0x00053274      0xc  smart_config.o [7]
  .rodata             const    0x00053280      0xc  smart_config.o [7]
  .rodata             const    0x0005328c      0xc  smart_config.o [7]
  .rodata             const    0x00053298      0xc  smart_config.o [7]
  .rodata             const    0x000532a4      0xc  smart_config.o [7]
  .rodata             const    0x000532b0      0xc  smart_config.o [7]
  .rodata             const    0x000532bc      0xc  smart_config.o [7]
  .rodata             const    0x000532c8      0xc  smart_config.o [7]
  .rodata             const    0x000532d4      0xc  smart_config.o [7]
  .rodata             const    0x000532e0      0xc  smart_config.o [7]
  .rodata             const    0x000532ec      0xc  smart_config.o [7]
  .rodata             const    0x000532f8      0xc  smart_config.o [7]
  .rodata             const    0x00053304      0xc  smart_config.o [7]
  .rodata             const    0x00053310      0xc  smart_config.o [7]
  .rodata             const    0x0005331c      0xc  smart_config.o [7]
  .rodata             const    0x00053328      0xc  smart_config.o [7]
  .rodata             const    0x00053334      0xc  smart_config.o [7]
  .rodata             const    0x00053340      0xc  smart_config.o [7]
  .rodata             const    0x0005334c      0xc  smart_config.o [7]
  .rodata             const    0x00053358      0xc  smart_config.o [7]
  .rodata             const    0x00053364      0xc  smart_config.o [7]
  .rodata             const    0x00053370      0xc  dns.o [7]
  .rodata             const    0x0005337c      0xc  dns.o [7]
  .rodata             const    0x00053388      0xc  dns.o [7]
  .rodata             const    0x00053394      0xc  wwd_wifi.o [7]
  .rodata             const    0x000533a0      0xc  wwd_wifi.o [7]
  .rodata             const    0x000533ac      0xc  wwd_wifi.o [7]
  .rodata             const    0x000533b8      0xc  wwd_wifi.o [7]
  .rodata             const    0x000533c4      0xc  tcp_in.o [7]
  .rodata             const    0x000533d0      0xc  wwd_management.o [7]
  .rodata             const    0x000533dc      0xc  wwd_management.o [7]
  .rodata             const    0x000533e8      0xc  dns_redirect.o [7]
  .rodata             const    0x000533f4      0xc  dns_redirect.o [7]
  .rodata             const    0x00053400      0xc  wwd_ap.o [7]
  .rodata             const    0x0005340c      0xc  wwd_ap.o [7]
  .rodata             const    0x00053418      0xc  wwd_ap.o [7]
  .rodata             const    0x00053424      0xc  wwd_internal.o [7]
  .rodata             const    0x00053430      0xc  dhcp_server.o [7]
  .rodata             const    0x0005343c      0xc  wiced_lib.o [7]
  .text               ro code  0x00053448      0xc  cstartup_M.o [8]
  .rodata             const    0x00053454      0x8  sockets.o [7]
  .rodata             const    0x0005345c      0x8  sockets.o [7]
  .rodata             const    0x00053464      0x8  sockets.o [7]
  .rodata             const    0x0005346c      0x8  sockets.o [7]
  .rodata             const    0x00053474      0x8  sockets.o [7]
  .rodata             const    0x0005347c      0x8  sockets.o [7]
  .rodata             const    0x00053484      0x8  wifimgr.o [7]
  .rodata             const    0x0005348c      0x8  wifimgr.o [7]
  .rodata             const    0x00053494      0x8  wifimgr.o [7]
  .rodata             const    0x0005349c      0x8  wifimgr.o [7]
  .rodata             const    0x000534a4      0x8  wifimgr.o [7]
  .rodata             const    0x000534ac      0x8  wifimgr.o [7]
  .rodata             const    0x000534b4      0x8  wifimgr.o [7]
  .rodata             const    0x000534bc      0x8  wifimgr.o [7]
  .rodata             const    0x000534c4      0x8  wifimgr.o [7]
  .rodata             const    0x000534cc      0x8  wifimgr.o [7]
  .rodata             const    0x000534d4      0x8  wifimgr.o [7]
  .rodata             const    0x000534dc      0x8  wifimgr.o [7]
  .rodata             const    0x000534e4      0x8  wifimgr.o [7]
  .rodata             const    0x000534ec      0x8  wifimgr.o [7]
  .rodata             const    0x000534f4      0x8  SDPCM.o [7]
  .rodata             const    0x000534fc      0x8  memp.o [7]
  .rodata             const    0x00053504      0x8  memp.o [7]
  .rodata             const    0x0005350c      0x8  memp.o [7]
  .rodata             const    0x00053514      0x8  memp.o [7]
  .rodata             const    0x0005351c      0x8  memp.o [7]
  .rodata             const    0x00053524      0x8  memp.o [7]
  .rodata             const    0x0005352c      0x8  memp.o [7]
  .rodata             const    0x00053534      0x8  memp.o [7]
  .rodata             const    0x0005353c      0x8  wwd_thread.o [7]
  .rodata             const    0x00053544      0x8  ostimers.o [7]
  .rodata             const    0x0005354c      0x8  tasks.o [7]
  .rodata             const    0x00053554      0x8  smart_config.o [7]
  .rodata             const    0x0005355c      0x8  smart_config.o [7]
  .rodata             const    0x00053564      0x8  smart_config.o [7]
  .rodata             const    0x0005356c      0x8  dns.o [7]
  .rodata             const    0x00053574      0x8  dns.o [7]
  .rodata             const    0x0005357c      0x8  tcp.o [7]
  .rodata             const    0x00053584      0x8  wwd_wifi.o [7]
  .rodata             const    0x0005358c      0x8  wwd_wifi.o [7]
  .rodata             const    0x00053594      0x8  wwd_wifi.o [7]
  .rodata             const    0x0005359c      0x8  wwd_wifi.o [7]
  .rodata             const    0x000535a4      0x8  wwd_wifi.o [7]
  .rodata             const    0x000535ac      0x8  tcp_in.o [7]
  .rodata             const    0x000535b4      0x8  tcp_in.o [7]
  .rodata             const    0x000535bc      0x8  tcp_in.o [7]
  .rodata             const    0x000535c4      0x8  tcp_in.o [7]
  .rodata             const    0x000535cc      0x8  wwd_management.o [7]
  .rodata             const    0x000535d4      0x8  wwd_management.o [7]
  .rodata             const    0x000535dc      0x8  etharp.o [7]
  .rodata             const    0x000535e4      0x8  etharp.o [7]
  .rodata             const    0x000535ec      0x8  etharp.o [7]
  .rodata             const    0x000535f4      0x8  etharp.o [7]
  .rodata             const    0x000535fc      0x8  wiced_network.o [7]
  .rodata             const    0x00053604      0x8  wwd_ap.o [7]
  .rodata             const    0x0005360c      0x8  wwd_network.o [7]
  .rodata             const    0x00053614      0x8  dhcp_server.o [7]
  .rodata             const    0x0005361c      0x8  dhcp_server.o [7]
  .rodata             const    0x00053624      0x8  dhcp_server.o [7]
  .rodata             const    0x0005362c      0x8  dhcp_server.o [7]
  .text               ro code  0x00053634      0x6  startup_lpc54100_EWARM.o [1]
  .rodata             const    0x0005363c      0x4  smart_config.o [7]
  .rodata             const    0x00053640      0x4  smart_config.o [7]
  .rodata             const    0x00053644      0x4  ip_addr.o [7]
  .rodata             const    0x00053648      0x4  ip_addr.o [7]
  .rodata             const    0x0005364c      0x4  dhcp_server.o [7]
  .rodata             const    0x00053650      0x4  dhcp_server.o [7]
  .rodata             const    0x00053654      0x4  dhcp_server.o [7]
  .rodata             const    0x00053658      0x4  dhcp_server.o [7]
  .rodata             const    0x0005365c      0x4  dhcp_server.o [7]
  .text               ro code  0x00053660      0x4  startup_lpc54100_EWARM.o [1]
  .text               ro code  0x00053664      0x4  startup_lpc54100_EWARM.o [1]
  .text               ro code  0x00053668      0x4  startup_lpc54100_EWARM.o [1]
  .text               ro code  0x0005366c      0x4  startup_lpc54100_EWARM.o [1]
  .text               ro code  0x00053670      0x4  startup_lpc54100_EWARM.o [1]
  .text               ro code  0x00053674      0x4  startup_lpc54100_EWARM.o [1]
  .text               ro code  0x00053678      0x4  startup_lpc54100_EWARM.o [1]
  .text               ro code  0x0005367c      0x4  startup_lpc54100_EWARM.o [1]
  .text               ro code  0x00053680      0x0  cstart_clearlocks.o [8]
  .text               ro code  0x00053680      0x0  cstart_closeall.o [8]
  .rodata             const    0x00053680      0x0  zero_init3.o [8]
  .rodata             const    0x00053680      0x0  packbits_init.o [8]
  Initializer bytes   const    0x00053680    0x199  <for P2 s0>
                             - 0x00053819  0x47711

"P2", part 1 of 2:                         0x17eac
  HEAP                         0x02000100  0x11000  <Block>
    HEAP              uninit   0x02000100  0x11000  <Block tail>
  .bss                zero     0x02011100   0x517c  memp.o [7]
  .bss                zero     0x0201627c    0x500  user_uart.o [1]
  .bss                zero     0x0201677c    0x500  smart_config.o [7]
  .bss                zero     0x02016c7c    0x4d8  ZigBeeSerialLink.o [1]
  .bss                zero     0x02017154    0x460  dns.o [7]
  .bss                zero     0x020175b4     0x64  dhcp_server.o [7]
  .bss                zero     0x02017618    0x338  fogCloud.o [1]
  .bss                zero     0x02017950     0x44  FogCloudMQTTClient.o [4]
  .bss                zero     0x02017994     0x44  netif.o [7]
  .bss                zero     0x020179d8     0x40  system_factory_test.o [1]
  .bss                zero     0x02017a18     0x40  memp.o [7]
  .bss                zero     0x02017a58     0x40  memp.o [7]
  .bss                zero     0x02017a98     0x40  smart_config.o [7]
  .bss                zero     0x02017ad8     0x3c  wifimgr.o [7]
  .bss                zero     0x02017b14     0x3c  wifimgr.o [7]
  .bss                zero     0x02017b50     0x3c  wifimgr.o [7]
  .bss                zero     0x02017b8c     0x3c  wifimgr.o [7]
  .bss                zero     0x02017bc8     0x3c  SDPCM.o [7]
  .bss                zero     0x02017c04     0x3c  wiced_network.o [7]
  .bss                zero     0x02017c40     0x34  tasks.o [7]
  .bss                zero     0x02017c78     0x38  ZigBeeNetwork.o [1]
  .bss                zero     0x02017cb0     0x38  wiced_network.o [7]
  .bss                zero     0x02017ce8     0x38  xsyslock_mtx.o [5]
  .bss                zero     0x02017d20     0x30  mftest.o [7]
  .bss                zero     0x02017d50     0x30  mftest.o [7]
  .bss                zero     0x02017d80     0x28  wlan_bus_spi.o [1]
  .bss                zero     0x02017da8     0x28  smart_config.o [7]
  .bss                zero     0x02017dd0     0x28  dnsclient.o [7]
  .bss                zero     0x02017df8      0x4  tasks.o [7]
  .bss                zero     0x02017dfc      0x4  tasks.o [7]
  .bss                zero     0x02017e00      0x4  tasks.o [7]
  .bss                zero     0x02017e04      0x4  tasks.o [7]
  .bss                zero     0x02017e08      0x4  tasks.o [7]
  .bss                zero     0x02017e0c      0x4  smart_config.o [7]
  .bss                zero     0x02017e10      0x4  smart_config.o [7]
  .bss                zero     0x02017e14      0x4  smart_config.o [7]
  .bss                zero     0x02017e18      0x4  smart_config.o [7]
  .bss                zero     0x02017e1c      0x4  smart_config.o [7]
  .bss                zero     0x02017e20      0x4  smart_config.o [7]
  .bss                zero     0x02017e24      0x4  smart_config.o [7]
  .bss                zero     0x02017e28      0x4  smart_config.o [7]
  .bss                zero     0x02017e2c      0x4  smart_config.o [7]
  .bss                zero     0x02017e30      0x4  smart_config.o [7]
  .bss                zero     0x02017e34      0x4  smart_config.o [7]
  .bss                zero     0x02017e38      0x4  smart_config.o [7]
  .bss                zero     0x02017e3c      0x4  smart_config.o [7]
  .bss                zero     0x02017e40      0x4  smart_config.o [7]
  .bss                zero     0x02017e44      0x4  smart_config.o [7]
  .bss                zero     0x02017e48      0x4  smart_config.o [7]
  .bss                zero     0x02017e4c      0x4  smart_config.o [7]
  .bss                zero     0x02017e50      0x4  smart_config.o [7]
  .bss                zero     0x02017e54      0x4  smart_config.o [7]
  .bss                zero     0x02017e58      0x4  smart_config.o [7]
  .bss                zero     0x02017e5c      0x4  smart_config.o [7]
  .bss                zero     0x02017e60      0x4  wps_host.o [7]
  .bss                zero     0x02017e64      0x4  wps_host.o [7]
  .bss                zero     0x02017e68      0x4  dns.o [7]
  .bss                zero     0x02017e6c      0x4  dns.o [7]
  .bss                zero     0x02017e70      0x4  tcp.o [7]
  .bss                zero     0x02017e74      0x4  tcp.o [7]
  .bss                zero     0x02017e78      0x4  tcp.o [7]
  .bss                zero     0x02017e7c      0x4  tcp.o [7]
  .bss                zero     0x02017e80      0x4  tcp.o [7]
  .bss                zero     0x02017e84      0x4  tcp.o [7]
  .bss                zero     0x02017e88      0x4  tcp.o [7]
  .bss                zero     0x02017e8c      0x4  tcp.o [7]
  .bss                zero     0x02017e90      0x4  wwd_wifi.o [7]
  .bss                zero     0x02017e94      0x4  wwd_wifi.o [7]
  .bss                zero     0x02017e98      0x4  wwd_wifi.o [7]
  .bss                zero     0x02017e9c      0x4  wwd_wifi.o [7]
  .bss                zero     0x02017ea0      0x4  wwd_wifi.o [7]
  .bss                zero     0x02017ea4      0x4  wifi.o [7]
  .bss                zero     0x02017ea8      0x4  wifi.o [7]
  .bss                zero     0x02017eac      0x4  wifi.o [7]
  .bss                zero     0x02017eb0      0x4  wifi.o [7]
  .bss                zero     0x02017eb4      0x4  wifi.o [7]
  .bss                zero     0x02017eb8      0x4  tcp_in.o [7]
  .bss                zero     0x02017ebc      0x4  tcp_in.o [7]
  .bss                zero     0x02017ec0      0x4  tcp_in.o [7]
  .bss                zero     0x02017ec4      0x4  tcp_in.o [7]
  .bss                zero     0x02017ec8      0x4  tcp_in.o [7]
  .bss                zero     0x02017ecc      0x4  tcp_in.o [7]
  .bss                zero     0x02017ed0      0x4  igmp.o [7]
  .bss                zero     0x02017ed4      0x4  igmp.o [7]
  .bss                zero     0x02017ed8      0x4  igmp.o [7]
  .bss                zero     0x02017edc      0x4  igmp.o [7]
  .bss                zero     0x02017ee0      0x4  lwiptcpip.o [7]
  .bss                zero     0x02017ee4      0x4  lwiptcpip.o [7]
  .bss                zero     0x02017ee8      0x4  lwiptcpip.o [7]
  .bss                zero     0x02017eec      0x4  mxchip_debug.o [7]
  .bss                zero     0x02017ef0      0x4  mxchip_debug.o [7]
  .bss                zero     0x02017ef4      0x4  dnsclient.o [7]
  .bss                zero     0x02017ef8      0x4  ip.o [7]
  P2 s0                        0x02017efc     0xb0  <Init block>
    .data             inited   0x02017efc     0x10  platform.o [1]
    .data             inited   0x02017f0c      0xc  platform.o [1]
    .data             inited   0x02017f18     0x10  ZigbeeControlBridge.o [1]
    .data             inited   0x02017f28     0x10  tcp.o [7]
    .data             inited   0x02017f38      0xc  wwd_internal.o [7]
    .data             inited   0x02017f44      0x8  MicoFogCloudConfigServer.o [1]
    .data             inited   0x02017f4c      0x4  json_object.o [1]
    .data             inited   0x02017f50      0x4  json_object.o [1]
    .data             inited   0x02017f54      0x4  json_tokener.o [1]
    .data             inited   0x02017f58      0x4  mico_config.o [1]
    .data             inited   0x02017f5c      0x4  mico_config.o [1]
    .data             inited   0x02017f60      0x4  platform_init.o [1]
    .data             inited   0x02017f64      0x4  platform_init.o [1]
    .data             inited   0x02017f68      0x4  platform_init.o [1]
    .data             inited   0x02017f6c      0x4  platform_init.o [1]
    .data             inited   0x02017f70      0x4  platform_init.o [1]
    .data             inited   0x02017f74      0x4  platform_init.o [1]
    .data             inited   0x02017f78      0x4  platform_init.o [1]
    .data             inited   0x02017f7c      0x4  platform_init.o [1]
    .data             inited   0x02017f80      0x4  platform_init.o [1]
    .data             inited   0x02017f84      0x4  platform_init.o [1]
    .data             inited   0x02017f88      0x4  platform_init.o [1]
    .data             inited   0x02017f8c      0x4  wifimgr.o [7]
    .data             inited   0x02017f90      0x4  wifimgr.o [7]
    .data             inited   0x02017f94      0x4  wifimgr.o [7]
    .data             inited   0x02017f98      0x4  wifimgr.o [7]
    .data             inited   0x02017f9c      0x4  wifimgr.o [7]
    .data             inited   0x02017fa0      0x4  SDPCM.o [7]
    .data             inited   0x02017fa4      0x4  port.o [7]
    .data             inited   0x02017fa8      0x4  mftest.o [7]
                             - 0x02017fac  0x17eac

"P2", part 2 of 2:                          0x1fa8
  P2 s0                        0x03400000    0x3ad  <Init block>
    __DLIB_PERTHREAD  inited   0x03400000     0x8c  rand.o [5]
    __DLIB_PERTHREAD  inited   0x0340008c     0x88  localeconv.o [5]
    __DLIB_PERTHREAD  inited   0x03400114     0x74  setlocale.o [5]
    .data             inited   0x03400188     0x64  platform_init.o [1]
    .data             inited   0x034001ec     0x44  bme280_user.o [1]
    .data             inited   0x03400230     0x40  memp.o [7]
    .data             inited   0x03400270     0x40  xfiles.o [5]
    .data             inited   0x034002b0     0x40  xfiles.o [5]
    .data             inited   0x034002f0     0x40  xfiles.o [5]
    .data             inited   0x03400330     0x20  mico_mdns.o [1]
    .data             inited   0x03400350     0x20  xfiles.o [5]
    .data             inited   0x03400370     0x14  FogCloudUtils.o [4]
    .data             inited   0x03400384      0x4  mftest.o [7]
    .data             inited   0x03400388      0x4  wwd_rtos.o [7]
    .data             inited   0x0340038c      0x4  tasks.o [7]
    .data             inited   0x03400390      0x4  smart_config.o [7]
    .data             inited   0x03400394      0x4  tcp.o [7]
    .data             inited   0x03400398      0x4  wwd_firmware.o [7]
    .data             inited   0x0340039c      0x4  wifi.o [7]
    .data             inited   0x034003a0      0x4  wwd_ap.o [7]
    .data             inited   0x034003a4      0x4  dhcp.o [7]
    __DLIB_PERTHREAD  inited   0x034003a8      0x4  errno.o [5]
    .data             inited   0x034003ac      0x1  smart_config.o [7]
  .bss                zero     0x034003b0    0x204  dns.o [7]
  .bss                zero     0x034005b4    0x1d8  dlmalloc.o [7]
  .bss                zero     0x0340078c    0x180  sockets.o [7]
  .bss                zero     0x03400a00    0x160  dma_5410x.o [1]
  .bss                zero     0x03400b60    0x110  user_uart.o [1]
  .bss                zero     0x03400c70    0x100  platform_flash.o [1]
  .bss                zero     0x03400d70    0x100  smart_config.o [7]
  .bss                zero     0x03400e70    0x100  smart_config.o [7]
  .bss                zero     0x03400f70     0xc8  tasks.o [7]
  .bss                zero     0x03401038     0xa0  etharp.o [7]
  .bss                zero     0x034010d8     0x8c  user_uart.o [1]
  .bss                zero     0x03401164     0x88  wiced_network.o [7]
  .bss                zero     0x034011ec     0x80  mico_mdns.o [1]
  .bss                zero     0x0340126c     0x80  XShHandles.o [5]
  .bss                zero     0x034012ec     0x70  wifimgr.o [7]
  .bss                zero     0x0340135c     0x68  platform.o [1]
  .bss                zero     0x034013c4     0x60  sockets.o [7]
  .bss                zero     0x03401424     0x60  FogCloudMQTTClient.o [4]
  .bss                zero     0x03401484     0x58  mico_cli.o [1]
  .bss                zero     0x034014dc     0x50  mico_system_notification.o [1]
  .bss                zero     0x0340152c     0x50  platform_gpio.o [1]
  .bss                zero     0x0340157c     0x50  smart_config.o [7]
  .bss                zero     0x034015cc     0x50  xfiles.o [5]
  .bss                zero     0x0340161c     0x50  xfiles.o [5]
  .bss                zero     0x0340166c     0x28  wiced_ping.o [7]
  .bss                zero     0x03401694     0x28  dhcp.o [7]
  .bss                zero     0x034016bc     0x24  mico_platform_common.o [1]
  .bss                zero     0x034016e0     0x24  power_control.o [1]
  .bss                zero     0x03401704     0x24  wifimgr.o [7]
  .bss                zero     0x03401728     0x20  config_server.o [1]
  .bss                zero     0x03401748     0x20  platform_i2c.o [1]
  .bss                zero     0x03401768     0x20  smart_config.o [7]
  .bss                zero     0x03401788     0x20  wiced_network.o [7]
  .bss                zero     0x034017a8     0x20  dhcp_server.o [7]
  .bss                zero     0x034017c8     0x18  platform.o [1]
  .bss                zero     0x034017e0     0x18  mftest.o [7]
  .bss                zero     0x034017f8     0x18  dlmalloc.o [7]
  .bss                zero     0x03401810     0x14  wifimgr.o [7]
  .bss                zero     0x03401824     0x14  mftest.o [7]
  .bss                zero     0x03401838     0x14  ostimers.o [7]
  .bss                zero     0x0340184c     0x14  ostimers.o [7]
  .bss                zero     0x03401860     0x14  tasks.o [7]
  .bss                zero     0x03401874     0x14  tasks.o [7]
  .bss                zero     0x03401888     0x14  tasks.o [7]
  .bss                zero     0x0340189c     0x14  tasks.o [7]
  .bss                zero     0x034018b0     0x14  tasks.o [7]
  .bss                zero     0x034018c4     0x14  tcp_in.o [7]
  .bss                zero     0x034018d8     0x14  wiced_network.o [7]
  .bss                zero     0x034018ec     0x14  wiced_network.o [7]
  .bss                zero     0x03401900     0x10  keys.o [1]
  .bss                zero     0x03401910     0x10  keys.o [1]
  .bss                zero     0x03401920     0x10  MicoFogCloud.o [1]
  .bss                zero     0x03401930     0x10  platform.o [1]
  .bss                zero     0x03401940     0x10  platform_flash.o [1]
  .bss                zero     0x03401950      0xc  MICOConfigDelegate.o [1]
  .bss                zero     0x03401960     0x10  ZigbeeControlBridge.o [1]
  .bss                zero     0x03401970     0x10  mxchipWNET.o [7]
  .bss                zero     0x03401980     0x10  smart_config.o [7]
  .bss                zero     0x03401990     0x10  ip_addr.o [7]
  .bss                zero     0x034019a0      0xc  system_easylink.o [1]
  .bss                zero     0x034019ac      0xc  smart_config.o [7]
  .bss                zero     0x034019b8      0xc  dhcp.o [7]
  .bss                zero     0x034019c4      0x8  micokit_ext_mfg.o [1]
[...]
vsprintf                0x0004a2dd    0x2c  Code  Gb  vsprintf.o [5]
wiced_bus_allow_wlan_bus_to_sleep
                        0x00026e9d    0x10  Code  Gb  wwd_bus_protocol.o [7]
wiced_bus_deinit        0x00026ce9     0xc  Code  Gb  wwd_bus_protocol.o [7]
wiced_bus_ensure_wlan_bus_is_up
                        0x00026e71    0x2c  Code  Gb  wwd_bus_protocol.o [7]
wiced_bus_flow_controlled
                        0x03401ba4     0x1  Data  Lc  wwd_bus_protocol.o [7]
wiced_bus_init          0x00026afb   0x1ee  Code  Gb  wwd_bus_protocol.o [7]
wiced_bus_interrupt     0x03401b90     0x1  Data  Lc  wwd_thread.o [7]
wiced_bus_is_flow_controlled
                        0x00026a1f     0x8  Code  Gb  wwd_bus_protocol.o [7]
wiced_bus_poke_wlan     0x000269ff     0x4  Code  Gb  wwd_bus_protocol.o [7]
wiced_bus_process_interrupt
                        0x00026a27    0x36  Code  Gb  wwd_bus_protocol.o [7]
wiced_bus_set_flow_control
                        0x00026a03    0x1c  Code  Gb  wwd_bus_protocol.o [7]
wiced_bus_transfer_buffer
                        0x000268fd   0x102  Code  Gb  wwd_bus_protocol.o [7]
wiced_bus_transfer_bytes
                        0x00026d8d    0xe4  Code  Gb  wwd_bus_protocol.o [7]
wiced_device_core_is_up
                        0x0003235d    0x5c  Code  Gb  wwd_internal.o [7]
wiced_dhcp_handle       0x02017c04    0x3c  Data  Gb  wiced_network.o [7]
wiced_disable_device_core
                        0x000323b9    0x9e  Code  Gb  wwd_internal.o [7]
wiced_dns_redirector_start
                        0x0001eacd    0x42  Code  Gb  dns_redirect.o [7]
wiced_dns_redirector_stop
                        0x0001eb0f    0x30  Code  Gb  dns_redirect.o [7]
wiced_download_firmware
                        0x00026ead    0xd0  Code  Lc  wwd_bus_protocol.o [7]
wiced_get_available_bus_credits
                        0x0001cd5b     0xe  Code  Gb  SDPCM.o [7]
wiced_get_core_address  0x00032351     0xc  Code  Lc  wwd_internal.o [7]
wiced_get_ioctl_buffer  0x0001cbfd    0x26  Code  Gb  SDPCM.o [7]
wiced_get_iovar_buffer  0x0001cb95    0x68  Code  Gb  SDPCM.o [7]
wiced_get_mac_addr      0x0001ae0d    0x10  Code  Gb  wwd_management.o [7]
wiced_get_next_buffer_in_queue
                        0x0001cdf9     0xa  Code  Lc  SDPCM.o [7]
wiced_get_packet_to_send
                        0x0001cc23   0x138  Code  Gb  SDPCM.o [7]
wiced_gpio_input_get    0x0002374d    0x14  Code  Gb  mico_platform_common.o [1]
wiced_gspi_32bit        0x03401ba3     0x1  Data  Lc  wwd_bus_protocol.o [7]
wiced_handle_apsta_event
                        0x0001ec95    0x2e  Code  Lc  wwd_ap.o [7]
wiced_init              0x00014635    0x84  Code  Gb  wifi.o [7]
wiced_init_sdpcm        0x0001bfd1    0xe4  Code  Gb  SDPCM.o [7]
wiced_inited            0x03401b8f     0x1  Data  Lc  wwd_thread.o [7]
wiced_initialised       0x03401b9c     0x1  Data  Lc  wifi.o [7]
wiced_ioctl_response    0x03401ab4     0x4  Data  Lc  SDPCM.o [7]
wiced_ioctl_sleep       0x03401ab8     0x4  Data  Lc  SDPCM.o [7]
wiced_ip_broadcast      0x00052e74    0x14  Data  Gb  wiced_network.o [7]
wiced_ip_down           0x0001e9c9    0x7e  Code  Gb  wiced_network.o [7]
wiced_ip_get_gateway_address
                        0x000171d5    0x24  Code  Gb  tcpip.o [7]
wiced_ip_get_ipaddr     0x0001721d    0x56  Code  Gb  tcpip.o [7]
wiced_ip_get_ipv4_address
                        0x00017597    0x24  Code  Gb  tcpip.o [7]
wiced_ip_get_netmask    0x000171f9    0x24  Code  Gb  tcpip.o [7]
wiced_ip_handle         0x03401164    0x88  Data  Gb  wiced_network.o [7]
wiced_ip_up             0x0001e759   0x270  Code  Gb  wiced_network.o [7]
wiced_join_events_handler
                        0x00010239   0x12a  Code  Lc  wwd_wifi.o [7]
wiced_join_status       0x02017e9c     0x4  Data  Gb  wwd_wifi.o [7]
wiced_mac_addr          0x03401a1c     0x8  Data  Lc  wwd_management.o [7]
wiced_management_init   0x0001abf9    0x1e  Code  Gb  wwd_management.o [7]
wiced_management_set_event_handler
                        0x0001c9dd     0xa  Code  Gb  SDPCM.o [7]
wiced_management_wifi_off
                        0x0001adbd    0x50  Code  Gb  wwd_management.o [7]
wiced_management_wifi_on
                        0x0001ac17   0x1a6  Code  Gb  wwd_management.o [7]
wiced_network_init      0x0001e6a5    0xa2  Code  Gb  wiced_network.o [7]
wiced_network_link_renew_handler
                        0x0001ea47    0x18  Code  Gb  wiced_network.o [7]
wiced_network_send_ethernet_data
                        0x0001c133    0x8a  Code  Gb  SDPCM.o [7]
wiced_networking_worker_thread
                        0x034019d4     0x8  Data  Gb  wiced_rtos.o [7]
wiced_packet_create_tcp
                        0x00017467    0x6c  Code  Gb  tcpip.o [7]
wiced_packet_create_udp
                        0x000174d3    0x12  Code  Gb  tcpip.o [7]
wiced_packet_delete     0x000174e5     0xa  Code  Gb  tcpip.o [7]
wiced_packet_get_data   0x00017521    0x76  Code  Gb  tcpip.o [7]
wiced_packet_set_data_end
                        0x000174ef    0x16  Code  Gb  tcpip.o [7]
wiced_ping              0x000171ad    0x28  Code  Gb  tcpip.o [7]
wiced_ping_send         0x00024015    0x8c  Code  Gb  wiced_ping.o [7]
wiced_platform_notify_irq
                        0x000270df    0x22  Code  Gb  wwd_thread.o [7]
wiced_process_bus_credit_update
                        0x0001c1bd    0x72  Code  Gb  SDPCM.o [7]
wiced_process_sdpcm     0x0001c22f   0x496  Code  Gb  SDPCM.o [7]
wiced_quit_sdpcm        0x0001c0b5    0x4e  Code  Gb  SDPCM.o [7]
wiced_read_backplane_value
                        0x00026d5f    0x2e  Code  Gb  wwd_bus_protocol.o [7]
wiced_read_frame        0x00026a5d    0x9e  Code  Gb  wwd_bus_protocol.o [7]
wiced_read_register_value
                        0x00026fa1    0x50  Code  Lc  wwd_bus_protocol.o [7]
wiced_receive_one_packet
                        0x0002707f    0x38  Code  Gb  wwd_thread.o [7]
wiced_reset_device_core
                        0x00032457    0x9e  Code  Gb  wwd_internal.o [7]
wiced_rtos_create_thread
                        0x00013365    0x4e  Code  Gb  wiced_rtos.o [7]
wiced_rtos_create_worker_thread
                        0x000135ff    0x5a  Code  Gb  wiced_rtos.o [7]
wiced_rtos_deinit_queue
                        0x0001353f     0xc  Code  Gb  wiced_rtos.o [7]
wiced_rtos_deinit_semaphore
                        0x000134c7    0x16  Code  Gb  wiced_rtos.o [7]
wiced_rtos_deinit_timer
                        0x000135c1    0x22  Code  Gb  wiced_rtos.o [7]
wiced_rtos_delay_milliseconds
                        0x00013415     0xa  Code  Gb  wiced_rtos.o [7]
wiced_rtos_delete_thread
                        0x000133b3    0x24  Code  Gb  wiced_rtos.o [7]
wiced_rtos_deregister_timed_event
                        0x000136a1    0x24  Code  Gb  wiced_rtos.o [7]
wiced_rtos_get_semaphore
                        0x0001345f    0x22  Code  Gb  wiced_rtos.o [7]
wiced_rtos_init         0x00013343    0x22  Code  Gb  wiced_rtos.o [7]
wiced_rtos_init_queue   0x000134dd    0x1e  Code  Gb  wiced_rtos.o [7]
wiced_rtos_init_semaphore
                        0x0001343d    0x22  Code  Gb  wiced_rtos.o [7]
wiced_rtos_init_timer   0x00013561    0x36  Code  Gb  wiced_rtos.o [7]
wiced_rtos_is_current_thread
                        0x000133f1    0x18  Code  Gb  wiced_rtos.o [7]
wiced_rtos_pop_from_queue
                        0x0001351d    0x22  Code  Gb  wiced_rtos.o [7]
wiced_rtos_push_to_queue
                        0x000134fb    0x22  Code  Gb  wiced_rtos.o [7]
wiced_rtos_register_timed_event
                        0x00013659    0x48  Code  Gb  wiced_rtos.o [7]
wiced_rtos_send_asynchronous_event
                        0x000136c5    0x14  Code  Gb  wiced_rtos.o [7]
wiced_rtos_set_semaphore
                        0x00013481    0x46  Code  Gb  wiced_rtos.o [7]
wiced_rtos_start_timer  0x00013597    0x2a  Code  Gb  wiced_rtos.o [7]
wiced_rtos_thread_force_awake
                        0x00013409     0xc  Code  Gb  wiced_rtos.o [7]
wiced_rtos_thread_join  0x000133d7    0x1a  Code  Gb  wiced_rtos.o [7]
wiced_sdpcm_ioctl_mutex
                        0x03401ab0     0x4  Data  Lc  SDPCM.o [7]
wiced_sdpcm_send_queue_head
                        0x03401ac4     0x4  Data  Lc  SDPCM.o [7]
wiced_sdpcm_send_queue_mutex
                        0x03401ac0     0x4  Data  Lc  SDPCM.o [7]
wiced_sdpcm_send_queue_tail
                        0x03401ac8     0x4  Data  Lc  SDPCM.o [7]
wiced_send_ioctl        0x0001c6c9   0x314  Code  Gb  SDPCM.o [7]
wiced_send_iovar        0x0001c103    0x30  Code  Gb  SDPCM.o [7]
wiced_send_one_packet   0x00027043    0x3c  Code  Gb  wwd_thread.o [7]
wiced_send_sdpcm_common
                        0x0001cd69    0x90  Code  Lc  SDPCM.o [7]
wiced_set_backplane_window
                        0x000322a9    0xa8  Code  Gb  wwd_internal.o [7]
wiced_set_next_buffer_in_queue
                        0x0001ce03     0xe  Code  Lc  SDPCM.o [7]
wiced_start_dhcp_server
                        0x0002b599    0x58  Code  Gb  dhcp_server.o [7]
wiced_stop_dhcp         0x0001ea5f     0x8  Code  Gb  wiced_network.o [7]
wiced_stop_dhcp_server  0x0002b5f1    0x2a  Code  Gb  dhcp_server.o [7]
wiced_tcp_bind          0x0001737b    0x4a  Code  Gb  tcpip.o [7]
wiced_tcp_connect       0x000172d1    0xaa  Code  Gb  tcpip.o [7]
wiced_tcp_create_socket
                        0x00017273    0x5e  Code  Gb  tcpip.o [7]
wiced_tcp_send_packet   0x000173c5    0x20  Code  Gb  tcpip.o [7]
wiced_tcp_start_tls     0x0002478b     0x6  Code  Gb  mxchipbesl.o [7]
wiced_thread            0x03401aec     0x4  Data  Lc  wwd_thread.o [7]
wiced_thread_func       0x00027115    0xfe  Code  Lc  wwd_thread.o [7]
wiced_thread_init       0x00026ff5    0x4e  Code  Gb  wwd_thread.o [7]
wiced_thread_notify     0x00027101    0x14  Code  Gb  wwd_thread.o [7]
wiced_thread_quit       0x000270b7    0x28  Code  Gb  wwd_thread.o [7]
wiced_thread_quit_flag  0x03401b8e     0x1  Data  Lc  wwd_thread.o [7]
wiced_time_get_time     0x0001341f    0x1e  Code  Gb  wiced_rtos.o [7]
wiced_time_offset       0x03401a54     0x4  Data  Lc  wiced_rtos.o [7]
wiced_tls_encrypt_packet
                        0x00024785     0x6  Code  Gb  mxchipbesl.o [7]
wiced_transceive_semaphore
                        0x03401af0     0x4  Data  Lc  wwd_thread.o [7]
wiced_udp_create_socket
                        0x000175bb    0x7c  Code  Gb  tcpip.o [7]
wiced_udp_delete_socket
                        0x000176f1    0x1e  Code  Gb  tcpip.o [7]
wiced_udp_packet_get_info
                        0x00017505    0x1c  Code  Gb  tcpip.o [7]
wiced_udp_receive       0x000176b3    0x3e  Code  Gb  tcpip.o [7]
wiced_udp_send          0x00017637    0x7c  Code  Gb  tcpip.o [7]
wiced_using_dhcp        0x03401ba0     0x1  Data  Lc  wiced_network.o [7]
wiced_wifi_add_packet_filter
                        0x00010959    0x86  Code  Gb  wwd_wifi.o [7]
wiced_wifi_ap_is_up     0x03401ba2     0x1  Data  Gb  wwd_ap.o [7]
wiced_wifi_disable_monitor_mode
                        0x00010811    0x5c  Code  Gb  wwd_wifi.o [7]
wiced_wifi_enable_monitor_mode
                        0x000107b5    0x5c  Code  Gb  wwd_wifi.o [7]
wiced_wifi_enable_packet_filter
                        0x00010a17     0xc  Code  Gb  wwd_wifi.o [7]
wiced_wifi_enable_powersave_with_throughput
                        0x00010461    0x8a  Code  Gb  wwd_wifi.o [7]
wiced_wifi_get_ap_name  0x00010a65    0x68  Code  Gb  wwd_wifi.o [7]
wiced_wifi_get_channel  0x0001089d     0xc  Code  Gb  wwd_wifi.o [7]
wiced_wifi_get_mac_address
                        0x00010363    0x4e  Code  Gb  wwd_wifi.o [7]
wiced_wifi_get_pmk      0x000104fd    0x86  Code  Gb  wwd_wifi.o [7]
wiced_wifi_get_rssi     0x00010769    0x4c  Code  Gb  wwd_wifi.o [7]
wiced_wifi_get_wifi_version
                        0x00010b29    0x52  Code  Gb  wwd_wifi.o [7]
wiced_wifi_is_packet_from_ap
                        0x0001f119     0xe  Code  Gb  wwd_ap.o [7]
wiced_wifi_is_ready_to_transceive
                        0x000103ed    0x70  Code  Gb  wwd_wifi.o [7]
wiced_wifi_join         0x0000fb9f   0x108  Code  Gb  wwd_wifi.o [7]
wiced_wifi_join_specific
                        0x0000fca7   0x194  Code  Gb  wwd_wifi.o [7]
wiced_wifi_leave        0x000101d1    0x66  Code  Gb  wwd_wifi.o [7]
wiced_wifi_prepare_join
                        0x0000fe3b   0x396  Code  Lc  wwd_wifi.o [7]
wiced_wifi_register_multicast_address
                        0x00010583    0xd0  Code  Gb  wwd_wifi.o [7]
wiced_wifi_remove_packet_filter
                        0x000109e9    0x2e  Code  Gb  wwd_wifi.o [7]
wiced_wifi_scan         0x0000f709   0x12c  Code  Gb  wwd_wifi.o [7]
wiced_wifi_scan_networks
                        0x000146b9   0x11c  Code  Gb  wifi.o [7]
wiced_wifi_set_channel  0x000108e7     0xc  Code  Gb  wwd_wifi.o [7]
wiced_wifi_set_down     0x00010875    0x20  Code  Gb  wwd_wifi.o [7]
wiced_wifi_set_maxassoc
                        0x00010b7b    0x2c  Code  Gb  wwd_wifi.o [7]
wiced_wifi_set_nmode    0x000103b9    0x2e  Code  Gb  wwd_wifi.o [7]
wiced_wifi_sleep_flag   0x03401b44     0x4  Data  Lc  wwd_ap.o [7]
wiced_wifi_start_ap     0x0001ecc3   0x332  Code  Gb  wwd_ap.o [7]
wiced_wifi_stop_ap      0x0001eff9    0xea  Code  Gb  wwd_ap.o [7]
wiced_wifi_stop_scan    0x0000f835    0x58  Code  Gb  wwd_wifi.o [7]
wiced_wifi_toggle_packet_filter
                        0x00010a23    0x32  Code  Gb  wwd_wifi.o [7]
wiced_wifi_unregister_multicast_address
                        0x00010653    0xf0  Code  Gb  wwd_wifi.o [7]
wiced_wlan_status       0x02017f38     0xc  Data  Gb  wwd_internal.o [7]
wiced_write_backplane_value
                        0x00026d35    0x2a  Code  Gb  wwd_bus_protocol.o [7]
wiced_write_register_value
                        0x00026cf5    0x40  Code  Gb  wwd_bus_protocol.o [7]
wiced_write_wifi_firmware_image
                        0x00032509    0xbe  Code  Gb  wwd_firmware.o [7]
wiced_write_wifi_nvram_image
                        0x000325c7   0x162  Code  Gb  wwd_firmware.o [7]
wifi_control_pins       0x00051414     0x8  Data  Gb  platform.o [1]
wifi_join_aping         0x03401b9b     0x1  Data  Lc  wwd_wifi.o [7]
wifi_mgmt_parse         0x0000e33d   0x10c  Code  Lc  smart_config.o [7]
wifi_nvram_image        0x00050b64   0x30c  Data  Lc  wwd_firmware.o [7]
wifi_power_down         0x0000f113    0x26  Code  Gb  mxchipWNET.o [7]
wifi_power_is_down      0x03401a60     0x4  Data  Lc  mxchipWNET.o [7]
wifi_reboot_event       0x0000f369    0x16  Code  Gb  mico_system_notification.o [1]
wifi_reboot_only        0x00012025    0x34  Code  Gb  wifimgr.o [7]
wifi_spi_pins           0x0005141c     0xc  Data  Gb  platform.o [1]
wifi_status_callback    0x0000eb97    0x74  Code  Gb  mxchipWNET.o [7]
wifi_up                 0x03401a48     0x4  Data  Lc  tftp_ota.o [1]
wifidebug_Command       0x00012755    0x70  Code  Gb  wifimgr.o [7]
wifimgr_debug_enable    0x00010bc9    0x1c  Code  Gb  wifimgr.o [7]
wifimgr_sem             0x03401a90     0x4  Data  Lc  wifimgr.o [7]
wifimgr_thread          0x0001218d   0x148  Code  Lc  wifimgr.o [7]
wifiscan_Command        0x0001280d   0x268  Code  Gb  wifimgr.o [7]
wifistate_Command       0x00012571   0x1dc  Code  Gb  wifimgr.o [7]
wlan_disconnect         0x0001154d    0x48  Code  Gb  wifimgr.o [7]
wlan_driver_version     0x0000f1c3     0xa  Code  Gb  mxchipWNET.o [7]
wlan_get_mac_address    0x00011ee7     0x8  Code  Gb  wifimgr.o [7]
wlan_init               0x00011ff9    0x28  Code  Gb  wifimgr.o [7]
wlan_spi_xfer_done      0x000265ed    0x40  Code  Gb  wlan_bus_spi.o [1]
wlu_is_ali_ie           0x0000d763    0x36  Code  Lc  smart_config.o [7]
wlu_is_wpa_ie           0x00010af3    0x36  Code  Lc  wwd_wifi.o [7]
wlu_parse_tlvs          0x0000d73d    0x26  Code  Lc  smart_config.o [7]
wlu_parse_tlvs          0x00010acd    0x26  Code  Lc  wwd_wifi.o [7]
work_mode               0x02017e5c     0x4  Data  Lc  smart_config.o [7]
worker_thread_main      0x000135e3    0x1c  Code  Lc  wiced_rtos.o [7]
wps_running             0x03401b96     0x1  Data  Lc  wps_host.o [7]
write                   0x0000efed     0xa  Code  Gb  mxchipWNET.o [7]
writeCString            0x0004d577    0x38  Code  Gb  MQTTPacket.o [4]
writeChar               0x0004d557     0x4  Code  Gb  MQTTPacket.o [4]
writeInt                0x0004d55b    0x12  Code  Gb  MQTTPacket.o [4]
writeMQTTString         0x0004d5af    0x58  Code  Gb  MQTTPacket.o [4]
wwd_management_set_event_handler
                        0x0001c9e7   0x17e  Code  Gb  SDPCM.o [7]
wwd_thread_line         0x03401ae4     0x4  Data  Gb  wwd_thread.o [7]
wwd_wifi_get_channel    0x000108a9    0x3e  Code  Gb  wwd_wifi.o [7]
wwd_wifi_set_channel    0x000108f3    0x62  Code  Gb  wwd_wifi.o [7]
xActiveTimerList1       0x03401838    0x14  Data  Lc  ostimers.o [7]
xActiveTimerList2       0x0340184c    0x14  Data  Lc  ostimers.o [7]
xDelayedTaskList1       0x03401860    0x14  Data  Lc  tasks.o [7]
xDelayedTaskList2       0x03401874    0x14  Data  Lc  tasks.o [7]
xMissedYield            0x02017e00     0x4  Data  Lc  tasks.o [7]
xNextTaskUnblockTime    0x0340038c     0x4  Data  Lc  tasks.o [7]
xNumOfOverflows         0x02017e04     0x4  Data  Lc  tasks.o [7]
xPendingReadyList       0x03401888    0x14  Data  Lc  tasks.o [7]
xPortPendSVHandler      0x0002342f          Code  Gb  portasm.o [7]
xPortStartScheduler     0x00022f53    0x3c  Code  Gb  port.o [7]
xPortSysTickHandler     0x00022fc5    0x1a  Code  Gb  port.o [7]
xQueueCreateCountingSemaphore
                        0x000229fb    0x14  Code  Gb  queue.o [7]
xQueueCreateMutex       0x0002299f    0x5c  Code  Gb  queue.o [7]
xQueueGenericCreate     0x00022921    0x7e  Code  Gb  queue.o [7]
xQueueGenericReceive    0x00022b39   0x156  Code  Gb  queue.o [7]
xQueueGenericSend       0x00022a0f    0xd4  Code  Gb  queue.o [7]
xQueueGenericSendFromISR
                        0x00022ae3    0x56  Code  Gb  queue.o [7]
xQueueIsQueueEmptyFromISR
                        0x00022dcd     0xe  Code  Gb  queue.o [7]
xQueueIsQueueFullFromISR
                        0x00022df9    0x10  Code  Gb  queue.o [7]
xSchedulerRunning       0x03401b24     0x4  Data  Lc  tasks.o [7]
xSuspendedTaskList      0x034018b0    0x14  Data  Lc  tasks.o [7]
xTaskCheckForTimeOut    0x000141b7    0x60  Code  Gb  tasks.o [7]
xTaskForceAwakeClearPending
                        0x00013d35     0xc  Code  Gb  tasks.o [7]
xTaskForceAwakePending  0x00013d2b     0xa  Code  Gb  tasks.o [7]
xTaskGenericCreate      0x00013a8d   0x130  Code  Gb  tasks.o [7]
xTaskGetCurrentTaskHandle
                        0x00014517     0x6  Code  Gb  tasks.o [7]
xTaskGetCurrentThread   0x00013cd7     0x8  Code  Gb  tasks.o [7]
xTaskGetSchedulerState  0x0001451d    0x1c  Code  Gb  tasks.o [7]
xTaskGetTickCount       0x00013e6f    0x14  Code  Gb  tasks.o [7]
xTaskGetTickCountFromISR
                        0x00013e83    0x16  Code  Gb  tasks.o [7]
xTaskIsTaskFinished     0x00013c67    0x70  Code  Gb  tasks.o [7]
xTaskRemoveFromEventList
                        0x00014145    0x62  Code  Gb  tasks.o [7]
xTaskResumeAll          0x00013d9d    0xd2  Code  Gb  tasks.o [7]
xTasksWaitingTermination
                        0x0340189c    0x14  Data  Lc  tasks.o [7]
xTickCount              0x03401b18     0x4  Data  Lc  tasks.o [7]
xTimerCreate            0x00023057    0x4c  Code  Gb  ostimers.o [7]
xTimerCreateTimerTask   0x0002301d    0x3a  Code  Gb  ostimers.o [7]
xTimerGenericCommand    0x000230a3    0x52  Code  Gb  ostimers.o [7]
xTimerQueue             0x03401afc     0x4  Data  Lc  ostimers.o [7]
xorbuf                  0x00029b33    0x32  Code  Lc  aes.o [7]


[1] = E:\work\13.WiFi_Mxchip\SDK_MiCOKit_v2.3.0.2\Build\Cloud_RGB_LED\MiCOKit-LPC5410x\obj_EWARM
[2] = E:\work\13.WiFi_Mxchip\SDK_MiCOKit_v2.3.0.2\MICO\system\tftp_ota
[3] = command line
[4] = FogCloud_cm4_release.a
[5] = dl7M_tlf.a
[6] = m7M_tls.a
[7] = mxchipWNet_cm4f_spi.a
[8] = rt7M_tl.a
[9] = shb_l.a

  272 334 bytes of readonly  code memory
   20 555 bytes of readonly  data memory
  106 066 bytes of readwrite data memory

Errors: none
Warnings: 17
