###############################################################################
#
# IAR ELF Linker V7.40.3.8902/W32 for ARM                 22/Feb/2016  18:11:28
# Copyright 2007-2015 IAR Systems AB.
#
#    Output file  =  
#        E:\work\13.WiFi_Mxchip\SDK_MiCOKit_v2.3.0.2\Build\Cloud_RGB_LED\MiCOKit-LPC5410x\COM.MXCHIP.SPP.out.tmp
#    Map file     =  
#        E:\work\13.WiFi_Mxchip\SDK_MiCOKit_v2.3.0.2\Build\Cloud_RGB_LED\MiCOKit-LPC5410x\list_EWARM\COM.MXCHIP.SPP.map
#    Command line =  
#        E:\work\13.WiFi_Mxchip\SDK_MiCOKit_v2.3.0.2\Build\Cloud_RGB_LED\MiCOKit-LPC5410x\obj_EWARM\adc_5410x.o
#        E:\work\13.WiFi_Mxchip\SDK_MiCOKit_v2.3.0.2\Build\Cloud_RGB_LED\MiCOKit-LPC5410x\obj_EWARM\arraylist.o
#        E:\work\13.WiFi_Mxchip\SDK_MiCOKit_v2.3.0.2\Build\Cloud_RGB_LED\MiCOKit-LPC5410x\obj_EWARM\CheckSumUtils.o
#        E:\work\13.WiFi_Mxchip\SDK_MiCOKit_v2.3.0.2\Build\Cloud_RGB_LED\MiCOKit-LPC5410x\obj_EWARM\chip_5410x.o
#        E:\work\13.WiFi_Mxchip\SDK_MiCOKit_v2.3.0.2\Build\Cloud_RGB_LED\MiCOKit-LPC5410x\obj_EWARM\clock_5410x.o
#        E:\work\13.WiFi_Mxchip\SDK_MiCOKit_v2.3.0.2\Build\Cloud_RGB_LED\MiCOKit-LPC5410x\obj_EWARM\config_server.o
#        E:\work\13.WiFi_Mxchip\SDK_MiCOKit_v2.3.0.2\Build\Cloud_RGB_LED\MiCOKit-LPC5410x\obj_EWARM\config_server_menu.o
#        E:\work\13.WiFi_Mxchip\SDK_MiCOKit_v2.3.0.2\Build\Cloud_RGB_LED\MiCOKit-LPC5410x\obj_EWARM\crc_5410x.o
#        E:\work\13.WiFi_Mxchip\SDK_MiCOKit_v2.3.0.2\Build\Cloud_RGB_LED\MiCOKit-LPC5410x\obj_EWARM\crt0_EWARM.o
#        E:\work\13.WiFi_Mxchip\SDK_MiCOKit_v2.3.0.2\Build\Cloud_RGB_LED\MiCOKit-LPC5410x\obj_EWARM\debug.o
#        E:\work\13.WiFi_Mxchip\SDK_MiCOKit_v2.3.0.2\Build\Cloud_RGB_LED\MiCOKit-LPC5410x\obj_EWARM\dma_5410x.o
#        E:\work\13.WiFi_Mxchip\SDK_MiCOKit_v2.3.0.2\Build\Cloud_RGB_LED\MiCOKit-LPC5410x\obj_EWARM\fifo_5410x.o
#        E:\work\13.WiFi_Mxchip\SDK_MiCOKit_v2.3.0.2\Build\Cloud_RGB_LED\MiCOKit-LPC5410x\obj_EWARM\fogCloud.o
#        E:\work\13.WiFi_Mxchip\SDK_MiCOKit_v2.3.0.2\libraries\protocols\fog_cloud\FogCloud_cm4_release.a
#        E:\work\13.WiFi_Mxchip\SDK_MiCOKit_v2.3.0.2\Build\Cloud_RGB_LED\MiCOKit-LPC5410x\obj_EWARM\fpu_init.o
#        E:\work\13.WiFi_Mxchip\SDK_MiCOKit_v2.3.0.2\Build\Cloud_RGB_LED\MiCOKit-LPC5410x\obj_EWARM\gpio_5410x.o
#        E:\work\13.WiFi_Mxchip\SDK_MiCOKit_v2.3.0.2\Build\Cloud_RGB_LED\MiCOKit-LPC5410x\obj_EWARM\gpiogroup_5410x.o
#        E:\work\13.WiFi_Mxchip\SDK_MiCOKit_v2.3.0.2\Build\Cloud_RGB_LED\MiCOKit-LPC5410x\obj_EWARM\hardfault.o
#        E:\work\13.WiFi_Mxchip\SDK_MiCOKit_v2.3.0.2\Build\Cloud_RGB_LED\MiCOKit-LPC5410x\obj_EWARM\HTTPUtils.o
#        E:\work\13.WiFi_Mxchip\SDK_MiCOKit_v2.3.0.2\Build\Cloud_RGB_LED\MiCOKit-LPC5410x\obj_EWARM\i2c_common_5410x.o
#        E:\work\13.WiFi_Mxchip\SDK_MiCOKit_v2.3.0.2\Build\Cloud_RGB_LED\MiCOKit-LPC5410x\obj_EWARM\i2cm_5410x.o
#        E:\work\13.WiFi_Mxchip\SDK_MiCOKit_v2.3.0.2\Build\Cloud_RGB_LED\MiCOKit-LPC5410x\obj_EWARM\i2cs_5410x.o
#        E:\work\13.WiFi_Mxchip\SDK_MiCOKit_v2.3.0.2\Build\Cloud_RGB_LED\MiCOKit-LPC5410x\obj_EWARM\iap.o
#        E:\work\13.WiFi_Mxchip\SDK_MiCOKit_v2.3.0.2\Build\Cloud_RGB_LED\MiCOKit-LPC5410x\obj_EWARM\iocon_5410x.o
#        E:\work\13.WiFi_Mxchip\SDK_MiCOKit_v2.3.0.2\Build\Cloud_RGB_LED\MiCOKit-LPC5410x\obj_EWARM\json_object.o
#        E:\work\13.WiFi_Mxchip\SDK_MiCOKit_v2.3.0.2\Build\Cloud_RGB_LED\MiCOKit-LPC5410x\obj_EWARM\json_tokener.o
#        E:\work\13.WiFi_Mxchip\SDK_MiCOKit_v2.3.0.2\Build\Cloud_RGB_LED\MiCOKit-LPC5410x\obj_EWARM\json_util.o
#        E:\work\13.WiFi_Mxchip\SDK_MiCOKit_v2.3.0.2\Build\Cloud_RGB_LED\MiCOKit-LPC5410x\obj_EWARM\linkhash.o
#        E:\work\13.WiFi_Mxchip\SDK_MiCOKit_v2.3.0.2\Build\Cloud_RGB_LED\MiCOKit-LPC5410x\obj_EWARM\mico_cli.o
#        E:\work\13.WiFi_Mxchip\SDK_MiCOKit_v2.3.0.2\Build\Cloud_RGB_LED\MiCOKit-LPC5410x\obj_EWARM\mico_config.o
#        E:\work\13.WiFi_Mxchip\SDK_MiCOKit_v2.3.0.2\Build\Cloud_RGB_LED\MiCOKit-LPC5410x\obj_EWARM\mico_mdns.o
#        E:\work\13.WiFi_Mxchip\SDK_MiCOKit_v2.3.0.2\Build\Cloud_RGB_LED\MiCOKit-LPC5410x\obj_EWARM\mico_platform_common.o
#        E:\work\13.WiFi_Mxchip\SDK_MiCOKit_v2.3.0.2\Build\Cloud_RGB_LED\MiCOKit-LPC5410x\obj_EWARM\mico_system_init.o
#        E:\work\13.WiFi_Mxchip\SDK_MiCOKit_v2.3.0.2\Build\Cloud_RGB_LED\MiCOKit-LPC5410x\obj_EWARM\mico_system_monitor.o
#        E:\work\13.WiFi_Mxchip\SDK_MiCOKit_v2.3.0.2\Build\Cloud_RGB_LED\MiCOKit-LPC5410x\obj_EWARM\mico_system_notification.o
#        E:\work\13.WiFi_Mxchip\SDK_MiCOKit_v2.3.0.2\Build\Cloud_RGB_LED\MiCOKit-LPC5410x\obj_EWARM\mico_system_para_storage.o
#        E:\work\13.WiFi_Mxchip\SDK_MiCOKit_v2.3.0.2\Build\Cloud_RGB_LED\MiCOKit-LPC5410x\obj_EWARM\mico_system_power_daemon.o
#        E:\work\13.WiFi_Mxchip\SDK_MiCOKit_v2.3.0.2\Build\Cloud_RGB_LED\MiCOKit-LPC5410x\obj_EWARM\MICOAppEntrance.o
#        E:\work\13.WiFi_Mxchip\SDK_MiCOKit_v2.3.0.2\Build\Cloud_RGB_LED\MiCOKit-LPC5410x\obj_EWARM\MICOBonjour.o
#        E:\work\13.WiFi_Mxchip\SDK_MiCOKit_v2.3.0.2\Build\Cloud_RGB_LED\MiCOKit-LPC5410x\obj_EWARM\MICOConfigDelegate.o
#        E:\work\13.WiFi_Mxchip\SDK_MiCOKit_v2.3.0.2\Platform\Drivers\MicoDriverMFiAuth\MicoDriverMFiAuth.a
#        E:\work\13.WiFi_Mxchip\SDK_MiCOKit_v2.3.0.2\Build\Cloud_RGB_LED\MiCOKit-LPC5410x\obj_EWARM\MicoFogCloud.o
#        E:\work\13.WiFi_Mxchip\SDK_MiCOKit_v2.3.0.2\Build\Cloud_RGB_LED\MiCOKit-LPC5410x\obj_EWARM\MicoFogCloudConfigServer.o
#        E:\work\13.WiFi_Mxchip\SDK_MiCOKit_v2.3.0.2\MICO\core\mxchipWNet_cm4f_spi.a
#        E:\work\13.WiFi_Mxchip\SDK_MiCOKit_v2.3.0.2\Build\Cloud_RGB_LED\MiCOKit-LPC5410x\obj_EWARM\pinint_5410x.o
#        E:\work\13.WiFi_Mxchip\SDK_MiCOKit_v2.3.0.2\Build\Cloud_RGB_LED\MiCOKit-LPC5410x\obj_EWARM\platform.o
#        E:\work\13.WiFi_Mxchip\SDK_MiCOKit_v2.3.0.2\Build\Cloud_RGB_LED\MiCOKit-LPC5410x\obj_EWARM\platform_adc.o
#        E:\work\13.WiFi_Mxchip\SDK_MiCOKit_v2.3.0.2\Build\Cloud_RGB_LED\MiCOKit-LPC5410x\obj_EWARM\platform_flash.o
#        E:\work\13.WiFi_Mxchip\SDK_MiCOKit_v2.3.0.2\Build\Cloud_RGB_LED\MiCOKit-LPC5410x\obj_EWARM\platform_gpio.o
#        E:\work\13.WiFi_Mxchip\SDK_MiCOKit_v2.3.0.2\Build\Cloud_RGB_LED\MiCOKit-LPC5410x\obj_EWARM\platform_i2c.o
#        E:\work\13.WiFi_Mxchip\SDK_MiCOKit_v2.3.0.2\Build\Cloud_RGB_LED\MiCOKit-LPC5410x\obj_EWARM\platform_init.o
#        E:\work\13.WiFi_Mxchip\SDK_MiCOKit_v2.3.0.2\Build\Cloud_RGB_LED\MiCOKit-LPC5410x\obj_EWARM\platform_mcu_powersave.o
#        E:\work\13.WiFi_Mxchip\SDK_MiCOKit_v2.3.0.2\Build\Cloud_RGB_LED\MiCOKit-LPC5410x\obj_EWARM\platform_nano_second.o
#        E:\work\13.WiFi_Mxchip\SDK_MiCOKit_v2.3.0.2\Build\Cloud_RGB_LED\MiCOKit-LPC5410x\obj_EWARM\platform_pwm.o
#        E:\work\13.WiFi_Mxchip\SDK_MiCOKit_v2.3.0.2\Build\Cloud_RGB_LED\MiCOKit-LPC5410x\obj_EWARM\platform_rng.o
#        E:\work\13.WiFi_Mxchip\SDK_MiCOKit_v2.3.0.2\Build\Cloud_RGB_LED\MiCOKit-LPC5410x\obj_EWARM\platform_rtc.o
#        E:\work\13.WiFi_Mxchip\SDK_MiCOKit_v2.3.0.2\Build\Cloud_RGB_LED\MiCOKit-LPC5410x\obj_EWARM\platform_spi.o
#        E:\work\13.WiFi_Mxchip\SDK_MiCOKit_v2.3.0.2\Build\Cloud_RGB_LED\MiCOKit-LPC5410x\obj_EWARM\platform_uart.o
#        E:\work\13.WiFi_Mxchip\SDK_MiCOKit_v2.3.0.2\Build\Cloud_RGB_LED\MiCOKit-LPC5410x\obj_EWARM\platform_watchdog.o
#        E:\work\13.WiFi_Mxchip\SDK_MiCOKit_v2.3.0.2\Build\Cloud_RGB_LED\MiCOKit-LPC5410x\obj_EWARM\pll_5410x.o
#        E:\work\13.WiFi_Mxchip\SDK_MiCOKit_v2.3.0.2\Build\Cloud_RGB_LED\MiCOKit-LPC5410x\obj_EWARM\power_control.o
#        E:\work\13.WiFi_Mxchip\SDK_MiCOKit_v2.3.0.2\Build\Cloud_RGB_LED\MiCOKit-LPC5410x\obj_EWARM\printbuf.o
#        E:\work\13.WiFi_Mxchip\SDK_MiCOKit_v2.3.0.2\Build\Cloud_RGB_LED\MiCOKit-LPC5410x\obj_EWARM\Retarget.o
#        E:\work\13.WiFi_Mxchip\SDK_MiCOKit_v2.3.0.2\Build\Cloud_RGB_LED\MiCOKit-LPC5410x\obj_EWARM\ring_buffer.o
#        E:\work\13.WiFi_Mxchip\SDK_MiCOKit_v2.3.0.2\Build\Cloud_RGB_LED\MiCOKit-LPC5410x\obj_EWARM\RingBufferUtils.o
#        E:\work\13.WiFi_Mxchip\SDK_MiCOKit_v2.3.0.2\Build\Cloud_RGB_LED\MiCOKit-LPC5410x\obj_EWARM\ritimer_5410x.o
#        E:\work\13.WiFi_Mxchip\SDK_MiCOKit_v2.3.0.2\Build\Cloud_RGB_LED\MiCOKit-LPC5410x\obj_EWARM\rtc_5410x.o
#        E:\work\13.WiFi_Mxchip\SDK_MiCOKit_v2.3.0.2\Build\Cloud_RGB_LED\MiCOKit-LPC5410x\obj_EWARM\rtc_ut.o
#        E:\work\13.WiFi_Mxchip\SDK_MiCOKit_v2.3.0.2\Build\Cloud_RGB_LED\MiCOKit-LPC5410x\obj_EWARM\sct_5410x.o
#        E:\work\13.WiFi_Mxchip\SDK_MiCOKit_v2.3.0.2\Build\Cloud_RGB_LED\MiCOKit-LPC5410x\obj_EWARM\sct_pwm_5410x.o
#        E:\work\13.WiFi_Mxchip\SDK_MiCOKit_v2.3.0.2\Build\Cloud_RGB_LED\MiCOKit-LPC5410x\obj_EWARM\SocketUtils.o
#        E:\work\13.WiFi_Mxchip\SDK_MiCOKit_v2.3.0.2\Build\Cloud_RGB_LED\MiCOKit-LPC5410x\obj_EWARM\spi_5410x.o
#        E:\work\13.WiFi_Mxchip\SDK_MiCOKit_v2.3.0.2\Build\Cloud_RGB_LED\MiCOKit-LPC5410x\obj_EWARM\spi_common_5410x.o
#        E:\work\13.WiFi_Mxchip\SDK_MiCOKit_v2.3.0.2\Build\Cloud_RGB_LED\MiCOKit-LPC5410x\obj_EWARM\spi_flash.o
#        E:\work\13.WiFi_Mxchip\SDK_MiCOKit_v2.3.0.2\Build\Cloud_RGB_LED\MiCOKit-LPC5410x\obj_EWARM\spi_flash_platform.o
#        E:\work\13.WiFi_Mxchip\SDK_MiCOKit_v2.3.0.2\Build\Cloud_RGB_LED\MiCOKit-LPC5410x\obj_EWARM\spim_5410x.o
#        E:\work\13.WiFi_Mxchip\SDK_MiCOKit_v2.3.0.2\Build\Cloud_RGB_LED\MiCOKit-LPC5410x\obj_EWARM\spis_5410x.o
#        E:\work\13.WiFi_Mxchip\SDK_MiCOKit_v2.3.0.2\Build\Cloud_RGB_LED\MiCOKit-LPC5410x\obj_EWARM\startup_lpc54100_EWARM.o
#        E:\work\13.WiFi_Mxchip\SDK_MiCOKit_v2.3.0.2\Build\Cloud_RGB_LED\MiCOKit-LPC5410x\obj_EWARM\stopwatch_5410x.o
#        E:\work\13.WiFi_Mxchip\SDK_MiCOKit_v2.3.0.2\Build\Cloud_RGB_LED\MiCOKit-LPC5410x\obj_EWARM\StringUtils.o
#        E:\work\13.WiFi_Mxchip\SDK_MiCOKit_v2.3.0.2\Build\Cloud_RGB_LED\MiCOKit-LPC5410x\obj_EWARM\syscon_5410x.o
#        E:\work\13.WiFi_Mxchip\SDK_MiCOKit_v2.3.0.2\Build\Cloud_RGB_LED\MiCOKit-LPC5410x\obj_EWARM\sysinit_5410x.o
#        E:\work\13.WiFi_Mxchip\SDK_MiCOKit_v2.3.0.2\Build\Cloud_RGB_LED\MiCOKit-LPC5410x\obj_EWARM\system_easylink.o
#        E:\work\13.WiFi_Mxchip\SDK_MiCOKit_v2.3.0.2\Build\Cloud_RGB_LED\MiCOKit-LPC5410x\obj_EWARM\system_easylink_delegate.o
#        E:\work\13.WiFi_Mxchip\SDK_MiCOKit_v2.3.0.2\Build\Cloud_RGB_LED\MiCOKit-LPC5410x\obj_EWARM\system_factory_test.o
#        E:\work\13.WiFi_Mxchip\SDK_MiCOKit_v2.3.0.2\Build\Cloud_RGB_LED\MiCOKit-LPC5410x\obj_EWARM\system_misc.o
#        E:\work\13.WiFi_Mxchip\SDK_MiCOKit_v2.3.0.2\Build\Cloud_RGB_LED\MiCOKit-LPC5410x\obj_EWARM\tftp_ota.o
#        E:\work\13.WiFi_Mxchip\SDK_MiCOKit_v2.3.0.2\MICO\system\tftp_ota\tftpc.o
#        E:\work\13.WiFi_Mxchip\SDK_MiCOKit_v2.3.0.2\Build\Cloud_RGB_LED\MiCOKit-LPC5410x\obj_EWARM\timer_5410x.o
#        E:\work\13.WiFi_Mxchip\SDK_MiCOKit_v2.3.0.2\Build\Cloud_RGB_LED\MiCOKit-LPC5410x\obj_EWARM\uart_5410x.o
#        E:\work\13.WiFi_Mxchip\SDK_MiCOKit_v2.3.0.2\Build\Cloud_RGB_LED\MiCOKit-LPC5410x\obj_EWARM\URLUtils.o
#        E:\work\13.WiFi_Mxchip\SDK_MiCOKit_v2.3.0.2\Build\Cloud_RGB_LED\MiCOKit-LPC5410x\obj_EWARM\user_main.o
#        E:\work\13.WiFi_Mxchip\SDK_MiCOKit_v2.3.0.2\Build\Cloud_RGB_LED\MiCOKit-LPC5410x\obj_EWARM\user_uart.o
#        E:\work\13.WiFi_Mxchip\SDK_MiCOKit_v2.3.0.2\Build\Cloud_RGB_LED\MiCOKit-LPC5410x\obj_EWARM\utick_5410x.o
#        E:\work\13.WiFi_Mxchip\SDK_MiCOKit_v2.3.0.2\Build\Cloud_RGB_LED\MiCOKit-LPC5410x\obj_EWARM\wlan_bus_spi.o
#        E:\work\13.WiFi_Mxchip\SDK_MiCOKit_v2.3.0.2\Build\Cloud_RGB_LED\MiCOKit-LPC5410x\obj_EWARM\wlan_platform.o
#        E:\work\13.WiFi_Mxchip\SDK_MiCOKit_v2.3.0.2\Build\Cloud_RGB_LED\MiCOKit-LPC5410x\obj_EWARM\wlan_platform_common.o
#        E:\work\13.WiFi_Mxchip\SDK_MiCOKit_v2.3.0.2\Build\Cloud_RGB_LED\MiCOKit-LPC5410x\obj_EWARM\wwdt_5410x.o
#        E:\work\13.WiFi_Mxchip\SDK_MiCOKit_v2.3.0.2\Build\Cloud_RGB_LED\MiCOKit-LPC5410x\obj_EWARM\ZigBeeAttributeReport.o
#        E:\work\13.WiFi_Mxchip\SDK_MiCOKit_v2.3.0.2\Build\Cloud_RGB_LED\MiCOKit-LPC5410x\obj_EWARM\ZigBeeControlBridge.o
#        E:\work\13.WiFi_Mxchip\SDK_MiCOKit_v2.3.0.2\Build\Cloud_RGB_LED\MiCOKit-LPC5410x\obj_EWARM\ZigBeeNetwork.o
#        E:\work\13.WiFi_Mxchip\SDK_MiCOKit_v2.3.0.2\Build\Cloud_RGB_LED\MiCOKit-LPC5410x\obj_EWARM\ZigBeePDM.o
#        E:\work\13.WiFi_Mxchip\SDK_MiCOKit_v2.3.0.2\Build\Cloud_RGB_LED\MiCOKit-LPC5410x\obj_EWARM\ZigBeeSerialLink.o
#        E:\work\13.WiFi_Mxchip\SDK_MiCOKit_v2.3.0.2\Build\Cloud_RGB_LED\MiCOKit-LPC5410x\obj_EWARM\ZigBeeZLL.o
#        --redirect _Printf=_PrintfFull --redirect _Scanf=_ScanfFull -o
#        E:\work\13.WiFi_Mxchip\SDK_MiCOKit_v2.3.0.2\Build\Cloud_RGB_LED\MiCOKit-LPC5410x\COM.MXCHIP.SPP.out.tmp
#        --map
#        E:\work\13.WiFi_Mxchip\SDK_MiCOKit_v2.3.0.2\Build\Cloud_RGB_LED\MiCOKit-LPC5410x\list_EWARM\COM.MXCHIP.SPP.map
#        --config
#        E:\work\13.WiFi_Mxchip\SDK_MiCOKit_v2.3.0.2\Projects\LPC5410x\Cloud_RGB_LED\EWARM\..\..\..\..\Board\MiCOKit-LPC5410x\micoLinkerForIAR.icf
#        --semihosting --entry __iar_program_start --vfe --threaded_lib
#
###############################################################################

*******************************************************************************
*** MESSAGES
***

Warning[Lt049]: Potential floating point parameter passing conflict. The first
          module below references the second and they have been built with
          different settings.
          AAPCS, base variant: E:\work\13.WiFi_Mxchip\SDK_MiCOKit_v2.3.0.2\Buil
                    d\Cloud_RGB_LED\MiCOKit-LPC5410x\obj_EWARM\json_object.o
          AAPCS, VFP variant: dlmalloc.o(mxchipWNet_cm4f_spi.a)
Warning[Lt049]: Potential floating point parameter passing conflict. The first
          module below references the second and they have been built with
          different settings.
          AAPCS, base variant: E:\work\13.WiFi_Mxchip\SDK_MiCOKit_v2.3.0.2\Buil
                    d\Cloud_RGB_LED\MiCOKit-LPC5410x\obj_EWARM\json_tokener.o
          AAPCS, VFP variant: dlmalloc.o(mxchipWNet_cm4f_spi.a)
Warning[Lt049]: Potential floating point parameter passing conflict. The first
          module below references the second and they have been built with
          different settings.
          AAPCS, base variant: E:\work\13.WiFi_Mxchip\SDK_MiCOKit_v2.3.0.2\Buil
                    d\Cloud_RGB_LED\MiCOKit-LPC5410x\obj_EWARM\mico_platform_co
                    mmon.o
          AAPCS, VFP variant: wiced_rtos.o(mxchipWNet_cm4f_spi.a)
Warning[Lt049]: Potential floating point parameter passing conflict. The first
          module below references the second and they have been built with
          different settings.
          AAPCS, base variant: E:\work\13.WiFi_Mxchip\SDK_MiCOKit_v2.3.0.2\MICO
                    \system\tftp_ota\tftpc.o
          AAPCS, VFP variant: mxchipWNET.o(mxchipWNet_cm4f_spi.a)
Warning[Lt049]: Potential floating point parameter passing conflict. The first
          module below references the second and they have been built with
          different settings.
          AAPCS, VFP variant: FogCloudUtils.o(FogCloud_cm4_release.a)
          AAPCS, base variant: E:\work\13.WiFi_Mxchip\SDK_MiCOKit_v2.3.0.2\Buil
                    d\Cloud_RGB_LED\MiCOKit-LPC5410x\obj_EWARM\mico_platform_co
                    mmon.o
Warning[Lt049]: Potential floating point parameter passing conflict. The first
          module below references the second and they have been built with
          different settings.
          AAPCS, VFP variant: FogCloudService.o(FogCloud_cm4_release.a)
          AAPCS, base variant: E:\work\13.WiFi_Mxchip\SDK_MiCOKit_v2.3.0.2\Buil
                    d\Cloud_RGB_LED\MiCOKit-LPC5410x\obj_EWARM\json_object.o
Warning[Lt049]: Potential floating point parameter passing conflict. The first
          module below references the second and they have been built with
          different settings.
          AAPCS, VFP variant: FogCloudService.o(FogCloud_cm4_release.a)
          AAPCS, base variant: E:\work\13.WiFi_Mxchip\SDK_MiCOKit_v2.3.0.2\Buil
                    d\Cloud_RGB_LED\MiCOKit-LPC5410x\obj_EWARM\json_tokener.o
Warning[Lt049]: Potential floating point parameter passing conflict. The first
          module below references the second and they have been built with
          different settings.
          AAPCS, VFP variant: wifi.o(mxchipWNet_cm4f_spi.a)
          AAPCS, base variant: E:\work\13.WiFi_Mxchip\SDK_MiCOKit_v2.3.0.2\Buil
                    d\Cloud_RGB_LED\MiCOKit-LPC5410x\obj_EWARM\mico_platform_co
                    mmon.o


*******************************************************************************
*** RUNTIME MODEL ATTRIBUTES
***

CppFlavor                     = *
__Heap_Handler                = DLMalloc
__SystemLibrary               = DLib
__dlib_dynamic_initialization = normal


*******************************************************************************
*** PLACEMENT SUMMARY
***

"A1":  place at 0x0000c000 { ro section .intvec };
"P1":  place in [from 0x0000c000 to 0x0007ffff] { ro };
"P2":  place in [from 0x02000100 to 0x02017fff] |
                [from 0x03400000 to 0x03401fff] { rw, block CSTACK, block HEAP };

  Section             Kind        Address     Size  Object
  -------             ----        -------     ----  ------
"A1":                                        0x108
  .intvec                      0x0000c000    0x108  <Block>
    .intvec           ro code  0x0000c000    0x108  startup_lpc54100_EWARM.o [1]
                             - 0x0000c108    0x108

"P1":                                      0x3878c
  .text               ro code  0x0000c108   0x27e4  smart_config.o [7]
  .text               ro code  0x0000e8ec     0x66  ABImemset.o [8]
  .text               ro code  0x0000e952     0x1e  xsscin.o [5]
  .text               ro code  0x0000e970     0x62  memcmp_unaligned.o [8]
  .text               ro code  0x0000e9d2     0x1a  xsnprout.o [5]
  .text               ro code  0x0000e9ec    0x82a  mxchipWNET.o [7]
  .text               ro code  0x0000f216      0xa  xsprout.o [5]
  .text               ro code  0x0000f220    0x21c  mico_system_notification.o [1]
  .text               ro code  0x0000f43c     0x76  ABImemcpy_unaligned.o [8]
  .rodata             const    0x0000f4b2      0x2  wwd_bus_protocol.o [7]
  .text               ro code  0x0000f4b4     0x44  snprintf.o [5]
  .text               ro code  0x0000f4f8   0x14c0  wwd_wifi.o [7]
  .text               ro code  0x000109b8   0x261c  wifimgr.o [7]
  .text               ro code  0x00012fd4     0x6c  strncpy_unaligned.o [8]
  .text               ro code  0x00013040     0x36  strlen.o [8]
  .rodata             const    0x00013076      0x1  smart_config.o [7]
  .rodata             const    0x00013077      0x1  smart_config.o [7]
  .text               ro code  0x00013078    0x7ce  wiced_rtos.o [7]
  .rodata             const    0x00013846      0x1  smart_config.o [7]
  .rodata             const    0x00013847      0x1  smart_config.o [7]
  .text               ro code  0x00013848    0xba8  tasks.o [7]
  .text               ro code  0x000143f0    0x440  wifi.o [7]
  .text               ro code  0x00014830   0x2590  dlmalloc.o [7]
  .text               ro code  0x00016dc0     0xe0  arc4.o [7]
  .text               ro code  0x00016ea0     0x92  wwd_buffer.o [7]
  .text               ro code  0x00016f34     0x34  sprintf.o [5]
  .text               ro code  0x00016f68    0x628  tcpip.o [7]
  .text               ro code  0x00017590    0x7ec  dns.o [7]
  .text               ro code  0x00017d7c    0x130  wwd_rtos.o [7]
  .text               ro code  0x00017eac     0x20  srand.o [5]
  .text               ro code  0x00017ecc    0xe04  tcp.o [7]
  .text               ro code  0x00018cd0    0x25a  ip_addr.o [7]
  .text               ro code  0x00018f2a     0x36  def.o [7]
  .text               ro code  0x00018f60   0x19cc  sockets.o [7]
  .text               ro code  0x0001a92c     0x42  strcmp_unaligned.o [8]
  .text               ro code  0x0001a970     0x44  strcpy_unaligned.o [8]
  .text               ro code  0x0001a9b4    0x244  wwd_management.o [7]
  .text               ro code  0x0001abf8   0x1156  xprintffull.o [5]
  .text               ro code  0x0001bd50   0x101c  SDPCM.o [7]
  .text               ro code  0x0001cd6c     0x14  mxchip_debug.o [7]
  .text               ro code  0x0001cd80    0x4ec  pbuf.o [7]
  .text               ro code  0x0001d26c    0x4b4  ip.o [7]
  .text               ro code  0x0001d720    0x3b8  system_misc.o [1]
  .text               ro code  0x0001dad8     0x30  aes_wrap.o [7]
  .text               ro code  0x0001db08    0x404  wiced_network.o [7]
  .text               ro code  0x0001df0c    0x1ec  dns_redirect.o [7]
  .text               ro code  0x0001e0f8    0x492  wwd_ap.o [7]
  .text               ro code  0x0001e58c     0x64  dnsclient.o [7]
  .text               ro code  0x0001e5f0     0x2a  strncmp.o [5]
  .text               ro code  0x0001e61c    0x3cc  system_factory_test.o [1]
  .text               ro code  0x0001e9e8    0x9e0  etharp.o [7]
  .text               ro code  0x0001f3c8     0x46  strcasecmp.o [5]
  .text               ro code  0x0001f410   0x1594  tcp_in.o [7]
  .text               ro code  0x000209a4    0x710  udp.o [7]
  .text               ro code  0x000210b4      0x4  strtoul.o [5]
  .text               ro code  0x000210b8    0x140  platform_init.o [1]
  .text               ro code  0x000211f8    0x2e2  platform.o [1]
  .text               ro code  0x000214dc    0x128  MICOAppEntrance.o [1]
  .text               ro code  0x00021604    0x526  queue.o [7]
  .text               ro code  0x00021b2c     0xe8  wlan_platform_common.o [1]
  .text               ro code  0x00021c14     0xec  port.o [7]
  .text               ro code  0x00021d00    0x370  ostimers.o [7]
  .text               ro code  0x00022070     0x9a  list.o [7]
  CODE                ro code  0x0002210c     0xa8  portasm.o [7]
  .text               ro code  0x000221b4     0x1c  strcat.o [5]
  .text               ro code  0x000221d0     0x1e  platform_mcu_powersave.o [1]
  .text               ro code  0x000221ee     0x38  heap_3.o [7]
  .text               ro code  0x00022228    0x540  mico_platform_common.o [1]
  .text               ro code  0x00022768      0x6  abort.o [5]
  .text               ro code  0x00022770      0x6  ABImemclr4.o [8]
  .text               ro code  0x00022776     0x20  xsyslock.o [5]
  .text               ro code  0x00022798     0x2c  xgetmemchunk.o [5]
  .text               ro code  0x000227c4    0x190  wiced_ping.o [7]
  .text               ro code  0x00022954    0x5e0  api_lib.o [7]
  .text               ro code  0x00022f34      0xc  mxchipbesl.o [7]
  .text               ro code  0x00022f40     0xda  netbuf.o [7]
  .text               ro code  0x0002301c    0x27c  lwiptcpip.o [7]
  .text               ro code  0x00023298      0x2  xtls.o [5]
  .text               ro code  0x0002329c    0xcc2  tcp_out.o [7]
  .text               ro code  0x00023f60    0x300  lwiptimers.o [7]
  .text               ro code  0x00024260    0x1b8  memp.o [7]
  .text               ro code  0x00024418     0xe0  rand.o [5]
  .text               ro code  0x000244f8    0x2a0  sys_arch.o [7]
  .text               ro code  0x00024798    0x568  igmp.o [7]
  .text               ro code  0x00024d00    0x3ac  wlan_bus_spi.o [1]
  .text               ro code  0x000250ac    0x6f4  wwd_bus_protocol.o [7]
  .text               ro code  0x000257a0    0x248  wwd_thread.o [7]
  .text               ro code  0x000259e8     0x10  wlan_platform.o [1]
  .text               ro code  0x000259f8     0x20  xmbtowc.o [5]
  .text               ro code  0x00025a18     0x16  strchr.o [8]
  .text               ro code  0x00025a30     0x58  memchr.o [8]
  .text               ro code  0x00025a88      0xa  xmbcurmax.o [5]
  .text               ro code  0x00025a92     0x1a  xwctomb.o [5]
  .text               ro code  0x00025aac     0xee  I64DivMod.o [8]
  .text               ro code  0x00025b9a     0x42  xdnorm.o [6]
  .text               ro code  0x00025bdc     0x2e  DblCmpLe.o [6]
  .text               ro code  0x00025c0c     0x2e  DblCmpGe.o [6]
  .text               ro code  0x00025c3c    0x118  xdscale.o [6]
  .text               ro code  0x00025d54     0x58  DblToI32.o [6]
  .text               ro code  0x00025dac     0x30  I32ToDbl.o [6]
  .text               ro code  0x00025ddc    0x180  DblSub.o [6]
  .text               ro code  0x00025f5c    0x1a2  DblMul.o [6]
  .text               ro code  0x00026100    0x256  DblDiv.o [6]
  .text               ro code  0x00026358     0x6c  localeconv.o [5]
  .text               ro code  0x000263c4      0xe  div.o [5]
  .text               ro code  0x000263d4     0x24  printf.o [5]
  .text               ro code  0x000263f8    0x17c  wwd_network.o [7]
  .text               ro code  0x00026574     0x78  ABImemmove_unaligned.o [8]
  .text               ro code  0x000265ec    0x170  inet_chksum.o [7]
  .text               ro code  0x0002675c    0x1cc  raw.o [7]
  .text               ro code  0x00026928    0x184  icmp.o [7]
  .text               ro code  0x00026aac    0x358  netif.o [7]
  .text               ro code  0x00026e04    0x3cc  mico_system_para_storage.o [1]
  .text               ro code  0x000271d0    0x7e8  StringUtils.o [1]
  .text               ro code  0x000279b8    0xb62  aes.o [7]
  .text               ro code  0x0002851c    0xf20  dhcp.o [7]
  .text               ro code  0x0002943c     0x28  sys.o [7]
  .text               ro code  0x00029464    0x650  dhcp_server.o [7]
  .text               ro code  0x00029ab4     0x48  netifapi.o [7]
  .text               ro code  0x00029afc     0xc6  RingBufferUtils.o [1]
  .text               ro code  0x00029bc4    0x3a8  mftest.o [7]
  .text               ro code  0x00029f6c     0x14  tolower.o [5]
  .text               ro code  0x00029f80    0x198  xstoul.o [5]
  .text               ro code  0x0002a118     0x44  fpu_init.o [1]
  .text               ro code  0x0002a15c     0x3c  power_control.o [1]
  .text               ro code  0x0002a198    0x394  platform_gpio.o [1]
  .text               ro code  0x0002a52c    0x6a0  platform_uart.o [1]
  .text               ro code  0x0002abcc      0xc  platform_rtc.o [1]
  .text               ro code  0x0002abd8    0x2b8  platform_spi.o [1]
  .text               ro code  0x0002ae90    0x126  platform_i2c.o [1]
  .text               ro code  0x0002afb8    0x188  mico_system_power_daemon.o [1]
  .text               ro code  0x0002b140    0x654  user_main.o [1]
  .text               ro code  0x0002b794    0x504  MicoFogCloud.o [1]
  .text               ro code  0x0002bc98     0xb8  mico_system_init.o [1]
  .text               ro code  0x0002bd50    0x340  MICOBonjour.o [1]
  .text               ro code  0x0002c090      0x4  platform_watchdog.o [1]
  .text               ro code  0x0002c094    0x498  platform_flash.o [1]
  .text               ro code  0x0002c52c     0x14  exit.o [9]
  .text               ro code  0x0002c540     0x3a  ABImemset48.o [8]
  .text               ro code  0x0002c57c    0x15c  xsyslock_mtx.o [5]
  .text               ro code  0x0002c6d8    0xeac  api_msg.o [7]
  .text               ro code  0x0002d584     0x20  init.o [7]
  .text               ro code  0x0002d5a4    0x13c  clock_5410x.o [1]
  .text               ro code  0x0002d6e0    0x260  wwd_internal.o [7]
  .text               ro code  0x0002d940    0x300  wwd_firmware.o [7]
  .text               ro code  0x0002dc40     0x24  setlocale.o [5]
  .text               ro code  0x0002dc64     0x60  xencoding_sb.o [5]
  .text               ro code  0x0002dcc4      0x2  I64DivZer.o [8]
  .text               ro code  0x0002dcc8     0xe8  DblAdd.o [6]
  .text               ro code  0x0002ddb0     0x4c  wps_host.o [7]
  .text               ro code  0x0002ddfc     0x7a  CheckSumUtils.o [1]
  .text               ro code  0x0002de76     0x18  toupper.o [5]
  .text               ro code  0x0002de8e     0x3c  isxxx.o [5]
  .text               ro code  0x0002deca     0x16  strnlen.o [5]
  .text               ro code  0x0002dee0     0x44  logging.o [7]
  .text               ro code  0x0002df24     0x8c  wiced_lib.o [7]
  .text               ro code  0x0002dfb0      0xc  xlocale_c.o [5]
  .text               ro code  0x0002dfbc      0xc  errno.o [5]
  .text               ro code  0x0002dfc8     0x38  syscon_5410x.o [1]
  .text               ro code  0x0002e000     0x88  uart_5410x.o [1]
  .text               ro code  0x0002e088     0x94  dma_5410x.o [1]
  .text               ro code  0x0002e11c   0x1492  ZigBeeControlBridge.o [1]
  .text               ro code  0x0002f5b0    0x4bc  user_uart.o [1]
  .text               ro code  0x0002fa6c    0x660  json_object.o [1]
  .text               ro code  0x000300cc    0xeac  json_tokener.o [1]
  .text               ro code  0x00030f78    0x560  ZigBeePDM.o [1]
  .text               ro code  0x000314d8    0x2d4  ZigBeeAttributeReport.o [1]
  .text               ro code  0x000317ac    0x578  ZigBeeNetwork.o [1]
  .text               ro code  0x00031d24     0xc4  ZigBeeZLL.o [1]
  .text               ro code  0x00031de8    0x4b8  fogCloud.o [1]
  .text               ro code  0x000322a0    0x8ac  MicoFogCloudConfigServer.o [1]
  .text               ro code  0x00032b4c    0x4f0  MICOConfigDelegate.o [1]
  .text               ro code  0x0003303c      0x6  ABImemclr.o [8]
  .text               ro code  0x00033044    0xe60  mico_cli.o [1]
  .text               ro code  0x00033ea4    0xa40  system_easylink.o [1]
  .text               ro code  0x000348e4    0xbcc  config_server.o [1]
  .text               ro code  0x000354b0    0xdcc  mico_mdns.o [1]
  .text               ro code  0x0003627c    0x350  spi_flash.o [1]
  .text               ro code  0x000365cc     0x72  iap.o [1]
  .text               ro code  0x0003663e     0x1c  iar_mutex.o [7]
  .text               ro code  0x0003665c    0x230  pll_5410x.o [1]
  .text               ro code  0x0003688c     0x18  read_wifi_firmware.o [7]
  .text               ro code  0x000368a4     0x16  xlocale_c.o [5]
  .text               ro code  0x000368ba     0x24  xlocale_c.o [5]
  .text               ro code  0x000368de     0x14  xlocale_c.o [5]
  .text               ro code  0x000368f4    0x344  ZigBeeSerialLink.o [1]
  .text               ro code  0x00036c38     0x22  I64Shl.o [8]
  .text               ro code  0x00036c5c     0x1e  U64Shr.o [8]
  .text               ro code  0x00036c7c    0x136  printbuf.o [1]
  .text               ro code  0x00036db4    0x34c  linkhash.o [1]
  .text               ro code  0x00037100     0x18  strdup.o [5]
  .text               ro code  0x00037118     0x20  DblCmpEq.o [6]
  .text               ro code  0x00037138     0xe4  json_util.o [1]
  .text               ro code  0x0003721c     0x7a  DblToI64.o [6]
  .text               ro code  0x00037296     0xd4  arraylist.o [1]
  .text               ro code  0x0003736a     0x4e  strncasecmp.o [5]
  .text               ro code  0x000373b8     0x24  sscanf.o [5]
  .text               ro code  0x000373dc     0x14  FogCloudServiceVersion.o [4]
  .text               ro code  0x000373f0   0x10c0  FogCloudService.o [4]
  .text               ro code  0x000384b0    0x9a6  md5.o [7]
  .text               ro code  0x00038e58   0x15ec  FogCloudUtils.o [4]
  .text               ro code  0x0003a444     0xa8  SocketUtils.o [1]
  .text               ro code  0x0003a4ec    0x178  config_server_menu.o [1]
  .text               ro code  0x0003a664    0x6b4  tftpc.o [2]
  .text               ro code  0x0003ad18    0x334  tftp_ota.o [1]
  .text               ro code  0x0003b04c     0x3c  vsnprint.o [5]
  .text               ro code  0x0003b088      0x4  system_easylink_delegate.o [1]
  .text               ro code  0x0003b08c    0xb38  HTTPUtils.o [1]
  .text               ro code  0x0003bbc4     0x30  spi_flash_platform.o [1]
  .text               ro code  0x0003bbf4     0x2c  vsprintf.o [5]
  .text               ro code  0x0003bc20     0x18  vprintf.o [5]
  .text               ro code  0x0003bc38      0x4  exit.o [5]
  .text               ro code  0x0003bc3c    0xcd0  xscanffull.o [5]
  .text               ro code  0x0003c90c    0x800  FogCloudMQTTClient.o [4]
  .text               ro code  0x0003d10c     0x28  strncat.o [5]
  .text               ro code  0x0003d134    0x16c  URLUtils.o [1]
  .text               ro code  0x0003d2a0     0x12  cexit.o [8]
  .text               ro code  0x0003d2b4     0x40  xwctob.o [5]
  .text               ro code  0x0003d2f4     0xa4  xstoll.o [5]
  .text               ro code  0x0003d398    0x1b0  xstoull.o [5]
  .text               ro code  0x0003d548    0x168  xstold.o [6]
  .text               ro code  0x0003d6b0     0x90  DblToFlt.o [6]
  .text               ro code  0x0003d740    0x2a6  MQTTMICO.o [4]
  .text               ro code  0x0003d9e8    0x6b0  MQTTClient.o [4]
  .text               ro code  0x0003e098     0x58  xcloseall.o [5]
  .text               ro code  0x0003e0f0    0x124  xstopfx.o [5]
  .text               ro code  0x0003e214    0x1b8  xstoflt.o [5]
  .rodata             const    0x0003e3cc     0x4c  dns.o [7]
  .text               ro code  0x0003e418    0x200  xdtento.o [6]
  .text               ro code  0x0003e618    0x218  xstoxflt.o [5]
  .text               ro code  0x0003e830    0x1f4  MQTTPacket.o [4]
  .text               ro code  0x0003ea24    0x2e8  MQTTConnectClient.o [4]
  .text               ro code  0x0003ed0c     0xf8  MQTTDeserializePublish.o [4]
  .text               ro code  0x0003ee04    0x10c  MQTTSerializePublish.o [4]
  .text               ro code  0x0003ef10    0x138  MQTTSubscribeClient.o [4]
  .text               ro code  0x0003f048     0x7a  fclose.o [5]
  .text               ro code  0x0003f0c2     0x14  Retarget.o [1]
  .text               ro code  0x0003f0d6     0x56  xdunscal.o [6]
  .text               ro code  0x0003f12c     0x7c  xfofind.o [5]
  .text               ro code  0x0003f1a8     0xb0  fflush.o [5]
  .text               ro code  0x0003f258     0x1a  close.o [9]
  .text               ro code  0x0003f272     0x16  remove.o [9]
  .text               ro code  0x0003f288     0xe0  XShHandles.o [5]
  .rodata             const    0x0003f368   0x1400  aes.o [7]
  .rodata             const    0x00040768   0x1400  aes.o [7]
  .text               ro code  0x00041b68    0x3a4  hardfault.o [1]
  .rodata             const    0x00041f0c    0x30c  wwd_firmware.o [7]
  .rodata             const    0x00042218    0x224  mico_cli.o [1]
  .rodata             const    0x0004243c    0x1c8  platform.o [1]
  .rodata             const    0x00042604    0x100  smart_config.o [7]
  .rodata             const    0x00042704    0x100  wwd_wifi.o [7]
  .text               ro code  0x00042804     0xd6  xfspos.o [5]
  .text               ro code  0x000428da      0xc  xfgpos.o [5]
  .text               ro code  0x000428e6     0x4c  lseek.o [9]
  .text               ro code  0x00042932     0xd0  packbits_init.o [8]
  .text               ro code  0x00042a02     0xb6  xfwprep.o [5]
  .text               ro code  0x00042ab8     0x22  fseek.o [5]
  .rodata             const    0x00042adc     0x68  wifimgr.o [7]
  .text               ro code  0x00042b44     0x68  startup_lpc54100_EWARM.o [1]
  .rodata             const    0x00042bac     0x58  smart_config.o [7]
  .text               ro code  0x00042c04     0x56  fputc.o [5]
  .rodata             const    0x00042c5c     0x4c  dns.o [7]
  .rodata             const    0x00042ca8     0x48  tcp_in.o [7]
  .rodata             const    0x00042cf0     0x44  tcp_in.o [7]
  .rodata             const    0x00042d34     0x40  sockets.o [7]
  .rodata             const    0x00042d74     0x40  wifimgr.o [7]
  .rodata             const    0x00042db4     0x40  wifimgr.o [7]
  .rodata             const    0x00042df4     0x40  udp.o [7]
  .rodata             const    0x00042e34     0x40  udp.o [7]
  .text               ro code  0x00042e74     0x40  zero_init3.o [8]
  .rodata             const    0x00042eb4     0x3c  wifimgr.o [7]
  .rodata             const    0x00042ef0     0x3c  wifimgr.o [7]
  .rodata             const    0x00042f2c     0x3c  wifimgr.o [7]
  .rodata             const    0x00042f68     0x38  wifimgr.o [7]
  .rodata             const    0x00042fa0     0x38  wifimgr.o [7]
  .rodata             const    0x00042fd8     0x38  memp.o [7]
  .rodata             const    0x00043010     0x34  smart_config.o [7]
  .rodata             const    0x00043044     0x30  wifimgr.o [7]
  .rodata             const    0x00043074     0x30  tcp_in.o [7]
  .rodata             const    0x000430a4     0x30  etharp.o [7]
  .rodata             const    0x000430d4     0x30  etharp.o [7]
  .rodata             const    0x00043104     0x30  aes.o [7]
  .rodata             const    0x00043134     0x2c  wifimgr.o [7]
  .rodata             const    0x00043160     0x2c  wifimgr.o [7]
  .rodata             const    0x0004318c     0x2c  wifimgr.o [7]
  .rodata             const    0x000431b8     0x2c  mftest.o [7]
  .rodata             const    0x000431e4     0x2c  etharp.o [7]
  .rodata             const    0x00043210     0x28  wifimgr.o [7]
  .rodata             const    0x00043238     0x28  wifimgr.o [7]
  .rodata             const    0x00043260     0x28  wifimgr.o [7]
  .rodata             const    0x00043288     0x28  wifimgr.o [7]
  .rodata             const    0x000432b0     0x28  wifimgr.o [7]
  .rodata             const    0x000432d8     0x28  SDPCM.o [7]
  .rodata             const    0x00043300     0x28  mftest.o [7]
  .rodata             const    0x00043328     0x28  smart_config.o [7]
  .rodata             const    0x00043350     0x28  aes.o [7]
  .text               ro code  0x00043378     0x28  data_init.o [8]
  .rodata             const    0x000433a0     0x24  json_object.o [1]
  .rodata             const    0x000433c4     0x24  wifimgr.o [7]
  .rodata             const    0x000433e8     0x24  wifimgr.o [7]
  .rodata             const    0x0004340c     0x24  wifimgr.o [7]
  .rodata             const    0x00043430     0x24  SDPCM.o [7]
  .rodata             const    0x00043454     0x24  memp.o [7]
  .rodata             const    0x00043478     0x24  mftest.o [7]
  .rodata             const    0x0004349c     0x24  smart_config.o [7]
  .rodata             const    0x000434c0     0x24  smart_config.o [7]
  .rodata             const    0x000434e4     0x24  tcp_in.o [7]
  .rodata             const    0x00043508     0x24  dhcp_server.o [7]
  .text               ro code  0x0004352c     0x22  fpinit_M.o [6]
  .iar.init_table     const    0x00043550     0x3c  - Linker created -
  .rodata             const    0x0004358c     0x20  wifimgr.o [7]
  .rodata             const    0x000435ac     0x20  wifimgr.o [7]
  .rodata             const    0x000435cc     0x20  wifimgr.o [7]
  .rodata             const    0x000435ec     0x20  wifimgr.o [7]
  .rodata             const    0x0004360c     0x20  wifimgr.o [7]
  .rodata             const    0x0004362c     0x20  wifimgr.o [7]
  .rodata             const    0x0004364c     0x20  wifimgr.o [7]
  .rodata             const    0x0004366c     0x20  memp.o [7]
  .rodata             const    0x0004368c     0x20  memp.o [7]
  .rodata             const    0x000436ac     0x20  memp.o [7]
  .rodata             const    0x000436cc     0x20  mftest.o [7]
  .rodata             const    0x000436ec     0x20  mftest.o [7]
  .rodata             const    0x0004370c     0x20  mftest.o [7]
  .rodata             const    0x0004372c     0x20  smart_config.o [7]
  .rodata             const    0x0004374c     0x20  dns.o [7]
  .rodata             const    0x0004376c     0x20  wifi.o [7]
  .rodata             const    0x0004378c     0x20  udp.o [7]
  .rodata             const    0x000437ac     0x20  dhcp_server.o [7]
  .rodata             const    0x000437cc     0x1c  mxchipWNET.o [7]
  .rodata             const    0x000437e8     0x1c  sockets.o [7]
  .rodata             const    0x00043804     0x1c  wifimgr.o [7]
  .rodata             const    0x00043820     0x1c  wifimgr.o [7]
  .rodata             const    0x0004383c     0x1c  wifimgr.o [7]
  .rodata             const    0x00043858     0x1c  wifimgr.o [7]
  .rodata             const    0x00043874     0x1c  SDPCM.o [7]
  .rodata             const    0x00043890     0x1c  SDPCM.o [7]
  .rodata             const    0x000438ac     0x1c  mftest.o [7]
  .rodata             const    0x000438c8     0x1c  smart_config.o [7]
  .rodata             const    0x000438e4     0x1c  smart_config.o [7]
  .rodata             const    0x00043900     0x1c  smart_config.o [7]
  .rodata             const    0x0004391c     0x1c  smart_config.o [7]
  .rodata             const    0x00043938     0x1c  wwd_wifi.o [7]
  .text               ro code  0x00043954     0x1c  crt0_EWARM.o [1]
  .text               ro code  0x00043970     0x1a  cmain.o [8]
  .rodata             const    0x0004398c     0x18  sockets.o [7]
  .rodata             const    0x000439a4     0x18  sockets.o [7]
  .rodata             const    0x000439bc     0x18  sockets.o [7]
  .rodata             const    0x000439d4     0x18  sockets.o [7]
  .rodata             const    0x000439ec     0x18  wifimgr.o [7]
  .rodata             const    0x00043a04     0x18  wifimgr.o [7]
  .rodata             const    0x00043a1c     0x18  wifimgr.o [7]
  .rodata             const    0x00043a34     0x18  wifimgr.o [7]
  .rodata             const    0x00043a4c     0x18  wifimgr.o [7]
  .rodata             const    0x00043a64     0x18  wifimgr.o [7]
  .rodata             const    0x00043a7c     0x18  wifimgr.o [7]
  .rodata             const    0x00043a94     0x18  wifimgr.o [7]
  .rodata             const    0x00043aac     0x18  wifimgr.o [7]
  .rodata             const    0x00043ac4     0x18  wifimgr.o [7]
  .rodata             const    0x00043adc     0x18  SDPCM.o [7]
  .rodata             const    0x00043af4     0x18  SDPCM.o [7]
  .rodata             const    0x00043b0c     0x18  mftest.o [7]
  .rodata             const    0x00043b24     0x18  mftest.o [7]
  .rodata             const    0x00043b3c     0x18  mftest.o [7]
  .rodata             const    0x00043b54     0x18  smart_config.o [7]
  .rodata             const    0x00043b6c     0x18  smart_config.o [7]
  .rodata             const    0x00043b84     0x18  smart_config.o [7]
  .rodata             const    0x00043b9c     0x18  smart_config.o [7]
  .rodata             const    0x00043bb4     0x18  smart_config.o [7]
  .rodata             const    0x00043bcc     0x18  smart_config.o [7]
  .rodata             const    0x00043be4     0x18  smart_config.o [7]
  .rodata             const    0x00043bfc     0x18  smart_config.o [7]
  .rodata             const    0x00043c14     0x18  smart_config.o [7]
  .text               ro code  0x00043c2c     0x16  xprout.o [5]
  .text               ro code  0x00043c44      0xc  putchar.o [5]
  .rodata             const    0x00043c50     0x14  wifimgr.o [7]
  .rodata             const    0x00043c64     0x14  wifimgr.o [7]
  .rodata             const    0x00043c78     0x14  wifimgr.o [7]
  .rodata             const    0x00043c8c     0x14  wifimgr.o [7]
  .rodata             const    0x00043ca0     0x14  wifimgr.o [7]
  .rodata             const    0x00043cb4     0x14  wifimgr.o [7]
  .rodata             const    0x00043cc8     0x14  wifimgr.o [7]
  .rodata             const    0x00043cdc     0x14  wifimgr.o [7]
  .rodata             const    0x00043cf0     0x14  wifimgr.o [7]
  .rodata             const    0x00043d04     0x14  wifimgr.o [7]
  .rodata             const    0x00043d18     0x14  wifimgr.o [7]
  .rodata             const    0x00043d2c     0x14  wifimgr.o [7]
  .rodata             const    0x00043d40     0x14  wifimgr.o [7]
  .rodata             const    0x00043d54     0x14  wifimgr.o [7]
  .rodata             const    0x00043d68     0x14  wifimgr.o [7]
  .rodata             const    0x00043d7c     0x14  wifimgr.o [7]
  .rodata             const    0x00043d90     0x14  wifimgr.o [7]
  .rodata             const    0x00043da4     0x14  wifimgr.o [7]
  .rodata             const    0x00043db8     0x14  SDPCM.o [7]
  .rodata             const    0x00043dcc     0x14  SDPCM.o [7]
  .rodata             const    0x00043de0     0x14  SDPCM.o [7]
  .rodata             const    0x00043df4     0x14  mftest.o [7]
  .rodata             const    0x00043e08     0x14  mftest.o [7]
  .rodata             const    0x00043e1c     0x14  smart_config.o [7]
  .rodata             const    0x00043e30     0x14  smart_config.o [7]
  .rodata             const    0x00043e44     0x14  smart_config.o [7]
  .rodata             const    0x00043e58     0x14  smart_config.o [7]
  .rodata             const    0x00043e6c     0x14  smart_config.o [7]
  .rodata             const    0x00043e80     0x14  aes_wrap.o [7]
  .rodata             const    0x00043e94     0x14  dns.o [7]
  .rodata             const    0x00043ea8     0x14  wwd_wifi.o [7]
  .rodata             const    0x00043ebc     0x14  wwd_wifi.o [7]
  .rodata             const    0x00043ed0     0x14  tasks.o [7]
  .rodata             const    0x00043ee4     0x14  tasks.o [7]
  .rodata             const    0x00043ef8     0x14  wiced_network.o [7]
  .text               ro code  0x00043f0c     0x12  startup_lpc54100_EWARM.o [1]
  .rodata             const    0x00043f20     0x10  mico_config.o [1]
  .rodata             const    0x00043f30     0x10  mxchipWNET.o [7]
  .rodata             const    0x00043f40     0x10  mxchipWNET.o [7]
  .rodata             const    0x00043f50     0x10  wiced_rtos.o [7]
  .rodata             const    0x00043f60     0x10  wiced_rtos.o [7]
  .rodata             const    0x00043f70     0x10  wifimgr.o [7]
  .rodata             const    0x00043f80     0x10  wifimgr.o [7]
  .rodata             const    0x00043f90     0x10  wifimgr.o [7]
  .rodata             const    0x00043fa0     0x10  wifimgr.o [7]
  .rodata             const    0x00043fb0     0x10  wifimgr.o [7]
  .rodata             const    0x00043fc0     0x10  wifimgr.o [7]
  .rodata             const    0x00043fd0     0x10  wifimgr.o [7]
  .rodata             const    0x00043fe0     0x10  wifimgr.o [7]
  .rodata             const    0x00043ff0     0x10  wifimgr.o [7]
  .rodata             const    0x00044000     0x10  wifimgr.o [7]
  .rodata             const    0x00044010     0x10  wifimgr.o [7]
  .rodata             const    0x00044020     0x10  wifimgr.o [7]
  .rodata             const    0x00044030     0x10  SDPCM.o [7]
  .rodata             const    0x00044040     0x10  memp.o [7]
  .rodata             const    0x00044050     0x10  memp.o [7]
  .rodata             const    0x00044060     0x10  memp.o [7]
  .rodata             const    0x00044070     0x10  memp.o [7]
  .rodata             const    0x00044080     0x10  memp.o [7]
  .rodata             const    0x00044090     0x10  memp.o [7]
  .rodata             const    0x000440a0     0x10  mftest.o [7]
  .rodata             const    0x000440b0     0x10  mftest.o [7]
  .rodata             const    0x000440c0     0x10  smart_config.o [7]
  .rodata             const    0x000440d0     0x10  smart_config.o [7]
  .rodata             const    0x000440e0     0x10  smart_config.o [7]
  .rodata             const    0x000440f0     0x10  smart_config.o [7]
  .rodata             const    0x00044100     0x10  smart_config.o [7]
  .rodata             const    0x00044110     0x10  smart_config.o [7]
  .rodata             const    0x00044120     0x10  smart_config.o [7]
  .rodata             const    0x00044130     0x10  smart_config.o [7]
  .rodata             const    0x00044140     0x10  smart_config.o [7]
  .rodata             const    0x00044150     0x10  dns.o [7]
  .rodata             const    0x00044160     0x10  tcp.o [7]
  .rodata             const    0x00044170     0x10  wwd_wifi.o [7]
  .rodata             const    0x00044180     0x10  wwd_wifi.o [7]
  .rodata             const    0x00044190     0x10  wwd_wifi.o [7]
  .rodata             const    0x000441a0     0x10  wwd_wifi.o [7]
  .rodata             const    0x000441b0     0x10  wifi.o [7]
  .rodata             const    0x000441c0     0x10  lwiptcpip.o [7]
  .rodata             const    0x000441d0     0x10  wwd_ap.o [7]
  .rodata             const    0x000441e0     0x10  FogCloudMQTTClient.o [4]
  .rodata             const    0x000441f0      0xc  wiced_rtos.o [7]
  .rodata             const    0x000441fc      0xc  wifimgr.o [7]
  .rodata             const    0x00044208      0xc  wifimgr.o [7]
  .rodata             const    0x00044214      0xc  wifimgr.o [7]
  .rodata             const    0x00044220      0xc  wifimgr.o [7]
  .rodata             const    0x0004422c      0xc  wifimgr.o [7]
  .rodata             const    0x00044238      0xc  wifimgr.o [7]
  .rodata             const    0x00044244      0xc  wifimgr.o [7]
  .rodata             const    0x00044250      0xc  wifimgr.o [7]
  .rodata             const    0x0004425c      0xc  wifimgr.o [7]
  .rodata             const    0x00044268      0xc  wifimgr.o [7]
  .rodata             const    0x00044274      0xc  wifimgr.o [7]
  .rodata             const    0x00044280      0xc  wifimgr.o [7]
  .rodata             const    0x0004428c      0xc  memp.o [7]
  .rodata             const    0x00044298      0xc  memp.o [7]
  .rodata             const    0x000442a4      0xc  memp.o [7]
  .rodata             const    0x000442b0      0xc  smart_config.o [7]
  .rodata             const    0x000442bc      0xc  smart_config.o [7]
  .rodata             const    0x000442c8      0xc  smart_config.o [7]
  .rodata             const    0x000442d4      0xc  smart_config.o [7]
  .rodata             const    0x000442e0      0xc  smart_config.o [7]
  .rodata             const    0x000442ec      0xc  smart_config.o [7]
  .rodata             const    0x000442f8      0xc  smart_config.o [7]
  .rodata             const    0x00044304      0xc  smart_config.o [7]
  .rodata             const    0x00044310      0xc  smart_config.o [7]
  .rodata             const    0x0004431c      0xc  smart_config.o [7]
  .rodata             const    0x00044328      0xc  smart_config.o [7]
  .rodata             const    0x00044334      0xc  smart_config.o [7]
  .rodata             const    0x00044340      0xc  smart_config.o [7]
  .rodata             const    0x0004434c      0xc  smart_config.o [7]
  .rodata             const    0x00044358      0xc  smart_config.o [7]
  .rodata             const    0x00044364      0xc  smart_config.o [7]
  .rodata             const    0x00044370      0xc  smart_config.o [7]
  .rodata             const    0x0004437c      0xc  smart_config.o [7]
  .rodata             const    0x00044388      0xc  smart_config.o [7]
  .rodata             const    0x00044394      0xc  smart_config.o [7]
  .rodata             const    0x000443a0      0xc  smart_config.o [7]
  .rodata             const    0x000443ac      0xc  smart_config.o [7]
  .rodata             const    0x000443b8      0xc  smart_config.o [7]
  .rodata             const    0x000443c4      0xc  smart_config.o [7]
  .rodata             const    0x000443d0      0xc  smart_config.o [7]
  .rodata             const    0x000443dc      0xc  smart_config.o [7]
  .rodata             const    0x000443e8      0xc  smart_config.o [7]
  .rodata             const    0x000443f4      0xc  dns.o [7]
  .rodata             const    0x00044400      0xc  dns.o [7]
  .rodata             const    0x0004440c      0xc  dns.o [7]
  .rodata             const    0x00044418      0xc  wwd_wifi.o [7]
  .rodata             const    0x00044424      0xc  wwd_wifi.o [7]
  .rodata             const    0x00044430      0xc  wwd_wifi.o [7]
  .rodata             const    0x0004443c      0xc  wwd_wifi.o [7]
  .rodata             const    0x00044448      0xc  tcp_in.o [7]
  .rodata             const    0x00044454      0xc  wwd_management.o [7]
  .rodata             const    0x00044460      0xc  wwd_management.o [7]
  .rodata             const    0x0004446c      0xc  dns_redirect.o [7]
  .rodata             const    0x00044478      0xc  dns_redirect.o [7]
  .rodata             const    0x00044484      0xc  wwd_ap.o [7]
  .rodata             const    0x00044490      0xc  wwd_ap.o [7]
  .rodata             const    0x0004449c      0xc  wwd_ap.o [7]
  .rodata             const    0x000444a8      0xc  wwd_internal.o [7]
  .rodata             const    0x000444b4      0xc  dhcp_server.o [7]
  .rodata             const    0x000444c0      0xc  wiced_lib.o [7]
  .text               ro code  0x000444cc      0xc  cstartup_M.o [8]
  .rodata             const    0x000444d8      0x8  sockets.o [7]
  .rodata             const    0x000444e0      0x8  sockets.o [7]
  .rodata             const    0x000444e8      0x8  sockets.o [7]
  .rodata             const    0x000444f0      0x8  sockets.o [7]
  .rodata             const    0x000444f8      0x8  sockets.o [7]
  .rodata             const    0x00044500      0x8  sockets.o [7]
  .rodata             const    0x00044508      0x8  wifimgr.o [7]
  .rodata             const    0x00044510      0x8  wifimgr.o [7]
  .rodata             const    0x00044518      0x8  wifimgr.o [7]
  .rodata             const    0x00044520      0x8  wifimgr.o [7]
  .rodata             const    0x00044528      0x8  wifimgr.o [7]
  .rodata             const    0x00044530      0x8  wifimgr.o [7]
  .rodata             const    0x00044538      0x8  wifimgr.o [7]
  .rodata             const    0x00044540      0x8  wifimgr.o [7]
  .rodata             const    0x00044548      0x8  wifimgr.o [7]
  .rodata             const    0x00044550      0x8  wifimgr.o [7]
  .rodata             const    0x00044558      0x8  wifimgr.o [7]
  .rodata             const    0x00044560      0x8  wifimgr.o [7]
  .rodata             const    0x00044568      0x8  wifimgr.o [7]
  .rodata             const    0x00044570      0x8  wifimgr.o [7]
  .rodata             const    0x00044578      0x8  SDPCM.o [7]
  .rodata             const    0x00044580      0x8  memp.o [7]
  .rodata             const    0x00044588      0x8  memp.o [7]
  .rodata             const    0x00044590      0x8  memp.o [7]
  .rodata             const    0x00044598      0x8  memp.o [7]
  .rodata             const    0x000445a0      0x8  memp.o [7]
  .rodata             const    0x000445a8      0x8  memp.o [7]
  .rodata             const    0x000445b0      0x8  memp.o [7]
  .rodata             const    0x000445b8      0x8  memp.o [7]
  .rodata             const    0x000445c0      0x8  wwd_thread.o [7]
  .rodata             const    0x000445c8      0x8  smart_config.o [7]
  .rodata             const    0x000445d0      0x8  smart_config.o [7]
  .rodata             const    0x000445d8      0x8  smart_config.o [7]
  .rodata             const    0x000445e0      0x8  dns.o [7]
  .rodata             const    0x000445e8      0x8  dns.o [7]
  .rodata             const    0x000445f0      0x8  tcp.o [7]
  .rodata             const    0x000445f8      0x8  wwd_wifi.o [7]
  .rodata             const    0x00044600      0x8  wwd_wifi.o [7]
  .rodata             const    0x00044608      0x8  wwd_wifi.o [7]
  .rodata             const    0x00044610      0x8  wwd_wifi.o [7]
  .rodata             const    0x00044618      0x8  wwd_wifi.o [7]
  .rodata             const    0x00044620      0x8  tcp_in.o [7]
  .rodata             const    0x00044628      0x8  tcp_in.o [7]
  .rodata             const    0x00044630      0x8  tcp_in.o [7]
  .rodata             const    0x00044638      0x8  tcp_in.o [7]
  .rodata             const    0x00044640      0x8  wwd_management.o [7]
  .rodata             const    0x00044648      0x8  wwd_management.o [7]
  .rodata             const    0x00044650      0x8  ostimers.o [7]
  .rodata             const    0x00044658      0x8  tasks.o [7]
  .rodata             const    0x00044660      0x8  etharp.o [7]
  .rodata             const    0x00044668      0x8  etharp.o [7]
  .rodata             const    0x00044670      0x8  etharp.o [7]
  .rodata             const    0x00044678      0x8  etharp.o [7]
  .rodata             const    0x00044680      0x8  wiced_network.o [7]
  .rodata             const    0x00044688      0x8  wwd_ap.o [7]
  .rodata             const    0x00044690      0x8  wwd_network.o [7]
  .rodata             const    0x00044698      0x8  dhcp_server.o [7]
  .rodata             const    0x000446a0      0x8  dhcp_server.o [7]
  .rodata             const    0x000446a8      0x8  dhcp_server.o [7]
  .rodata             const    0x000446b0      0x8  dhcp_server.o [7]
  .text               ro code  0x000446b8      0x6  startup_lpc54100_EWARM.o [1]
  .rodata             const    0x000446c0      0x4  smart_config.o [7]
  .rodata             const    0x000446c4      0x4  smart_config.o [7]
  .rodata             const    0x000446c8      0x4  ip_addr.o [7]
  .rodata             const    0x000446cc      0x4  ip_addr.o [7]
  .rodata             const    0x000446d0      0x4  dhcp_server.o [7]
  .rodata             const    0x000446d4      0x4  dhcp_server.o [7]
  .rodata             const    0x000446d8      0x4  dhcp_server.o [7]
  .rodata             const    0x000446dc      0x4  dhcp_server.o [7]
  .rodata             const    0x000446e0      0x4  dhcp_server.o [7]
  .text               ro code  0x000446e4      0x4  startup_lpc54100_EWARM.o [1]
  .text               ro code  0x000446e8      0x4  startup_lpc54100_EWARM.o [1]
  .text               ro code  0x000446ec      0x4  startup_lpc54100_EWARM.o [1]
  .text               ro code  0x000446f0      0x4  startup_lpc54100_EWARM.o [1]
  .text               ro code  0x000446f4      0x4  startup_lpc54100_EWARM.o [1]
  .text               ro code  0x000446f8      0x4  startup_lpc54100_EWARM.o [1]
  .text               ro code  0x000446fc      0x4  startup_lpc54100_EWARM.o [1]
  .text               ro code  0x00044700      0x4  startup_lpc54100_EWARM.o [1]
  .text               ro code  0x00044704      0x0  cstart_clearlocks.o [8]
  .text               ro code  0x00044704      0x0  cstart_closeall.o [8]
  .rodata             const    0x00044704      0x0  zero_init3.o [8]
  .rodata             const    0x00044704      0x0  packbits_init.o [8]
  Initializer bytes   const    0x00044704    0x190  <for P2 s0>
                             - 0x00044894  0x3878c

"P2", part 1 of 2:                         0x17d84
  HEAP                         0x02000100  0x11000  <Block>
    HEAP              uninit   0x02000100  0x11000  <Block tail>
  .bss                zero     0x02011100   0x517c  memp.o [7]
  .bss                zero     0x0201627c    0x500  smart_config.o [7]
  .bss                zero     0x0201677c    0x460  dns.o [7]
  .bss                zero     0x02016bdc     0x64  dhcp_server.o [7]
  .bss                zero     0x02016c40    0x33a  fogCloud.o [1]
  .bss                zero     0x02016f7a      0x6  ZigBeeSerialLink.o [1]
  .bss                zero     0x02016f80    0x280  user_uart.o [1]
  .bss                zero     0x02017200    0x204  dns.o [7]
  .bss                zero     0x02017404    0x1d8  dlmalloc.o [7]
  .bss                zero     0x020175dc    0x18c  user_uart.o [1]
  .bss                zero     0x02017768    0x180  sockets.o [7]
  .bss                zero     0x020178e8     0x3c  wifimgr.o [7]
  .bss                zero     0x02017924     0x3c  wifimgr.o [7]
  .bss                zero     0x02017960     0x3c  wifimgr.o [7]
  .bss                zero     0x0201799c     0x3c  SDPCM.o [7]
  .bss                zero     0x020179d8     0x3c  wiced_network.o [7]
  .bss                zero     0x02017a14     0x38  wiced_network.o [7]
  .bss                zero     0x02017a4c     0x38  xsyslock_mtx.o [5]
  .bss                zero     0x02017a84     0x34  tasks.o [7]
  .bss                zero     0x02017ab8     0x30  ZigBeeNetwork.o [1]
  .bss                zero     0x02017ae8     0x30  mftest.o [7]
  .bss                zero     0x02017b18     0x30  mftest.o [7]
  .bss                zero     0x02017b48     0x28  wlan_bus_spi.o [1]
  .bss                zero     0x02017b70     0x28  smart_config.o [7]
  .bss                zero     0x02017b98     0x28  dnsclient.o [7]
  .bss                zero     0x02017bc0     0x28  wiced_ping.o [7]
  .bss                zero     0x02017be8     0x28  dhcp.o [7]
  .bss                zero     0x02017c10     0x24  mico_platform_common.o [1]
  .bss                zero     0x02017c34     0x24  power_control.o [1]
  .bss                zero     0x02017c58     0x24  wifimgr.o [7]
  .bss                zero     0x02017c7c     0x20  config_server.o [1]
  .bss                zero     0x02017c9c     0x20  platform_i2c.o [1]
  .bss                zero     0x02017cbc     0x20  smart_config.o [7]
  .bss                zero     0x02017cdc     0x20  wiced_network.o [7]
  .bss                zero     0x02017cfc     0x20  dhcp_server.o [7]
  .bss                zero     0x02017d1c     0x18  platform.o [1]
  .bss                zero     0x02017d34     0x18  mftest.o [7]
  .bss                zero     0x02017d4c     0x18  dlmalloc.o [7]
  .bss                zero     0x02017d64     0x14  wifimgr.o [7]
  .bss                zero     0x02017d78     0x14  mftest.o [7]
  .bss                zero     0x02017d8c     0x14  tcp_in.o [7]
  .bss                zero     0x02017da0     0x14  ostimers.o [7]
  .bss                zero     0x02017db4     0x14  ostimers.o [7]
  .bss                zero     0x02017dc8     0x14  tasks.o [7]
  .bss                zero     0x02017ddc     0x14  tasks.o [7]
  .bss                zero     0x02017df0     0x14  tasks.o [7]
  .bss                zero     0x02017e04     0x14  tasks.o [7]
  .bss                zero     0x02017e18     0x14  tasks.o [7]
  .bss                zero     0x02017e2c     0x14  wiced_network.o [7]
  .bss                zero     0x02017e40     0x14  wiced_network.o [7]
  .bss                zero     0x02017e54     0x10  MicoFogCloud.o [1]
  .bss                zero     0x02017e64     0x10  platform.o [1]
  .bss                zero     0x02017e74     0x10  platform_flash.o [1]
                             - 0x02017e84  0x17d84

"P2", part 2 of 2:                          0x1b80
  P2 s0                        0x03400000    0x41d  <Init block>
    __DLIB_PERTHREAD  inited   0x03400000     0x8c  rand.o [5]
    __DLIB_PERTHREAD  inited   0x0340008c     0x88  localeconv.o [5]
    __DLIB_PERTHREAD  inited   0x03400114     0x74  setlocale.o [5]
    .data             inited   0x03400188     0x64  platform_init.o [1]
    .data             inited   0x034001ec     0x40  memp.o [7]
    .data             inited   0x0340022c     0x40  xfiles.o [5]
    .data             inited   0x0340026c     0x40  xfiles.o [5]
    .data             inited   0x034002ac     0x40  xfiles.o [5]
    .data             inited   0x034002ec     0x20  mico_mdns.o [1]
    .data             inited   0x0340030c     0x20  xfiles.o [5]
    .data             inited   0x0340032c      0xc  platform.o [1]
    .data             inited   0x03400338     0x14  FogCloudUtils.o [4]
    .data             inited   0x0340034c     0x10  platform.o [1]
    .data             inited   0x0340035c      0xc  wwd_internal.o [7]
    .data             inited   0x03400368     0x10  ZigBeeControlBridge.o [1]
    .data             inited   0x03400378     0x10  tcp.o [7]
    .data             inited   0x03400388      0x8  MicoFogCloudConfigServer.o [1]
    .data             inited   0x03400390      0x8  ZigBeeControlBridge.o [1]
    .data             inited   0x03400398      0x4  json_object.o [1]
    .data             inited   0x0340039c      0x4  json_object.o [1]
    .data             inited   0x034003a0      0x4  json_tokener.o [1]
    .data             inited   0x034003a4      0x4  mico_config.o [1]
    .data             inited   0x034003a8      0x4  platform_init.o [1]
    .data             inited   0x034003ac      0x4  platform_init.o [1]
    .data             inited   0x034003b0      0x4  platform_init.o [1]
    .data             inited   0x034003b4      0x4  platform_init.o [1]
    .data             inited   0x034003b8      0x4  platform_init.o [1]
    .data             inited   0x034003bc      0x4  platform_init.o [1]
    .data             inited   0x034003c0      0x4  platform_init.o [1]
    .data             inited   0x034003c4      0x4  platform_init.o [1]
    .data             inited   0x034003c8      0x4  platform_init.o [1]
    .data             inited   0x034003cc      0x4  platform_init.o [1]
    .data             inited   0x034003d0      0x4  platform_init.o [1]
    .data             inited   0x034003d4      0x4  wifimgr.o [7]
    .data             inited   0x034003d8      0x4  wifimgr.o [7]
    .data             inited   0x034003dc      0x4  wifimgr.o [7]
    .data             inited   0x034003e0      0x4  wifimgr.o [7]
    .data             inited   0x034003e4      0x4  wifimgr.o [7]
    .data             inited   0x034003e8      0x4  SDPCM.o [7]
    .data             inited   0x034003ec      0x4  port.o [7]
    .data             inited   0x034003f0      0x4  mftest.o [7]
    .data             inited   0x034003f4      0x4  mftest.o [7]
    .data             inited   0x034003f8      0x4  smart_config.o [7]
    .data             inited   0x034003fc      0x4  wwd_rtos.o [7]
    .data             inited   0x03400400      0x4  tcp.o [7]
    .data             inited   0x03400404      0x4  wwd_firmware.o [7]
    .data             inited   0x03400408      0x4  wifi.o [7]
    .data             inited   0x0340040c      0x4  tasks.o [7]
    .data             inited   0x03400410      0x4  wwd_ap.o [7]
    .data             inited   0x03400414      0x4  dhcp.o [7]
    __DLIB_PERTHREAD  inited   0x03400418      0x4  errno.o [5]
    .data             inited   0x0340041c      0x1  smart_config.o [7]
  .bss                zero     0x03400600    0x160  dma_5410x.o [1]
  .bss                zero     0x03400760    0x110  user_uart.o [1]
  .bss                zero     0x03400870    0x100  platform_flash.o [1]
  .bss                zero     0x03400970    0x100  smart_config.o [7]
  .bss                zero     0x03400a70    0x100  smart_config.o [7]
  .bss                zero     0x03400b70     0xc8  tasks.o [7]
  .bss                zero     0x03400c38     0xa0  etharp.o [7]
  .bss                zero     0x03400cd8     0x8c  user_uart.o [1]
  .bss                zero     0x03400d64     0x88  wiced_network.o [7]
  .bss                zero     0x03400dec     0x80  mico_mdns.o [1]
  .bss                zero     0x03400e6c     0x80  XShHandles.o [5]
  .bss                zero     0x03400eec     0x70  wifimgr.o [7]
  .bss                zero     0x03400f5c     0x68  platform.o [1]
  .bss                zero     0x03400fc4     0x60  sockets.o [7]
  .bss                zero     0x03401024     0x60  FogCloudMQTTClient.o [4]
  .bss                zero     0x03401084     0x58  mico_cli.o [1]
  .bss                zero     0x034010dc     0x50  mico_system_notification.o [1]
  .bss                zero     0x0340112c     0x50  platform_gpio.o [1]
  .bss                zero     0x0340117c     0x50  smart_config.o [7]
  .bss                zero     0x034011cc     0x50  xfiles.o [5]
  .bss                zero     0x0340121c     0x50  xfiles.o [5]
  .bss                zero     0x0340126c     0x44  FogCloudMQTTClient.o [4]
  .bss                zero     0x034012b0     0x44  netif.o [7]
  .bss                zero     0x034012f4     0x40  system_factory_test.o [1]
  .bss                zero     0x03401334     0x40  memp.o [7]
  .bss                zero     0x03401374     0x40  memp.o [7]
  .bss                zero     0x034013b4     0x40  smart_config.o [7]
  .bss                zero     0x034013f4     0x3c  wifimgr.o [7]
  .bss                zero     0x03401430      0xc  MICOConfigDelegate.o [1]
  .bss                zero     0x03401440     0x10  ZigBeeControlBridge.o [1]
  .bss                zero     0x03401450     0x10  mxchipWNET.o [7]
  .bss                zero     0x03401460     0x10  smart_config.o [7]
  .bss                zero     0x03401470     0x10  ip_addr.o [7]
  .bss                zero     0x03401480      0xc  system_easylink.o [1]
  .bss                zero     0x0340148c      0xc  smart_config.o [7]
  .bss                zero     0x03401498      0xc  dhcp.o [7]
  .bss                zero     0x034014a4      0x8  ZigBeeAttributeReport.o [1]
  .bss                zero     0x034014ac      0x8  wiced_rtos.o [7]
  .bss                zero     0x034014b4      0x8  wifimgr.o [7]
  .bss                zero     0x034014bc      0x8  wifimgr.o [7]
  .bss                zero     0x034014c4      0x8  FogCloudService.o [4]
  .bss                zero     0x034014cc      0x8  smart_config.o [7]
  .bss                zero     0x034014d4      0x8  smart_config.o [7]
  .bss                zero     0x034014dc      0x8  smart_config.o [7]
  .bss                zero     0x034014e4      0x8  dns.o [7]
  .bss                zero     0x034014ec      0x8  wifi.o [7]
  .bss                zero     0x034014f4      0x8  wwd_management.o [7]
  .bss                zero     0x034014fc      0x4  chip_5410x.o [1]
  .bss                zero     0x03401500      0x4  mico_system_init.o [1]
  .bss                zero     0x03401504      0x4  mico_system_para_storage.o [1]
  .bss                zero     0x03401508      0x4  MICOAppEntrance.o [1]
  .bss                zero     0x0340150c      0x4  platform_spi.o [1]
  .bss                zero     0x03401510      0x4  pll_5410x.o [1]
  .bss                zero     0x03401514      0x4  tftp_ota.o [1]
  .bss                zero     0x03401518      0x4  wlan_platform_common.o [1]
  .bss                zero     0x0340151c      0x4  ZigBeeControlBridge.o [1]
  .bss                zero     0x03401520      0x4  ZigBeePDM.o [1]
  .bss                zero     0x03401524      0x4  mxchipWNET.o [7]
  .bss                zero     0x03401528      0x4  mxchipWNET.o [7]
  .bss                zero     0x0340152c      0x4  mxchipWNET.o [7]
  .bss                zero     0x03401530      0x4  mxchipWNET.o [7]
  .bss                zero     0x03401534      0x4  mxchipWNET.o [7]
  .bss                zero     0x03401538      0x4  mxchipWNET.o [7]
  .bss                zero     0x0340153c      0x4  sockets.o [7]
  .bss                zero     0x03401540      0x4  sockets.o [7]
  .bss                zero     0x03401544      0x4  sockets.o [7]
  .bss                zero     0x03401548      0x4  wiced_rtos.o [7]
  .bss                zero     0x0340154c      0x4  wiced_rtos.o [7]
  .bss                zero     0x03401550      0x4  wiced_rtos.o [7]
  .bss                zero     0x03401554      0x4  wifimgr.o [7]
  .bss                zero     0x03401558      0x4  wifimgr.o [7]
  .bss                zero     0x0340155c      0x4  wifimgr.o [7]
  .bss                zero     0x03401560      0x4  wifimgr.o [7]
  .bss                zero     0x03401564      0x4  wifimgr.o [7]
  .bss                zero     0x03401568      0x4  wifimgr.o [7]
  .bss                zero     0x0340156c      0x4  wifimgr.o [7]
  .bss                zero     0x03401570      0x4  wifimgr.o [7]
  .bss                zero     0x03401574      0x4  wifimgr.o [7]
  .bss                zero     0x03401578      0x4  wifimgr.o [7]
  .bss                zero     0x0340157c      0x4  wifimgr.o [7]
  .bss                zero     0x03401580      0x4  wifimgr.o [7]
  .bss                zero     0x03401584      0x4  SDPCM.o [7]
  .bss                zero     0x03401588      0x4  SDPCM.o [7]
  .bss                zero     0x0340158c      0x4  SDPCM.o [7]
  .bss                zero     0x03401590      0x4  SDPCM.o [7]
  .bss                zero     0x03401594      0x4  SDPCM.o [7]
  .bss                zero     0x03401598      0x4  SDPCM.o [7]
  .bss                zero     0x0340159c      0x4  SDPCM.o [7]
  .bss                zero     0x034015a0      0x4  SDPCM.o [7]
  .bss                zero     0x034015a4      0x4  SDPCM.o [7]
  .bss                zero     0x034015a8      0x4  mftest.o [7]
  .bss                zero     0x034015ac      0x4  mftest.o [7]
  .bss                zero     0x034015b0      0x4  mftest.o [7]
  .bss                zero     0x034015b4      0x4  mftest.o [7]
  .bss                zero     0x034015b8      0x4  wwd_thread.o [7]
  .bss                zero     0x034015bc      0x4  wwd_thread.o [7]
  .bss                zero     0x034015c0      0x4  wwd_thread.o [7]
  .bss                zero     0x034015c4      0x4  wwd_thread.o [7]
  .bss                zero     0x034015c8      0x4  smart_config.o [7]
  .bss                zero     0x034015cc      0x4  smart_config.o [7]
  .bss                zero     0x034015d0      0x4  smart_config.o [7]
  .bss                zero     0x034015d4      0x4  smart_config.o [7]
  .bss                zero     0x034015d8      0x4  smart_config.o [7]
  .bss                zero     0x034015dc      0x4  smart_config.o [7]
  .bss                zero     0x034015e0      0x4  smart_config.o [7]
  .bss                zero     0x034015e4      0x4  smart_config.o [7]
  .bss                zero     0x034015e8      0x4  smart_config.o [7]
  .bss                zero     0x034015ec      0x4  smart_config.o [7]
  .bss                zero     0x034015f0      0x4  smart_config.o [7]
  .bss                zero     0x034015f4      0x4  smart_config.o [7]
  .bss                zero     0x034015f8      0x4  smart_config.o [7]
  .bss                zero     0x034015fc      0x4  smart_config.o [7]
  .bss                zero     0x03401600      0x4  smart_config.o [7]
  .bss                zero     0x03401604      0x4  smart_config.o [7]
  .bss                zero     0x03401608      0x4  smart_config.o [7]
  .bss                zero     0x0340160c      0x4  smart_config.o [7]
  .bss                zero     0x03401610      0x4  smart_config.o [7]
  .bss                zero     0x03401614      0x4  smart_config.o [7]
  .bss                zero     0x03401618      0x4  smart_config.o [7]
  .bss                zero     0x0340161c      0x4  wps_host.o [7]
  .bss                zero     0x03401620      0x4  wps_host.o [7]
  .bss                zero     0x03401624      0x4  dns.o [7]
  .bss                zero     0x03401628      0x4  dns.o [7]
  .bss                zero     0x0340162c      0x4  tcp.o [7]
  .bss                zero     0x03401630      0x4  tcp.o [7]
  .bss                zero     0x03401634      0x4  tcp.o [7]
  .bss                zero     0x03401638      0x4  tcp.o [7]
  .bss                zero     0x0340163c      0x4  tcp.o [7]
  .bss                zero     0x03401640      0x4  tcp.o [7]
  .bss                zero     0x03401644      0x4  tcp.o [7]
  .bss                zero     0x03401648      0x4  tcp.o [7]
  .bss                zero     0x0340164c      0x4  wwd_wifi.o [7]
  .bss                zero     0x03401650      0x4  wwd_wifi.o [7]
  .bss                zero     0x03401654      0x4  wwd_wifi.o [7]
  .bss                zero     0x03401658      0x4  wwd_wifi.o [7]
  .bss                zero     0x0340165c      0x4  wwd_wifi.o [7]
  .bss                zero     0x03401660      0x4  wifi.o [7]
  .bss                zero     0x03401664      0x4  wifi.o [7]
  .bss                zero     0x03401668      0x4  wifi.o [7]
  .bss                zero     0x0340166c      0x4  wifi.o [7]
  .bss                zero     0x03401670      0x4  wifi.o [7]
  .bss                zero     0x03401674      0x4  tcp_in.o [7]
  .bss                zero     0x03401678      0x4  tcp_in.o [7]
  .bss                zero     0x0340167c      0x4  tcp_in.o [7]
  .bss                zero     0x03401680      0x4  tcp_in.o [7]
  .bss                zero     0x03401684      0x4  tcp_in.o [7]
  .bss                zero     0x03401688      0x4  tcp_in.o [7]
  .bss                zero     0x0340168c      0x4  igmp.o [7]
  .bss                zero     0x03401690      0x4  igmp.o [7]
  .bss                zero     0x03401694      0x4  igmp.o [7]
  .bss                zero     0x03401698      0x4  igmp.o [7]
  .bss                zero     0x0340169c      0x4  lwiptcpip.o [7]
  .bss                zero     0x034016a0      0x4  lwiptcpip.o [7]
  .bss                zero     0x034016a4      0x4  lwiptcpip.o [7]
  .bss                zero     0x034016a8      0x4  ostimers.o [7]
  .bss                zero     0x034016ac      0x4  ostimers.o [7]
  .bss                zero     0x034016b0      0x4  ostimers.o [7]
  .bss                zero     0x034016b4      0x4  ostimers.o [7]
  .bss                zero     0x034016b8      0x4  tasks.o [7]
  .bss                zero     0x034016bc      0x4  tasks.o [7]
  .bss                zero     0x034016c0      0x4  tasks.o [7]
  .bss                zero     0x034016c4      0x4  tasks.o [7]
  .bss                zero     0x034016c8      0x4  tasks.o [7]
  .bss                zero     0x034016cc      0x4  tasks.o [7]
  .bss                zero     0x034016d0      0x4  tasks.o [7]
  .bss                zero     0x034016d4      0x4  tasks.o [7]
  .bss                zero     0x034016d8      0x4  tasks.o [7]
  .bss                zero     0x034016dc      0x4  tasks.o [7]
  .bss                zero     0x034016e0      0x4  tasks.o [7]
  .bss                zero     0x034016e4      0x4  tasks.o [7]
  .bss                zero     0x034016e8      0x4  tasks.o [7]
  .bss                zero     0x034016ec      0x4  tasks.o [7]
  .bss                zero     0x034016f0      0x4  mxchip_debug.o [7]
  .bss                zero     0x034016f4      0x4  mxchip_debug.o [7]
  .bss                zero     0x034016f8      0x4  dnsclient.o [7]
  .bss                zero     0x034016fc      0x4  ip.o [7]
  .bss                zero     0x03401700      0x4  ip.o [7]
  .bss                zero     0x03401704      0x4  ip.o [7]
  .bss                zero     0x03401708      0x4  ip.o [7]
  .bss                zero     0x0340170c      0x4  ip.o [7]
  .bss                zero     0x03401710      0x4  udp.o [7]
  .bss                zero     0x03401714      0x4  wiced_network.o [7]
  .bss                zero     0x03401718      0x4  wiced_network.o [7]
  .bss                zero     0x0340171c      0x4  wwd_ap.o [7]
  .bss                zero     0x03401720      0x4  wwd_internal.o [7]
  .bss                zero     0x03401724      0x4  lwiptimers.o [7]
  .bss                zero     0x03401728      0x4  lwiptimers.o [7]
  .bss                zero     0x0340172c      0x4  wiced_ping.o [7]
  .bss                zero     0x03401730      0x4  netif.o [7]
  .bss                zero     0x03401734      0x4  netif.o [7]
  .bss                zero     0x03401738      0x4  raw.o [7]
  .bss                zero     0x0340173c      0x4  logging.o [7]
  .bss                zero     0x03401740      0x4  logging.o [7]
  .bss                zero     0x03401744      0x4  MQTTPacket.o [4]
  .bss                zero     0x03401748      0x4  xgetmemchunk.o [5]
  .bss                zero     0x0340174c      0x2  SDPCM.o [7]
  .bss                zero     0x0340174e      0x2  tcp.o [7]
  .bss                zero     0x03401750      0x2  tcp_in.o [7]
  .bss                zero     0x03401752      0x2  ip.o [7]
  .bss                zero     0x03401754      0x2  wiced_network.o [7]
  .bss                zero     0x03401756      0x2  wiced_ping.o [7]
  .bss                zero     0x03401758      0x1  mico_system_power_daemon.o [1]
  .bss                zero     0x03401759      0x1  platform_uart.o [1]
  .bss                zero     0x0340175a      0x1  printbuf.o [1]
  .bss                zero     0x0340175b      0x1  wifimgr.o [7]
  .bss                zero     0x0340175c      0x1  wifimgr.o [7]
  .bss                zero     0x0340175d      0x1  wifimgr.o [7]
  .bss                zero     0x0340175e      0x1  SDPCM.o [7]
  .bss                zero     0x0340175f      0x1  SDPCM.o [7]
  .bss                zero     0x03401760      0x1  SDPCM.o [7]
[...]
wiced_bus_allow_wlan_bus_to_sleep
                        0x0002564d    0x10  Code  Gb  wwd_bus_protocol.o [7]
wiced_bus_deinit        0x00025499     0xc  Code  Gb  wwd_bus_protocol.o [7]
wiced_bus_ensure_wlan_bus_is_up
                        0x00025621    0x2c  Code  Gb  wwd_bus_protocol.o [7]
wiced_bus_flow_controlled
                        0x0340177b     0x1  Data  Lc  wwd_bus_protocol.o [7]
wiced_bus_init          0x000252ab   0x1ee  Code  Gb  wwd_bus_protocol.o [7]
wiced_bus_interrupt     0x03401767     0x1  Data  Lc  wwd_thread.o [7]
wiced_bus_is_flow_controlled
                        0x000251cf     0x8  Code  Gb  wwd_bus_protocol.o [7]
wiced_bus_poke_wlan     0x000251af     0x4  Code  Gb  wwd_bus_protocol.o [7]
wiced_bus_process_interrupt
                        0x000251d7    0x36  Code  Gb  wwd_bus_protocol.o [7]
wiced_bus_set_flow_control
                        0x000251b3    0x1c  Code  Gb  wwd_bus_protocol.o [7]
wiced_bus_transfer_buffer
                        0x000250ad   0x102  Code  Gb  wwd_bus_protocol.o [7]
wiced_bus_transfer_bytes
                        0x0002553d    0xe4  Code  Gb  wwd_bus_protocol.o [7]
wiced_device_core_is_up
                        0x0002d795    0x5c  Code  Gb  wwd_internal.o [7]
wiced_dhcp_handle       0x020179d8    0x3c  Data  Gb  wiced_network.o [7]
wiced_disable_device_core
                        0x0002d7f1    0x9e  Code  Gb  wwd_internal.o [7]
wiced_dns_redirector_start
                        0x0001df31    0x42  Code  Gb  dns_redirect.o [7]
wiced_dns_redirector_stop
                        0x0001df73    0x30  Code  Gb  dns_redirect.o [7]
wiced_download_firmware
                        0x0002565d    0xd0  Code  Lc  wwd_bus_protocol.o [7]
wiced_get_available_bus_credits
                        0x0001cadb     0xe  Code  Gb  SDPCM.o [7]
wiced_get_core_address  0x0002d789     0xc  Code  Lc  wwd_internal.o [7]
wiced_get_ioctl_buffer  0x0001c97d    0x26  Code  Gb  SDPCM.o [7]
wiced_get_iovar_buffer  0x0001c915    0x68  Code  Gb  SDPCM.o [7]
wiced_get_mac_addr      0x0001abc9    0x10  Code  Gb  wwd_management.o [7]
wiced_get_next_buffer_in_queue
                        0x0001cb79     0xa  Code  Lc  SDPCM.o [7]
wiced_get_packet_to_send
                        0x0001c9a3   0x138  Code  Gb  SDPCM.o [7]
wiced_gpio_input_get    0x00022281    0x14  Code  Gb  mico_platform_common.o [1]
wiced_gspi_32bit        0x0340177a     0x1  Data  Lc  wwd_bus_protocol.o [7]
wiced_handle_apsta_event
                        0x0001e0f9    0x2e  Code  Lc  wwd_ap.o [7]
wiced_init              0x000143f1    0x84  Code  Gb  wifi.o [7]
wiced_init_sdpcm        0x0001bd51    0xe4  Code  Gb  SDPCM.o [7]
wiced_inited            0x03401766     0x1  Data  Lc  wwd_thread.o [7]
wiced_initialised       0x03401773     0x1  Data  Lc  wifi.o [7]
wiced_ioctl_response    0x03401588     0x4  Data  Lc  SDPCM.o [7]
wiced_ioctl_sleep       0x0340158c     0x4  Data  Lc  SDPCM.o [7]
wiced_ip_broadcast      0x00043ef8    0x14  Data  Gb  wiced_network.o [7]
wiced_ip_down           0x0001de2d    0x7e  Code  Gb  wiced_network.o [7]
wiced_ip_get_gateway_address
                        0x00016f91    0x24  Code  Gb  tcpip.o [7]
wiced_ip_get_ipaddr     0x00016fd9    0x56  Code  Gb  tcpip.o [7]
wiced_ip_get_ipv4_address
                        0x00017353    0x24  Code  Gb  tcpip.o [7]
wiced_ip_get_netmask    0x00016fb5    0x24  Code  Gb  tcpip.o [7]
wiced_ip_handle         0x03400d64    0x88  Data  Gb  wiced_network.o [7]
wiced_ip_up             0x0001dbbd   0x270  Code  Gb  wiced_network.o [7]
wiced_join_events_handler
                        0x00010029   0x12a  Code  Lc  wwd_wifi.o [7]
wiced_join_status       0x03401658     0x4  Data  Gb  wwd_wifi.o [7]
wiced_mac_addr          0x034014f4     0x8  Data  Lc  wwd_management.o [7]
wiced_management_init   0x0001a9b5    0x1e  Code  Gb  wwd_management.o [7]
wiced_management_set_event_handler
                        0x0001c75d     0xa  Code  Gb  SDPCM.o [7]
wiced_management_wifi_off
                        0x0001ab79    0x50  Code  Gb  wwd_management.o [7]
wiced_management_wifi_on
                        0x0001a9d3   0x1a6  Code  Gb  wwd_management.o [7]
wiced_network_init      0x0001db09    0xa2  Code  Gb  wiced_network.o [7]
wiced_network_link_renew_handler
                        0x0001deab    0x18  Code  Gb  wiced_network.o [7]
wiced_network_send_ethernet_data
                        0x0001beb3    0x8a  Code  Gb  SDPCM.o [7]
wiced_networking_worker_thread
                        0x034014ac     0x8  Data  Gb  wiced_rtos.o [7]
wiced_packet_create_tcp
                        0x00017223    0x6c  Code  Gb  tcpip.o [7]
wiced_packet_create_udp
                        0x0001728f    0x12  Code  Gb  tcpip.o [7]
wiced_packet_delete     0x000172a1     0xa  Code  Gb  tcpip.o [7]
wiced_packet_get_data   0x000172dd    0x76  Code  Gb  tcpip.o [7]
wiced_packet_set_data_end
                        0x000172ab    0x16  Code  Gb  tcpip.o [7]
wiced_ping              0x00016f69    0x28  Code  Gb  tcpip.o [7]
wiced_ping_send         0x000227c5    0x8c  Code  Gb  wiced_ping.o [7]
wiced_platform_notify_irq
                        0x0002588f    0x22  Code  Gb  wwd_thread.o [7]
wiced_process_bus_credit_update
                        0x0001bf3d    0x72  Code  Gb  SDPCM.o [7]
wiced_process_sdpcm     0x0001bfaf   0x496  Code  Gb  SDPCM.o [7]
wiced_quit_sdpcm        0x0001be35    0x4e  Code  Gb  SDPCM.o [7]
wiced_read_backplane_value
                        0x0002550f    0x2e  Code  Gb  wwd_bus_protocol.o [7]
wiced_read_frame        0x0002520d    0x9e  Code  Gb  wwd_bus_protocol.o [7]
wiced_read_register_value
                        0x00025751    0x50  Code  Lc  wwd_bus_protocol.o [7]
wiced_receive_one_packet
                        0x0002582f    0x38  Code  Gb  wwd_thread.o [7]
wiced_reset_device_core
                        0x0002d88f    0x9e  Code  Gb  wwd_internal.o [7]
wiced_rtos_create_thread
                        0x00013121    0x4e  Code  Gb  wiced_rtos.o [7]
wiced_rtos_create_worker_thread
                        0x000133bb    0x5a  Code  Gb  wiced_rtos.o [7]
wiced_rtos_deinit_queue
                        0x000132fb     0xc  Code  Gb  wiced_rtos.o [7]
wiced_rtos_deinit_semaphore
                        0x00013283    0x16  Code  Gb  wiced_rtos.o [7]
wiced_rtos_deinit_timer
                        0x0001337d    0x22  Code  Gb  wiced_rtos.o [7]
wiced_rtos_delay_milliseconds
                        0x000131d1     0xa  Code  Gb  wiced_rtos.o [7]
wiced_rtos_delete_thread
                        0x0001316f    0x24  Code  Gb  wiced_rtos.o [7]
wiced_rtos_deregister_timed_event
                        0x0001345d    0x24  Code  Gb  wiced_rtos.o [7]
wiced_rtos_get_semaphore
                        0x0001321b    0x22  Code  Gb  wiced_rtos.o [7]
wiced_rtos_init         0x000130ff    0x22  Code  Gb  wiced_rtos.o [7]
wiced_rtos_init_queue   0x00013299    0x1e  Code  Gb  wiced_rtos.o [7]
wiced_rtos_init_semaphore
                        0x000131f9    0x22  Code  Gb  wiced_rtos.o [7]
wiced_rtos_init_timer   0x0001331d    0x36  Code  Gb  wiced_rtos.o [7]
wiced_rtos_is_current_thread
                        0x000131ad    0x18  Code  Gb  wiced_rtos.o [7]
wiced_rtos_pop_from_queue
                        0x000132d9    0x22  Code  Gb  wiced_rtos.o [7]
wiced_rtos_push_to_queue
                        0x000132b7    0x22  Code  Gb  wiced_rtos.o [7]
wiced_rtos_register_timed_event
                        0x00013415    0x48  Code  Gb  wiced_rtos.o [7]
wiced_rtos_send_asynchronous_event
                        0x00013481    0x14  Code  Gb  wiced_rtos.o [7]
wiced_rtos_set_semaphore
                        0x0001323d    0x46  Code  Gb  wiced_rtos.o [7]
wiced_rtos_start_timer  0x00013353    0x2a  Code  Gb  wiced_rtos.o [7]
wiced_rtos_thread_force_awake
                        0x000131c5     0xc  Code  Gb  wiced_rtos.o [7]
wiced_rtos_thread_join  0x00013193    0x1a  Code  Gb  wiced_rtos.o [7]
wiced_sdpcm_ioctl_mutex
                        0x03401584     0x4  Data  Lc  SDPCM.o [7]
wiced_sdpcm_send_queue_head
                        0x03401598     0x4  Data  Lc  SDPCM.o [7]
wiced_sdpcm_send_queue_mutex
                        0x03401594     0x4  Data  Lc  SDPCM.o [7]
wiced_sdpcm_send_queue_tail
                        0x0340159c     0x4  Data  Lc  SDPCM.o [7]
wiced_send_ioctl        0x0001c449   0x314  Code  Gb  SDPCM.o [7]
wiced_send_iovar        0x0001be83    0x30  Code  Gb  SDPCM.o [7]
wiced_send_one_packet   0x000257f3    0x3c  Code  Gb  wwd_thread.o [7]
wiced_send_sdpcm_common
                        0x0001cae9    0x90  Code  Lc  SDPCM.o [7]
wiced_set_backplane_window
                        0x0002d6e1    0xa8  Code  Gb  wwd_internal.o [7]
wiced_set_next_buffer_in_queue
                        0x0001cb83     0xe  Code  Lc  SDPCM.o [7]
wiced_start_dhcp_server
                        0x0002947d    0x58  Code  Gb  dhcp_server.o [7]
wiced_stop_dhcp         0x0001dec3     0x8  Code  Gb  wiced_network.o [7]
wiced_stop_dhcp_server  0x000294d5    0x2a  Code  Gb  dhcp_server.o [7]
wiced_tcp_bind          0x00017137    0x4a  Code  Gb  tcpip.o [7]
wiced_tcp_connect       0x0001708d    0xaa  Code  Gb  tcpip.o [7]
wiced_tcp_create_socket
                        0x0001702f    0x5e  Code  Gb  tcpip.o [7]
wiced_tcp_send_packet   0x00017181    0x20  Code  Gb  tcpip.o [7]
wiced_tcp_start_tls     0x00022f3b     0x6  Code  Gb  mxchipbesl.o [7]
wiced_thread            0x034015c0     0x4  Data  Lc  wwd_thread.o [7]
wiced_thread_func       0x000258c5    0xfe  Code  Lc  wwd_thread.o [7]
wiced_thread_init       0x000257a5    0x4e  Code  Gb  wwd_thread.o [7]
wiced_thread_notify     0x000258b1    0x14  Code  Gb  wwd_thread.o [7]
wiced_thread_quit       0x00025867    0x28  Code  Gb  wwd_thread.o [7]
wiced_thread_quit_flag  0x03401765     0x1  Data  Lc  wwd_thread.o [7]
wiced_time_get_time     0x000131db    0x1e  Code  Gb  wiced_rtos.o [7]
wiced_time_offset       0x0340154c     0x4  Data  Lc  wiced_rtos.o [7]
wiced_tls_encrypt_packet
                        0x00022f35     0x6  Code  Gb  mxchipbesl.o [7]
wiced_transceive_semaphore
                        0x034015c4     0x4  Data  Lc  wwd_thread.o [7]
wiced_udp_create_socket
                        0x00017377    0x7c  Code  Gb  tcpip.o [7]
wiced_udp_delete_socket
                        0x000174ad    0x1e  Code  Gb  tcpip.o [7]
wiced_udp_packet_get_info
                        0x000172c1    0x1c  Code  Gb  tcpip.o [7]
wiced_udp_receive       0x0001746f    0x3e  Code  Gb  tcpip.o [7]
wiced_udp_send          0x000173f3    0x7c  Code  Gb  tcpip.o [7]
wiced_using_dhcp        0x03401777     0x1  Data  Lc  wiced_network.o [7]
wiced_wifi_add_packet_filter
                        0x00010749    0x86  Code  Gb  wwd_wifi.o [7]
wiced_wifi_ap_is_up     0x03401779     0x1  Data  Gb  wwd_ap.o [7]
wiced_wifi_disable_monitor_mode
                        0x00010601    0x5c  Code  Gb  wwd_wifi.o [7]
wiced_wifi_enable_monitor_mode
                        0x000105a5    0x5c  Code  Gb  wwd_wifi.o [7]
wiced_wifi_enable_packet_filter
                        0x00010807     0xc  Code  Gb  wwd_wifi.o [7]
wiced_wifi_enable_powersave_with_throughput
                        0x00010251    0x8a  Code  Gb  wwd_wifi.o [7]
wiced_wifi_get_ap_name  0x00010855    0x68  Code  Gb  wwd_wifi.o [7]
wiced_wifi_get_channel  0x0001068d     0xc  Code  Gb  wwd_wifi.o [7]
wiced_wifi_get_mac_address
                        0x00010153    0x4e  Code  Gb  wwd_wifi.o [7]
wiced_wifi_get_pmk      0x000102ed    0x86  Code  Gb  wwd_wifi.o [7]
wiced_wifi_get_rssi     0x00010559    0x4c  Code  Gb  wwd_wifi.o [7]
wiced_wifi_get_wifi_version
                        0x00010919    0x52  Code  Gb  wwd_wifi.o [7]
wiced_wifi_is_packet_from_ap
                        0x0001e57d     0xe  Code  Gb  wwd_ap.o [7]
wiced_wifi_is_ready_to_transceive
                        0x000101dd    0x70  Code  Gb  wwd_wifi.o [7]
wiced_wifi_join         0x0000f98f   0x108  Code  Gb  wwd_wifi.o [7]
wiced_wifi_join_specific
                        0x0000fa97   0x194  Code  Gb  wwd_wifi.o [7]
wiced_wifi_leave        0x0000ffc1    0x66  Code  Gb  wwd_wifi.o [7]
wiced_wifi_prepare_join
                        0x0000fc2b   0x396  Code  Lc  wwd_wifi.o [7]
wiced_wifi_register_multicast_address
                        0x00010373    0xd0  Code  Gb  wwd_wifi.o [7]
wiced_wifi_remove_packet_filter
                        0x000107d9    0x2e  Code  Gb  wwd_wifi.o [7]
wiced_wifi_scan         0x0000f4f9   0x12c  Code  Gb  wwd_wifi.o [7]
wiced_wifi_scan_networks
                        0x00014475   0x11c  Code  Gb  wifi.o [7]
wiced_wifi_set_channel  0x000106d7     0xc  Code  Gb  wwd_wifi.o [7]
wiced_wifi_set_down     0x00010665    0x20  Code  Gb  wwd_wifi.o [7]
wiced_wifi_set_maxassoc
                        0x0001096b    0x2c  Code  Gb  wwd_wifi.o [7]
wiced_wifi_set_nmode    0x000101a9    0x2e  Code  Gb  wwd_wifi.o [7]
wiced_wifi_sleep_flag   0x0340171c     0x4  Data  Lc  wwd_ap.o [7]
wiced_wifi_start_ap     0x0001e127   0x332  Code  Gb  wwd_ap.o [7]
wiced_wifi_stop_ap      0x0001e45d    0xea  Code  Gb  wwd_ap.o [7]
wiced_wifi_stop_scan    0x0000f625    0x58  Code  Gb  wwd_wifi.o [7]
wiced_wifi_toggle_packet_filter
                        0x00010813    0x32  Code  Gb  wwd_wifi.o [7]
wiced_wifi_unregister_multicast_address
                        0x00010443    0xf0  Code  Gb  wwd_wifi.o [7]
wiced_wlan_status       0x0340035c     0xc  Data  Gb  wwd_internal.o [7]
wiced_write_backplane_value
                        0x000254e5    0x2a  Code  Gb  wwd_bus_protocol.o [7]
wiced_write_register_value
                        0x000254a5    0x40  Code  Gb  wwd_bus_protocol.o [7]
wiced_write_wifi_firmware_image
                        0x0002d941    0xbe  Code  Gb  wwd_firmware.o [7]
wiced_write_wifi_nvram_image
                        0x0002d9ff   0x162  Code  Gb  wwd_firmware.o [7]
wifi_control_pins       0x00042550     0x8  Data  Gb  platform.o [1]
wifi_join_aping         0x03401772     0x1  Data  Lc  wwd_wifi.o [7]
wifi_mgmt_parse         0x0000e33d   0x10c  Code  Lc  smart_config.o [7]
wifi_nvram_image        0x00041f0c   0x30c  Data  Lc  wwd_firmware.o [7]
wifi_power_down         0x0000f0f7    0x26  Code  Gb  mxchipWNET.o [7]
wifi_power_is_down      0x03401528     0x4  Data  Lc  mxchipWNET.o [7]
wifi_reboot_event       0x0000f34d    0x16  Code  Gb  mico_system_notification.o [1]
wifi_reboot_only        0x00011de1    0x34  Code  Gb  wifimgr.o [7]
wifi_spi_pins           0x00042558     0xc  Data  Gb  platform.o [1]
wifi_status_callback    0x0000eb97    0x74  Code  Gb  mxchipWNET.o [7]
wifi_up                 0x03401514     0x4  Data  Lc  tftp_ota.o [1]
wifidebug_Command       0x00012511    0x70  Code  Gb  wifimgr.o [7]
wifimgr_debug_enable    0x000109b9    0x1c  Code  Gb  wifimgr.o [7]
wifimgr_sem             0x03401564     0x4  Data  Lc  wifimgr.o [7]
wifimgr_thread          0x00011f49   0x148  Code  Lc  wifimgr.o [7]
wifiscan_Command        0x000125c9   0x268  Code  Gb  wifimgr.o [7]
wifistate_Command       0x0001232d   0x1dc  Code  Gb  wifimgr.o [7]
wlan_disconnect         0x0001133d    0x48  Code  Gb  wifimgr.o [7]
wlan_driver_version     0x0000f1a7     0xa  Code  Gb  mxchipWNET.o [7]
wlan_get_mac_address    0x00011ca3     0x8  Code  Gb  wifimgr.o [7]
wlan_init               0x00011db5    0x28  Code  Gb  wifimgr.o [7]
wlan_spi_xfer_done      0x00024d9d    0x40  Code  Gb  wlan_bus_spi.o [1]
wlu_is_ali_ie           0x0000d763    0x36  Code  Lc  smart_config.o [7]
wlu_is_wpa_ie           0x000108e3    0x36  Code  Lc  wwd_wifi.o [7]
wlu_parse_tlvs          0x0000d73d    0x26  Code  Lc  smart_config.o [7]
wlu_parse_tlvs          0x000108bd    0x26  Code  Lc  wwd_wifi.o [7]
work_mode               0x03401618     0x4  Data  Lc  smart_config.o [7]
worker_thread_main      0x0001339f    0x1c  Code  Lc  wiced_rtos.o [7]
wps_running             0x0340176d     0x1  Data  Lc  wps_host.o [7]
write                   0x0000efd1     0xa  Code  Gb  mxchipWNET.o [7]
writeCString            0x0003e91f    0x38  Code  Gb  MQTTPacket.o [4]
writeChar               0x0003e8ff     0x4  Code  Gb  MQTTPacket.o [4]
writeInt                0x0003e903    0x12  Code  Gb  MQTTPacket.o [4]
writeMQTTString         0x0003e957    0x58  Code  Gb  MQTTPacket.o [4]
wwd_management_set_event_handler
                        0x0001c767   0x17e  Code  Gb  SDPCM.o [7]
wwd_thread_line         0x034015b8     0x4  Data  Gb  wwd_thread.o [7]
wwd_wifi_get_channel    0x00010699    0x3e  Code  Gb  wwd_wifi.o [7]
wwd_wifi_set_channel    0x000106e3    0x62  Code  Gb  wwd_wifi.o [7]
xActiveTimerList1       0x02017da0    0x14  Data  Lc  ostimers.o [7]
xActiveTimerList2       0x02017db4    0x14  Data  Lc  ostimers.o [7]
xDelayedTaskList1       0x02017dc8    0x14  Data  Lc  tasks.o [7]
xDelayedTaskList2       0x02017ddc    0x14  Data  Lc  tasks.o [7]
xMissedYield            0x034016e4     0x4  Data  Lc  tasks.o [7]
xNextTaskUnblockTime    0x0340040c     0x4  Data  Lc  tasks.o [7]
xNumOfOverflows         0x034016e8     0x4  Data  Lc  tasks.o [7]
xPendingReadyList       0x02017df0    0x14  Data  Lc  tasks.o [7]
xPortPendSVHandler      0x00022113          Code  Gb  portasm.o [7]
xPortStartScheduler     0x00021c37    0x3c  Code  Gb  port.o [7]
xPortSysTickHandler     0x00021ca9    0x1a  Code  Gb  port.o [7]
xQueueCreateCountingSemaphore
                        0x000216df    0x14  Code  Gb  queue.o [7]
xQueueCreateMutex       0x00021683    0x5c  Code  Gb  queue.o [7]
xQueueGenericCreate     0x00021605    0x7e  Code  Gb  queue.o [7]
xQueueGenericReceive    0x0002181d   0x156  Code  Gb  queue.o [7]
xQueueGenericSend       0x000216f3    0xd4  Code  Gb  queue.o [7]
xQueueGenericSendFromISR
                        0x000217c7    0x56  Code  Gb  queue.o [7]
xQueueIsQueueEmptyFromISR
                        0x00021ab1     0xe  Code  Gb  queue.o [7]
xQueueIsQueueFullFromISR
                        0x00021add    0x10  Code  Gb  queue.o [7]
xSchedulerRunning       0x034016d8     0x4  Data  Lc  tasks.o [7]
xSuspendedTaskList      0x02017e18    0x14  Data  Lc  tasks.o [7]
xTaskCheckForTimeOut    0x00013f73    0x60  Code  Gb  tasks.o [7]
xTaskForceAwakeClearPending
                        0x00013af1     0xc  Code  Gb  tasks.o [7]
xTaskForceAwakePending  0x00013ae7     0xa  Code  Gb  tasks.o [7]
xTaskGenericCreate      0x00013849   0x130  Code  Gb  tasks.o [7]
xTaskGetCurrentTaskHandle
                        0x000142d3     0x6  Code  Gb  tasks.o [7]
xTaskGetCurrentThread   0x00013a93     0x8  Code  Gb  tasks.o [7]
xTaskGetSchedulerState  0x000142d9    0x1c  Code  Gb  tasks.o [7]
xTaskGetTickCount       0x00013c2b    0x14  Code  Gb  tasks.o [7]
xTaskGetTickCountFromISR
                        0x00013c3f    0x16  Code  Gb  tasks.o [7]
xTaskIsTaskFinished     0x00013a23    0x70  Code  Gb  tasks.o [7]
xTaskRemoveFromEventList
                        0x00013f01    0x62  Code  Gb  tasks.o [7]
xTaskResumeAll          0x00013b59    0xd2  Code  Gb  tasks.o [7]
xTasksWaitingTermination
                        0x02017e04    0x14  Data  Lc  tasks.o [7]
xTickCount              0x034016cc     0x4  Data  Lc  tasks.o [7]
xTimerCreate            0x00021d3b    0x4c  Code  Gb  ostimers.o [7]
xTimerCreateTimerTask   0x00021d01    0x3a  Code  Gb  ostimers.o [7]
xTimerGenericCommand    0x00021d87    0x52  Code  Gb  ostimers.o [7]
xTimerQueue             0x034016b0     0x4  Data  Lc  ostimers.o [7]
xorbuf                  0x00027a17    0x32  Code  Lc  aes.o [7]
zcbReceivedMessageQueue
                        0x020175dc   0x18c  Data  Gb  user_uart.o [1]


[1] = E:\work\13.WiFi_Mxchip\SDK_MiCOKit_v2.3.0.2\Build\Cloud_RGB_LED\MiCOKit-LPC5410x\obj_EWARM
[2] = E:\work\13.WiFi_Mxchip\SDK_MiCOKit_v2.3.0.2\MICO\system\tftp_ota
[3] = command line
[4] = FogCloud_cm4_release.a
[5] = dl7M_tlf.a
[6] = m7M_tls.a
[7] = mxchipWNet_cm4f_spi.a
[8] = rt7M_tl.a
[9] = shb_l.a

  211 830 bytes of readonly  code memory
   19 742 bytes of readonly  data memory
  104 705 bytes of readwrite data memory

Errors: none
Warnings: 8
