###############################################################################
#
# IAR ELF Linker V7.40.3.8902/W32 for ARM                 30/Dec/2015  14:55:06
# Copyright 2007-2015 IAR Systems AB.
#
#    Output file  =  
#        E:\work\13.WiFi_Mxchip\SDK_MiCOKit_v2.3.0.2\Build\Bootloader\Output\MiCOKit-LPC5410x\Bootloader.out.tmp
#    Map file     =  
#        E:\work\13.WiFi_Mxchip\SDK_MiCOKit_v2.3.0.2\Build\Bootloader\MiCOKit-LPC5410x\list_EWARM\Bootloader.map
#    Command line =  
#        E:\work\13.WiFi_Mxchip\SDK_MiCOKit_v2.3.0.2\Build\Bootloader\MiCOKit-LPC5410x\obj_EWARM\adc_5410x.o
#        E:\work\13.WiFi_Mxchip\SDK_MiCOKit_v2.3.0.2\Build\Bootloader\MiCOKit-LPC5410x\obj_EWARM\BootloaderEntrance.o
#        E:\work\13.WiFi_Mxchip\SDK_MiCOKit_v2.3.0.2\Build\Bootloader\MiCOKit-LPC5410x\obj_EWARM\CheckSumUtils.o
#        E:\work\13.WiFi_Mxchip\SDK_MiCOKit_v2.3.0.2\Build\Bootloader\MiCOKit-LPC5410x\obj_EWARM\chip_5410x.o
#        E:\work\13.WiFi_Mxchip\SDK_MiCOKit_v2.3.0.2\Build\Bootloader\MiCOKit-LPC5410x\obj_EWARM\clock_5410x.o
#        E:\work\13.WiFi_Mxchip\SDK_MiCOKit_v2.3.0.2\Build\Bootloader\MiCOKit-LPC5410x\obj_EWARM\crc_5410x.o
#        E:\work\13.WiFi_Mxchip\SDK_MiCOKit_v2.3.0.2\Build\Bootloader\MiCOKit-LPC5410x\obj_EWARM\crt0_EWARM.o
#        E:\work\13.WiFi_Mxchip\SDK_MiCOKit_v2.3.0.2\Build\Bootloader\MiCOKit-LPC5410x\obj_EWARM\dma_5410x.o
#        E:\work\13.WiFi_Mxchip\SDK_MiCOKit_v2.3.0.2\Build\Bootloader\MiCOKit-LPC5410x\obj_EWARM\fifo_5410x.o
#        E:\work\13.WiFi_Mxchip\SDK_MiCOKit_v2.3.0.2\Build\Bootloader\MiCOKit-LPC5410x\obj_EWARM\fpu_init.o
#        E:\work\13.WiFi_Mxchip\SDK_MiCOKit_v2.3.0.2\Build\Bootloader\MiCOKit-LPC5410x\obj_EWARM\Getline.o
#        E:\work\13.WiFi_Mxchip\SDK_MiCOKit_v2.3.0.2\Build\Bootloader\MiCOKit-LPC5410x\obj_EWARM\gpio_5410x.o
#        E:\work\13.WiFi_Mxchip\SDK_MiCOKit_v2.3.0.2\Build\Bootloader\MiCOKit-LPC5410x\obj_EWARM\gpiogroup_5410x.o
#        E:\work\13.WiFi_Mxchip\SDK_MiCOKit_v2.3.0.2\Build\Bootloader\MiCOKit-LPC5410x\obj_EWARM\hardfault.o
#        E:\work\13.WiFi_Mxchip\SDK_MiCOKit_v2.3.0.2\Build\Bootloader\MiCOKit-LPC5410x\obj_EWARM\i2c_common_5410x.o
#        E:\work\13.WiFi_Mxchip\SDK_MiCOKit_v2.3.0.2\Build\Bootloader\MiCOKit-LPC5410x\obj_EWARM\i2cm_5410x.o
#        E:\work\13.WiFi_Mxchip\SDK_MiCOKit_v2.3.0.2\Build\Bootloader\MiCOKit-LPC5410x\obj_EWARM\i2cs_5410x.o
#        E:\work\13.WiFi_Mxchip\SDK_MiCOKit_v2.3.0.2\Build\Bootloader\MiCOKit-LPC5410x\obj_EWARM\iap.o
#        E:\work\13.WiFi_Mxchip\SDK_MiCOKit_v2.3.0.2\Build\Bootloader\MiCOKit-LPC5410x\obj_EWARM\iocon_5410x.o
#        E:\work\13.WiFi_Mxchip\SDK_MiCOKit_v2.3.0.2\Build\Bootloader\MiCOKit-LPC5410x\obj_EWARM\menu.o
#        E:\work\13.WiFi_Mxchip\SDK_MiCOKit_v2.3.0.2\Build\Bootloader\MiCOKit-LPC5410x\obj_EWARM\mico_platform_common.o
#        E:\work\13.WiFi_Mxchip\SDK_MiCOKit_v2.3.0.2\Build\Bootloader\MiCOKit-LPC5410x\obj_EWARM\pinint_5410x.o
#        E:\work\13.WiFi_Mxchip\SDK_MiCOKit_v2.3.0.2\Build\Bootloader\MiCOKit-LPC5410x\obj_EWARM\platform.o
#        E:\work\13.WiFi_Mxchip\SDK_MiCOKit_v2.3.0.2\Build\Bootloader\MiCOKit-LPC5410x\obj_EWARM\platform_adc.o
#        E:\work\13.WiFi_Mxchip\SDK_MiCOKit_v2.3.0.2\Build\Bootloader\MiCOKit-LPC5410x\obj_EWARM\platform_flash.o
#        E:\work\13.WiFi_Mxchip\SDK_MiCOKit_v2.3.0.2\Build\Bootloader\MiCOKit-LPC5410x\obj_EWARM\platform_gpio.o
#        E:\work\13.WiFi_Mxchip\SDK_MiCOKit_v2.3.0.2\Build\Bootloader\MiCOKit-LPC5410x\obj_EWARM\platform_i2c.o
#        E:\work\13.WiFi_Mxchip\SDK_MiCOKit_v2.3.0.2\Build\Bootloader\MiCOKit-LPC5410x\obj_EWARM\platform_init.o
#        E:\work\13.WiFi_Mxchip\SDK_MiCOKit_v2.3.0.2\Build\Bootloader\MiCOKit-LPC5410x\obj_EWARM\platform_mcu_powersave.o
#        E:\work\13.WiFi_Mxchip\SDK_MiCOKit_v2.3.0.2\Build\Bootloader\MiCOKit-LPC5410x\obj_EWARM\platform_nano_second.o
#        E:\work\13.WiFi_Mxchip\SDK_MiCOKit_v2.3.0.2\Build\Bootloader\MiCOKit-LPC5410x\obj_EWARM\platform_pwm.o
#        E:\work\13.WiFi_Mxchip\SDK_MiCOKit_v2.3.0.2\Build\Bootloader\MiCOKit-LPC5410x\obj_EWARM\platform_rng.o
#        E:\work\13.WiFi_Mxchip\SDK_MiCOKit_v2.3.0.2\Build\Bootloader\MiCOKit-LPC5410x\obj_EWARM\platform_rtc.o
#        E:\work\13.WiFi_Mxchip\SDK_MiCOKit_v2.3.0.2\Build\Bootloader\MiCOKit-LPC5410x\obj_EWARM\platform_spi.o
#        E:\work\13.WiFi_Mxchip\SDK_MiCOKit_v2.3.0.2\Build\Bootloader\MiCOKit-LPC5410x\obj_EWARM\platform_uart.o
#        E:\work\13.WiFi_Mxchip\SDK_MiCOKit_v2.3.0.2\Build\Bootloader\MiCOKit-LPC5410x\obj_EWARM\platform_watchdog.o
#        E:\work\13.WiFi_Mxchip\SDK_MiCOKit_v2.3.0.2\Build\Bootloader\MiCOKit-LPC5410x\obj_EWARM\pll_5410x.o
#        E:\work\13.WiFi_Mxchip\SDK_MiCOKit_v2.3.0.2\Build\Bootloader\MiCOKit-LPC5410x\obj_EWARM\power_control.o
#        E:\work\13.WiFi_Mxchip\SDK_MiCOKit_v2.3.0.2\Build\Bootloader\MiCOKit-LPC5410x\obj_EWARM\Retarget.o
#        E:\work\13.WiFi_Mxchip\SDK_MiCOKit_v2.3.0.2\Build\Bootloader\MiCOKit-LPC5410x\obj_EWARM\ring_buffer.o
#        E:\work\13.WiFi_Mxchip\SDK_MiCOKit_v2.3.0.2\Build\Bootloader\MiCOKit-LPC5410x\obj_EWARM\RingBufferUtils.o
#        E:\work\13.WiFi_Mxchip\SDK_MiCOKit_v2.3.0.2\Build\Bootloader\MiCOKit-LPC5410x\obj_EWARM\ritimer_5410x.o
#        E:\work\13.WiFi_Mxchip\SDK_MiCOKit_v2.3.0.2\Build\Bootloader\MiCOKit-LPC5410x\obj_EWARM\rtc_5410x.o
#        E:\work\13.WiFi_Mxchip\SDK_MiCOKit_v2.3.0.2\Build\Bootloader\MiCOKit-LPC5410x\obj_EWARM\rtc_ut.o
#        E:\work\13.WiFi_Mxchip\SDK_MiCOKit_v2.3.0.2\Build\Bootloader\MiCOKit-LPC5410x\obj_EWARM\sct_5410x.o
#        E:\work\13.WiFi_Mxchip\SDK_MiCOKit_v2.3.0.2\Build\Bootloader\MiCOKit-LPC5410x\obj_EWARM\sct_pwm_5410x.o
#        E:\work\13.WiFi_Mxchip\SDK_MiCOKit_v2.3.0.2\Build\Bootloader\MiCOKit-LPC5410x\obj_EWARM\spi_5410x.o
#        E:\work\13.WiFi_Mxchip\SDK_MiCOKit_v2.3.0.2\Build\Bootloader\MiCOKit-LPC5410x\obj_EWARM\spi_common_5410x.o
#        E:\work\13.WiFi_Mxchip\SDK_MiCOKit_v2.3.0.2\Build\Bootloader\MiCOKit-LPC5410x\obj_EWARM\spi_flash.o
#        E:\work\13.WiFi_Mxchip\SDK_MiCOKit_v2.3.0.2\Build\Bootloader\MiCOKit-LPC5410x\obj_EWARM\spi_flash_platform.o
#        E:\work\13.WiFi_Mxchip\SDK_MiCOKit_v2.3.0.2\Build\Bootloader\MiCOKit-LPC5410x\obj_EWARM\spim_5410x.o
#        E:\work\13.WiFi_Mxchip\SDK_MiCOKit_v2.3.0.2\Build\Bootloader\MiCOKit-LPC5410x\obj_EWARM\spis_5410x.o
#        E:\work\13.WiFi_Mxchip\SDK_MiCOKit_v2.3.0.2\Build\Bootloader\MiCOKit-LPC5410x\obj_EWARM\startup_lpc54100_bootloader_EWARM.o
#        E:\work\13.WiFi_Mxchip\SDK_MiCOKit_v2.3.0.2\Build\Bootloader\MiCOKit-LPC5410x\obj_EWARM\stopwatch_5410x.o
#        E:\work\13.WiFi_Mxchip\SDK_MiCOKit_v2.3.0.2\Build\Bootloader\MiCOKit-LPC5410x\obj_EWARM\StringUtils.o
#        E:\work\13.WiFi_Mxchip\SDK_MiCOKit_v2.3.0.2\Build\Bootloader\MiCOKit-LPC5410x\obj_EWARM\syscon_5410x.o
#        E:\work\13.WiFi_Mxchip\SDK_MiCOKit_v2.3.0.2\Build\Bootloader\MiCOKit-LPC5410x\obj_EWARM\sysinit_5410x.o
#        E:\work\13.WiFi_Mxchip\SDK_MiCOKit_v2.3.0.2\Build\Bootloader\MiCOKit-LPC5410x\obj_EWARM\timer_5410x.o
#        E:\work\13.WiFi_Mxchip\SDK_MiCOKit_v2.3.0.2\Build\Bootloader\MiCOKit-LPC5410x\obj_EWARM\uart_5410x.o
#        E:\work\13.WiFi_Mxchip\SDK_MiCOKit_v2.3.0.2\Build\Bootloader\MiCOKit-LPC5410x\obj_EWARM\Update_for_OTA.o
#        E:\work\13.WiFi_Mxchip\SDK_MiCOKit_v2.3.0.2\Build\Bootloader\MiCOKit-LPC5410x\obj_EWARM\utick_5410x.o
#        E:\work\13.WiFi_Mxchip\SDK_MiCOKit_v2.3.0.2\Build\Bootloader\MiCOKit-LPC5410x\obj_EWARM\wlan_platform_common.o
#        E:\work\13.WiFi_Mxchip\SDK_MiCOKit_v2.3.0.2\Build\Bootloader\MiCOKit-LPC5410x\obj_EWARM\wwdt_5410x.o
#        E:\work\13.WiFi_Mxchip\SDK_MiCOKit_v2.3.0.2\Build\Bootloader\MiCOKit-LPC5410x\obj_EWARM\ymodem.o
#        --redirect _Printf=_PrintfSmall --redirect _Scanf=_ScanfSmall -o
#        E:\work\13.WiFi_Mxchip\SDK_MiCOKit_v2.3.0.2\Build\Bootloader\Output\MiCOKit-LPC5410x\Bootloader.out.tmp
#        --map
#        E:\work\13.WiFi_Mxchip\SDK_MiCOKit_v2.3.0.2\Build\Bootloader\MiCOKit-LPC5410x\list_EWARM\Bootloader.map
#        --config
#        E:\work\13.WiFi_Mxchip\SDK_MiCOKit_v2.3.0.2\Projects\LPC5410x\bootloader\EWARM\..\..\..\..\Board\MiCOKit-LPC5410x\bootloaderLinkerForIAR.icf
#        --semihosting --entry __iar_program_start --vfe
#
###############################################################################

*******************************************************************************
*** RUNTIME MODEL ATTRIBUTES
***

CppFlavor       = *
__Heap_Handler  = DLMalloc
__SystemLibrary = DLib


*******************************************************************************
*** PLACEMENT SUMMARY
***

"A1":  place at 0x00000000 { ro section .intvec };
"RAM_intvec_start":
       place at 0x02000000 { section .intvec_RAM };
"ROM_region":
       place in [from 0x00000000 to 0x00007fff] { ro };
"RAM_region":
       place in [from 0x02000000 to 0x02018000] { rw, block CSTACK, block HEAP };

  Section            Kind        Address    Size  Object
  -------            ----        -------    ----  ------
"A1":                                       0xf4
  .intvec            ro code  0x00000000    0xf4  startup_lpc54100_bootloader_EWARM.o [1]
                            - 0x000000f4    0xf4

"ROM_region":                             0x501a
  Veneer             ro code  0x000000f4     0x8  - Linker created -
  Veneer             ro code  0x000000fc     0x8  - Linker created -
  Veneer             ro code  0x00000104     0x8  - Linker created -
  Veneer             ro code  0x0000010c     0x8  - Linker created -
  Veneer             ro code  0x00000114     0x8  - Linker created -
  Veneer             ro code  0x0000011c     0x8  - Linker created -
  Veneer             ro code  0x00000124     0x8  - Linker created -
  Veneer             ro code  0x0000012c     0x8  - Linker created -
  Veneer             ro code  0x00000134     0x8  - Linker created -
  Veneer             ro code  0x0000013c     0x8  - Linker created -
  Veneer             ro code  0x00000144     0x8  - Linker created -
  Veneer             ro code  0x0000014c     0x8  - Linker created -
  Veneer             ro code  0x00000154     0x8  - Linker created -
  Veneer             ro code  0x0000015c     0x8  - Linker created -
  Veneer             ro code  0x00000164     0x8  - Linker created -
  .text              ro code  0x0000016c   0x5f6  platform_uart.o [1]
  .text              ro code  0x00000762    0xc6  RingBufferUtils.o [1]
  .text              ro code  0x00000828    0x76  ABImemcpy_unaligned.o [5]
  .text              ro code  0x0000089e     0x2  startup_lpc54100_bootloader_EWARM.o [1]
  .text              ro code  0x000008a0   0x2b8  platform_spi.o [1]
  Veneer             ro code  0x00000b58     0x8  - Linker created -
  .text              ro code  0x00000b60   0x178  platform_gpio.o [1]
  Veneer             ro code  0x00000cd8     0x8  - Linker created -
  Veneer             ro code  0x00000ce0     0x8  - Linker created -
  Veneer             ro code  0x00000ce8     0x8  - Linker created -
  Veneer             ro code  0x00000cf0     0x8  - Linker created -
  .text              ro code  0x00000cf8   0x222  platform.o [1]
  .text              ro code  0x00000f1c   0x10e  platform_i2c.o [1]
  .text              ro code  0x0000102a   0x1c2  lz77_init.o [5]
  .text              ro code  0x000011ec     0x6  abort.o [3]
  .text              ro code  0x000011f4    0x14  exit.o [6]
  .text              ro code  0x00001208    0x40  zero_init3.o [5]
  .text              ro code  0x00001248    0x28  data_init.o [5]
  .iar.init_table    const    0x00001270    0x48  - Linker created -
  Veneer             ro code  0x000012b8     0x8  - Linker created -
  Veneer             ro code  0x000012c0     0x8  - Linker created -
  .text              ro code  0x000012c8    0x1a  cmain.o [5]
  .text              ro code  0x000012e4    0x14  crt0_EWARM.o [1]
  .text              ro code  0x000012f8    0x10  startup_lpc54100_bootloader_EWARM.o [1]
  .text              ro code  0x00001308     0xc  cstartup_M.o [5]
  .text              ro code  0x00001314     0x4  startup_lpc54100_bootloader_EWARM.o [1]
  .rodata            const    0x00001318     0x0  zero_init3.o [5]
  .rodata            const    0x00001318     0x0  lz77_init.o [5]
  Initializer bytes  const    0x00001318    0x75  <for .intvec_RAM-1>
  Initializer bytes  const    0x0000138d  0x3d81  <for RAM_region s0>
                            - 0x0000510e  0x501a

"RAM_intvec_start":                         0xf4
  .intvec_RAM                 0x02000000    0xf4  <Block>
    .intvec_RAM-1             0x02000000    0xf4  <Init block>
      .intvec_RAM    inited   0x02000000    0xf4  startup_lpc54100_bootloader_EWARM.o [1]
                            - 0x020000f4    0xf4

"RAM_region":                             0xce94
  RAM_region s0               0x020000f4  0x55dc  <Init block>
    .text            inited   0x020000f4   0xdac  menu.o [1]
    .text            inited   0x02000ea0    0x6c  strncpy_unaligned.o [5]
    .text            inited   0x02000f0c    0x24  printf.o [3]
    Veneer           inited   0x02000f30     0x8  - Linker created -
    .text            inited   0x02000f38   0x4ea  ymodem.o [1]
    .text            inited   0x02001422    0x1a  xsnprout.o [3]
    .text            inited   0x0200143c    0xfa  StringUtils.o [1]
    .text            inited   0x02001536     0xa  xsprout.o [3]
    .text            inited   0x02001540     0x6  ABImemclr4.o [5]
    .text            inited   0x02001546    0x76  Getline.o [1]
    .text            inited   0x020015bc    0x42  strcmp_unaligned.o [5]
    Veneer           inited   0x02001600     0x8  - Linker created -
    Veneer           inited   0x02001608     0x8  - Linker created -
    Veneer           inited   0x02001610     0x8  - Linker created -
    Veneer           inited   0x02001618     0x8  - Linker created -
    Veneer           inited   0x02001620     0x8  - Linker created -
    Veneer           inited   0x02001628     0x8  - Linker created -
    Veneer           inited   0x02001630     0x8  - Linker created -
    Veneer           inited   0x02001638     0x8  - Linker created -
    .text            inited   0x02001640   0x4bc  mico_platform_common.o [1]
    .text            inited   0x02001afc    0x18  strrchr.o [3]
    .text            inited   0x02001b14   0xb04  platform_flash.o [1]
    Veneer           inited   0x02002618     0x8  - Linker created -
    Veneer           inited   0x02002620     0x8  - Linker created -
    Veneer           inited   0x02002628     0x8  - Linker created -
    .text            inited   0x02002630    0xe4  BootloaderEntrance.o [1]
    .text            inited   0x02002714    0x5e  ABImemset.o [5]
    .text            inited   0x02002774   0x4d8  xprintfsmall.o [3]
    .text            inited   0x02002c4c    0x10  Retarget.o [1]
    .text            inited   0x02002c5c     0x6  ABImemclr.o [5]
    .text            inited   0x02002c64    0x7a  CheckSumUtils.o [1]
    .text            inited   0x02002ce0    0x3a  ABImemset48.o [5]
    .text            inited   0x02002d1c    0x12  platform_mcu_powersave.o [1]
    Veneer           inited   0x02002d30     0x8  - Linker created -
    Veneer           inited   0x02002d38     0x8  - Linker created -
    Veneer           inited   0x02002d40     0x8  - Linker created -
    Veneer           inited   0x02002d48     0x8  - Linker created -
    .text            inited   0x02002d50   0x254  platform_init.o [1]
    .text            inited   0x02002fa4    0x44  snprintf.o [3]
    .text            inited   0x02002fe8    0x10  platform_flash.o [1]
    Veneer           inited   0x02002ff8     0x8  - Linker created -
    .text            inited   0x02003000   0x458  spi_flash.o [1]
    .text            inited   0x02003458    0x72  iap.o [1]
    .text            inited   0x020034cc   0x918  Update_for_OTA.o [1]
    .text            inited   0x02003de4    0x16  strchr.o [5]
    .text            inited   0x02003dfc    0x36  strlen.o [5]
    .text            inited   0x02003e34    0x58  memchr.o [5]
    .text            inited   0x02003e8c   0x2ec  power_control.o [1]
    .text            inited   0x02004178    0x44  fpu_init.o [1]
    .text            inited   0x020041bc    0x9c  syscon_5410x.o [1]
    .text            inited   0x02004258   0x174  clock_5410x.o [1]
    .text            inited   0x020043cc    0x1c  wlan_platform_common.o [1]
    .text            inited   0x020043e8     0xc  platform_watchdog.o [1]
    .text            inited   0x020043f4    0x30  spi_flash_platform.o [1]
    .text            inited   0x02004424    0x62  memcmp_unaligned.o [5]
    .text            inited   0x02004488    0x10  chip_5410x.o [1]
    .text            inited   0x02004498   0x230  pll_5410x.o [1]
    .text            inited   0x020046c8    0xee  I64DivMod.o [5]
    .text            inited   0x020047b8     0x2  I64DivZer.o [5]
    .data            inited   0x020047bc   0x3fc  BootloaderEntrance.o [1]
    .text            inited   0x02004bb8   0x3a4  hardfault.o [1]
    .text            inited   0x02004f5c    0x34  sprintf.o [3]
    .rodata          inited   0x02004f90   0x1bc  platform.o [1]
    .text            inited   0x0200514c    0x94  dma_5410x.o [1]
    .text            inited   0x020051e0    0x88  uart_5410x.o [1]
    .rodata          inited   0x02005268    0x74  platform_flash.o [1]
    .rodata          inited   0x020052dc    0x74  platform_flash.o [1]
    .rodata          inited   0x02005350    0x60  platform_flash.o [1]
    .rodata          inited   0x020053b0    0x60  platform_flash.o [1]
    .rodata          inited   0x02005410    0x60  platform_flash.o [1]
    .data            inited   0x02005470    0x60  platform_init.o [1]
    .rodata          inited   0x020054d0    0x58  platform_flash.o [1]
    .rodata          inited   0x02005528    0x58  platform_flash.o [1]
    .rodata          inited   0x02005580    0x3c  platform_flash.o [1]
    .rodata          inited   0x020055bc    0x38  platform_flash.o [1]
    .rodata          inited   0x020055f4    0x24  platform_flash.o [1]
    .text            inited   0x02005618    0x16  xprout.o [3]
    .data            inited   0x02005630    0x14  menu.o [1]
    .text            inited   0x02005644    0x12  startup_lpc54100_bootloader_EWARM.o [1]
    .data            inited   0x02005658    0x10  platform.o [1]
    .data            inited   0x02005668     0xc  platform.o [1]
    Veneer           inited   0x02005674     0x8  - Linker created -
    .text            inited   0x0200567c     0xa  cexit.o [5]
    .text            inited   0x02005686     0x4  startup_lpc54100_bootloader_EWARM.o [1]
    .text            inited   0x0200568a     0x4  startup_lpc54100_bootloader_EWARM.o [1]
    .text            inited   0x0200568e     0x4  startup_lpc54100_bootloader_EWARM.o [1]
    .text            inited   0x02005692     0x4  startup_lpc54100_bootloader_EWARM.o [1]
    .text            inited   0x02005696     0x4  startup_lpc54100_bootloader_EWARM.o [1]
    .text            inited   0x0200569a     0x4  startup_lpc54100_bootloader_EWARM.o [1]
    .text            inited   0x0200569e     0x4  startup_lpc54100_bootloader_EWARM.o [1]
    .text            inited   0x020056a2     0x4  exit.o [3]
    .data            inited   0x020056a8     0x4  platform_init.o [1]
    .data            inited   0x020056ac     0x4  platform_init.o [1]
    .data            inited   0x020056b0     0x4  platform_init.o [1]
    .data            inited   0x020056b4     0x4  platform_init.o [1]
    .data            inited   0x020056b8     0x4  platform_init.o [1]
    .data            inited   0x020056bc     0x4  platform_init.o [1]
    .data            inited   0x020056c0     0x4  platform_init.o [1]
    .data            inited   0x020056c4     0x4  platform_init.o [1]
    .data            inited   0x020056c8     0x4  platform_init.o [1]
    .data            inited   0x020056cc     0x4  platform_init.o [1]
  .bss               zero     0x020056d0  0x6000  Update_for_OTA.o [1]
  .bss               zero     0x0200b6d0   0x500  menu.o [1]
  .bss               zero     0x0200bc00   0x160  dma_5410x.o [1]
  .bss               zero     0x0200bd60   0x100  platform_flash.o [1]
  .bss               zero     0x0200be60    0x50  platform.o [1]
  .bss               zero     0x0200beb0    0x50  platform_gpio.o [1]
  .bss               zero     0x0200bf00    0x24  power_control.o [1]
  .bss               zero     0x0200bf24    0x18  platform.o [1]
  .bss               zero     0x0200bf3c    0x18  platform_i2c.o [1]
  .bss               zero     0x0200bf54     0xc  platform_flash.o [1]
  .bss               zero     0x0200bf60     0x4  chip_5410x.o [1]
  .bss               zero     0x0200bf64     0x4  platform_flash.o [1]
  .bss               zero     0x0200bf68     0x4  platform_flash.o [1]
  .bss               zero     0x0200bf6c     0x4  platform_flash.o [1]
  .bss               zero     0x0200bf70     0x4  platform_flash.o [1]
  .bss               zero     0x0200bf74     0x4  platform_init.o [1]
  .bss               zero     0x0200bf78     0x4  platform_spi.o [1]
  .bss               zero     0x0200bf7c     0x4  pll_5410x.o [1]
  .bss               zero     0x0200bf80     0x1  platform_uart.o [1]
  CSTACK                      0x0200bf88  0x1000  <Block>
    CSTACK           uninit   0x0200bf88  0x1000  <Block tail>
                            - 0x0200cf88  0xce94


*******************************************************************************
*** INIT TABLE
***

          Address     Size
          -------     ----
Zero (__iar_zero_init3)
    1 destination range, total size 0x68b1:
          0x020056d0  0x68b1

Copy/lz77 (__iar_lz77_init3)
    1 source range, total size 0x75 (47% of destination):
          0x00001318    0x75
    1 destination range, total size 0xf4:
          0x02000000    0xf4

Copy/lz77 (__iar_lz77_init3)
    1 source range, total size 0x3d81 (71% of destination):
          0x0000138d  0x3d81
    1 destination range, total size 0x55dc:
          0x020000f4  0x55dc



*******************************************************************************
*** MODULE SUMMARY
***

    Module                               ro code  rw code  ro data  rw data
    ------                               -------  -------  -------  -------
E:\work\13.WiFi_Mxchip\SDK_MiCOKit_v2.3.0.2\Build\Bootloader\MiCOKit-LPC5410x\obj_EWARM: [1]
    BootloaderEntrance.o                              228      895    1 020
    CheckSumUtils.o                                   122       89
    Getline.o                                         118       84
    Retarget.o                                         16       11
    RingBufferUtils.o                        198
    StringUtils.o                                     250      179
    Update_for_OTA.o                                2 328    1 669   24 576
    chip_5410x.o                                       16       13        4
    clock_5410x.o                                     372      266
    crt0_EWARM.o                              20
    dma_5410x.o                                       148      106      352
    fpu_init.o                                         68       49
    hardfault.o                                       932      668
    iap.o                                             114       81
    menu.o                                          3 500    2 523    1 300
    mico_platform_common.o                          1 212      868
    platform.o                               546               340      576
    platform_flash.o                                2 836    2 639    1 132
    platform_gpio.o                          376                         80
    platform_i2c.o                           270                         24
    platform_init.o                                   596      527      140
    platform_mcu_powersave.o                           18       15
    platform_spi.o                           696                          4
    platform_uart.o                        1 526                          1
    platform_watchdog.o                                12        9
    pll_5410x.o                                       560      401        4
    power_control.o                                   748      535       36
    spi_flash.o                                     1 112      797
    spi_flash_platform.o                               48       34
    startup_lpc54100_bootloader_EWARM.o      266      290      151
    syscon_5410x.o                                    156      112
    uart_5410x.o                                      136       97
    wlan_platform_common.o                             28       20
    ymodem.o                                        1 258      901
    -----------------------------------------------------------------------
    Total:                                 3 898   17 222   14 079   29 249

command line: [2]
    -----------------------------------------------------------------------
    Total:

dl7M_tln.a: [3]
    abort.o                                    6
    exit.o                                              4        2
    printf.o                                           36       26
    snprintf.o                                         68       49
    sprintf.o                                          52       37
    strrchr.o                                          24       17
    xprintfsmall.o                                  1 240      890
    xprout.o                                           22       15
    xsnprout.o                                         26       18
    xsprout.o                                          10        8
    -----------------------------------------------------------------------
    Total:                                     6    1 482    1 062

m7M_tl.a: [4]
    -----------------------------------------------------------------------
    Total:

rt7M_tl.a: [5]
    ABImemclr.o                                         6        5
    ABImemclr4.o                                        6        4
    ABImemcpy_unaligned.o                    118
    ABImemset.o                                        94       67
    ABImemset48.o                                      58       42
    I64DivMod.o                                       238      170
    I64DivZer.o                                         2        3
    cexit.o                                            10        7
    cmain.o                                   26
    cstartup_M.o                              12
    data_init.o                               40
    lz77_init.o                              450
    memchr.o                                           88       65
    memcmp_unaligned.o                                 98       71
    strchr.o                                           22       16
    strcmp_unaligned.o                                 66       48
    strlen.o                                           54       40
    strncpy_unaligned.o                               108       77
    zero_init3.o                              64
    -----------------------------------------------------------------------
    Total:                                   710      850      615

shb_l.a: [6]
    exit.o                                    20
    -----------------------------------------------------------------------
    Total:                                    20

    Gaps                                       6       22                56
    Linker created                           176      144      178    4 096
---------------------------------------------------------------------------
    Grand Total:                           4 816   19 720   15 934   33 401


*******************************************************************************
*** ENTRY LIST
***

Entry                      Address    Size  Type      Object
-----                      -------    ----  ----      ------
.iar.init_table$$Base   0x00001270           --   Gb  - Linker created -
.iar.init_table$$Limit  0x000012b8           --   Gb  - Linker created -
.intvec_RAM$$Base       0x02000000           --   Gb  - Linker created -
.intvec_RAM$$Limit      0x020000f4           --   Gb  - Linker created -
?main                   0x000012c9          Code  Gb  cmain.o [5]
AsyncClockCfg           0x02002df1    0x46  Code  Gb  platform_init.o [1]
CRC16_Final             0x02002cc1    0x1c  Code  Gb  CheckSumUtils.o [1]
CRC16_Init              0x02002c85     0x6  Code  Gb  CheckSumUtils.o [1]
CRC16_Update            0x02002c8b    0x36  Code  Gb  CheckSumUtils.o [1]
CSTACK$$Base            0x0200bf88           --   Gb  - Linker created -
CSTACK$$Limit           0x0200cf88           --   Gb  - Linker created -
Chip_Clock_DisablePeriphClock
                        0x020042d1    0x1a  Code  Gb  clock_5410x.o [1]
Chip_Clock_EnablePeriphClock
                        0x020042b5    0x1c  Code  Gb  clock_5410x.o [1]
Chip_Clock_GetAsyncSyscon_ClockRate
                        0x0200430d    0x58  Code  Gb  clock_5410x.o [1]
Chip_Clock_GetMainClockSource
                        0x02004377    0x12  Code  Gb  clock_5410x.o [1]
Chip_Clock_GetMain_A_ClockRate
                        0x02004259    0x16  Code  Gb  clock_5410x.o [1]
Chip_Clock_GetMain_B_ClockRate
                        0x02004273    0x38  Code  Gb  clock_5410x.o [1]
Chip_Clock_GetSystemClockRate
                        0x02004389    0x16  Code  Gb  clock_5410x.o [1]
Chip_Clock_GetSystemPLLInClockRate
                        0x020045bf    0x2c  Code  Gb  pll_5410x.o [1]
Chip_Clock_GetSystemPLLOutClockRate
                        0x02004675    0x30  Code  Gb  pll_5410x.o [1]
Chip_Clock_GetSystemPLLOutFromSetup
                        0x020045eb    0x8a  Code  Gb  pll_5410x.o [1]
Chip_Clock_SetAsyncSysconClockSource
                        0x020042fd    0x10  Code  Gb  clock_5410x.o [1]
Chip_Clock_SetMainClockSource
                        0x02004365    0x12  Code  Gb  clock_5410x.o [1]
Chip_DMA_InitChannel    0x0200514d    0x52  Code  Gb  dma_5410x.o [1]
Chip_DMA_StartTransfer  0x020051a9    0x38  Code  Gb  dma_5410x.o [1]
Chip_DMA_Table          0x0200bc00   0x160  Data  Gb  dma_5410x.o [1]
Chip_IAP_CopyRamToFlash
                        0x0200346b    0x1e  Code  Gb  iap.o [1]
Chip_IAP_ErasePage      0x02003495     0x8  Code  Gb  iap.o [1]
Chip_IAP_EraseSector    0x02003489     0x8  Code  Gb  iap.o [1]
Chip_IAP_PreSectorForReadWrite
                        0x02003459    0x12  Code  Gb  iap.o [1]
Chip_SYSCON_Enable_ASYNC_Syscon
                        0x020041bd     0xe  Code  Gb  syscon_5410x.o [1]
Chip_SYSCON_PeriphReset
                        0x020041cb    0x30  Code  Gb  syscon_5410x.o [1]
Chip_SYSCON_PowerUp     0x020041fb    0x32  Code  Gb  syscon_5410x.o [1]
Chip_UART_DeInit        0x02005235    0x22  Code  Gb  uart_5410x.o [1]
Chip_UART_Init          0x020051e1    0x54  Code  Gb  uart_5410x.o [1]
DMAInit                 0x02002dbf    0x32  Code  Gb  platform_init.o [1]
DMA_IRQHandler          0x00000d13    0x8a  Code  Gb  platform.o [1]
ERROR_STR               0x02005630    0x14  Data  Gb  menu.o [1]
ExtClockIn              0x02004ff0     0x4  Data  Gb  platform.o [1]
FileName                0x0200bad0   0x100  Data  Gb  menu.o [1]
I2C0_IRQHandler         0x00000db5     0x6  Code  Gb  platform.o [1]
I2C1_IRQHandler         0x00000dbb     0x6  Code  Gb  platform.o [1]
I2C2_IRQHandler         0x00000dc1     0x6  Code  Gb  platform.o [1]
I2CMIrqHandler          0x00000fff    0x2c  Code  Gb  platform_i2c.o [1]
InStream_Read           0x0000102b    0x22  Code  Lc  lz77_init.o [5]
Int2Str                 0x0200143d    0x3a  Code  Gb  StringUtils.o [1]
Is_Chip_SYSCON_PowerUp  0x02004233     0x8  Code  Gb  syscon_5410x.o [1]
LoadInt                 0x02002afb    0x4c  Code  Lc  xprintfsmall.o [3]
Main_Menu               0x0200022d   0x6f0  Code  Gb  menu.o [1]
MicoFlashDisableSecurity
                        0x02001a4b    0x60  Code  Gb  mico_platform_common.o [1]
MicoFlashEnableSecurity
                        0x02001961    0x66  Code  Gb  mico_platform_common.o [1]
MicoFlashErase          0x020017ef    0x68  Code  Gb  mico_platform_common.o [1]
MicoFlashGetInfo        0x02001793    0x16  Code  Gb  mico_platform_common.o [1]
MicoFlashInitialize     0x020017a9    0x46  Code  Gb  mico_platform_common.o [1]
MicoFlashRead           0x020018d9    0x82  Code  Gb  mico_platform_common.o [1]
MicoFlashWrite          0x02001857    0x82  Code  Gb  mico_platform_common.o [1]
MicoGpioInitialize      0x02001647    0x12  Code  Gb  mico_platform_common.o [1]
MicoGpioOutputHigh      0x02001659    0x12  Code  Gb  mico_platform_common.o [1]
MicoGpioOutputLow       0x0200166b    0x12  Code  Gb  mico_platform_common.o [1]
MicoMcuPowerSaveConfig  0x02001691     0xc  Code  Gb  mico_platform_common.o [1]
MicoShouldEnterATEMode  0x02002659     0x4  Code  Wk  BootloaderEntrance.o [1]
MicoShouldEnterBootloader
                        0x00000f01    0x1a  Code  Gb  platform.o [1]
MicoShouldEnterMFGMode  0x00000ee7    0x1a  Code  Gb  platform.o [1]
MicoSpiInitialize       0x0200169d    0x4c  Code  Gb  mico_platform_common.o [1]
MicoSpiTransfer         0x020016e9    0x62  Code  Gb  mico_platform_common.o [1]
MicoSystemReboot        0x0200178f     0x4  Code  Gb  mico_platform_common.o [1]
MicoUartRecv            0x0200176d    0x22  Code  Gb  mico_platform_common.o [1]
MicoUartSend            0x0200174b    0x22  Code  Gb  mico_platform_common.o [1]
NVIC_SetPriority        0x00000cf9    0x1a  Code  Lc  platform.o [1]
OnSPIDmaXferDone        0x00000997    0x26  Code  Gb  platform_spi.o [1]
OnUartIRQ               0x00000253    0xe6  Code  Gb  platform_uart.o [1]
OutStream_Write         0x0000104d    0x40  Code  Lc  lz77_init.o [5]
PIN_INT0_IRQHandler     0x00000c99     0x4  Code  Gb  platform_gpio.o [1]
PIN_INT1_IRQHandler     0x00000c9d     0x4  Code  Gb  platform_gpio.o [1]
PIN_INT2_IRQHandler     0x00000ca1     0x4  Code  Gb  platform_gpio.o [1]
PIN_INT3_IRQHandler     0x00000ca5     0x4  Code  Gb  platform_gpio.o [1]
PIN_INT4_IRQHandler     0x00000ca9     0x4  Code  Gb  platform_gpio.o [1]
PIN_INT5_IRQHandler     0x00000cad     0x4  Code  Gb  platform_gpio.o [1]
PIN_INT6_IRQHandler     0x00000cb1     0x4  Code  Gb  platform_gpio.o [1]
PIN_INT7_IRQHandler     0x00000cb5    0x18  Code  Gb  platform_gpio.o [1]
PwrCtlSetMcuFrequency   0x02003ff9   0x15a  Code  Gb  power_control.o [1]
PwrCtlStateReset        0x02003eb3    0x10  Code  Gb  power_control.o [1]
Region$$Table$$Base     0x00001270           --   Gb  - Linker created -
Region$$Table$$Limit    0x000012b8           --   Gb  - Linker created -
SerialDownload          0x020001a9    0x80  Code  Gb  menu.o [1]
Str2Int                 0x02001477    0xb4  Code  Gb  StringUtils.o [1]
SysTick_Handler         0x02002f41     0xc  Code  Gb  platform_init.o [1]
SystemCoreClock         0x0200bf60     0x4  Data  Gb  chip_5410x.o [1]
SystemCoreClockUpdate   0x02004489    0x10  Code  Gb  chip_5410x.o [1]
TaskProcNotify          0x02003f0d    0x46  Code  Gb  power_control.o [1]
UART0_IRQHandler        0x00000d9d     0x6  Code  Gb  platform.o [1]
UART1_IRQHandler        0x00000da3     0x6  Code  Gb  platform.o [1]
UART2_IRQHandler        0x00000da9     0x6  Code  Gb  platform.o [1]
UART3_IRQHandler        0x00000daf     0x6  Code  Gb  platform.o [1]
UpdateCRC16             0x02002c65    0x20  Code  Gb  CheckSumUtils.o [1]
Ymodem_PrepareIntialPacket
                        0x02001123    0x66  Code  Gb  ymodem.o [1]
Ymodem_PreparePacket    0x02001189    0x56  Code  Gb  ymodem.o [1]
Ymodem_Receive          0x02000f39   0x1e2  Code  Gb  ymodem.o [1]
Ymodem_Transmit         0x020011e9   0x232  Code  Gb  ymodem.o [1]
_GetAddress             0x02002491   0x110  Code  Lc  platform_flash.o [1]
_GetSector              0x0200236d   0x124  Code  Lc  platform_flash.o [1]
_LitobSmall             0x02002b47    0xce  Code  Lc  xprintfsmall.o [3]
_PrintfSmall            0x02002775   0x380  Code  Gb  xprintfsmall.o [3]
_Prout                  0x02005619    0x16  Code  Gb  xprout.o [3]
_PutcharsSmall          0x02002c15    0x2e  Code  Lc  xprintfsmall.o [3]
_SNProut                0x02001423    0x1a  Code  Gb  xsnprout.o [3]
_SProut                 0x02001537     0xa  Code  Gb  xsprout.o [3]
__aeabi_ldiv0           0x020047b9          Code  Gb  I64DivZer.o [5]
__aeabi_memclr          0x02002c5d          Code  Gb  ABImemclr.o [5]
__aeabi_memclr4         0x02001541          Code  Gb  ABImemclr4.o [5]
__aeabi_memset4         0x02002ce1          Code  Gb  ABImemset48.o [5]
__aeabi_memset8         0x02002ce1          Code  Gb  ABImemset48.o [5]
__aeabi_uldivmod        0x020046c9          Code  Gb  I64DivMod.o [5]
__cmain                 0x000012c9          Code  Gb  cmain.o [5]
__exit                  0x000011f5    0x14  Code  Gb  exit.o [6]
__iar_Memchr            0x02003e35          Code  Gb  memchr.o [5]
__iar_Memset4_word      0x02002ce9          Code  Gb  ABImemset48.o [5]
__iar_Memset8_word      0x02002ce9          Code  Gb  ABImemset48.o [5]
__iar_Memset_word       0x02002715          Code  Gb  ABImemset.o [5]
__iar_Strchr            0x02003de5          Code  Gb  strchr.o [5]
__iar_Strrchr           0x02001afd    0x18  Code  Gb  strrchr.o [3]
__iar_data_init3        0x00001249    0x28  Code  Gb  data_init.o [5]
__iar_lz77_init3        0x0000108d   0x160  Code  Gb  lz77_init.o [5]
__iar_program_start     0x00001309          Code  Gb  cstartup_M.o [5]
__iar_strcmp            0x020015bd          Code  Gb  strcmp_unaligned.o [5]
__iar_unaligned___aeabi_memcpy
                        0x00000829          Code  Gb  ABImemcpy_unaligned.o [5]
__iar_unaligned___aeabi_memcpy4
                        0x00000849          Code  Gb  ABImemcpy_unaligned.o [5]
__iar_unaligned___aeabi_memcpy8
                        0x00000849          Code  Gb  ABImemcpy_unaligned.o [5]
__iar_unaligned_memcmp  0x02004425          Code  Gb  memcmp_unaligned.o [5]
__iar_unaligned_strcmp  0x020015bd          Code  Gb  strcmp_unaligned.o [5]
__iar_unaligned_strncpy
                        0x02000ea1          Code  Gb  strncpy_unaligned.o [5]
__iar_zero_init3        0x00001209    0x40  Code  Gb  zero_init3.o [5]
__jump_to               0x02002d51     0xc  Code  Lc  platform_init.o [1]
__low_level_init        0x000012e5    0x14  Code  Gb  crt0_EWARM.o [1]
__vector_table          0x00000000          Data  Gb  startup_lpc54100_bootloader_EWARM.o [1]
__vector_table_RAM      0x02000000          Data  Gb  startup_lpc54100_bootloader_EWARM.o [1]
_call_main              0x000012d5          Code  Gb  cmain.o [5]
_exit                   0x0200567d          Code  Gb  cexit.o [5]
_main                   0x000012df          Code  Gb  cmain.o [5]
_prvFifoRecfg           0x0000017f    0x60  Code  Gb  platform_uart.o [1]
_prvGetPwrPrm           0x02003ec5    0x48  Code  Gb  power_control.o [1]
_prvI2CMXferFSM         0x00000f1d    0xe2  Code  Gb  platform_i2c.o [1]
_prvInitDataStructure   0x0000016d    0x12  Code  Gb  platform_uart.o [1]
_prvInitUartHw          0x00000339   0x14e  Code  Gb  platform_uart.o [1]
_prvPinIntHandler       0x00000c77    0x22  Code  Gb  platform_gpio.o [1]
_prvReadFifo            0x000001df    0x44  Code  Gb  platform_uart.o [1]
_prvReadFifoWithEnoughBuf
                        0x00000223    0x30  Code  Gb  platform_uart.o [1]
_prvRingBufReadAndConsume
                        0x000005e9    0x42  Code  Gb  platform_uart.o [1]
abort                   0x000011ed     0x6  Code  Gb  abort.o [3]
bootloader_start_app    0x0200265d    0x12  Code  Gb  BootloaderEntrance.o [1]
checkcrc                0x020034cd    0xde  Code  Lc  Update_for_OTA.o [1]
curPllRate              0x0200bf7c     0x4  Data  Lc  pll_5410x.o [1]
data                    0x020056d0  0x1000  Data  Lc  Update_for_OTA.o [1]
disable_interrupts      0x02003e8d     0xe  Code  Gb  power_control.o [1]
enable_interrupts       0x02003e9b    0x18  Code  Gb  power_control.o [1]
enable_protection       0x02002631    0x28  Code  Lc  BootloaderEntrance.o [1]
exit                    0x020056a3     0x4  Code  Gb  exit.o [3]
findCommandPara         0x020000f5    0xb4  Code  Gb  menu.o [1]
findPllMMult            0x02004555    0x6a  Code  Gb  pll_5410x.o [1]
findPllPostDiv          0x02004505    0x50  Code  Gb  pll_5410x.o [1]
findPllPreDiv           0x02004499    0x6c  Code  Gb  pll_5410x.o [1]
fpuInit                 0x02004179    0x44  Code  Gb  fpu_init.o [1]
g_CurrentFreq           0x0200bf1c     0x4  Data  Gb  power_control.o [1]
g_freqCtrl              0x0200bf10     0x8  Data  Gb  power_control.o [1]
g_irqDisCnt             0x0200bf20     0x4  Data  Gb  power_control.o [1]
g_pASys                 0x02005478     0x4  Data  Gb  platform_init.o [1]
g_pDMA                  0x0200547c     0x4  Data  Gb  platform_init.o [1]
g_pFIFO                 0x020056c0     0x4  Data  Gb  platform_init.o [1]
g_pGP                   0x020056ac     0x4  Data  Gb  platform_init.o [1]
g_pIO                   0x020056a8     0x4  Data  Gb  platform_init.o [1]
g_pInMux                0x020056b0     0x4  Data  Gb  platform_init.o [1]
g_pNVIC                 0x020056c4     0x4  Data  Gb  platform_init.o [1]
g_pPMU                  0x020056bc     0x4  Data  Gb  platform_init.o [1]
g_pPWRD                 0x0200bf18     0x4  Data  Gb  power_control.o [1]
g_pSCB                  0x020056c8     0x4  Data  Gb  platform_init.o [1]
g_pSPI0                 0x020056b4     0x4  Data  Gb  platform_init.o [1]
g_pSPI1                 0x020056b8     0x4  Data  Gb  platform_init.o [1]
g_pSys                  0x02005474     0x4  Data  Gb  platform_init.o [1]
g_pSysTick              0x020056cc     0x4  Data  Gb  platform_init.o [1]
g_pwrPrm                0x0200bf00    0x10  Data  Gb  power_control.o [1]
generic_sflash_command  0x020032e1    0x7a  Code  Gb  spi_flash.o [1]
getline                 0x02001547    0x76  Code  Gb  Getline.o [1]
hard_fault_handler_c    0x02004bb9   0x206  Code  Gb  hardfault.o [1]
host_platform_init      0x020043cd     0x4  Code  Gb  wlan_platform_common.o [1]
init_architecture       0x02002ee3    0x3e  Code  Gb  platform_init.o [1]
init_clocks             0x02002e37    0xaa  Code  Gb  platform_init.o [1]
init_memory             0x02002ee1     0x2  Code  Wk  platform_init.o [1]
init_platform_bootloader
                        0x00000eb5    0x32  Code  Gb  platform.o [1]
init_sflash             0x02003287    0x5a  Code  Gb  spi_flash.o [1]
internalFlashErase      0x0200209d    0x8c  Code  Lc  platform_flash.o [1]
internalFlashInitialize
                        0x02002073    0x24  Code  Lc  platform_flash.o [1]
internalFlashWrite      0x0200219d   0x1ca  Code  Lc  platform_flash.o [1]
main                    0x0200266f    0x70  Code  Gb  BootloaderEntrance.o [1]
memchr                  0x02003e35          Code  Gb  memchr.o [5]
menu                    0x020047bc   0x3fc  Data  Gb  BootloaderEntrance.o [1]
mico_get_time_no_os     0x02002f4d     0x6  Code  Gb  platform_init.o [1]
mico_partitions         0x020050ac    0xa0  Data  Gb  platform.o [1]
mico_set_bootload_ver   0x020019c7    0x84  Code  Gb  mico_platform_common.o [1]
mico_spi_flash          0x02005098     0xc  Data  Gb  platform.o [1]
newData                 0x020066d0  0x1000  Data  Lc  Update_for_OTA.o [1]
no_os_tick              0x0200bf74     0x4  Data  Lc  platform_init.o [1]
paraSaveInRam           0x020076d0  0x4000  Data  Gb  Update_for_OTA.o [1]
platform_flash_disable_protect
                        0x02001fb1    0xc2  Code  Gb  platform_flash.o [1]
platform_flash_drivers  0x0200bf24    0x18  Data  Gb  platform.o [1]
platform_flash_enable_protect
                        0x02001eef    0xc2  Code  Gb  platform_flash.o [1]
platform_flash_erase    0x02001bcb   0x10e  Code  Gb  platform_flash.o [1]
platform_flash_init     0x02001b15    0xb6  Code  Gb  platform_flash.o [1]
platform_flash_peripherals
                        0x02005080    0x18  Data  Gb  platform.o [1]
platform_flash_read     0x02001e01    0xee  Code  Gb  platform_flash.o [1]
platform_flash_write    0x02001cd9   0x122  Code  Gb  platform_flash.o [1]
platform_gpio_init      0x00000b61    0x9a  Code  Gb  platform_gpio.o [1]
platform_gpio_input_get
                        0x00000c3f    0x1e  Code  Gb  platform_gpio.o [1]
platform_gpio_irq_manager_init
                        0x00000c5d    0x1a  Code  Gb  platform_gpio.o [1]
platform_gpio_output_high
                        0x00000bfb    0x20  Code  Gb  platform_gpio.o [1]
platform_gpio_output_low
                        0x00000c1b    0x1c  Code  Gb  platform_gpio.o [1]
platform_gpio_pins      0x02004ff4    0x38  Data  Gb  platform.o [1]
platform_i2c_peripherals
                        0x02005668     0xc  Data  Gb  platform.o [1]
platform_init_peripheral_irq_priorities
                        0x00000dc7    0xac  Code  Gb  platform.o [1]
platform_mcu_powersave_disable
                        0x02002d1d     0xe  Code  Gb  platform_mcu_powersave.o [1]
platform_mcu_powersave_enable
                        0x02002d2b     0x4  Code  Gb  platform_mcu_powersave.o [1]
platform_mcu_reset      0x02002da7    0x18  Code  Gb  platform_init.o [1]
platform_spi_drivers    0x02005658    0x10  Data  Gb  platform.o [1]
platform_spi_init       0x000008a1    0xf6  Code  Gb  platform_spi.o [1]
platform_spi_peripherals
                        0x0200506c    0x14  Data  Gb  platform.o [1]
platform_spi_transfer   0x000009bd   0x180  Code  Gb  platform_spi.o [1]
platform_uart_drivers   0x0200be60    0x50  Data  Gb  platform.o [1]
platform_uart_init      0x00000487    0x4e  Code  Gb  platform_uart.o [1]
platform_uart_peripherals
                        0x0200503c    0x30  Data  Gb  platform.o [1]
platform_uart_receive_bytes
                        0x0000062b    0xbe  Code  Gb  platform_uart.o [1]
platform_uart_transmit_bytes
                        0x000004d5   0x114  Code  Gb  platform_uart.o [1]
platform_uart_tx_dma_irq
                        0x00000755     0xe  Code  Gb  platform_uart.o [1]
platform_watchdog_kick  0x020043e9     0x2  Code  Gb  platform_watchdog.o [1]
printf                  0x02000f0d    0x24  Code  Gb  printf.o [3]
putchar                 0x02002c4d    0x10  Code  Gb  Retarget.o [1]
ring_buffer_consume     0x000007ad    0x14  Code  Gb  RingBufferUtils.o [1]
ring_buffer_get_data    0x00000785    0x28  Code  Gb  RingBufferUtils.o [1]
ring_buffer_init        0x00000763     0xe  Code  Gb  RingBufferUtils.o [1]
ring_buffer_used_space  0x00000771     0x6  Code  Gb  RingBufferUtils.o [1]
ring_buffer_write       0x000007c1    0x68  Code  Gb  RingBufferUtils.o [1]
s_flashwritecount       0x0200bf6c     0x4  Data  Lc  platform_flash.o [1]
s_i2cCtxs               0x0200bf3c    0x18  Data  Gb  platform_i2c.o [1]
s_intflash_offset       0x0200bf70     0x4  Data  Lc  platform_flash.o [1]
s_irqAlc                0x0200beb0    0x50  Data  Lc  platform_gpio.o [1]
s_isFifoInited          0x0200bf80     0x1  Data  Gb  platform_uart.o [1]
s_pSPIDrvs              0x0200bf78     0x4  Data  Gb  platform_spi.o [1]
s_wlast_buff_datacount  0x0200bf64     0x4  Data  Lc  platform_flash.o [1]
s_wlast_buff_flashaddr  0x0200bf68     0x4  Data  Lc  platform_flash.o [1]
s_wpage_buff            0x0200bd60   0x100  Data  Lc  platform_flash.o [1]
sflash_handle           0x0200bf54     0xc  Data  Lc  platform_flash.o [1]
sflash_platform_init    0x020043f5    0x18  Code  Gb  spi_flash_platform.o [1]
sflash_platform_send_recv
                        0x0200440d    0x12  Code  Gb  spi_flash_platform.o [1]
sflash_read             0x020030f3    0x2a  Code  Gb  spi_flash.o [1]
sflash_sector_erase     0x02003089    0x6a  Code  Gb  spi_flash.o [1]
sflash_write            0x020031e9    0x9e  Code  Gb  spi_flash.o [1]
sflash_write_enable     0x02003001    0x86  Code  Gb  spi_flash.o [1]
sflash_write_page       0x0200311d    0xc6  Code  Gb  spi_flash.o [1]
snprintf                0x02002fa5    0x44  Code  Gb  snprintf.o [3]
spiFlashErase           0x02002129    0x74  Code  Lc  platform_flash.o [1]
sprintf                 0x02004f5d    0x34  Code  Gb  sprintf.o [3]
startApplication        0x02002d5d    0x4a  Code  Gb  platform_init.o [1]
stdio_hardfault         0x02002f21    0x20  Code  Gb  platform_init.o [1]
stdio_rx_buffer         0x02005480    0x10  Data  Lc  platform_init.o [1]
stdio_rx_data           0x02005490    0x40  Data  Lc  platform_init.o [1]
stdio_uart_config       0x02002f98     0xc  Data  Lc  platform_init.o [1]
strchr                  0x02003de5          Code  Gb  strchr.o [5]
strlen                  0x02003dfd          Code  Gb  strlen.o [5]
strrchr                 0x02002fe9    0x10  Code  Gb  platform_flash.o [1]
sys_gpio_pins           0x0200502c    0x10  Data  Gb  platform.o [1]
tab_1024                0x0200b6d0   0x400  Data  Gb  menu.o [1]
update                  0x020035b1   0x63a  Code  Gb  Update_for_OTA.o [1]
wiced_gpio_input_get    0x0200167d    0x14  Code  Gb  mico_platform_common.o [1]
wifi_control_pins       0x020050a4     0x8  Data  Gb  platform.o [1]
xSWinitSysPll           0x02003f53    0xa6  Code  Gb  power_control.o [1]


[1] = E:\work\13.WiFi_Mxchip\SDK_MiCOKit_v2.3.0.2\Build\Bootloader\MiCOKit-LPC5410x\obj_EWARM
[2] = command line
[3] = dl7M_tln.a
[4] = m7M_tl.a
[5] = rt7M_tl.a
[6] = shb_l.a

   4 816 bytes of readonly  code memory
  19 720 bytes of readwrite code memory
  15 934 bytes of readonly  data memory
  33 401 bytes of readwrite data memory

Errors: none
Warnings: none
