###############################################################################
#
# IAR ELF Linker V7.40.3.8902/W32 for ARM                 15/Sep/2015  09:00:47
# Copyright 2007-2015 IAR Systems AB.
#
#    Output file  =  
#        E:\work\13.WiFi_Mxchip\SDK_MiCOKit_v2.3.0.2\Build\Cloud_RGB_LED\MiCOKit-3164\COM.MXCHIP.SPP.out.tmp
#    Map file     =  
#        E:\work\13.WiFi_Mxchip\SDK_MiCOKit_v2.3.0.2\Build\Cloud_RGB_LED\MiCOKit-3164\list_EWARM\COM.MXCHIP.SPP.map
#    Command line =  
#        E:\work\13.WiFi_Mxchip\SDK_MiCOKit_v2.3.0.2\Build\Cloud_RGB_LED\MiCOKit-3164\obj_EWARM\adc_5410x.o
#        E:\work\13.WiFi_Mxchip\SDK_MiCOKit_v2.3.0.2\Build\Cloud_RGB_LED\MiCOKit-3164\obj_EWARM\arraylist.o
#        E:\work\13.WiFi_Mxchip\SDK_MiCOKit_v2.3.0.2\Build\Cloud_RGB_LED\MiCOKit-3164\obj_EWARM\AsciiLib.o
#        E:\work\13.WiFi_Mxchip\SDK_MiCOKit_v2.3.0.2\Build\Cloud_RGB_LED\MiCOKit-3164\obj_EWARM\bme280.o
#        E:\work\13.WiFi_Mxchip\SDK_MiCOKit_v2.3.0.2\Build\Cloud_RGB_LED\MiCOKit-3164\obj_EWARM\bme280_user.o
#        E:\work\13.WiFi_Mxchip\SDK_MiCOKit_v2.3.0.2\Build\Cloud_RGB_LED\MiCOKit-3164\obj_EWARM\CheckSumUtils.o
#        E:\work\13.WiFi_Mxchip\SDK_MiCOKit_v2.3.0.2\Build\Cloud_RGB_LED\MiCOKit-3164\obj_EWARM\chip_5410x.o
#        E:\work\13.WiFi_Mxchip\SDK_MiCOKit_v2.3.0.2\Build\Cloud_RGB_LED\MiCOKit-3164\obj_EWARM\clock_5410x.o
#        E:\work\13.WiFi_Mxchip\SDK_MiCOKit_v2.3.0.2\Build\Cloud_RGB_LED\MiCOKit-3164\obj_EWARM\config_server.o
#        E:\work\13.WiFi_Mxchip\SDK_MiCOKit_v2.3.0.2\Build\Cloud_RGB_LED\MiCOKit-3164\obj_EWARM\config_server_menu.o
#        E:\work\13.WiFi_Mxchip\SDK_MiCOKit_v2.3.0.2\Build\Cloud_RGB_LED\MiCOKit-3164\obj_EWARM\crc_5410x.o
#        E:\work\13.WiFi_Mxchip\SDK_MiCOKit_v2.3.0.2\Build\Cloud_RGB_LED\MiCOKit-3164\obj_EWARM\crt0_EWARM.o
#        E:\work\13.WiFi_Mxchip\SDK_MiCOKit_v2.3.0.2\Build\Cloud_RGB_LED\MiCOKit-3164\obj_EWARM\dc_motor.o
#        E:\work\13.WiFi_Mxchip\SDK_MiCOKit_v2.3.0.2\Build\Cloud_RGB_LED\MiCOKit-3164\obj_EWARM\debug.o
#        E:\work\13.WiFi_Mxchip\SDK_MiCOKit_v2.3.0.2\Build\Cloud_RGB_LED\MiCOKit-3164\obj_EWARM\DHT11.o
#        E:\work\13.WiFi_Mxchip\SDK_MiCOKit_v2.3.0.2\Build\Cloud_RGB_LED\MiCOKit-3164\obj_EWARM\dma_5410x.o
#        E:\work\13.WiFi_Mxchip\SDK_MiCOKit_v2.3.0.2\Build\Cloud_RGB_LED\MiCOKit-3164\obj_EWARM\fifo_5410x.o
#        E:\work\13.WiFi_Mxchip\SDK_MiCOKit_v2.3.0.2\Build\Cloud_RGB_LED\MiCOKit-3164\obj_EWARM\fogCloud.o
#        E:\work\13.WiFi_Mxchip\SDK_MiCOKit_v2.3.0.2\libraries\protocols\fog_cloud\FogCloud_cm4_release.a
#        E:\work\13.WiFi_Mxchip\SDK_MiCOKit_v2.3.0.2\Build\Cloud_RGB_LED\MiCOKit-3164\obj_EWARM\fpu_init.o
#        E:\work\13.WiFi_Mxchip\SDK_MiCOKit_v2.3.0.2\Build\Cloud_RGB_LED\MiCOKit-3164\obj_EWARM\gpio_5410x.o
#        E:\work\13.WiFi_Mxchip\SDK_MiCOKit_v2.3.0.2\Build\Cloud_RGB_LED\MiCOKit-3164\obj_EWARM\gpiogroup_5410x.o
#        E:\work\13.WiFi_Mxchip\SDK_MiCOKit_v2.3.0.2\Build\Cloud_RGB_LED\MiCOKit-3164\obj_EWARM\hardfault.o
#        E:\work\13.WiFi_Mxchip\SDK_MiCOKit_v2.3.0.2\Build\Cloud_RGB_LED\MiCOKit-3164\obj_EWARM\hsb2rgb_led.o
#        E:\work\13.WiFi_Mxchip\SDK_MiCOKit_v2.3.0.2\Build\Cloud_RGB_LED\MiCOKit-3164\obj_EWARM\HTTPUtils.o
#        E:\work\13.WiFi_Mxchip\SDK_MiCOKit_v2.3.0.2\Build\Cloud_RGB_LED\MiCOKit-3164\obj_EWARM\i2c_common_5410x.o
#        E:\work\13.WiFi_Mxchip\SDK_MiCOKit_v2.3.0.2\Build\Cloud_RGB_LED\MiCOKit-3164\obj_EWARM\i2cm_5410x.o
#        E:\work\13.WiFi_Mxchip\SDK_MiCOKit_v2.3.0.2\Build\Cloud_RGB_LED\MiCOKit-3164\obj_EWARM\i2cs_5410x.o
#        E:\work\13.WiFi_Mxchip\SDK_MiCOKit_v2.3.0.2\Build\Cloud_RGB_LED\MiCOKit-3164\obj_EWARM\iap.o
#        E:\work\13.WiFi_Mxchip\SDK_MiCOKit_v2.3.0.2\Build\Cloud_RGB_LED\MiCOKit-3164\obj_EWARM\infrared_reflective.o
#        E:\work\13.WiFi_Mxchip\SDK_MiCOKit_v2.3.0.2\Build\Cloud_RGB_LED\MiCOKit-3164\obj_EWARM\iocon_5410x.o
#        E:\work\13.WiFi_Mxchip\SDK_MiCOKit_v2.3.0.2\Build\Cloud_RGB_LED\MiCOKit-3164\obj_EWARM\json_object.o
#        E:\work\13.WiFi_Mxchip\SDK_MiCOKit_v2.3.0.2\Build\Cloud_RGB_LED\MiCOKit-3164\obj_EWARM\json_tokener.o
#        E:\work\13.WiFi_Mxchip\SDK_MiCOKit_v2.3.0.2\Build\Cloud_RGB_LED\MiCOKit-3164\obj_EWARM\json_util.o
#        E:\work\13.WiFi_Mxchip\SDK_MiCOKit_v2.3.0.2\Build\Cloud_RGB_LED\MiCOKit-3164\obj_EWARM\keys.o
#        E:\work\13.WiFi_Mxchip\SDK_MiCOKit_v2.3.0.2\Build\Cloud_RGB_LED\MiCOKit-3164\obj_EWARM\light_sensor.o
#        E:\work\13.WiFi_Mxchip\SDK_MiCOKit_v2.3.0.2\Build\Cloud_RGB_LED\MiCOKit-3164\obj_EWARM\linkhash.o
#        E:\work\13.WiFi_Mxchip\SDK_MiCOKit_v2.3.0.2\Build\Cloud_RGB_LED\MiCOKit-3164\obj_EWARM\mico_cli.o
#        E:\work\13.WiFi_Mxchip\SDK_MiCOKit_v2.3.0.2\Build\Cloud_RGB_LED\MiCOKit-3164\obj_EWARM\mico_config.o
#        E:\work\13.WiFi_Mxchip\SDK_MiCOKit_v2.3.0.2\Build\Cloud_RGB_LED\MiCOKit-3164\obj_EWARM\mico_mdns.o
#        E:\work\13.WiFi_Mxchip\SDK_MiCOKit_v2.3.0.2\Build\Cloud_RGB_LED\MiCOKit-3164\obj_EWARM\mico_platform_common.o
#        E:\work\13.WiFi_Mxchip\SDK_MiCOKit_v2.3.0.2\Build\Cloud_RGB_LED\MiCOKit-3164\obj_EWARM\mico_system_init.o
#        E:\work\13.WiFi_Mxchip\SDK_MiCOKit_v2.3.0.2\Build\Cloud_RGB_LED\MiCOKit-3164\obj_EWARM\mico_system_monitor.o
#        E:\work\13.WiFi_Mxchip\SDK_MiCOKit_v2.3.0.2\Build\Cloud_RGB_LED\MiCOKit-3164\obj_EWARM\mico_system_notification.o
#        E:\work\13.WiFi_Mxchip\SDK_MiCOKit_v2.3.0.2\Build\Cloud_RGB_LED\MiCOKit-3164\obj_EWARM\mico_system_para_storage.o
#        E:\work\13.WiFi_Mxchip\SDK_MiCOKit_v2.3.0.2\Build\Cloud_RGB_LED\MiCOKit-3164\obj_EWARM\mico_system_power_daemon.o
#        E:\work\13.WiFi_Mxchip\SDK_MiCOKit_v2.3.0.2\Build\Cloud_RGB_LED\MiCOKit-3164\obj_EWARM\MICOAppEntrance.o
#        E:\work\13.WiFi_Mxchip\SDK_MiCOKit_v2.3.0.2\Build\Cloud_RGB_LED\MiCOKit-3164\obj_EWARM\MICOBonjour.o
#        E:\work\13.WiFi_Mxchip\SDK_MiCOKit_v2.3.0.2\Build\Cloud_RGB_LED\MiCOKit-3164\obj_EWARM\MICOConfigDelegate.o
#        E:\work\13.WiFi_Mxchip\SDK_MiCOKit_v2.3.0.2\Platform\Drivers\MicoDriverMFiAuth\MicoDriverMFiAuth.a
#        E:\work\13.WiFi_Mxchip\SDK_MiCOKit_v2.3.0.2\Build\Cloud_RGB_LED\MiCOKit-3164\obj_EWARM\MicoFogCloud.o
#        E:\work\13.WiFi_Mxchip\SDK_MiCOKit_v2.3.0.2\Build\Cloud_RGB_LED\MiCOKit-3164\obj_EWARM\MicoFogCloudConfigServer.o
#        E:\work\13.WiFi_Mxchip\SDK_MiCOKit_v2.3.0.2\Build\Cloud_RGB_LED\MiCOKit-3164\obj_EWARM\micokit_ext.o
#        E:\work\13.WiFi_Mxchip\SDK_MiCOKit_v2.3.0.2\Build\Cloud_RGB_LED\MiCOKit-3164\obj_EWARM\micokit_ext_mfg.o
#        E:\work\13.WiFi_Mxchip\SDK_MiCOKit_v2.3.0.2\MICO\core\mxchipWNet_cm4f_spi.a
#        E:\work\13.WiFi_Mxchip\SDK_MiCOKit_v2.3.0.2\Build\Cloud_RGB_LED\MiCOKit-3164\obj_EWARM\oled.o
#        E:\work\13.WiFi_Mxchip\SDK_MiCOKit_v2.3.0.2\Build\Cloud_RGB_LED\MiCOKit-3164\obj_EWARM\pinint_5410x.o
#        E:\work\13.WiFi_Mxchip\SDK_MiCOKit_v2.3.0.2\Build\Cloud_RGB_LED\MiCOKit-3164\obj_EWARM\platform.o
#        E:\work\13.WiFi_Mxchip\SDK_MiCOKit_v2.3.0.2\Build\Cloud_RGB_LED\MiCOKit-3164\obj_EWARM\platform_adc.o
#        E:\work\13.WiFi_Mxchip\SDK_MiCOKit_v2.3.0.2\Build\Cloud_RGB_LED\MiCOKit-3164\obj_EWARM\platform_flash.o
#        E:\work\13.WiFi_Mxchip\SDK_MiCOKit_v2.3.0.2\Build\Cloud_RGB_LED\MiCOKit-3164\obj_EWARM\platform_gpio.o
#        E:\work\13.WiFi_Mxchip\SDK_MiCOKit_v2.3.0.2\Build\Cloud_RGB_LED\MiCOKit-3164\obj_EWARM\platform_i2c.o
#        E:\work\13.WiFi_Mxchip\SDK_MiCOKit_v2.3.0.2\Build\Cloud_RGB_LED\MiCOKit-3164\obj_EWARM\platform_init.o
#        E:\work\13.WiFi_Mxchip\SDK_MiCOKit_v2.3.0.2\Build\Cloud_RGB_LED\MiCOKit-3164\obj_EWARM\platform_mcu_powersave.o
#        E:\work\13.WiFi_Mxchip\SDK_MiCOKit_v2.3.0.2\Build\Cloud_RGB_LED\MiCOKit-3164\obj_EWARM\platform_nano_second.o
#        E:\work\13.WiFi_Mxchip\SDK_MiCOKit_v2.3.0.2\Build\Cloud_RGB_LED\MiCOKit-3164\obj_EWARM\platform_pwm.o
#        E:\work\13.WiFi_Mxchip\SDK_MiCOKit_v2.3.0.2\Build\Cloud_RGB_LED\MiCOKit-3164\obj_EWARM\platform_rng.o
#        E:\work\13.WiFi_Mxchip\SDK_MiCOKit_v2.3.0.2\Build\Cloud_RGB_LED\MiCOKit-3164\obj_EWARM\platform_rtc.o
#        E:\work\13.WiFi_Mxchip\SDK_MiCOKit_v2.3.0.2\Build\Cloud_RGB_LED\MiCOKit-3164\obj_EWARM\platform_spi.o
#        E:\work\13.WiFi_Mxchip\SDK_MiCOKit_v2.3.0.2\Build\Cloud_RGB_LED\MiCOKit-3164\obj_EWARM\platform_uart.o
#        E:\work\13.WiFi_Mxchip\SDK_MiCOKit_v2.3.0.2\Build\Cloud_RGB_LED\MiCOKit-3164\obj_EWARM\platform_watchdog.o
#        E:\work\13.WiFi_Mxchip\SDK_MiCOKit_v2.3.0.2\Build\Cloud_RGB_LED\MiCOKit-3164\obj_EWARM\pll_5410x.o
#        E:\work\13.WiFi_Mxchip\SDK_MiCOKit_v2.3.0.2\Build\Cloud_RGB_LED\MiCOKit-3164\obj_EWARM\power_control.o
#        E:\work\13.WiFi_Mxchip\SDK_MiCOKit_v2.3.0.2\Build\Cloud_RGB_LED\MiCOKit-3164\obj_EWARM\printbuf.o
#        E:\work\13.WiFi_Mxchip\SDK_MiCOKit_v2.3.0.2\Build\Cloud_RGB_LED\MiCOKit-3164\obj_EWARM\Retarget.o
#        E:\work\13.WiFi_Mxchip\SDK_MiCOKit_v2.3.0.2\Build\Cloud_RGB_LED\MiCOKit-3164\obj_EWARM\rgb_led.o
#        E:\work\13.WiFi_Mxchip\SDK_MiCOKit_v2.3.0.2\Build\Cloud_RGB_LED\MiCOKit-3164\obj_EWARM\ring_buffer.o
#        E:\work\13.WiFi_Mxchip\SDK_MiCOKit_v2.3.0.2\Build\Cloud_RGB_LED\MiCOKit-3164\obj_EWARM\RingBufferUtils.o
#        E:\work\13.WiFi_Mxchip\SDK_MiCOKit_v2.3.0.2\Build\Cloud_RGB_LED\MiCOKit-3164\obj_EWARM\ritimer_5410x.o
#        E:\work\13.WiFi_Mxchip\SDK_MiCOKit_v2.3.0.2\Build\Cloud_RGB_LED\MiCOKit-3164\obj_EWARM\rtc_5410x.o
#        E:\work\13.WiFi_Mxchip\SDK_MiCOKit_v2.3.0.2\Build\Cloud_RGB_LED\MiCOKit-3164\obj_EWARM\rtc_ut.o
#        E:\work\13.WiFi_Mxchip\SDK_MiCOKit_v2.3.0.2\Build\Cloud_RGB_LED\MiCOKit-3164\obj_EWARM\sct_5410x.o
#        E:\work\13.WiFi_Mxchip\SDK_MiCOKit_v2.3.0.2\Build\Cloud_RGB_LED\MiCOKit-3164\obj_EWARM\sct_pwm_5410x.o
#        E:\work\13.WiFi_Mxchip\SDK_MiCOKit_v2.3.0.2\Build\Cloud_RGB_LED\MiCOKit-3164\obj_EWARM\SocketUtils.o
#        E:\work\13.WiFi_Mxchip\SDK_MiCOKit_v2.3.0.2\Build\Cloud_RGB_LED\MiCOKit-3164\obj_EWARM\spi_5410x.o
#        E:\work\13.WiFi_Mxchip\SDK_MiCOKit_v2.3.0.2\Build\Cloud_RGB_LED\MiCOKit-3164\obj_EWARM\spi_common_5410x.o
#        E:\work\13.WiFi_Mxchip\SDK_MiCOKit_v2.3.0.2\Build\Cloud_RGB_LED\MiCOKit-3164\obj_EWARM\spi_flash.o
#        E:\work\13.WiFi_Mxchip\SDK_MiCOKit_v2.3.0.2\Build\Cloud_RGB_LED\MiCOKit-3164\obj_EWARM\spi_flash_platform.o
#        E:\work\13.WiFi_Mxchip\SDK_MiCOKit_v2.3.0.2\Build\Cloud_RGB_LED\MiCOKit-3164\obj_EWARM\spim_5410x.o
#        E:\work\13.WiFi_Mxchip\SDK_MiCOKit_v2.3.0.2\Build\Cloud_RGB_LED\MiCOKit-3164\obj_EWARM\spis_5410x.o
#        E:\work\13.WiFi_Mxchip\SDK_MiCOKit_v2.3.0.2\Build\Cloud_RGB_LED\MiCOKit-3164\obj_EWARM\startup_lpc54100_EWARM.o
#        E:\work\13.WiFi_Mxchip\SDK_MiCOKit_v2.3.0.2\Build\Cloud_RGB_LED\MiCOKit-3164\obj_EWARM\stopwatch_5410x.o
#        E:\work\13.WiFi_Mxchip\SDK_MiCOKit_v2.3.0.2\Build\Cloud_RGB_LED\MiCOKit-3164\obj_EWARM\StringUtils.o
#        E:\work\13.WiFi_Mxchip\SDK_MiCOKit_v2.3.0.2\Build\Cloud_RGB_LED\MiCOKit-3164\obj_EWARM\syscon_5410x.o
#        E:\work\13.WiFi_Mxchip\SDK_MiCOKit_v2.3.0.2\Build\Cloud_RGB_LED\MiCOKit-3164\obj_EWARM\sysinit_5410x.o
#        E:\work\13.WiFi_Mxchip\SDK_MiCOKit_v2.3.0.2\Build\Cloud_RGB_LED\MiCOKit-3164\obj_EWARM\system_easylink.o
#        E:\work\13.WiFi_Mxchip\SDK_MiCOKit_v2.3.0.2\Build\Cloud_RGB_LED\MiCOKit-3164\obj_EWARM\system_easylink_delegate.o
#        E:\work\13.WiFi_Mxchip\SDK_MiCOKit_v2.3.0.2\Build\Cloud_RGB_LED\MiCOKit-3164\obj_EWARM\system_factory_test.o
#        E:\work\13.WiFi_Mxchip\SDK_MiCOKit_v2.3.0.2\Build\Cloud_RGB_LED\MiCOKit-3164\obj_EWARM\system_misc.o
#        E:\work\13.WiFi_Mxchip\SDK_MiCOKit_v2.3.0.2\Build\Cloud_RGB_LED\MiCOKit-3164\obj_EWARM\temp_hum_sensor.o
#        E:\work\13.WiFi_Mxchip\SDK_MiCOKit_v2.3.0.2\Build\Cloud_RGB_LED\MiCOKit-3164\obj_EWARM\tftp_ota.o
#        E:\work\13.WiFi_Mxchip\SDK_MiCOKit_v2.3.0.2\MICO\system\tftp_ota\tftpc.o
#        E:\work\13.WiFi_Mxchip\SDK_MiCOKit_v2.3.0.2\Build\Cloud_RGB_LED\MiCOKit-3164\obj_EWARM\timer_5410x.o
#        E:\work\13.WiFi_Mxchip\SDK_MiCOKit_v2.3.0.2\Build\Cloud_RGB_LED\MiCOKit-3164\obj_EWARM\uart_5410x.o
#        E:\work\13.WiFi_Mxchip\SDK_MiCOKit_v2.3.0.2\Build\Cloud_RGB_LED\MiCOKit-3164\obj_EWARM\URLUtils.o
#        E:\work\13.WiFi_Mxchip\SDK_MiCOKit_v2.3.0.2\Build\Cloud_RGB_LED\MiCOKit-3164\obj_EWARM\user_main.o
#        E:\work\13.WiFi_Mxchip\SDK_MiCOKit_v2.3.0.2\Build\Cloud_RGB_LED\MiCOKit-3164\obj_EWARM\user_uart.o
#        E:\work\13.WiFi_Mxchip\SDK_MiCOKit_v2.3.0.2\Build\Cloud_RGB_LED\MiCOKit-3164\obj_EWARM\utick_5410x.o
#        E:\work\13.WiFi_Mxchip\SDK_MiCOKit_v2.3.0.2\Build\Cloud_RGB_LED\MiCOKit-3164\obj_EWARM\wlan_bus_spi.o
#        E:\work\13.WiFi_Mxchip\SDK_MiCOKit_v2.3.0.2\Build\Cloud_RGB_LED\MiCOKit-3164\obj_EWARM\wlan_platform.o
#        E:\work\13.WiFi_Mxchip\SDK_MiCOKit_v2.3.0.2\Build\Cloud_RGB_LED\MiCOKit-3164\obj_EWARM\wlan_platform_common.o
#        E:\work\13.WiFi_Mxchip\SDK_MiCOKit_v2.3.0.2\Build\Cloud_RGB_LED\MiCOKit-3164\obj_EWARM\wwdt_5410x.o
#        E:\work\13.WiFi_Mxchip\SDK_MiCOKit_v2.3.0.2\Build\Cloud_RGB_LED\MiCOKit-3164\obj_EWARM\ZigbeeControlBridge.o
#        E:\work\13.WiFi_Mxchip\SDK_MiCOKit_v2.3.0.2\Build\Cloud_RGB_LED\MiCOKit-3164\obj_EWARM\ZigBeeNetwork.o
#        E:\work\13.WiFi_Mxchip\SDK_MiCOKit_v2.3.0.2\Build\Cloud_RGB_LED\MiCOKit-3164\obj_EWARM\ZigbeePDM.o
#        E:\work\13.WiFi_Mxchip\SDK_MiCOKit_v2.3.0.2\Build\Cloud_RGB_LED\MiCOKit-3164\obj_EWARM\ZigBeeSerialLink.o
#        --redirect _Printf=_PrintfFull --redirect _Scanf=_ScanfFull -o
#        E:\work\13.WiFi_Mxchip\SDK_MiCOKit_v2.3.0.2\Build\Cloud_RGB_LED\MiCOKit-3164\COM.MXCHIP.SPP.out.tmp
#        --map
#        E:\work\13.WiFi_Mxchip\SDK_MiCOKit_v2.3.0.2\Build\Cloud_RGB_LED\MiCOKit-3164\list_EWARM\COM.MXCHIP.SPP.map
#        --config
#        E:\work\13.WiFi_Mxchip\SDK_MiCOKit_v2.3.0.2\Projects\LPC5410x\Cloud_RGB_LED\EWARM\..\..\..\..\Board\MiCOKit-3164\micoLinkerForIAR.icf
#        --semihosting --entry __iar_program_start --vfe --threaded_lib
#
###############################################################################

*******************************************************************************
*** MESSAGES
***

Warning[Lt049]: Potential floating point parameter passing conflict. The first
          module below references the second and they have been built with
          different settings.
          AAPCS, base variant: E:\work\13.WiFi_Mxchip\SDK_MiCOKit_v2.3.0.2\Buil
                    d\Cloud_RGB_LED\MiCOKit-3164\obj_EWARM\config_server_menu.o
          AAPCS, VFP variant: wiced_rtos.o(mxchipWNet_cm4f_spi.a)
Warning[Lt049]: Potential floating point parameter passing conflict. The first
          module below references the second and they have been built with
          different settings.
          AAPCS, base variant: E:\work\13.WiFi_Mxchip\SDK_MiCOKit_v2.3.0.2\Buil
                    d\Cloud_RGB_LED\MiCOKit-3164\obj_EWARM\config_server_menu.o
          AAPCS, VFP variant: mxchipWNET.o(mxchipWNet_cm4f_spi.a)
Warning[Lt049]: Potential floating point parameter passing conflict. The first
          module below references the second and they have been built with
          different settings.
          AAPCS, base variant: E:\work\13.WiFi_Mxchip\SDK_MiCOKit_v2.3.0.2\Buil
                    d\Cloud_RGB_LED\MiCOKit-3164\obj_EWARM\json_object.o
          AAPCS, VFP variant: dlmalloc.o(mxchipWNet_cm4f_spi.a)
Warning[Lt049]: Potential floating point parameter passing conflict. The first
          module below references the second and they have been built with
          different settings.
          AAPCS, base variant: E:\work\13.WiFi_Mxchip\SDK_MiCOKit_v2.3.0.2\Buil
                    d\Cloud_RGB_LED\MiCOKit-3164\obj_EWARM\json_tokener.o
          AAPCS, VFP variant: dlmalloc.o(mxchipWNet_cm4f_spi.a)
Warning[Lt049]: Potential floating point parameter passing conflict. The first
          module below references the second and they have been built with
          different settings.
          AAPCS, base variant: E:\work\13.WiFi_Mxchip\SDK_MiCOKit_v2.3.0.2\Buil
                    d\Cloud_RGB_LED\MiCOKit-3164\obj_EWARM\mico_platform_common
                    .o
          AAPCS, VFP variant: wiced_rtos.o(mxchipWNet_cm4f_spi.a)
Warning[Lt049]: Potential floating point parameter passing conflict. The first
          module below references the second and they have been built with
          different settings.
          AAPCS, base variant: E:\work\13.WiFi_Mxchip\SDK_MiCOKit_v2.3.0.2\Buil
                    d\Cloud_RGB_LED\MiCOKit-3164\obj_EWARM\mico_platform_common
                    .o
          AAPCS, VFP variant: mxchipWNET.o(mxchipWNet_cm4f_spi.a)
Warning[Lt049]: Potential floating point parameter passing conflict. The first
          module below references the second and they have been built with
          different settings.
          AAPCS, base variant: E:\work\13.WiFi_Mxchip\SDK_MiCOKit_v2.3.0.2\Buil
                    d\Cloud_RGB_LED\MiCOKit-3164\obj_EWARM\micokit_ext_mfg.o
          AAPCS, VFP variant: wiced_rtos.o(mxchipWNet_cm4f_spi.a)
Warning[Lt049]: Potential floating point parameter passing conflict. The first
          module below references the second and they have been built with
          different settings.
          AAPCS, base variant: E:\work\13.WiFi_Mxchip\SDK_MiCOKit_v2.3.0.2\Buil
                    d\Cloud_RGB_LED\MiCOKit-3164\obj_EWARM\micokit_ext_mfg.o
          AAPCS, VFP variant: mxchipWNET.o(mxchipWNet_cm4f_spi.a)
Warning[Lt049]: Potential floating point parameter passing conflict. The first
          module below references the second and they have been built with
          different settings.
          AAPCS, base variant: E:\work\13.WiFi_Mxchip\SDK_MiCOKit_v2.3.0.2\Buil
                    d\Cloud_RGB_LED\MiCOKit-3164\obj_EWARM\micokit_ext_mfg.o
          AAPCS, VFP variant: wifimgr.o(mxchipWNet_cm4f_spi.a)
Warning[Lt049]: Potential floating point parameter passing conflict. The first
          module below references the second and they have been built with
          different settings.
          AAPCS, base variant: E:\work\13.WiFi_Mxchip\SDK_MiCOKit_v2.3.0.2\MICO
                    \system\tftp_ota\tftpc.o
          AAPCS, VFP variant: mxchipWNET.o(mxchipWNet_cm4f_spi.a)
Warning[Lt049]: Potential floating point parameter passing conflict. The first
          module below references the second and they have been built with
          different settings.
          AAPCS, base variant: E:\work\13.WiFi_Mxchip\SDK_MiCOKit_v2.3.0.2\Buil
                    d\Cloud_RGB_LED\MiCOKit-3164\obj_EWARM\user_main.o
          AAPCS, VFP variant: wiced_rtos.o(mxchipWNet_cm4f_spi.a)
Warning[Lt049]: Potential floating point parameter passing conflict. The first
          module below references the second and they have been built with
          different settings.
          AAPCS, base variant: E:\work\13.WiFi_Mxchip\SDK_MiCOKit_v2.3.0.2\Buil
                    d\Cloud_RGB_LED\MiCOKit-3164\obj_EWARM\user_main.o
          AAPCS, VFP variant: mxchipWNET.o(mxchipWNet_cm4f_spi.a)
Warning[Lt049]: Potential floating point parameter passing conflict. The first
          module below references the second and they have been built with
          different settings.
          AAPCS, base variant: E:\work\13.WiFi_Mxchip\SDK_MiCOKit_v2.3.0.2\Buil
                    d\Cloud_RGB_LED\MiCOKit-3164\obj_EWARM\user_main.o
          AAPCS, VFP variant: dlmalloc.o(mxchipWNet_cm4f_spi.a)
Warning[Lt049]: Potential floating point parameter passing conflict. The first
          module below references the second and they have been built with
          different settings.
          AAPCS, VFP variant: FogCloudUtils.o(FogCloud_cm4_release.a)
          AAPCS, base variant: E:\work\13.WiFi_Mxchip\SDK_MiCOKit_v2.3.0.2\Buil
                    d\Cloud_RGB_LED\MiCOKit-3164\obj_EWARM\mico_platform_common
                    .o
Warning[Lt049]: Potential floating point parameter passing conflict. The first
          module below references the second and they have been built with
          different settings.
          AAPCS, VFP variant: FogCloudService.o(FogCloud_cm4_release.a)
          AAPCS, base variant: E:\work\13.WiFi_Mxchip\SDK_MiCOKit_v2.3.0.2\Buil
                    d\Cloud_RGB_LED\MiCOKit-3164\obj_EWARM\json_object.o
Warning[Lt049]: Potential floating point parameter passing conflict. The first
          module below references the second and they have been built with
          different settings.
          AAPCS, VFP variant: FogCloudService.o(FogCloud_cm4_release.a)
          AAPCS, base variant: E:\work\13.WiFi_Mxchip\SDK_MiCOKit_v2.3.0.2\Buil
                    d\Cloud_RGB_LED\MiCOKit-3164\obj_EWARM\json_tokener.o
Warning[Lt049]: Potential floating point parameter passing conflict. The first
          module below references the second and they have been built with
          different settings.
          AAPCS, VFP variant: wifi.o(mxchipWNet_cm4f_spi.a)
          AAPCS, base variant: E:\work\13.WiFi_Mxchip\SDK_MiCOKit_v2.3.0.2\Buil
                    d\Cloud_RGB_LED\MiCOKit-3164\obj_EWARM\mico_platform_common
                    .o


*******************************************************************************
*** RUNTIME MODEL ATTRIBUTES
***

CppFlavor                     = *
__Heap_Handler                = DLMalloc
__SystemLibrary               = DLib
__dlib_dynamic_initialization = normal


*******************************************************************************
*** PLACEMENT SUMMARY
***

"A1":  place at 0x0000c000 { ro section .intvec };
"P1":  place in [from 0x0000c000 to 0x0007ffff] { ro };
"P2":  place in [from 0x02000100 to 0x02017fff] |
                [from 0x03400000 to 0x03401fff] { rw, block CSTACK, block HEAP };

  Section             Kind        Address     Size  Object
  -------             ----        -------     ----  ------
"A1":                                        0x108
  .intvec                      0x0000c000    0x108  <Block>
    .intvec           ro code  0x0000c000    0x108  startup_lpc54100_EWARM.o [1]
                             - 0x0000c108    0x108

"P1":                                      0x474e1
  .text               ro code  0x0000c108   0x27e4  smart_config.o [7]
  .text               ro code  0x0000e8ec     0x66  ABImemset.o [8]
  .text               ro code  0x0000e952     0x1e  xsscin.o [5]
  .text               ro code  0x0000e970     0x62  memcmp_unaligned.o [8]
  .text               ro code  0x0000e9d2     0x1a  xsnprout.o [5]
  .text               ro code  0x0000e9ec    0x846  mxchipWNET.o [7]
  .text               ro code  0x0000f232      0xa  xsprout.o [5]
  .text               ro code  0x0000f23c    0x410  mico_system_notification.o [1]
  .text               ro code  0x0000f64c     0x76  ABImemcpy_unaligned.o [8]
  .rodata             const    0x0000f6c2      0x2  wwd_bus_protocol.o [7]
  .text               ro code  0x0000f6c4     0x44  snprintf.o [5]
  .text               ro code  0x0000f708   0x14c0  wwd_wifi.o [7]
  .text               ro code  0x00010bc8   0x2650  wifimgr.o [7]
  .text               ro code  0x00013218     0x6c  strncpy_unaligned.o [8]
  .text               ro code  0x00013284     0x36  strlen.o [8]
  .rodata             const    0x000132ba      0x1  smart_config.o [7]
  .rodata             const    0x000132bb      0x1  smart_config.o [7]
  .text               ro code  0x000132bc    0x7ce  wiced_rtos.o [7]
  .rodata             const    0x00013a8a      0x1  smart_config.o [7]
  .rodata             const    0x00013a8b      0x1  smart_config.o [7]
  .text               ro code  0x00013a8c    0xba8  tasks.o [7]
  .text               ro code  0x00014634    0x440  wifi.o [7]
  .text               ro code  0x00014a74   0x2590  dlmalloc.o [7]
  .text               ro code  0x00017004     0xe0  arc4.o [7]
  .text               ro code  0x000170e4     0x92  wwd_buffer.o [7]
  .text               ro code  0x00017178     0x34  sprintf.o [5]
  .text               ro code  0x000171ac    0x628  tcpip.o [7]
  .text               ro code  0x000177d4    0x7ec  dns.o [7]
  .text               ro code  0x00017fc0    0x130  wwd_rtos.o [7]
  .text               ro code  0x000180f0     0x20  srand.o [5]
  .text               ro code  0x00018110    0xe04  tcp.o [7]
  .text               ro code  0x00018f14    0x25a  ip_addr.o [7]
  .text               ro code  0x0001916e     0x36  def.o [7]
  .text               ro code  0x000191a4   0x19cc  sockets.o [7]
  .text               ro code  0x0001ab70     0x42  strcmp_unaligned.o [8]
  .text               ro code  0x0001abb4     0x44  strcpy_unaligned.o [8]
  .text               ro code  0x0001abf8    0x244  wwd_management.o [7]
  .text               ro code  0x0001ae3c     0x18  strrchr.o [5]
  .text               ro code  0x0001ae54     0x24  printf.o [5]
  .text               ro code  0x0001ae78   0x1156  xprintffull.o [5]
  .text               ro code  0x0001bfd0   0x101c  SDPCM.o [7]
  .text               ro code  0x0001cfec     0x14  mxchip_debug.o [7]
  .text               ro code  0x0001d000    0x4ec  pbuf.o [7]
  .text               ro code  0x0001d4ec    0x4b4  ip.o [7]
  .text               ro code  0x0001d9a0    0xcd4  system_misc.o [1]
  .text               ro code  0x0001e674     0x30  aes_wrap.o [7]
  .text               ro code  0x0001e6a4    0x404  wiced_network.o [7]
  .text               ro code  0x0001eaa8    0x1ec  dns_redirect.o [7]
  .text               ro code  0x0001ec94    0x492  wwd_ap.o [7]
  .text               ro code  0x0001f128     0x64  dnsclient.o [7]
  .text               ro code  0x0001f18c     0x2a  strncmp.o [5]
  .text               ro code  0x0001f1b8    0x4b8  system_factory_test.o [1]
  .text               ro code  0x0001f670    0x9e0  etharp.o [7]
  .text               ro code  0x00020050     0x46  strcasecmp.o [5]
  .text               ro code  0x00020098   0x1594  tcp_in.o [7]
  .text               ro code  0x0002162c    0x710  udp.o [7]
  .text               ro code  0x00021d3c      0x4  strtoul.o [5]
  .text               ro code  0x00021d40    0x140  platform_init.o [1]
  .text               ro code  0x00021e80    0x306  platform.o [1]
  .text               ro code  0x00022188    0x7a4  MICOAppEntrance.o [1]
  .text               ro code  0x0002292c    0x526  queue.o [7]
  .text               ro code  0x00022e54     0xe8  wlan_platform_common.o [1]
  .text               ro code  0x00022f3c     0xec  port.o [7]
  .text               ro code  0x00023028    0x370  ostimers.o [7]
  .text               ro code  0x00023398     0x9a  list.o [7]
  CODE                ro code  0x00023434     0xa8  portasm.o [7]
  .text               ro code  0x000234dc     0x1c  strcat.o [5]
  .text               ro code  0x000234f8    0x10c  platform_mcu_powersave.o [1]
  .text               ro code  0x00023604     0x38  heap_3.o [7]
  .text               ro code  0x0002363c    0x988  mico_platform_common.o [1]
  .text               ro code  0x00023fc4      0x6  abort.o [5]
  .text               ro code  0x00023fcc      0x6  ABImemclr4.o [8]
  .text               ro code  0x00023fd2     0x20  xsyslock.o [5]
  .text               ro code  0x00023ff4     0x2c  xgetmemchunk.o [5]
  .text               ro code  0x00024020    0x190  wiced_ping.o [7]
  .text               ro code  0x000241b0    0x5e0  api_lib.o [7]
  .text               ro code  0x00024790      0xc  mxchipbesl.o [7]
  .text               ro code  0x0002479c     0xda  netbuf.o [7]
  .text               ro code  0x00024878    0x27c  lwiptcpip.o [7]
  .text               ro code  0x00024af4      0x2  xtls.o [5]
  .text               ro code  0x00024af8    0xcc2  tcp_out.o [7]
  .text               ro code  0x000257bc    0x300  lwiptimers.o [7]
  .text               ro code  0x00025abc    0x1b8  memp.o [7]
  .text               ro code  0x00025c74     0xe0  rand.o [5]
  .text               ro code  0x00025d54    0x2a0  sys_arch.o [7]
  .text               ro code  0x00025ff4    0x568  igmp.o [7]
  .text               ro code  0x0002655c    0x3ac  wlan_bus_spi.o [1]
  .text               ro code  0x00026908    0x6f4  wwd_bus_protocol.o [7]
  .text               ro code  0x00026ffc    0x248  wwd_thread.o [7]
  .text               ro code  0x00027244     0x10  wlan_platform.o [1]
  .text               ro code  0x00027254     0x20  xmbtowc.o [5]
  .text               ro code  0x00027274     0x16  strchr.o [8]
  .text               ro code  0x0002728c     0x58  memchr.o [8]
  .text               ro code  0x000272e4      0xa  xmbcurmax.o [5]
  .text               ro code  0x000272ee     0x1a  xwctomb.o [5]
  .text               ro code  0x00027308     0xee  I64DivMod.o [8]
  .text               ro code  0x000273f6     0x42  xdnorm.o [6]
  .text               ro code  0x00027438     0x2e  DblCmpLe.o [6]
  .text               ro code  0x00027468     0x2e  DblCmpGe.o [6]
  .text               ro code  0x00027498    0x118  xdscale.o [6]
  .text               ro code  0x000275b0     0x58  DblToI32.o [6]
  .text               ro code  0x00027608     0x30  I32ToDbl.o [6]
  .text               ro code  0x00027638    0x180  DblSub.o [6]
  .text               ro code  0x000277b8    0x1a2  DblMul.o [6]
  .text               ro code  0x0002795c    0x256  DblDiv.o [6]
  .text               ro code  0x00027bb4     0x6c  localeconv.o [5]
  .text               ro code  0x00027c20      0xe  div.o [5]
  .text               ro code  0x00027c30    0x17c  wwd_network.o [7]
  .text               ro code  0x00027dac     0x78  ABImemmove_unaligned.o [8]
  .text               ro code  0x00027e24    0x170  inet_chksum.o [7]
  .text               ro code  0x00027f94    0x1cc  raw.o [7]
  .text               ro code  0x00028160    0x184  icmp.o [7]
  .text               ro code  0x000282e4    0x358  netif.o [7]
  .text               ro code  0x0002863c    0xba4  mico_system_para_storage.o [1]
  .text               ro code  0x000291e0    0x900  StringUtils.o [1]
  .text               ro code  0x00029ae0    0xb62  aes.o [7]
  .text               ro code  0x0002a644    0xf20  dhcp.o [7]
  .text               ro code  0x0002b564     0x28  sys.o [7]
  .text               ro code  0x0002b58c    0x650  dhcp_server.o [7]
  .text               ro code  0x0002bbdc     0x48  netifapi.o [7]
  .text               ro code  0x0002bc24     0xc6  RingBufferUtils.o [1]
  .text               ro code  0x0002bcec    0x3a8  mftest.o [7]
  .text               ro code  0x0002c094     0x14  tolower.o [5]
  .text               ro code  0x0002c0a8    0x198  xstoul.o [5]
  .text               ro code  0x0002c240     0x44  fpu_init.o [1]
  .text               ro code  0x0002c284     0x3c  power_control.o [1]
  .text               ro code  0x0002c2c0    0x394  platform_gpio.o [1]
  .text               ro code  0x0002c654    0x6a0  platform_uart.o [1]
  .text               ro code  0x0002ccf4      0xc  platform_rtc.o [1]
  .text               ro code  0x0002cd00    0x2b8  platform_spi.o [1]
  .text               ro code  0x0002cfb8    0x3ec  platform_i2c.o [1]
  .text               ro code  0x0002d3a4    0x4cc  mico_system_power_daemon.o [1]
  .text               ro code  0x0002d870     0x24  dc_motor.o [1]
  .text               ro code  0x0002d894    0x8f4  user_main.o [1]
  .text               ro code  0x0002e188   0x1690  MicoFogCloud.o [1]
  .text               ro code  0x0002f818    0x61c  mico_system_init.o [1]
  .text               ro code  0x0002fe34    0x468  MICOBonjour.o [1]
  .text               ro code  0x0003029c      0x4  platform_watchdog.o [1]
  .text               ro code  0x000302a0     0xf0  micokit_ext.o [1]
  .text               ro code  0x00030390    0x30c  platform_adc.o [1]
  .text               ro code  0x0003069c    0x9ec  platform_flash.o [1]
  .text               ro code  0x00031088     0x60  platform_nano_second.o [1]
  .text               ro code  0x000310e8     0x14  exit.o [9]
  .text               ro code  0x000310fc     0x3a  ABImemset48.o [8]
  .text               ro code  0x00031138    0x15c  xsyslock_mtx.o [5]
  .text               ro code  0x00031294    0xeac  api_msg.o [7]
  .text               ro code  0x00032140     0x20  init.o [7]
  .text               ro code  0x00032160    0x154  clock_5410x.o [1]
  .text               ro code  0x000322b4    0x260  wwd_internal.o [7]
  .text               ro code  0x00032514    0x300  wwd_firmware.o [7]
  .text               ro code  0x00032814     0x24  setlocale.o [5]
  .text               ro code  0x00032838     0x60  xencoding_sb.o [5]
  .text               ro code  0x00032898      0x2  I64DivZer.o [8]
  .text               ro code  0x0003289c     0xe8  DblAdd.o [6]
  .text               ro code  0x00032984     0x4c  wps_host.o [7]
  .text               ro code  0x000329d0     0x7a  CheckSumUtils.o [1]
  .text               ro code  0x00032a4a     0x18  toupper.o [5]
  .text               ro code  0x00032a62     0x3c  isxxx.o [5]
  .text               ro code  0x00032a9e     0x16  strnlen.o [5]
  .text               ro code  0x00032ab4     0x44  logging.o [7]
  .text               ro code  0x00032af8     0x8c  wiced_lib.o [7]
  .text               ro code  0x00032b84      0xc  xlocale_c.o [5]
  .text               ro code  0x00032b90      0xc  errno.o [5]
  .text               ro code  0x00032b9c     0x7c  syscon_5410x.o [1]
  .text               ro code  0x00032c18     0x88  uart_5410x.o [1]
  .text               ro code  0x00032ca0     0x94  dma_5410x.o [1]
  .text               ro code  0x00032d34     0x5c  i2c_common_5410x.o [1]
  .text               ro code  0x00032d90    0x274  hsb2rgb_led.o [1]
  .text               ro code  0x00033004    0x5ec  user_uart.o [1]
  .text               ro code  0x000335f0   0x1978  ZigbeeControlBridge.o [1]
  .text               ro code  0x00034f68    0xa4c  oled.o [1]
  .text               ro code  0x000359b4    0xeac  json_tokener.o [1]
  .text               ro code  0x00036860    0x608  json_object.o [1]
  .text               ro code  0x00036e68      0xe  S32ToFlt.o [6]
  .text               ro code  0x00036e78   0x1958  fogCloud.o [1]
  .text               ro code  0x000387d0   0x1a94  MicoFogCloudConfigServer.o [1]
  .text               ro code  0x0003a264   0x1294  MICOConfigDelegate.o [1]
  .text               ro code  0x0003b4f8      0x6  ABImemclr.o [8]
  .text               ro code  0x0003b500    0xf64  mico_cli.o [1]
  .text               ro code  0x0003c464    0x754  micokit_ext_mfg.o [1]
  .text               ro code  0x0003cbb8   0x1838  system_easylink.o [1]
  .text               ro code  0x0003e3f0   0x1fd0  config_server.o [1]
  .text               ro code  0x000403c0   0x1124  mico_mdns.o [1]
  .text               ro code  0x000414e4     0xbc  rgb_led.o [1]
  .text               ro code  0x000415a0     0x38  light_sensor.o [1]
  .text               ro code  0x000415d8     0x3a  infrared_reflective.o [1]
  .text               ro code  0x00041614    0x188  keys.o [1]
  .text               ro code  0x0004179c     0x30  temp_hum_sensor.o [1]
  .text               ro code  0x000417cc     0x22  adc_5410x.o [1]
  .text               ro code  0x000417f0    0x484  spi_flash.o [1]
  .text               ro code  0x00041c74     0x72  iap.o [1]
  .text               ro code  0x00041ce8     0x74  timer_5410x.o [1]
  .text               ro code  0x00041d5c     0x1c  iar_mutex.o [7]
  .text               ro code  0x00041d78    0x230  pll_5410x.o [1]
  .text               ro code  0x00041fa8     0x18  read_wifi_firmware.o [7]
  .text               ro code  0x00041fc0     0x16  xlocale_c.o [5]
  .text               ro code  0x00041fd6     0x24  xlocale_c.o [5]
  .text               ro code  0x00041ffa     0x14  xlocale_c.o [5]
  .text               ro code  0x00042010     0x24  FltCmpGe.o [6]
  .text               ro code  0x00042034     0x24  FltCmpLe.o [6]
  .text               ro code  0x00042058     0x12  FltDiv.o [6]
  .text               ro code  0x0004206a     0x12  FltMul.o [6]
  .text               ro code  0x0004207c     0x12  FltSub.o [6]
  .text               ro code  0x0004208e     0x12  FltAdd.o [6]
  .text               ro code  0x000420a0      0xe  FltToS32.o [6]
  .text               ro code  0x000420b0    0x4ec  ZigBeeSerialLink.o [1]
  .text               ro code  0x0004259c     0x22  I64Shl.o [8]
  .text               ro code  0x000425c0     0x1e  U64Shr.o [8]
  .text               ro code  0x000425e0    0xe4c  ZigBeeNetwork.o [1]
  .text               ro code  0x0004342c    0x136  printbuf.o [1]
  .text               ro code  0x00043562     0x4e  strncasecmp.o [5]
  .text               ro code  0x000435b0     0xe4  json_util.o [1]
  .text               ro code  0x00043694     0x24  sscanf.o [5]
  .text               ro code  0x000436b8     0x18  strdup.o [5]
  .text               ro code  0x000436d0    0x34c  linkhash.o [1]
  .text               ro code  0x00043a1c     0x20  DblCmpEq.o [6]
  .text               ro code  0x00043a3c     0xd4  arraylist.o [1]
  .text               ro code  0x00043b10     0x14  FogCloudServiceVersion.o [4]
  .text               ro code  0x00043b24   0x1078  FogCloudService.o [4]
  .text               ro code  0x00044b9c    0x9a6  md5.o [7]
  .text               ro code  0x00045544   0x15ec  FogCloudUtils.o [4]
  .text               ro code  0x00046b30    0x398  SocketUtils.o [1]
  .text               ro code  0x00046ec8    0x4f0  config_server_menu.o [1]
  .text               ro code  0x000473b8    0x6b4  tftpc.o [2]
  .text               ro code  0x00047a6c    0xa7c  tftp_ota.o [1]
  .text               ro code  0x000484e8     0x3c  vsnprint.o [5]
  .text               ro code  0x00048524    0x524  bme280_user.o [1]
  .text               ro code  0x00048a48      0xe  U32ToFlt.o [6]
  .text               ro code  0x00048a58     0x4e  FltToDbl.o [6]
  .text               ro code  0x00048aa6    0x19c  DHT11.o [1]
  .text               ro code  0x00048c44      0x4  system_easylink_delegate.o [1]
  .text               ro code  0x00048c48   0x1450  HTTPUtils.o [1]
  .text               ro code  0x0004a098     0x30  spi_flash_platform.o [1]
  .text               ro code  0x0004a0c8     0x2c  vsprintf.o [5]
  .text               ro code  0x0004a0f4    0xcd0  xscanffull.o [5]
  .text               ro code  0x0004adc4     0x18  vprintf.o [5]
  .text               ro code  0x0004addc      0x4  exit.o [5]
  .text               ro code  0x0004ade0     0x28  strncat.o [5]
  .text               ro code  0x0004ae08    0x5f8  FogCloudMQTTClient.o [4]
  .text               ro code  0x0004b400    0x16c  URLUtils.o [1]
  .text               ro code  0x0004b56c    0x778  bme280.o [1]
  .text               ro code  0x0004bce4     0x40  xwctob.o [5]
  .text               ro code  0x0004bd24     0xa4  xstoll.o [5]
  .text               ro code  0x0004bdc8    0x1b0  xstoull.o [5]
  .text               ro code  0x0004bf78    0x168  xstold.o [6]
  .text               ro code  0x0004c0e0     0x90  DblToFlt.o [6]
  .text               ro code  0x0004c170     0x12  cexit.o [8]
  .text               ro code  0x0004c184    0x2a6  MQTTMICO.o [4]
  .text               ro code  0x0004c42c    0x6b0  MQTTClient.o [4]
  .text               ro code  0x0004cadc    0x124  xstopfx.o [5]
  .text               ro code  0x0004cc00    0x1b8  xstoflt.o [5]
  .text               ro code  0x0004cdb8    0x200  xdtento.o [6]
  .text               ro code  0x0004cfb8    0x218  xstoxflt.o [5]
  .text               ro code  0x0004d1d0     0x58  xcloseall.o [5]
  .text               ro code  0x0004d228    0x1f4  MQTTPacket.o [4]
  .text               ro code  0x0004d41c    0x2e8  MQTTConnectClient.o [4]
  .text               ro code  0x0004d704     0xf8  MQTTDeserializePublish.o [4]
  .text               ro code  0x0004d7fc    0x10c  MQTTSerializePublish.o [4]
  .text               ro code  0x0004d908    0x138  MQTTSubscribeClient.o [4]
  .text               ro code  0x0004da40     0x56  xdunscal.o [6]
  .text               ro code  0x0004da96     0x7a  fclose.o [5]
  .text               ro code  0x0004db10     0x14  Retarget.o [1]
  .text               ro code  0x0004db24     0x7c  xfofind.o [5]
  .text               ro code  0x0004dba0     0xb0  fflush.o [5]
  .text               ro code  0x0004dc50     0x1a  close.o [9]
  .text               ro code  0x0004dc6a     0x16  remove.o [9]
  .text               ro code  0x0004dc80     0xe0  XShHandles.o [5]
  .rodata             const    0x0004dd60   0x1400  aes.o [7]
  .rodata             const    0x0004f160   0x1400  aes.o [7]
  .text               ro code  0x00050560    0x3a4  hardfault.o [1]
  .rodata             const    0x00050904    0x30c  wwd_firmware.o [7]
  .rodata             const    0x00050c10    0x244  mico_cli.o [1]
  .rodata             const    0x00050e54    0x230  MicoFogCloudConfigServer.o [1]
  .rodata             const    0x00051084    0x1c8  platform.o [1]
  .rodata             const    0x0005124c    0x100  smart_config.o [7]
  .rodata             const    0x0005134c    0x100  wwd_wifi.o [7]
  .text               ro code  0x0005144c     0xd6  xfspos.o [5]
  .text               ro code  0x00051522      0xc  xfgpos.o [5]
  .text               ro code  0x0005152e     0x4c  lseek.o [9]
  .text               ro code  0x0005157a     0xd0  packbits_init.o [8]
  .text               ro code  0x0005164a     0xb6  xfwprep.o [5]
  .text               ro code  0x00051700     0x22  fseek.o [5]
  .rodata             const    0x00051724     0xb0  config_server.o [1]
  .rodata             const    0x000517d4     0x68  wifimgr.o [7]
  .text               ro code  0x0005183c     0x68  startup_lpc54100_EWARM.o [1]
  .rodata             const    0x000518a4     0x58  smart_config.o [7]
  .text               ro code  0x000518fc     0x56  fputc.o [5]
  .rodata             const    0x00051954     0x4c  dns.o [7]
  .rodata             const    0x000519a0     0x4c  dns.o [7]
  .rodata             const    0x000519ec     0x48  tcp_in.o [7]
  .rodata             const    0x00051a34     0x44  tcp_in.o [7]
  .rodata             const    0x00051a78     0x40  sockets.o [7]
  .rodata             const    0x00051ab8     0x40  wifimgr.o [7]
  .rodata             const    0x00051af8     0x40  wifimgr.o [7]
  .rodata             const    0x00051b38     0x40  udp.o [7]
  .rodata             const    0x00051b78     0x40  udp.o [7]
  .text               ro code  0x00051bb8     0x40  zero_init3.o [8]
  .rodata             const    0x00051bf8     0x3c  wifimgr.o [7]
  .rodata             const    0x00051c34     0x3c  wifimgr.o [7]
  .rodata             const    0x00051c70     0x3c  wifimgr.o [7]
  .rodata             const    0x00051cac     0x38  wifimgr.o [7]
  .rodata             const    0x00051ce4     0x38  wifimgr.o [7]
  .rodata             const    0x00051d1c     0x38  memp.o [7]
  .rodata             const    0x00051d54     0x34  smart_config.o [7]
  .rodata             const    0x00051d88     0x30  wifimgr.o [7]
  .rodata             const    0x00051db8     0x30  tcp_in.o [7]
  .rodata             const    0x00051de8     0x30  etharp.o [7]
  .rodata             const    0x00051e18     0x30  etharp.o [7]
  .rodata             const    0x00051e48     0x30  aes.o [7]
  .rodata             const    0x00051e78     0x2c  wifimgr.o [7]
  .rodata             const    0x00051ea4     0x2c  wifimgr.o [7]
  .rodata             const    0x00051ed0     0x2c  wifimgr.o [7]
  .rodata             const    0x00051efc     0x2c  mftest.o [7]
  .rodata             const    0x00051f28     0x2c  etharp.o [7]
  .rodata             const    0x00051f54     0x28  wifimgr.o [7]
  .rodata             const    0x00051f7c     0x28  wifimgr.o [7]
  .rodata             const    0x00051fa4     0x28  wifimgr.o [7]
  .rodata             const    0x00051fcc     0x28  wifimgr.o [7]
  .rodata             const    0x00051ff4     0x28  wifimgr.o [7]
  .rodata             const    0x0005201c     0x28  SDPCM.o [7]
  .rodata             const    0x00052044     0x28  mftest.o [7]
  .rodata             const    0x0005206c     0x28  smart_config.o [7]
  .rodata             const    0x00052094     0x28  aes.o [7]
  .text               ro code  0x000520bc     0x28  data_init.o [8]
  .rodata             const    0x000520e4     0x24  json_object.o [1]
  .rodata             const    0x00052108     0x24  wifimgr.o [7]
  .rodata             const    0x0005212c     0x24  wifimgr.o [7]
  .rodata             const    0x00052150     0x24  wifimgr.o [7]
  .rodata             const    0x00052174     0x24  SDPCM.o [7]
  .rodata             const    0x00052198     0x24  memp.o [7]
  .rodata             const    0x000521bc     0x24  mftest.o [7]
  .rodata             const    0x000521e0     0x24  smart_config.o [7]
  .rodata             const    0x00052204     0x24  smart_config.o [7]
  .rodata             const    0x00052228     0x24  tcp_in.o [7]
  .rodata             const    0x0005224c     0x24  dhcp_server.o [7]
  .text               ro code  0x00052270     0x22  fpinit_M.o [6]
  .iar.init_table     const    0x00052294     0x44  - Linker created -
  .rodata             const    0x000522d8     0x20  wifimgr.o [7]
  .rodata             const    0x000522f8     0x20  wifimgr.o [7]
  .rodata             const    0x00052318     0x20  wifimgr.o [7]
  .rodata             const    0x00052338     0x20  wifimgr.o [7]
  .rodata             const    0x00052358     0x20  wifimgr.o [7]
  .rodata             const    0x00052378     0x20  wifimgr.o [7]
  .rodata             const    0x00052398     0x20  wifimgr.o [7]
  .rodata             const    0x000523b8     0x20  memp.o [7]
  .rodata             const    0x000523d8     0x20  memp.o [7]
  .rodata             const    0x000523f8     0x20  memp.o [7]
  .rodata             const    0x00052418     0x20  mftest.o [7]
  .rodata             const    0x00052438     0x20  mftest.o [7]
  .rodata             const    0x00052458     0x20  mftest.o [7]
  .rodata             const    0x00052478     0x20  smart_config.o [7]
  .rodata             const    0x00052498     0x20  dns.o [7]
  .rodata             const    0x000524b8     0x20  wifi.o [7]
  .rodata             const    0x000524d8     0x20  udp.o [7]
  .rodata             const    0x000524f8     0x20  dhcp_server.o [7]
  .rodata             const    0x00052518     0x1c  mxchipWNET.o [7]
  .rodata             const    0x00052534     0x1c  sockets.o [7]
  .rodata             const    0x00052550     0x1c  wifimgr.o [7]
  .rodata             const    0x0005256c     0x1c  wifimgr.o [7]
  .rodata             const    0x00052588     0x1c  wifimgr.o [7]
  .rodata             const    0x000525a4     0x1c  wifimgr.o [7]
  .rodata             const    0x000525c0     0x1c  SDPCM.o [7]
  .rodata             const    0x000525dc     0x1c  SDPCM.o [7]
  .rodata             const    0x000525f8     0x1c  mftest.o [7]
  .rodata             const    0x00052614     0x1c  smart_config.o [7]
  .rodata             const    0x00052630     0x1c  smart_config.o [7]
  .rodata             const    0x0005264c     0x1c  smart_config.o [7]
  .rodata             const    0x00052668     0x1c  smart_config.o [7]
  .rodata             const    0x00052684     0x1c  wwd_wifi.o [7]
  .text               ro code  0x000526a0     0x1c  crt0_EWARM.o [1]
  .text               ro code  0x000526bc     0x1a  cmain.o [8]
  .rodata             const    0x000526d8     0x18  sockets.o [7]
  .rodata             const    0x000526f0     0x18  sockets.o [7]
  .rodata             const    0x00052708     0x18  sockets.o [7]
  .rodata             const    0x00052720     0x18  sockets.o [7]
  .rodata             const    0x00052738     0x18  wifimgr.o [7]
  .rodata             const    0x00052750     0x18  wifimgr.o [7]
  .rodata             const    0x00052768     0x18  wifimgr.o [7]
  .rodata             const    0x00052780     0x18  wifimgr.o [7]
  .rodata             const    0x00052798     0x18  wifimgr.o [7]
  .rodata             const    0x000527b0     0x18  wifimgr.o [7]
  .rodata             const    0x000527c8     0x18  wifimgr.o [7]
  .rodata             const    0x000527e0     0x18  wifimgr.o [7]
  .rodata             const    0x000527f8     0x18  wifimgr.o [7]
  .rodata             const    0x00052810     0x18  wifimgr.o [7]
  .rodata             const    0x00052828     0x18  SDPCM.o [7]
  .rodata             const    0x00052840     0x18  SDPCM.o [7]
  .rodata             const    0x00052858     0x18  mftest.o [7]
  .rodata             const    0x00052870     0x18  mftest.o [7]
  .rodata             const    0x00052888     0x18  mftest.o [7]
  .rodata             const    0x000528a0     0x18  smart_config.o [7]
  .rodata             const    0x000528b8     0x18  smart_config.o [7]
  .rodata             const    0x000528d0     0x18  smart_config.o [7]
  .rodata             const    0x000528e8     0x18  smart_config.o [7]
  .rodata             const    0x00052900     0x18  smart_config.o [7]
  .rodata             const    0x00052918     0x18  smart_config.o [7]
  .rodata             const    0x00052930     0x18  smart_config.o [7]
  .rodata             const    0x00052948     0x18  smart_config.o [7]
  .rodata             const    0x00052960     0x18  smart_config.o [7]
  .text               ro code  0x00052978     0x16  xprout.o [5]
  .text               ro code  0x00052990      0xc  putchar.o [5]
  .rodata             const    0x0005299c     0x14  wifimgr.o [7]
  .rodata             const    0x000529b0     0x14  wifimgr.o [7]
  .rodata             const    0x000529c4     0x14  wifimgr.o [7]
  .rodata             const    0x000529d8     0x14  wifimgr.o [7]
  .rodata             const    0x000529ec     0x14  wifimgr.o [7]
  .rodata             const    0x00052a00     0x14  wifimgr.o [7]
  .rodata             const    0x00052a14     0x14  wifimgr.o [7]
  .rodata             const    0x00052a28     0x14  wifimgr.o [7]
  .rodata             const    0x00052a3c     0x14  wifimgr.o [7]
  .rodata             const    0x00052a50     0x14  wifimgr.o [7]
  .rodata             const    0x00052a64     0x14  wifimgr.o [7]
  .rodata             const    0x00052a78     0x14  wifimgr.o [7]
  .rodata             const    0x00052a8c     0x14  wifimgr.o [7]
  .rodata             const    0x00052aa0     0x14  wifimgr.o [7]
  .rodata             const    0x00052ab4     0x14  wifimgr.o [7]
  .rodata             const    0x00052ac8     0x14  wifimgr.o [7]
  .rodata             const    0x00052adc     0x14  wifimgr.o [7]
  .rodata             const    0x00052af0     0x14  wifimgr.o [7]
  .rodata             const    0x00052b04     0x14  SDPCM.o [7]
  .rodata             const    0x00052b18     0x14  SDPCM.o [7]
  .rodata             const    0x00052b2c     0x14  SDPCM.o [7]
  .rodata             const    0x00052b40     0x14  mftest.o [7]
  .rodata             const    0x00052b54     0x14  mftest.o [7]
  .rodata             const    0x00052b68     0x14  tasks.o [7]
  .rodata             const    0x00052b7c     0x14  tasks.o [7]
  .rodata             const    0x00052b90     0x14  smart_config.o [7]
  .rodata             const    0x00052ba4     0x14  smart_config.o [7]
  .rodata             const    0x00052bb8     0x14  smart_config.o [7]
  .rodata             const    0x00052bcc     0x14  smart_config.o [7]
  .rodata             const    0x00052be0     0x14  smart_config.o [7]
  .rodata             const    0x00052bf4     0x14  aes_wrap.o [7]
  .rodata             const    0x00052c08     0x14  dns.o [7]
  .rodata             const    0x00052c1c     0x14  wwd_wifi.o [7]
  .rodata             const    0x00052c30     0x14  wwd_wifi.o [7]
  .rodata             const    0x00052c44     0x14  wiced_network.o [7]
  .text               ro code  0x00052c58     0x12  startup_lpc54100_EWARM.o [1]
  .rodata             const    0x00052c6c     0x10  mico_config.o [1]
  .rodata             const    0x00052c7c     0x10  wiced_rtos.o [7]
  .rodata             const    0x00052c8c     0x10  wiced_rtos.o [7]
  .rodata             const    0x00052c9c     0x10  mxchipWNET.o [7]
  .rodata             const    0x00052cac     0x10  mxchipWNET.o [7]
  .rodata             const    0x00052cbc     0x10  wifimgr.o [7]
  .rodata             const    0x00052ccc     0x10  wifimgr.o [7]
  .rodata             const    0x00052cdc     0x10  wifimgr.o [7]
  .rodata             const    0x00052cec     0x10  wifimgr.o [7]
  .rodata             const    0x00052cfc     0x10  wifimgr.o [7]
  .rodata             const    0x00052d0c     0x10  wifimgr.o [7]
  .rodata             const    0x00052d1c     0x10  wifimgr.o [7]
  .rodata             const    0x00052d2c     0x10  wifimgr.o [7]
  .rodata             const    0x00052d3c     0x10  wifimgr.o [7]
  .rodata             const    0x00052d4c     0x10  wifimgr.o [7]
  .rodata             const    0x00052d5c     0x10  wifimgr.o [7]
  .rodata             const    0x00052d6c     0x10  wifimgr.o [7]
  .rodata             const    0x00052d7c     0x10  SDPCM.o [7]
  .rodata             const    0x00052d8c     0x10  memp.o [7]
  .rodata             const    0x00052d9c     0x10  memp.o [7]
  .rodata             const    0x00052dac     0x10  memp.o [7]
  .rodata             const    0x00052dbc     0x10  memp.o [7]
  .rodata             const    0x00052dcc     0x10  memp.o [7]
  .rodata             const    0x00052ddc     0x10  memp.o [7]
  .rodata             const    0x00052dec     0x10  mftest.o [7]
  .rodata             const    0x00052dfc     0x10  mftest.o [7]
  .rodata             const    0x00052e0c     0x10  smart_config.o [7]
  .rodata             const    0x00052e1c     0x10  smart_config.o [7]
  .rodata             const    0x00052e2c     0x10  smart_config.o [7]
  .rodata             const    0x00052e3c     0x10  smart_config.o [7]
  .rodata             const    0x00052e4c     0x10  smart_config.o [7]
  .rodata             const    0x00052e5c     0x10  smart_config.o [7]
  .rodata             const    0x00052e6c     0x10  smart_config.o [7]
  .rodata             const    0x00052e7c     0x10  smart_config.o [7]
  .rodata             const    0x00052e8c     0x10  smart_config.o [7]
  .rodata             const    0x00052e9c     0x10  dns.o [7]
  .rodata             const    0x00052eac     0x10  tcp.o [7]
  .rodata             const    0x00052ebc     0x10  wwd_wifi.o [7]
  .rodata             const    0x00052ecc     0x10  wwd_wifi.o [7]
  .rodata             const    0x00052edc     0x10  wwd_wifi.o [7]
  .rodata             const    0x00052eec     0x10  wwd_wifi.o [7]
  .rodata             const    0x00052efc     0x10  wifi.o [7]
  .rodata             const    0x00052f0c     0x10  lwiptcpip.o [7]
  .rodata             const    0x00052f1c     0x10  wwd_ap.o [7]
  .rodata             const    0x00052f2c     0x10  FogCloudMQTTClient.o [4]
  .rodata             const    0x00052f3c      0xc  wiced_rtos.o [7]
  .rodata             const    0x00052f48      0xc  wifimgr.o [7]
  .rodata             const    0x00052f54      0xc  wifimgr.o [7]
  .rodata             const    0x00052f60      0xc  wifimgr.o [7]
  .rodata             const    0x00052f6c      0xc  wifimgr.o [7]
  .rodata             const    0x00052f78      0xc  wifimgr.o [7]
  .rodata             const    0x00052f84      0xc  wifimgr.o [7]
  .rodata             const    0x00052f90      0xc  wifimgr.o [7]
  .rodata             const    0x00052f9c      0xc  wifimgr.o [7]
  .rodata             const    0x00052fa8      0xc  wifimgr.o [7]
  .rodata             const    0x00052fb4      0xc  wifimgr.o [7]
  .rodata             const    0x00052fc0      0xc  wifimgr.o [7]
  .rodata             const    0x00052fcc      0xc  wifimgr.o [7]
  .rodata             const    0x00052fd8      0xc  memp.o [7]
  .rodata             const    0x00052fe4      0xc  memp.o [7]
  .rodata             const    0x00052ff0      0xc  memp.o [7]
  .rodata             const    0x00052ffc      0xc  smart_config.o [7]
  .rodata             const    0x00053008      0xc  smart_config.o [7]
  .rodata             const    0x00053014      0xc  smart_config.o [7]
  .rodata             const    0x00053020      0xc  smart_config.o [7]
  .rodata             const    0x0005302c      0xc  smart_config.o [7]
  .rodata             const    0x00053038      0xc  smart_config.o [7]
  .rodata             const    0x00053044      0xc  smart_config.o [7]
  .rodata             const    0x00053050      0xc  smart_config.o [7]
  .rodata             const    0x0005305c      0xc  smart_config.o [7]
  .rodata             const    0x00053068      0xc  smart_config.o [7]
  .rodata             const    0x00053074      0xc  smart_config.o [7]
  .rodata             const    0x00053080      0xc  smart_config.o [7]
  .rodata             const    0x0005308c      0xc  smart_config.o [7]
  .rodata             const    0x00053098      0xc  smart_config.o [7]
  .rodata             const    0x000530a4      0xc  smart_config.o [7]
  .rodata             const    0x000530b0      0xc  smart_config.o [7]
  .rodata             const    0x000530bc      0xc  smart_config.o [7]
  .rodata             const    0x000530c8      0xc  smart_config.o [7]
  .rodata             const    0x000530d4      0xc  smart_config.o [7]
  .rodata             const    0x000530e0      0xc  smart_config.o [7]
  .rodata             const    0x000530ec      0xc  smart_config.o [7]
  .rodata             const    0x000530f8      0xc  smart_config.o [7]
  .rodata             const    0x00053104      0xc  smart_config.o [7]
  .rodata             const    0x00053110      0xc  smart_config.o [7]
  .rodata             const    0x0005311c      0xc  smart_config.o [7]
  .rodata             const    0x00053128      0xc  smart_config.o [7]
  .rodata             const    0x00053134      0xc  smart_config.o [7]
  .rodata             const    0x00053140      0xc  dns.o [7]
  .rodata             const    0x0005314c      0xc  dns.o [7]
  .rodata             const    0x00053158      0xc  dns.o [7]
  .rodata             const    0x00053164      0xc  wwd_wifi.o [7]
  .rodata             const    0x00053170      0xc  wwd_wifi.o [7]
  .rodata             const    0x0005317c      0xc  wwd_wifi.o [7]
  .rodata             const    0x00053188      0xc  wwd_wifi.o [7]
  .rodata             const    0x00053194      0xc  tcp_in.o [7]
  .rodata             const    0x000531a0      0xc  wwd_management.o [7]
  .rodata             const    0x000531ac      0xc  wwd_management.o [7]
  .rodata             const    0x000531b8      0xc  dns_redirect.o [7]
  .rodata             const    0x000531c4      0xc  dns_redirect.o [7]
  .rodata             const    0x000531d0      0xc  wwd_ap.o [7]
  .rodata             const    0x000531dc      0xc  wwd_ap.o [7]
  .rodata             const    0x000531e8      0xc  wwd_ap.o [7]
  .rodata             const    0x000531f4      0xc  wwd_internal.o [7]
  .rodata             const    0x00053200      0xc  dhcp_server.o [7]
  .rodata             const    0x0005320c      0xc  wiced_lib.o [7]
  .text               ro code  0x00053218      0xc  cstartup_M.o [8]
  .rodata             const    0x00053224      0x8  sockets.o [7]
  .rodata             const    0x0005322c      0x8  sockets.o [7]
  .rodata             const    0x00053234      0x8  sockets.o [7]
  .rodata             const    0x0005323c      0x8  sockets.o [7]
  .rodata             const    0x00053244      0x8  sockets.o [7]
  .rodata             const    0x0005324c      0x8  sockets.o [7]
  .rodata             const    0x00053254      0x8  wifimgr.o [7]
  .rodata             const    0x0005325c      0x8  wifimgr.o [7]
  .rodata             const    0x00053264      0x8  wifimgr.o [7]
  .rodata             const    0x0005326c      0x8  wifimgr.o [7]
  .rodata             const    0x00053274      0x8  wifimgr.o [7]
  .rodata             const    0x0005327c      0x8  wifimgr.o [7]
  .rodata             const    0x00053284      0x8  wifimgr.o [7]
  .rodata             const    0x0005328c      0x8  wifimgr.o [7]
  .rodata             const    0x00053294      0x8  wifimgr.o [7]
  .rodata             const    0x0005329c      0x8  wifimgr.o [7]
  .rodata             const    0x000532a4      0x8  wifimgr.o [7]
  .rodata             const    0x000532ac      0x8  wifimgr.o [7]
  .rodata             const    0x000532b4      0x8  wifimgr.o [7]
  .rodata             const    0x000532bc      0x8  wifimgr.o [7]
  .rodata             const    0x000532c4      0x8  SDPCM.o [7]
  .rodata             const    0x000532cc      0x8  memp.o [7]
  .rodata             const    0x000532d4      0x8  memp.o [7]
  .rodata             const    0x000532dc      0x8  memp.o [7]
  .rodata             const    0x000532e4      0x8  memp.o [7]
  .rodata             const    0x000532ec      0x8  memp.o [7]
  .rodata             const    0x000532f4      0x8  memp.o [7]
  .rodata             const    0x000532fc      0x8  memp.o [7]
  .rodata             const    0x00053304      0x8  memp.o [7]
  .rodata             const    0x0005330c      0x8  wwd_thread.o [7]
  .rodata             const    0x00053314      0x8  ostimers.o [7]
  .rodata             const    0x0005331c      0x8  tasks.o [7]
  .rodata             const    0x00053324      0x8  smart_config.o [7]
  .rodata             const    0x0005332c      0x8  smart_config.o [7]
  .rodata             const    0x00053334      0x8  smart_config.o [7]
  .rodata             const    0x0005333c      0x8  dns.o [7]
  .rodata             const    0x00053344      0x8  dns.o [7]
  .rodata             const    0x0005334c      0x8  tcp.o [7]
  .rodata             const    0x00053354      0x8  wwd_wifi.o [7]
  .rodata             const    0x0005335c      0x8  wwd_wifi.o [7]
  .rodata             const    0x00053364      0x8  wwd_wifi.o [7]
  .rodata             const    0x0005336c      0x8  wwd_wifi.o [7]
  .rodata             const    0x00053374      0x8  wwd_wifi.o [7]
  .rodata             const    0x0005337c      0x8  tcp_in.o [7]
  .rodata             const    0x00053384      0x8  tcp_in.o [7]
  .rodata             const    0x0005338c      0x8  tcp_in.o [7]
  .rodata             const    0x00053394      0x8  tcp_in.o [7]
  .rodata             const    0x0005339c      0x8  wwd_management.o [7]
  .rodata             const    0x000533a4      0x8  wwd_management.o [7]
  .rodata             const    0x000533ac      0x8  etharp.o [7]
  .rodata             const    0x000533b4      0x8  etharp.o [7]
  .rodata             const    0x000533bc      0x8  etharp.o [7]
  .rodata             const    0x000533c4      0x8  etharp.o [7]
  .rodata             const    0x000533cc      0x8  wiced_network.o [7]
  .rodata             const    0x000533d4      0x8  wwd_ap.o [7]
  .rodata             const    0x000533dc      0x8  wwd_network.o [7]
  .rodata             const    0x000533e4      0x8  dhcp_server.o [7]
  .rodata             const    0x000533ec      0x8  dhcp_server.o [7]
  .rodata             const    0x000533f4      0x8  dhcp_server.o [7]
  .rodata             const    0x000533fc      0x8  dhcp_server.o [7]
  .text               ro code  0x00053404      0x6  startup_lpc54100_EWARM.o [1]
  .rodata             const    0x0005340c      0x4  smart_config.o [7]
  .rodata             const    0x00053410      0x4  smart_config.o [7]
  .rodata             const    0x00053414      0x4  ip_addr.o [7]
  .rodata             const    0x00053418      0x4  ip_addr.o [7]
  .rodata             const    0x0005341c      0x4  dhcp_server.o [7]
  .rodata             const    0x00053420      0x4  dhcp_server.o [7]
  .rodata             const    0x00053424      0x4  dhcp_server.o [7]
  .rodata             const    0x00053428      0x4  dhcp_server.o [7]
  .rodata             const    0x0005342c      0x4  dhcp_server.o [7]
  .text               ro code  0x00053430      0x4  startup_lpc54100_EWARM.o [1]
  .text               ro code  0x00053434      0x4  startup_lpc54100_EWARM.o [1]
  .text               ro code  0x00053438      0x4  startup_lpc54100_EWARM.o [1]
  .text               ro code  0x0005343c      0x4  startup_lpc54100_EWARM.o [1]
  .text               ro code  0x00053440      0x4  startup_lpc54100_EWARM.o [1]
  .text               ro code  0x00053444      0x4  startup_lpc54100_EWARM.o [1]
  .text               ro code  0x00053448      0x4  startup_lpc54100_EWARM.o [1]
  .text               ro code  0x0005344c      0x4  startup_lpc54100_EWARM.o [1]
  .text               ro code  0x00053450      0x0  cstart_clearlocks.o [8]
  .text               ro code  0x00053450      0x0  cstart_closeall.o [8]
  .rodata             const    0x00053450      0x0  zero_init3.o [8]
  .rodata             const    0x00053450      0x0  packbits_init.o [8]
  Initializer bytes   const    0x00053450    0x199  <for P2 s0>
                             - 0x000535e9  0x474e1

"P2", part 1 of 2:                         0x17eac
  HEAP                         0x02000100  0x11000  <Block>
    HEAP              uninit   0x02000100  0x11000  <Block tail>
  .bss                zero     0x02011100   0x517c  memp.o [7]
  .bss                zero     0x0201627c    0x500  user_uart.o [1]
  .bss                zero     0x0201677c    0x500  smart_config.o [7]
  .bss                zero     0x02016c7c    0x4d8  ZigBeeSerialLink.o [1]
  .bss                zero     0x02017154    0x460  dns.o [7]
  .bss                zero     0x020175b4     0x64  dhcp_server.o [7]
  .bss                zero     0x02017618    0x338  fogCloud.o [1]
  .bss                zero     0x02017950     0x44  FogCloudMQTTClient.o [4]
  .bss                zero     0x02017994     0x44  netif.o [7]
  .bss                zero     0x020179d8     0x40  system_factory_test.o [1]
  .bss                zero     0x02017a18     0x40  memp.o [7]
  .bss                zero     0x02017a58     0x40  memp.o [7]
  .bss                zero     0x02017a98     0x40  smart_config.o [7]
  .bss                zero     0x02017ad8     0x3c  wifimgr.o [7]
  .bss                zero     0x02017b14     0x3c  wifimgr.o [7]
  .bss                zero     0x02017b50     0x3c  wifimgr.o [7]
  .bss                zero     0x02017b8c     0x3c  wifimgr.o [7]
  .bss                zero     0x02017bc8     0x3c  SDPCM.o [7]
  .bss                zero     0x02017c04     0x3c  wiced_network.o [7]
  .bss                zero     0x02017c40     0x34  tasks.o [7]
  .bss                zero     0x02017c78     0x38  ZigBeeNetwork.o [1]
  .bss                zero     0x02017cb0     0x38  wiced_network.o [7]
  .bss                zero     0x02017ce8     0x38  xsyslock_mtx.o [5]
  .bss                zero     0x02017d20     0x30  mftest.o [7]
  .bss                zero     0x02017d50     0x30  mftest.o [7]
  .bss                zero     0x02017d80     0x28  wlan_bus_spi.o [1]
  .bss                zero     0x02017da8     0x28  smart_config.o [7]
  .bss                zero     0x02017dd0     0x28  dnsclient.o [7]
  .bss                zero     0x02017df8      0x4  tasks.o [7]
  .bss                zero     0x02017dfc      0x4  tasks.o [7]
  .bss                zero     0x02017e00      0x4  tasks.o [7]
  .bss                zero     0x02017e04      0x4  tasks.o [7]
  .bss                zero     0x02017e08      0x4  tasks.o [7]
  .bss                zero     0x02017e0c      0x4  smart_config.o [7]
  .bss                zero     0x02017e10      0x4  smart_config.o [7]
  .bss                zero     0x02017e14      0x4  smart_config.o [7]
  .bss                zero     0x02017e18      0x4  smart_config.o [7]
  .bss                zero     0x02017e1c      0x4  smart_config.o [7]
  .bss                zero     0x02017e20      0x4  smart_config.o [7]
  .bss                zero     0x02017e24      0x4  smart_config.o [7]
  .bss                zero     0x02017e28      0x4  smart_config.o [7]
  .bss                zero     0x02017e2c      0x4  smart_config.o [7]
  .bss                zero     0x02017e30      0x4  smart_config.o [7]
  .bss                zero     0x02017e34      0x4  smart_config.o [7]
  .bss                zero     0x02017e38      0x4  smart_config.o [7]
  .bss                zero     0x02017e3c      0x4  smart_config.o [7]
  .bss                zero     0x02017e40      0x4  smart_config.o [7]
  .bss                zero     0x02017e44      0x4  smart_config.o [7]
  .bss                zero     0x02017e48      0x4  smart_config.o [7]
  .bss                zero     0x02017e4c      0x4  smart_config.o [7]
  .bss                zero     0x02017e50      0x4  smart_config.o [7]
  .bss                zero     0x02017e54      0x4  smart_config.o [7]
  .bss                zero     0x02017e58      0x4  smart_config.o [7]
  .bss                zero     0x02017e5c      0x4  smart_config.o [7]
  .bss                zero     0x02017e60      0x4  wps_host.o [7]
  .bss                zero     0x02017e64      0x4  wps_host.o [7]
  .bss                zero     0x02017e68      0x4  dns.o [7]
  .bss                zero     0x02017e6c      0x4  dns.o [7]
  .bss                zero     0x02017e70      0x4  tcp.o [7]
  .bss                zero     0x02017e74      0x4  tcp.o [7]
  .bss                zero     0x02017e78      0x4  tcp.o [7]
  .bss                zero     0x02017e7c      0x4  tcp.o [7]
  .bss                zero     0x02017e80      0x4  tcp.o [7]
  .bss                zero     0x02017e84      0x4  tcp.o [7]
  .bss                zero     0x02017e88      0x4  tcp.o [7]
  .bss                zero     0x02017e8c      0x4  tcp.o [7]
  .bss                zero     0x02017e90      0x4  wwd_wifi.o [7]
  .bss                zero     0x02017e94      0x4  wwd_wifi.o [7]
  .bss                zero     0x02017e98      0x4  wwd_wifi.o [7]
  .bss                zero     0x02017e9c      0x4  wwd_wifi.o [7]
  .bss                zero     0x02017ea0      0x4  wwd_wifi.o [7]
  .bss                zero     0x02017ea4      0x4  wifi.o [7]
  .bss                zero     0x02017ea8      0x4  wifi.o [7]
  .bss                zero     0x02017eac      0x4  wifi.o [7]
  .bss                zero     0x02017eb0      0x4  wifi.o [7]
  .bss                zero     0x02017eb4      0x4  wifi.o [7]
  .bss                zero     0x02017eb8      0x4  tcp_in.o [7]
  .bss                zero     0x02017ebc      0x4  tcp_in.o [7]
  .bss                zero     0x02017ec0      0x4  tcp_in.o [7]
  .bss                zero     0x02017ec4      0x4  tcp_in.o [7]
  .bss                zero     0x02017ec8      0x4  tcp_in.o [7]
  .bss                zero     0x02017ecc      0x4  tcp_in.o [7]
  .bss                zero     0x02017ed0      0x4  igmp.o [7]
  .bss                zero     0x02017ed4      0x4  igmp.o [7]
  .bss                zero     0x02017ed8      0x4  igmp.o [7]
  .bss                zero     0x02017edc      0x4  igmp.o [7]
  .bss                zero     0x02017ee0      0x4  lwiptcpip.o [7]
  .bss                zero     0x02017ee4      0x4  lwiptcpip.o [7]
  .bss                zero     0x02017ee8      0x4  lwiptcpip.o [7]
  .bss                zero     0x02017eec      0x4  mxchip_debug.o [7]
  .bss                zero     0x02017ef0      0x4  mxchip_debug.o [7]
  .bss                zero     0x02017ef4      0x4  dnsclient.o [7]
  .bss                zero     0x02017ef8      0x4  ip.o [7]
  P2 s0                        0x02017efc     0xb0  <Init block>
    .data             inited   0x02017efc     0x10  platform.o [1]
    .data             inited   0x02017f0c      0xc  platform.o [1]
    .data             inited   0x02017f18     0x10  ZigbeeControlBridge.o [1]
    .data             inited   0x02017f28     0x10  tcp.o [7]
    .data             inited   0x02017f38      0xc  wwd_internal.o [7]
    .data             inited   0x02017f44      0x8  MicoFogCloudConfigServer.o [1]
    .data             inited   0x02017f4c      0x4  json_object.o [1]
    .data             inited   0x02017f50      0x4  json_object.o [1]
    .data             inited   0x02017f54      0x4  json_tokener.o [1]
    .data             inited   0x02017f58      0x4  mico_config.o [1]
    .data             inited   0x02017f5c      0x4  mico_config.o [1]
    .data             inited   0x02017f60      0x4  platform_init.o [1]
    .data             inited   0x02017f64      0x4  platform_init.o [1]
    .data             inited   0x02017f68      0x4  platform_init.o [1]
    .data             inited   0x02017f6c      0x4  platform_init.o [1]
    .data             inited   0x02017f70      0x4  platform_init.o [1]
    .data             inited   0x02017f74      0x4  platform_init.o [1]
    .data             inited   0x02017f78      0x4  platform_init.o [1]
    .data             inited   0x02017f7c      0x4  platform_init.o [1]
    .data             inited   0x02017f80      0x4  platform_init.o [1]
    .data             inited   0x02017f84      0x4  platform_init.o [1]
    .data             inited   0x02017f88      0x4  platform_init.o [1]
    .data             inited   0x02017f8c      0x4  wifimgr.o [7]
    .data             inited   0x02017f90      0x4  wifimgr.o [7]
    .data             inited   0x02017f94      0x4  wifimgr.o [7]
    .data             inited   0x02017f98      0x4  wifimgr.o [7]
    .data             inited   0x02017f9c      0x4  wifimgr.o [7]
    .data             inited   0x02017fa0      0x4  SDPCM.o [7]
    .data             inited   0x02017fa4      0x4  port.o [7]
    .data             inited   0x02017fa8      0x4  mftest.o [7]
                             - 0x02017fac  0x17eac

"P2", part 2 of 2:                          0x1fa8
  P2 s0                        0x03400000    0x3ad  <Init block>
    __DLIB_PERTHREAD  inited   0x03400000     0x8c  rand.o [5]
    __DLIB_PERTHREAD  inited   0x0340008c     0x88  localeconv.o [5]
    __DLIB_PERTHREAD  inited   0x03400114     0x74  setlocale.o [5]
    .data             inited   0x03400188     0x64  platform_init.o [1]
    .data             inited   0x034001ec     0x44  bme280_user.o [1]
    .data             inited   0x03400230     0x40  memp.o [7]
    .data             inited   0x03400270     0x40  xfiles.o [5]
    .data             inited   0x034002b0     0x40  xfiles.o [5]
    .data             inited   0x034002f0     0x40  xfiles.o [5]
    .data             inited   0x03400330     0x20  mico_mdns.o [1]
    .data             inited   0x03400350     0x20  xfiles.o [5]
    .data             inited   0x03400370     0x14  FogCloudUtils.o [4]
    .data             inited   0x03400384      0x4  mftest.o [7]
    .data             inited   0x03400388      0x4  wwd_rtos.o [7]
    .data             inited   0x0340038c      0x4  tasks.o [7]
    .data             inited   0x03400390      0x4  smart_config.o [7]
    .data             inited   0x03400394      0x4  tcp.o [7]
    .data             inited   0x03400398      0x4  wwd_firmware.o [7]
    .data             inited   0x0340039c      0x4  wifi.o [7]
    .data             inited   0x034003a0      0x4  wwd_ap.o [7]
    .data             inited   0x034003a4      0x4  dhcp.o [7]
    __DLIB_PERTHREAD  inited   0x034003a8      0x4  errno.o [5]
    .data             inited   0x034003ac      0x1  smart_config.o [7]
  .bss                zero     0x034003b0    0x204  dns.o [7]
  .bss                zero     0x034005b4    0x1d8  dlmalloc.o [7]
  .bss                zero     0x0340078c    0x180  sockets.o [7]
  .bss                zero     0x03400a00    0x160  dma_5410x.o [1]
  .bss                zero     0x03400b60    0x110  user_uart.o [1]
  .bss                zero     0x03400c70    0x100  platform_flash.o [1]
  .bss                zero     0x03400d70    0x100  smart_config.o [7]
  .bss                zero     0x03400e70    0x100  smart_config.o [7]
  .bss                zero     0x03400f70     0xc8  tasks.o [7]
  .bss                zero     0x03401038     0xa0  etharp.o [7]
  .bss                zero     0x034010d8     0x8c  user_uart.o [1]
  .bss                zero     0x03401164     0x88  wiced_network.o [7]
  .bss                zero     0x034011ec     0x80  mico_mdns.o [1]
  .bss                zero     0x0340126c     0x80  XShHandles.o [5]
  .bss                zero     0x034012ec     0x70  wifimgr.o [7]
  .bss                zero     0x0340135c     0x68  platform.o [1]
  .bss                zero     0x034013c4     0x60  sockets.o [7]
  .bss                zero     0x03401424     0x60  FogCloudMQTTClient.o [4]
  .bss                zero     0x03401484     0x58  mico_cli.o [1]
  .bss                zero     0x034014dc     0x50  mico_system_notification.o [1]
  .bss                zero     0x0340152c     0x50  platform_gpio.o [1]
  .bss                zero     0x0340157c     0x50  smart_config.o [7]
  .bss                zero     0x034015cc     0x50  xfiles.o [5]
  .bss                zero     0x0340161c     0x50  xfiles.o [5]
  .bss                zero     0x0340166c     0x28  wiced_ping.o [7]
  .bss                zero     0x03401694     0x28  dhcp.o [7]
  .bss                zero     0x034016bc     0x24  mico_platform_common.o [1]
  .bss                zero     0x034016e0     0x24  power_control.o [1]
  .bss                zero     0x03401704     0x24  wifimgr.o [7]
  .bss                zero     0x03401728     0x20  config_server.o [1]
  .bss                zero     0x03401748     0x20  platform_i2c.o [1]
  .bss                zero     0x03401768     0x20  smart_config.o [7]
  .bss                zero     0x03401788     0x20  wiced_network.o [7]
  .bss                zero     0x034017a8     0x20  dhcp_server.o [7]
  .bss                zero     0x034017c8     0x18  platform.o [1]
  .bss                zero     0x034017e0     0x18  mftest.o [7]
  .bss                zero     0x034017f8     0x18  dlmalloc.o [7]
  .bss                zero     0x03401810     0x14  wifimgr.o [7]
  .bss                zero     0x03401824     0x14  mftest.o [7]
  .bss                zero     0x03401838     0x14  ostimers.o [7]
  .bss                zero     0x0340184c     0x14  ostimers.o [7]
  .bss                zero     0x03401860     0x14  tasks.o [7]
  .bss                zero     0x03401874     0x14  tasks.o [7]
  .bss                zero     0x03401888     0x14  tasks.o [7]
  .bss                zero     0x0340189c     0x14  tasks.o [7]
  .bss                zero     0x034018b0     0x14  tasks.o [7]
  .bss                zero     0x034018c4     0x14  tcp_in.o [7]
  .bss                zero     0x034018d8     0x14  wiced_network.o [7]
  .bss                zero     0x034018ec     0x14  wiced_network.o [7]
  .bss                zero     0x03401900     0x10  keys.o [1]
  .bss                zero     0x03401910     0x10  keys.o [1]
  .bss                zero     0x03401920     0x10  MicoFogCloud.o [1]
  .bss                zero     0x03401930     0x10  platform.o [1]
  .bss                zero     0x03401940     0x10  platform_flash.o [1]
  .bss                zero     0x03401950      0xc  MICOConfigDelegate.o [1]
  .bss                zero     0x03401960     0x10  ZigbeeControlBridge.o [1]
  .bss                zero     0x03401970     0x10  mxchipWNET.o [7]
  .bss                zero     0x03401980     0x10  smart_config.o [7]
  .bss                zero     0x03401990     0x10  ip_addr.o [7]
  .bss                zero     0x034019a0      0xc  system_easylink.o [1]
  .bss                zero     0x034019ac      0xc  smart_config.o [7]
  .bss                zero     0x034019b8      0xc  dhcp.o [7]
  .bss                zero     0x034019c4      0x8  micokit_ext_mfg.o [1]
  .bss                zero     0x034019cc      0x8  platform_adc.o [1]
  .bss                zero     0x034019d4      0x8  wiced_rtos.o [7]
  .bss                zero     0x034019dc      0x8  wifimgr.o [7]
  .bss                zero     0x034019e4      0x8  wifimgr.o [7]
  .bss                zero     0x034019ec      0x8  FogCloudService.o [4]
  .bss                zero     0x034019f4      0x8  smart_config.o [7]
  .bss                zero     0x034019fc      0x8  smart_config.o [7]
  .bss                zero     0x03401a04      0x8  smart_config.o [7]
  .bss                zero     0x03401a0c      0x8  dns.o [7]
  .bss                zero     0x03401a14      0x8  wifi.o [7]
[...]
vsprintf                0x0004a0c9    0x2c  Code  Gb  vsprintf.o [5]
wiced_bus_allow_wlan_bus_to_sleep
                        0x00026ea9    0x10  Code  Gb  wwd_bus_protocol.o [7]
wiced_bus_deinit        0x00026cf5     0xc  Code  Gb  wwd_bus_protocol.o [7]
wiced_bus_ensure_wlan_bus_is_up
                        0x00026e7d    0x2c  Code  Gb  wwd_bus_protocol.o [7]
wiced_bus_flow_controlled
                        0x03401ba4     0x1  Data  Lc  wwd_bus_protocol.o [7]
wiced_bus_init          0x00026b07   0x1ee  Code  Gb  wwd_bus_protocol.o [7]
wiced_bus_interrupt     0x03401b90     0x1  Data  Lc  wwd_thread.o [7]
wiced_bus_is_flow_controlled
                        0x00026a2b     0x8  Code  Gb  wwd_bus_protocol.o [7]
wiced_bus_poke_wlan     0x00026a0b     0x4  Code  Gb  wwd_bus_protocol.o [7]
wiced_bus_process_interrupt
                        0x00026a33    0x36  Code  Gb  wwd_bus_protocol.o [7]
wiced_bus_set_flow_control
                        0x00026a0f    0x1c  Code  Gb  wwd_bus_protocol.o [7]
wiced_bus_transfer_buffer
                        0x00026909   0x102  Code  Gb  wwd_bus_protocol.o [7]
wiced_bus_transfer_bytes
                        0x00026d99    0xe4  Code  Gb  wwd_bus_protocol.o [7]
wiced_device_core_is_up
                        0x00032369    0x5c  Code  Gb  wwd_internal.o [7]
wiced_dhcp_handle       0x02017c04    0x3c  Data  Gb  wiced_network.o [7]
wiced_disable_device_core
                        0x000323c5    0x9e  Code  Gb  wwd_internal.o [7]
wiced_dns_redirector_start
                        0x0001eacd    0x42  Code  Gb  dns_redirect.o [7]
wiced_dns_redirector_stop
                        0x0001eb0f    0x30  Code  Gb  dns_redirect.o [7]
wiced_download_firmware
                        0x00026eb9    0xd0  Code  Lc  wwd_bus_protocol.o [7]
wiced_get_available_bus_credits
                        0x0001cd5b     0xe  Code  Gb  SDPCM.o [7]
wiced_get_core_address  0x0003235d     0xc  Code  Lc  wwd_internal.o [7]
wiced_get_ioctl_buffer  0x0001cbfd    0x26  Code  Gb  SDPCM.o [7]
wiced_get_iovar_buffer  0x0001cb95    0x68  Code  Gb  SDPCM.o [7]
wiced_get_mac_addr      0x0001ae0d    0x10  Code  Gb  wwd_management.o [7]
wiced_get_next_buffer_in_queue
                        0x0001cdf9     0xa  Code  Lc  SDPCM.o [7]
wiced_get_packet_to_send
                        0x0001cc23   0x138  Code  Gb  SDPCM.o [7]
wiced_gpio_input_get    0x00023759    0x14  Code  Gb  mico_platform_common.o [1]
wiced_gspi_32bit        0x03401ba3     0x1  Data  Lc  wwd_bus_protocol.o [7]
wiced_handle_apsta_event
                        0x0001ec95    0x2e  Code  Lc  wwd_ap.o [7]
wiced_init              0x00014635    0x84  Code  Gb  wifi.o [7]
wiced_init_sdpcm        0x0001bfd1    0xe4  Code  Gb  SDPCM.o [7]
wiced_inited            0x03401b8f     0x1  Data  Lc  wwd_thread.o [7]
wiced_initialised       0x03401b9c     0x1  Data  Lc  wifi.o [7]
wiced_ioctl_response    0x03401ab4     0x4  Data  Lc  SDPCM.o [7]
wiced_ioctl_sleep       0x03401ab8     0x4  Data  Lc  SDPCM.o [7]
wiced_ip_broadcast      0x00052c44    0x14  Data  Gb  wiced_network.o [7]
wiced_ip_down           0x0001e9c9    0x7e  Code  Gb  wiced_network.o [7]
wiced_ip_get_gateway_address
                        0x000171d5    0x24  Code  Gb  tcpip.o [7]
wiced_ip_get_ipaddr     0x0001721d    0x56  Code  Gb  tcpip.o [7]
wiced_ip_get_ipv4_address
                        0x00017597    0x24  Code  Gb  tcpip.o [7]
wiced_ip_get_netmask    0x000171f9    0x24  Code  Gb  tcpip.o [7]
wiced_ip_handle         0x03401164    0x88  Data  Gb  wiced_network.o [7]
wiced_ip_up             0x0001e759   0x270  Code  Gb  wiced_network.o [7]
wiced_join_events_handler
                        0x00010239   0x12a  Code  Lc  wwd_wifi.o [7]
wiced_join_status       0x02017e9c     0x4  Data  Gb  wwd_wifi.o [7]
wiced_mac_addr          0x03401a1c     0x8  Data  Lc  wwd_management.o [7]
wiced_management_init   0x0001abf9    0x1e  Code  Gb  wwd_management.o [7]
wiced_management_set_event_handler
                        0x0001c9dd     0xa  Code  Gb  SDPCM.o [7]
wiced_management_wifi_off
                        0x0001adbd    0x50  Code  Gb  wwd_management.o [7]
wiced_management_wifi_on
                        0x0001ac17   0x1a6  Code  Gb  wwd_management.o [7]
wiced_network_init      0x0001e6a5    0xa2  Code  Gb  wiced_network.o [7]
wiced_network_link_renew_handler
                        0x0001ea47    0x18  Code  Gb  wiced_network.o [7]
wiced_network_send_ethernet_data
                        0x0001c133    0x8a  Code  Gb  SDPCM.o [7]
wiced_networking_worker_thread
                        0x034019d4     0x8  Data  Gb  wiced_rtos.o [7]
wiced_packet_create_tcp
                        0x00017467    0x6c  Code  Gb  tcpip.o [7]
wiced_packet_create_udp
                        0x000174d3    0x12  Code  Gb  tcpip.o [7]
wiced_packet_delete     0x000174e5     0xa  Code  Gb  tcpip.o [7]
wiced_packet_get_data   0x00017521    0x76  Code  Gb  tcpip.o [7]
wiced_packet_set_data_end
                        0x000174ef    0x16  Code  Gb  tcpip.o [7]
wiced_ping              0x000171ad    0x28  Code  Gb  tcpip.o [7]
wiced_ping_send         0x00024021    0x8c  Code  Gb  wiced_ping.o [7]
wiced_platform_notify_irq
                        0x000270eb    0x22  Code  Gb  wwd_thread.o [7]
wiced_process_bus_credit_update
                        0x0001c1bd    0x72  Code  Gb  SDPCM.o [7]
wiced_process_sdpcm     0x0001c22f   0x496  Code  Gb  SDPCM.o [7]
wiced_quit_sdpcm        0x0001c0b5    0x4e  Code  Gb  SDPCM.o [7]
wiced_read_backplane_value
                        0x00026d6b    0x2e  Code  Gb  wwd_bus_protocol.o [7]
wiced_read_frame        0x00026a69    0x9e  Code  Gb  wwd_bus_protocol.o [7]
wiced_read_register_value
                        0x00026fad    0x50  Code  Lc  wwd_bus_protocol.o [7]
wiced_receive_one_packet
                        0x0002708b    0x38  Code  Gb  wwd_thread.o [7]
wiced_reset_device_core
                        0x00032463    0x9e  Code  Gb  wwd_internal.o [7]
wiced_rtos_create_thread
                        0x00013365    0x4e  Code  Gb  wiced_rtos.o [7]
wiced_rtos_create_worker_thread
                        0x000135ff    0x5a  Code  Gb  wiced_rtos.o [7]
wiced_rtos_deinit_queue
                        0x0001353f     0xc  Code  Gb  wiced_rtos.o [7]
wiced_rtos_deinit_semaphore
                        0x000134c7    0x16  Code  Gb  wiced_rtos.o [7]
wiced_rtos_deinit_timer
                        0x000135c1    0x22  Code  Gb  wiced_rtos.o [7]
wiced_rtos_delay_milliseconds
                        0x00013415     0xa  Code  Gb  wiced_rtos.o [7]
wiced_rtos_delete_thread
                        0x000133b3    0x24  Code  Gb  wiced_rtos.o [7]
wiced_rtos_deregister_timed_event
                        0x000136a1    0x24  Code  Gb  wiced_rtos.o [7]
wiced_rtos_get_semaphore
                        0x0001345f    0x22  Code  Gb  wiced_rtos.o [7]
wiced_rtos_init         0x00013343    0x22  Code  Gb  wiced_rtos.o [7]
wiced_rtos_init_queue   0x000134dd    0x1e  Code  Gb  wiced_rtos.o [7]
wiced_rtos_init_semaphore
                        0x0001343d    0x22  Code  Gb  wiced_rtos.o [7]
wiced_rtos_init_timer   0x00013561    0x36  Code  Gb  wiced_rtos.o [7]
wiced_rtos_is_current_thread
                        0x000133f1    0x18  Code  Gb  wiced_rtos.o [7]
wiced_rtos_pop_from_queue
                        0x0001351d    0x22  Code  Gb  wiced_rtos.o [7]
wiced_rtos_push_to_queue
                        0x000134fb    0x22  Code  Gb  wiced_rtos.o [7]
wiced_rtos_register_timed_event
                        0x00013659    0x48  Code  Gb  wiced_rtos.o [7]
wiced_rtos_send_asynchronous_event
                        0x000136c5    0x14  Code  Gb  wiced_rtos.o [7]
wiced_rtos_set_semaphore
                        0x00013481    0x46  Code  Gb  wiced_rtos.o [7]
wiced_rtos_start_timer  0x00013597    0x2a  Code  Gb  wiced_rtos.o [7]
wiced_rtos_thread_force_awake
                        0x00013409     0xc  Code  Gb  wiced_rtos.o [7]
wiced_rtos_thread_join  0x000133d7    0x1a  Code  Gb  wiced_rtos.o [7]
wiced_sdpcm_ioctl_mutex
                        0x03401ab0     0x4  Data  Lc  SDPCM.o [7]
wiced_sdpcm_send_queue_head
                        0x03401ac4     0x4  Data  Lc  SDPCM.o [7]
wiced_sdpcm_send_queue_mutex
                        0x03401ac0     0x4  Data  Lc  SDPCM.o [7]
wiced_sdpcm_send_queue_tail
                        0x03401ac8     0x4  Data  Lc  SDPCM.o [7]
wiced_send_ioctl        0x0001c6c9   0x314  Code  Gb  SDPCM.o [7]
wiced_send_iovar        0x0001c103    0x30  Code  Gb  SDPCM.o [7]
wiced_send_one_packet   0x0002704f    0x3c  Code  Gb  wwd_thread.o [7]
wiced_send_sdpcm_common
                        0x0001cd69    0x90  Code  Lc  SDPCM.o [7]
wiced_set_backplane_window
                        0x000322b5    0xa8  Code  Gb  wwd_internal.o [7]
wiced_set_next_buffer_in_queue
                        0x0001ce03     0xe  Code  Lc  SDPCM.o [7]
wiced_start_dhcp_server
                        0x0002b5a5    0x58  Code  Gb  dhcp_server.o [7]
wiced_stop_dhcp         0x0001ea5f     0x8  Code  Gb  wiced_network.o [7]
wiced_stop_dhcp_server  0x0002b5fd    0x2a  Code  Gb  dhcp_server.o [7]
wiced_tcp_bind          0x0001737b    0x4a  Code  Gb  tcpip.o [7]
wiced_tcp_connect       0x000172d1    0xaa  Code  Gb  tcpip.o [7]
wiced_tcp_create_socket
                        0x00017273    0x5e  Code  Gb  tcpip.o [7]
wiced_tcp_send_packet   0x000173c5    0x20  Code  Gb  tcpip.o [7]
wiced_tcp_start_tls     0x00024797     0x6  Code  Gb  mxchipbesl.o [7]
wiced_thread            0x03401aec     0x4  Data  Lc  wwd_thread.o [7]
wiced_thread_func       0x00027121    0xfe  Code  Lc  wwd_thread.o [7]
wiced_thread_init       0x00027001    0x4e  Code  Gb  wwd_thread.o [7]
wiced_thread_notify     0x0002710d    0x14  Code  Gb  wwd_thread.o [7]
wiced_thread_quit       0x000270c3    0x28  Code  Gb  wwd_thread.o [7]
wiced_thread_quit_flag  0x03401b8e     0x1  Data  Lc  wwd_thread.o [7]
wiced_time_get_time     0x0001341f    0x1e  Code  Gb  wiced_rtos.o [7]
wiced_time_offset       0x03401a54     0x4  Data  Lc  wiced_rtos.o [7]
wiced_tls_encrypt_packet
                        0x00024791     0x6  Code  Gb  mxchipbesl.o [7]
wiced_transceive_semaphore
                        0x03401af0     0x4  Data  Lc  wwd_thread.o [7]
wiced_udp_create_socket
                        0x000175bb    0x7c  Code  Gb  tcpip.o [7]
wiced_udp_delete_socket
                        0x000176f1    0x1e  Code  Gb  tcpip.o [7]
wiced_udp_packet_get_info
                        0x00017505    0x1c  Code  Gb  tcpip.o [7]
wiced_udp_receive       0x000176b3    0x3e  Code  Gb  tcpip.o [7]
wiced_udp_send          0x00017637    0x7c  Code  Gb  tcpip.o [7]
wiced_using_dhcp        0x03401ba0     0x1  Data  Lc  wiced_network.o [7]
wiced_wifi_add_packet_filter
                        0x00010959    0x86  Code  Gb  wwd_wifi.o [7]
wiced_wifi_ap_is_up     0x03401ba2     0x1  Data  Gb  wwd_ap.o [7]
wiced_wifi_disable_monitor_mode
                        0x00010811    0x5c  Code  Gb  wwd_wifi.o [7]
wiced_wifi_enable_monitor_mode
                        0x000107b5    0x5c  Code  Gb  wwd_wifi.o [7]
wiced_wifi_enable_packet_filter
                        0x00010a17     0xc  Code  Gb  wwd_wifi.o [7]
wiced_wifi_enable_powersave_with_throughput
                        0x00010461    0x8a  Code  Gb  wwd_wifi.o [7]
wiced_wifi_get_ap_name  0x00010a65    0x68  Code  Gb  wwd_wifi.o [7]
wiced_wifi_get_channel  0x0001089d     0xc  Code  Gb  wwd_wifi.o [7]
wiced_wifi_get_mac_address
                        0x00010363    0x4e  Code  Gb  wwd_wifi.o [7]
wiced_wifi_get_pmk      0x000104fd    0x86  Code  Gb  wwd_wifi.o [7]
wiced_wifi_get_rssi     0x00010769    0x4c  Code  Gb  wwd_wifi.o [7]
wiced_wifi_get_wifi_version
                        0x00010b29    0x52  Code  Gb  wwd_wifi.o [7]
wiced_wifi_is_packet_from_ap
                        0x0001f119     0xe  Code  Gb  wwd_ap.o [7]
wiced_wifi_is_ready_to_transceive
                        0x000103ed    0x70  Code  Gb  wwd_wifi.o [7]
wiced_wifi_join         0x0000fb9f   0x108  Code  Gb  wwd_wifi.o [7]
wiced_wifi_join_specific
                        0x0000fca7   0x194  Code  Gb  wwd_wifi.o [7]
wiced_wifi_leave        0x000101d1    0x66  Code  Gb  wwd_wifi.o [7]
wiced_wifi_prepare_join
                        0x0000fe3b   0x396  Code  Lc  wwd_wifi.o [7]
wiced_wifi_register_multicast_address
                        0x00010583    0xd0  Code  Gb  wwd_wifi.o [7]
wiced_wifi_remove_packet_filter
                        0x000109e9    0x2e  Code  Gb  wwd_wifi.o [7]
wiced_wifi_scan         0x0000f709   0x12c  Code  Gb  wwd_wifi.o [7]
wiced_wifi_scan_networks
                        0x000146b9   0x11c  Code  Gb  wifi.o [7]
wiced_wifi_set_channel  0x000108e7     0xc  Code  Gb  wwd_wifi.o [7]
wiced_wifi_set_down     0x00010875    0x20  Code  Gb  wwd_wifi.o [7]
wiced_wifi_set_maxassoc
                        0x00010b7b    0x2c  Code  Gb  wwd_wifi.o [7]
wiced_wifi_set_nmode    0x000103b9    0x2e  Code  Gb  wwd_wifi.o [7]
wiced_wifi_sleep_flag   0x03401b44     0x4  Data  Lc  wwd_ap.o [7]
wiced_wifi_start_ap     0x0001ecc3   0x332  Code  Gb  wwd_ap.o [7]
wiced_wifi_stop_ap      0x0001eff9    0xea  Code  Gb  wwd_ap.o [7]
wiced_wifi_stop_scan    0x0000f835    0x58  Code  Gb  wwd_wifi.o [7]
wiced_wifi_toggle_packet_filter
                        0x00010a23    0x32  Code  Gb  wwd_wifi.o [7]
wiced_wifi_unregister_multicast_address
                        0x00010653    0xf0  Code  Gb  wwd_wifi.o [7]
wiced_wlan_status       0x02017f38     0xc  Data  Gb  wwd_internal.o [7]
wiced_write_backplane_value
                        0x00026d41    0x2a  Code  Gb  wwd_bus_protocol.o [7]
wiced_write_register_value
                        0x00026d01    0x40  Code  Gb  wwd_bus_protocol.o [7]
wiced_write_wifi_firmware_image
                        0x00032515    0xbe  Code  Gb  wwd_firmware.o [7]
wiced_write_wifi_nvram_image
                        0x000325d3   0x162  Code  Gb  wwd_firmware.o [7]
wifi_control_pins       0x00051198     0x8  Data  Gb  platform.o [1]
wifi_join_aping         0x03401b9b     0x1  Data  Lc  wwd_wifi.o [7]
wifi_mgmt_parse         0x0000e33d   0x10c  Code  Lc  smart_config.o [7]
wifi_nvram_image        0x00050904   0x30c  Data  Lc  wwd_firmware.o [7]
wifi_power_down         0x0000f113    0x26  Code  Gb  mxchipWNET.o [7]
wifi_power_is_down      0x03401a60     0x4  Data  Lc  mxchipWNET.o [7]
wifi_reboot_event       0x0000f369    0x16  Code  Gb  mico_system_notification.o [1]
wifi_reboot_only        0x00012025    0x34  Code  Gb  wifimgr.o [7]
wifi_spi_pins           0x000511a0     0xc  Data  Gb  platform.o [1]
wifi_status_callback    0x0000eb97    0x74  Code  Gb  mxchipWNET.o [7]
wifi_up                 0x03401a48     0x4  Data  Lc  tftp_ota.o [1]
wifidebug_Command       0x00012755    0x70  Code  Gb  wifimgr.o [7]
wifimgr_debug_enable    0x00010bc9    0x1c  Code  Gb  wifimgr.o [7]
wifimgr_sem             0x03401a90     0x4  Data  Lc  wifimgr.o [7]
wifimgr_thread          0x0001218d   0x148  Code  Lc  wifimgr.o [7]
wifiscan_Command        0x0001280d   0x268  Code  Gb  wifimgr.o [7]
wifistate_Command       0x00012571   0x1dc  Code  Gb  wifimgr.o [7]
wlan_disconnect         0x0001154d    0x48  Code  Gb  wifimgr.o [7]
wlan_driver_version     0x0000f1c3     0xa  Code  Gb  mxchipWNET.o [7]
wlan_get_mac_address    0x00011ee7     0x8  Code  Gb  wifimgr.o [7]
wlan_init               0x00011ff9    0x28  Code  Gb  wifimgr.o [7]
wlan_spi_xfer_done      0x000265f9    0x40  Code  Gb  wlan_bus_spi.o [1]
wlu_is_ali_ie           0x0000d763    0x36  Code  Lc  smart_config.o [7]
wlu_is_wpa_ie           0x00010af3    0x36  Code  Lc  wwd_wifi.o [7]
wlu_parse_tlvs          0x0000d73d    0x26  Code  Lc  smart_config.o [7]
wlu_parse_tlvs          0x00010acd    0x26  Code  Lc  wwd_wifi.o [7]
work_mode               0x02017e5c     0x4  Data  Lc  smart_config.o [7]
worker_thread_main      0x000135e3    0x1c  Code  Lc  wiced_rtos.o [7]
wps_running             0x03401b96     0x1  Data  Lc  wps_host.o [7]
write                   0x0000efed     0xa  Code  Gb  mxchipWNET.o [7]
writeCString            0x0004d317    0x38  Code  Gb  MQTTPacket.o [4]
writeChar               0x0004d2f7     0x4  Code  Gb  MQTTPacket.o [4]
writeInt                0x0004d2fb    0x12  Code  Gb  MQTTPacket.o [4]
writeMQTTString         0x0004d34f    0x58  Code  Gb  MQTTPacket.o [4]
wwd_management_set_event_handler
                        0x0001c9e7   0x17e  Code  Gb  SDPCM.o [7]
wwd_thread_line         0x03401ae4     0x4  Data  Gb  wwd_thread.o [7]
wwd_wifi_get_channel    0x000108a9    0x3e  Code  Gb  wwd_wifi.o [7]
wwd_wifi_set_channel    0x000108f3    0x62  Code  Gb  wwd_wifi.o [7]
xActiveTimerList1       0x03401838    0x14  Data  Lc  ostimers.o [7]
xActiveTimerList2       0x0340184c    0x14  Data  Lc  ostimers.o [7]
xDelayedTaskList1       0x03401860    0x14  Data  Lc  tasks.o [7]
xDelayedTaskList2       0x03401874    0x14  Data  Lc  tasks.o [7]
xMissedYield            0x02017e00     0x4  Data  Lc  tasks.o [7]
xNextTaskUnblockTime    0x0340038c     0x4  Data  Lc  tasks.o [7]
xNumOfOverflows         0x02017e04     0x4  Data  Lc  tasks.o [7]
xPendingReadyList       0x03401888    0x14  Data  Lc  tasks.o [7]
xPortPendSVHandler      0x0002343b          Code  Gb  portasm.o [7]
xPortStartScheduler     0x00022f5f    0x3c  Code  Gb  port.o [7]
xPortSysTickHandler     0x00022fd1    0x1a  Code  Gb  port.o [7]
xQueueCreateCountingSemaphore
                        0x00022a07    0x14  Code  Gb  queue.o [7]
xQueueCreateMutex       0x000229ab    0x5c  Code  Gb  queue.o [7]
xQueueGenericCreate     0x0002292d    0x7e  Code  Gb  queue.o [7]
xQueueGenericReceive    0x00022b45   0x156  Code  Gb  queue.o [7]
xQueueGenericSend       0x00022a1b    0xd4  Code  Gb  queue.o [7]
xQueueGenericSendFromISR
                        0x00022aef    0x56  Code  Gb  queue.o [7]
xQueueIsQueueEmptyFromISR
                        0x00022dd9     0xe  Code  Gb  queue.o [7]
xQueueIsQueueFullFromISR
                        0x00022e05    0x10  Code  Gb  queue.o [7]
xSchedulerRunning       0x03401b24     0x4  Data  Lc  tasks.o [7]
xSuspendedTaskList      0x034018b0    0x14  Data  Lc  tasks.o [7]
xTaskCheckForTimeOut    0x000141b7    0x60  Code  Gb  tasks.o [7]
xTaskForceAwakeClearPending
                        0x00013d35     0xc  Code  Gb  tasks.o [7]
xTaskForceAwakePending  0x00013d2b     0xa  Code  Gb  tasks.o [7]
xTaskGenericCreate      0x00013a8d   0x130  Code  Gb  tasks.o [7]
xTaskGetCurrentTaskHandle
                        0x00014517     0x6  Code  Gb  tasks.o [7]
xTaskGetCurrentThread   0x00013cd7     0x8  Code  Gb  tasks.o [7]
xTaskGetSchedulerState  0x0001451d    0x1c  Code  Gb  tasks.o [7]
xTaskGetTickCount       0x00013e6f    0x14  Code  Gb  tasks.o [7]
xTaskGetTickCountFromISR
                        0x00013e83    0x16  Code  Gb  tasks.o [7]
xTaskIsTaskFinished     0x00013c67    0x70  Code  Gb  tasks.o [7]
xTaskRemoveFromEventList
                        0x00014145    0x62  Code  Gb  tasks.o [7]
xTaskResumeAll          0x00013d9d    0xd2  Code  Gb  tasks.o [7]
xTasksWaitingTermination
                        0x0340189c    0x14  Data  Lc  tasks.o [7]
xTickCount              0x03401b18     0x4  Data  Lc  tasks.o [7]
xTimerCreate            0x00023063    0x4c  Code  Gb  ostimers.o [7]
xTimerCreateTimerTask   0x00023029    0x3a  Code  Gb  ostimers.o [7]
xTimerGenericCommand    0x000230af    0x52  Code  Gb  ostimers.o [7]
xTimerQueue             0x03401afc     0x4  Data  Lc  ostimers.o [7]
xorbuf                  0x00029b3f    0x32  Code  Lc  aes.o [7]


[1] = E:\work\13.WiFi_Mxchip\SDK_MiCOKit_v2.3.0.2\Build\Cloud_RGB_LED\MiCOKit-3164\obj_EWARM
[2] = E:\work\13.WiFi_Mxchip\SDK_MiCOKit_v2.3.0.2\MICO\system\tftp_ota
[3] = command line
[4] = FogCloud_cm4_release.a
[5] = dl7M_tlf.a
[6] = m7M_tls.a
[7] = mxchipWNet_cm4f_spi.a
[8] = rt7M_tl.a
[9] = shb_l.a

  271 802 bytes of readonly  code memory
   20 527 bytes of readonly  data memory
  106 066 bytes of readwrite data memory

Errors: none
Warnings: 17
