###############################################################################
#
# IAR ELF Linker V7.40.3.8902/W32 for ARM                 02/Sep/2015  16:54:21
# Copyright 2007-2015 IAR Systems AB.
#
#    Output file  =  
#        E:\work\13.WiFi_Mxchip\SDK_MiCOKit_v2.3.0.2\Build\Cloud_Read_Humiture\MiCOKit-LPC5410x\COM.MXCHIP.SPP.out.tmp
#    Map file     =  
#        E:\work\13.WiFi_Mxchip\SDK_MiCOKit_v2.3.0.2\Build\Cloud_Read_Humiture\MiCOKit-LPC5410x\list_EWARM\COM.MXCHIP.SPP.map
#    Command line =  
#        E:\work\13.WiFi_Mxchip\SDK_MiCOKit_v2.3.0.2\Build\Cloud_Read_Humiture\MiCOKit-LPC5410x\obj_EWARM\adc_5410x.o
#        E:\work\13.WiFi_Mxchip\SDK_MiCOKit_v2.3.0.2\Build\Cloud_Read_Humiture\MiCOKit-LPC5410x\obj_EWARM\arraylist.o
#        E:\work\13.WiFi_Mxchip\SDK_MiCOKit_v2.3.0.2\Build\Cloud_Read_Humiture\MiCOKit-LPC5410x\obj_EWARM\AsciiLib.o
#        E:\work\13.WiFi_Mxchip\SDK_MiCOKit_v2.3.0.2\Build\Cloud_Read_Humiture\MiCOKit-LPC5410x\obj_EWARM\bme280.o
#        E:\work\13.WiFi_Mxchip\SDK_MiCOKit_v2.3.0.2\Build\Cloud_Read_Humiture\MiCOKit-LPC5410x\obj_EWARM\bme280_user.o
#        E:\work\13.WiFi_Mxchip\SDK_MiCOKit_v2.3.0.2\Build\Cloud_Read_Humiture\MiCOKit-LPC5410x\obj_EWARM\CheckSumUtils.o
#        E:\work\13.WiFi_Mxchip\SDK_MiCOKit_v2.3.0.2\Build\Cloud_Read_Humiture\MiCOKit-LPC5410x\obj_EWARM\chip_5410x.o
#        E:\work\13.WiFi_Mxchip\SDK_MiCOKit_v2.3.0.2\Build\Cloud_Read_Humiture\MiCOKit-LPC5410x\obj_EWARM\clock_5410x.o
#        E:\work\13.WiFi_Mxchip\SDK_MiCOKit_v2.3.0.2\Build\Cloud_Read_Humiture\MiCOKit-LPC5410x\obj_EWARM\config_server.o
#        E:\work\13.WiFi_Mxchip\SDK_MiCOKit_v2.3.0.2\Build\Cloud_Read_Humiture\MiCOKit-LPC5410x\obj_EWARM\config_server_menu.o
#        E:\work\13.WiFi_Mxchip\SDK_MiCOKit_v2.3.0.2\Build\Cloud_Read_Humiture\MiCOKit-LPC5410x\obj_EWARM\crc_5410x.o
#        E:\work\13.WiFi_Mxchip\SDK_MiCOKit_v2.3.0.2\Build\Cloud_Read_Humiture\MiCOKit-LPC5410x\obj_EWARM\crt0_EWARM.o
#        E:\work\13.WiFi_Mxchip\SDK_MiCOKit_v2.3.0.2\Build\Cloud_Read_Humiture\MiCOKit-LPC5410x\obj_EWARM\dc_motor.o
#        E:\work\13.WiFi_Mxchip\SDK_MiCOKit_v2.3.0.2\Build\Cloud_Read_Humiture\MiCOKit-LPC5410x\obj_EWARM\debug.o
#        E:\work\13.WiFi_Mxchip\SDK_MiCOKit_v2.3.0.2\Build\Cloud_Read_Humiture\MiCOKit-LPC5410x\obj_EWARM\DHT11.o
#        E:\work\13.WiFi_Mxchip\SDK_MiCOKit_v2.3.0.2\Build\Cloud_Read_Humiture\MiCOKit-LPC5410x\obj_EWARM\dma_5410x.o
#        E:\work\13.WiFi_Mxchip\SDK_MiCOKit_v2.3.0.2\Build\Cloud_Read_Humiture\MiCOKit-LPC5410x\obj_EWARM\fifo_5410x.o
#        E:\work\13.WiFi_Mxchip\SDK_MiCOKit_v2.3.0.2\Build\Cloud_Read_Humiture\MiCOKit-LPC5410x\obj_EWARM\fogCloud.o
#        E:\work\13.WiFi_Mxchip\SDK_MiCOKit_v2.3.0.2\libraries\protocols\fog_cloud\FogCloud_cm4_release.a
#        E:\work\13.WiFi_Mxchip\SDK_MiCOKit_v2.3.0.2\Build\Cloud_Read_Humiture\MiCOKit-LPC5410x\obj_EWARM\fpu_init.o
#        E:\work\13.WiFi_Mxchip\SDK_MiCOKit_v2.3.0.2\Build\Cloud_Read_Humiture\MiCOKit-LPC5410x\obj_EWARM\gpio_5410x.o
#        E:\work\13.WiFi_Mxchip\SDK_MiCOKit_v2.3.0.2\Build\Cloud_Read_Humiture\MiCOKit-LPC5410x\obj_EWARM\gpiogroup_5410x.o
#        E:\work\13.WiFi_Mxchip\SDK_MiCOKit_v2.3.0.2\Build\Cloud_Read_Humiture\MiCOKit-LPC5410x\obj_EWARM\hardfault.o
#        E:\work\13.WiFi_Mxchip\SDK_MiCOKit_v2.3.0.2\Build\Cloud_Read_Humiture\MiCOKit-LPC5410x\obj_EWARM\hsb2rgb_led.o
#        E:\work\13.WiFi_Mxchip\SDK_MiCOKit_v2.3.0.2\Build\Cloud_Read_Humiture\MiCOKit-LPC5410x\obj_EWARM\HTTPUtils.o
#        E:\work\13.WiFi_Mxchip\SDK_MiCOKit_v2.3.0.2\Build\Cloud_Read_Humiture\MiCOKit-LPC5410x\obj_EWARM\i2c_common_5410x.o
#        E:\work\13.WiFi_Mxchip\SDK_MiCOKit_v2.3.0.2\Build\Cloud_Read_Humiture\MiCOKit-LPC5410x\obj_EWARM\i2cm_5410x.o
#        E:\work\13.WiFi_Mxchip\SDK_MiCOKit_v2.3.0.2\Build\Cloud_Read_Humiture\MiCOKit-LPC5410x\obj_EWARM\i2cs_5410x.o
#        E:\work\13.WiFi_Mxchip\SDK_MiCOKit_v2.3.0.2\Build\Cloud_Read_Humiture\MiCOKit-LPC5410x\obj_EWARM\iap.o
#        E:\work\13.WiFi_Mxchip\SDK_MiCOKit_v2.3.0.2\Build\Cloud_Read_Humiture\MiCOKit-LPC5410x\obj_EWARM\infrared_reflective.o
#        E:\work\13.WiFi_Mxchip\SDK_MiCOKit_v2.3.0.2\Build\Cloud_Read_Humiture\MiCOKit-LPC5410x\obj_EWARM\iocon_5410x.o
#        E:\work\13.WiFi_Mxchip\SDK_MiCOKit_v2.3.0.2\Build\Cloud_Read_Humiture\MiCOKit-LPC5410x\obj_EWARM\json_object.o
#        E:\work\13.WiFi_Mxchip\SDK_MiCOKit_v2.3.0.2\Build\Cloud_Read_Humiture\MiCOKit-LPC5410x\obj_EWARM\json_tokener.o
#        E:\work\13.WiFi_Mxchip\SDK_MiCOKit_v2.3.0.2\Build\Cloud_Read_Humiture\MiCOKit-LPC5410x\obj_EWARM\json_util.o
#        E:\work\13.WiFi_Mxchip\SDK_MiCOKit_v2.3.0.2\Build\Cloud_Read_Humiture\MiCOKit-LPC5410x\obj_EWARM\keys.o
#        E:\work\13.WiFi_Mxchip\SDK_MiCOKit_v2.3.0.2\Build\Cloud_Read_Humiture\MiCOKit-LPC5410x\obj_EWARM\light_sensor.o
#        E:\work\13.WiFi_Mxchip\SDK_MiCOKit_v2.3.0.2\Build\Cloud_Read_Humiture\MiCOKit-LPC5410x\obj_EWARM\linkhash.o
#        E:\work\13.WiFi_Mxchip\SDK_MiCOKit_v2.3.0.2\Build\Cloud_Read_Humiture\MiCOKit-LPC5410x\obj_EWARM\mico_cli.o
#        E:\work\13.WiFi_Mxchip\SDK_MiCOKit_v2.3.0.2\Build\Cloud_Read_Humiture\MiCOKit-LPC5410x\obj_EWARM\mico_config.o
#        E:\work\13.WiFi_Mxchip\SDK_MiCOKit_v2.3.0.2\Build\Cloud_Read_Humiture\MiCOKit-LPC5410x\obj_EWARM\mico_mdns.o
#        E:\work\13.WiFi_Mxchip\SDK_MiCOKit_v2.3.0.2\Build\Cloud_Read_Humiture\MiCOKit-LPC5410x\obj_EWARM\mico_platform_common.o
#        E:\work\13.WiFi_Mxchip\SDK_MiCOKit_v2.3.0.2\Build\Cloud_Read_Humiture\MiCOKit-LPC5410x\obj_EWARM\mico_system_init.o
#        E:\work\13.WiFi_Mxchip\SDK_MiCOKit_v2.3.0.2\Build\Cloud_Read_Humiture\MiCOKit-LPC5410x\obj_EWARM\mico_system_monitor.o
#        E:\work\13.WiFi_Mxchip\SDK_MiCOKit_v2.3.0.2\Build\Cloud_Read_Humiture\MiCOKit-LPC5410x\obj_EWARM\mico_system_notification.o
#        E:\work\13.WiFi_Mxchip\SDK_MiCOKit_v2.3.0.2\Build\Cloud_Read_Humiture\MiCOKit-LPC5410x\obj_EWARM\mico_system_para_storage.o
#        E:\work\13.WiFi_Mxchip\SDK_MiCOKit_v2.3.0.2\Build\Cloud_Read_Humiture\MiCOKit-LPC5410x\obj_EWARM\mico_system_power_daemon.o
#        E:\work\13.WiFi_Mxchip\SDK_MiCOKit_v2.3.0.2\Build\Cloud_Read_Humiture\MiCOKit-LPC5410x\obj_EWARM\MICOAppEntrance.o
#        E:\work\13.WiFi_Mxchip\SDK_MiCOKit_v2.3.0.2\Build\Cloud_Read_Humiture\MiCOKit-LPC5410x\obj_EWARM\MICOBonjour.o
#        E:\work\13.WiFi_Mxchip\SDK_MiCOKit_v2.3.0.2\Build\Cloud_Read_Humiture\MiCOKit-LPC5410x\obj_EWARM\MICOConfigDelegate.o
#        E:\work\13.WiFi_Mxchip\SDK_MiCOKit_v2.3.0.2\Platform\Drivers\MicoDriverMFiAuth\MicoDriverMFiAuth.a
#        E:\work\13.WiFi_Mxchip\SDK_MiCOKit_v2.3.0.2\Build\Cloud_Read_Humiture\MiCOKit-LPC5410x\obj_EWARM\MicoFogCloud.o
#        E:\work\13.WiFi_Mxchip\SDK_MiCOKit_v2.3.0.2\Build\Cloud_Read_Humiture\MiCOKit-LPC5410x\obj_EWARM\MicoFogCloudConfigServer.o
#        E:\work\13.WiFi_Mxchip\SDK_MiCOKit_v2.3.0.2\Build\Cloud_Read_Humiture\MiCOKit-LPC5410x\obj_EWARM\micokit_ext.o
#        E:\work\13.WiFi_Mxchip\SDK_MiCOKit_v2.3.0.2\Build\Cloud_Read_Humiture\MiCOKit-LPC5410x\obj_EWARM\micokit_ext_mfg.o
#        E:\work\13.WiFi_Mxchip\SDK_MiCOKit_v2.3.0.2\MICO\core\mxchipWNet_cm4f_spi.a
#        E:\work\13.WiFi_Mxchip\SDK_MiCOKit_v2.3.0.2\Build\Cloud_Read_Humiture\MiCOKit-LPC5410x\obj_EWARM\oled.o
#        E:\work\13.WiFi_Mxchip\SDK_MiCOKit_v2.3.0.2\Build\Cloud_Read_Humiture\MiCOKit-LPC5410x\obj_EWARM\pinint_5410x.o
#        E:\work\13.WiFi_Mxchip\SDK_MiCOKit_v2.3.0.2\Build\Cloud_Read_Humiture\MiCOKit-LPC5410x\obj_EWARM\platform.o
#        E:\work\13.WiFi_Mxchip\SDK_MiCOKit_v2.3.0.2\Build\Cloud_Read_Humiture\MiCOKit-LPC5410x\obj_EWARM\platform_adc.o
#        E:\work\13.WiFi_Mxchip\SDK_MiCOKit_v2.3.0.2\Build\Cloud_Read_Humiture\MiCOKit-LPC5410x\obj_EWARM\platform_flash.o
#        E:\work\13.WiFi_Mxchip\SDK_MiCOKit_v2.3.0.2\Build\Cloud_Read_Humiture\MiCOKit-LPC5410x\obj_EWARM\platform_gpio.o
#        E:\work\13.WiFi_Mxchip\SDK_MiCOKit_v2.3.0.2\Build\Cloud_Read_Humiture\MiCOKit-LPC5410x\obj_EWARM\platform_i2c.o
#        E:\work\13.WiFi_Mxchip\SDK_MiCOKit_v2.3.0.2\Build\Cloud_Read_Humiture\MiCOKit-LPC5410x\obj_EWARM\platform_init.o
#        E:\work\13.WiFi_Mxchip\SDK_MiCOKit_v2.3.0.2\Build\Cloud_Read_Humiture\MiCOKit-LPC5410x\obj_EWARM\platform_mcu_powersave.o
#        E:\work\13.WiFi_Mxchip\SDK_MiCOKit_v2.3.0.2\Build\Cloud_Read_Humiture\MiCOKit-LPC5410x\obj_EWARM\platform_nano_second.o
#        E:\work\13.WiFi_Mxchip\SDK_MiCOKit_v2.3.0.2\Build\Cloud_Read_Humiture\MiCOKit-LPC5410x\obj_EWARM\platform_pwm.o
#        E:\work\13.WiFi_Mxchip\SDK_MiCOKit_v2.3.0.2\Build\Cloud_Read_Humiture\MiCOKit-LPC5410x\obj_EWARM\platform_rng.o
#        E:\work\13.WiFi_Mxchip\SDK_MiCOKit_v2.3.0.2\Build\Cloud_Read_Humiture\MiCOKit-LPC5410x\obj_EWARM\platform_rtc.o
#        E:\work\13.WiFi_Mxchip\SDK_MiCOKit_v2.3.0.2\Build\Cloud_Read_Humiture\MiCOKit-LPC5410x\obj_EWARM\platform_spi.o
#        E:\work\13.WiFi_Mxchip\SDK_MiCOKit_v2.3.0.2\Build\Cloud_Read_Humiture\MiCOKit-LPC5410x\obj_EWARM\platform_uart.o
#        E:\work\13.WiFi_Mxchip\SDK_MiCOKit_v2.3.0.2\Build\Cloud_Read_Humiture\MiCOKit-LPC5410x\obj_EWARM\platform_watchdog.o
#        E:\work\13.WiFi_Mxchip\SDK_MiCOKit_v2.3.0.2\Build\Cloud_Read_Humiture\MiCOKit-LPC5410x\obj_EWARM\pll_5410x.o
#        E:\work\13.WiFi_Mxchip\SDK_MiCOKit_v2.3.0.2\Build\Cloud_Read_Humiture\MiCOKit-LPC5410x\obj_EWARM\power_control.o
#        E:\work\13.WiFi_Mxchip\SDK_MiCOKit_v2.3.0.2\Build\Cloud_Read_Humiture\MiCOKit-LPC5410x\obj_EWARM\printbuf.o
#        E:\work\13.WiFi_Mxchip\SDK_MiCOKit_v2.3.0.2\Build\Cloud_Read_Humiture\MiCOKit-LPC5410x\obj_EWARM\Retarget.o
#        E:\work\13.WiFi_Mxchip\SDK_MiCOKit_v2.3.0.2\Build\Cloud_Read_Humiture\MiCOKit-LPC5410x\obj_EWARM\rgb_led.o
#        E:\work\13.WiFi_Mxchip\SDK_MiCOKit_v2.3.0.2\Build\Cloud_Read_Humiture\MiCOKit-LPC5410x\obj_EWARM\ring_buffer.o
#        E:\work\13.WiFi_Mxchip\SDK_MiCOKit_v2.3.0.2\Build\Cloud_Read_Humiture\MiCOKit-LPC5410x\obj_EWARM\RingBufferUtils.o
#        E:\work\13.WiFi_Mxchip\SDK_MiCOKit_v2.3.0.2\Build\Cloud_Read_Humiture\MiCOKit-LPC5410x\obj_EWARM\ritimer_5410x.o
#        E:\work\13.WiFi_Mxchip\SDK_MiCOKit_v2.3.0.2\Build\Cloud_Read_Humiture\MiCOKit-LPC5410x\obj_EWARM\rtc_5410x.o
#        E:\work\13.WiFi_Mxchip\SDK_MiCOKit_v2.3.0.2\Build\Cloud_Read_Humiture\MiCOKit-LPC5410x\obj_EWARM\rtc_ut.o
#        E:\work\13.WiFi_Mxchip\SDK_MiCOKit_v2.3.0.2\Build\Cloud_Read_Humiture\MiCOKit-LPC5410x\obj_EWARM\sct_5410x.o
#        E:\work\13.WiFi_Mxchip\SDK_MiCOKit_v2.3.0.2\Build\Cloud_Read_Humiture\MiCOKit-LPC5410x\obj_EWARM\sct_pwm_5410x.o
#        E:\work\13.WiFi_Mxchip\SDK_MiCOKit_v2.3.0.2\Build\Cloud_Read_Humiture\MiCOKit-LPC5410x\obj_EWARM\SocketUtils.o
#        E:\work\13.WiFi_Mxchip\SDK_MiCOKit_v2.3.0.2\Build\Cloud_Read_Humiture\MiCOKit-LPC5410x\obj_EWARM\spi_5410x.o
#        E:\work\13.WiFi_Mxchip\SDK_MiCOKit_v2.3.0.2\Build\Cloud_Read_Humiture\MiCOKit-LPC5410x\obj_EWARM\spi_common_5410x.o
#        E:\work\13.WiFi_Mxchip\SDK_MiCOKit_v2.3.0.2\Build\Cloud_Read_Humiture\MiCOKit-LPC5410x\obj_EWARM\spi_flash.o
#        E:\work\13.WiFi_Mxchip\SDK_MiCOKit_v2.3.0.2\Build\Cloud_Read_Humiture\MiCOKit-LPC5410x\obj_EWARM\spi_flash_platform.o
#        E:\work\13.WiFi_Mxchip\SDK_MiCOKit_v2.3.0.2\Build\Cloud_Read_Humiture\MiCOKit-LPC5410x\obj_EWARM\spim_5410x.o
#        E:\work\13.WiFi_Mxchip\SDK_MiCOKit_v2.3.0.2\Build\Cloud_Read_Humiture\MiCOKit-LPC5410x\obj_EWARM\spis_5410x.o
#        E:\work\13.WiFi_Mxchip\SDK_MiCOKit_v2.3.0.2\Build\Cloud_Read_Humiture\MiCOKit-LPC5410x\obj_EWARM\startup_lpc54100_EWARM.o
#        E:\work\13.WiFi_Mxchip\SDK_MiCOKit_v2.3.0.2\Build\Cloud_Read_Humiture\MiCOKit-LPC5410x\obj_EWARM\stopwatch_5410x.o
#        E:\work\13.WiFi_Mxchip\SDK_MiCOKit_v2.3.0.2\Build\Cloud_Read_Humiture\MiCOKit-LPC5410x\obj_EWARM\StringUtils.o
#        E:\work\13.WiFi_Mxchip\SDK_MiCOKit_v2.3.0.2\Build\Cloud_Read_Humiture\MiCOKit-LPC5410x\obj_EWARM\syscon_5410x.o
#        E:\work\13.WiFi_Mxchip\SDK_MiCOKit_v2.3.0.2\Build\Cloud_Read_Humiture\MiCOKit-LPC5410x\obj_EWARM\sysinit_5410x.o
#        E:\work\13.WiFi_Mxchip\SDK_MiCOKit_v2.3.0.2\Build\Cloud_Read_Humiture\MiCOKit-LPC5410x\obj_EWARM\system_easylink.o
#        E:\work\13.WiFi_Mxchip\SDK_MiCOKit_v2.3.0.2\Build\Cloud_Read_Humiture\MiCOKit-LPC5410x\obj_EWARM\system_easylink_delegate.o
#        E:\work\13.WiFi_Mxchip\SDK_MiCOKit_v2.3.0.2\Build\Cloud_Read_Humiture\MiCOKit-LPC5410x\obj_EWARM\system_factory_test.o
#        E:\work\13.WiFi_Mxchip\SDK_MiCOKit_v2.3.0.2\Build\Cloud_Read_Humiture\MiCOKit-LPC5410x\obj_EWARM\system_misc.o
#        E:\work\13.WiFi_Mxchip\SDK_MiCOKit_v2.3.0.2\Build\Cloud_Read_Humiture\MiCOKit-LPC5410x\obj_EWARM\temp_hum_sensor.o
#        E:\work\13.WiFi_Mxchip\SDK_MiCOKit_v2.3.0.2\Build\Cloud_Read_Humiture\MiCOKit-LPC5410x\obj_EWARM\tftp_ota.o
#        E:\work\13.WiFi_Mxchip\SDK_MiCOKit_v2.3.0.2\MICO\system\tftp_ota\tftpc.o
#        E:\work\13.WiFi_Mxchip\SDK_MiCOKit_v2.3.0.2\Build\Cloud_Read_Humiture\MiCOKit-LPC5410x\obj_EWARM\timer_5410x.o
#        E:\work\13.WiFi_Mxchip\SDK_MiCOKit_v2.3.0.2\Build\Cloud_Read_Humiture\MiCOKit-LPC5410x\obj_EWARM\uart_5410x.o
#        E:\work\13.WiFi_Mxchip\SDK_MiCOKit_v2.3.0.2\Build\Cloud_Read_Humiture\MiCOKit-LPC5410x\obj_EWARM\URLUtils.o
#        E:\work\13.WiFi_Mxchip\SDK_MiCOKit_v2.3.0.2\Build\Cloud_Read_Humiture\MiCOKit-LPC5410x\obj_EWARM\user_main.o
#        E:\work\13.WiFi_Mxchip\SDK_MiCOKit_v2.3.0.2\Build\Cloud_Read_Humiture\MiCOKit-LPC5410x\obj_EWARM\utick_5410x.o
#        E:\work\13.WiFi_Mxchip\SDK_MiCOKit_v2.3.0.2\Build\Cloud_Read_Humiture\MiCOKit-LPC5410x\obj_EWARM\wlan_bus_spi.o
#        E:\work\13.WiFi_Mxchip\SDK_MiCOKit_v2.3.0.2\Build\Cloud_Read_Humiture\MiCOKit-LPC5410x\obj_EWARM\wlan_platform.o
#        E:\work\13.WiFi_Mxchip\SDK_MiCOKit_v2.3.0.2\Build\Cloud_Read_Humiture\MiCOKit-LPC5410x\obj_EWARM\wlan_platform_common.o
#        E:\work\13.WiFi_Mxchip\SDK_MiCOKit_v2.3.0.2\Build\Cloud_Read_Humiture\MiCOKit-LPC5410x\obj_EWARM\wwdt_5410x.o
#        --redirect _Printf=_PrintfFull --redirect _Scanf=_ScanfFull -o
#        E:\work\13.WiFi_Mxchip\SDK_MiCOKit_v2.3.0.2\Build\Cloud_Read_Humiture\MiCOKit-LPC5410x\COM.MXCHIP.SPP.out.tmp
#        --map
#        E:\work\13.WiFi_Mxchip\SDK_MiCOKit_v2.3.0.2\Build\Cloud_Read_Humiture\MiCOKit-LPC5410x\list_EWARM\COM.MXCHIP.SPP.map
#        --config
#        E:\work\13.WiFi_Mxchip\SDK_MiCOKit_v2.3.0.2\Projects\LPC5410x\Cloud_Read_Humiture\EWARM\..\..\..\..\Board\MiCOKit-LPC5410x\micoLinkerForIAR.icf
#        --semihosting --entry __iar_program_start --vfe --threaded_lib
#
###############################################################################

*******************************************************************************
*** MESSAGES
***

Warning[Lt049]: Potential floating point parameter passing conflict. The first
          module below references the second and they have been built with
          different settings.
          AAPCS, base variant: E:\work\13.WiFi_Mxchip\SDK_MiCOKit_v2.3.0.2\Buil
                    d\Cloud_Read_Humiture\MiCOKit-LPC5410x\obj_EWARM\config_ser
                    ver_menu.o
          AAPCS, VFP variant: wiced_rtos.o(mxchipWNet_cm4f_spi.a)
Warning[Lt049]: Potential floating point parameter passing conflict. The first
          module below references the second and they have been built with
          different settings.
          AAPCS, base variant: E:\work\13.WiFi_Mxchip\SDK_MiCOKit_v2.3.0.2\Buil
                    d\Cloud_Read_Humiture\MiCOKit-LPC5410x\obj_EWARM\config_ser
                    ver_menu.o
          AAPCS, VFP variant: mxchipWNET.o(mxchipWNet_cm4f_spi.a)
Warning[Lt049]: Potential floating point parameter passing conflict. The first
          module below references the second and they have been built with
          different settings.
          AAPCS, base variant: E:\work\13.WiFi_Mxchip\SDK_MiCOKit_v2.3.0.2\Buil
                    d\Cloud_Read_Humiture\MiCOKit-LPC5410x\obj_EWARM\json_objec
                    t.o
          AAPCS, VFP variant: dlmalloc.o(mxchipWNet_cm4f_spi.a)
Warning[Lt049]: Potential floating point parameter passing conflict. The first
          module below references the second and they have been built with
          different settings.
          AAPCS, base variant: E:\work\13.WiFi_Mxchip\SDK_MiCOKit_v2.3.0.2\Buil
                    d\Cloud_Read_Humiture\MiCOKit-LPC5410x\obj_EWARM\json_token
                    er.o
          AAPCS, VFP variant: dlmalloc.o(mxchipWNet_cm4f_spi.a)
Warning[Lt049]: Potential floating point parameter passing conflict. The first
          module below references the second and they have been built with
          different settings.
          AAPCS, base variant: E:\work\13.WiFi_Mxchip\SDK_MiCOKit_v2.3.0.2\Buil
                    d\Cloud_Read_Humiture\MiCOKit-LPC5410x\obj_EWARM\mico_platf
                    orm_common.o
          AAPCS, VFP variant: wiced_rtos.o(mxchipWNet_cm4f_spi.a)
Warning[Lt049]: Potential floating point parameter passing conflict. The first
          module below references the second and they have been built with
          different settings.
          AAPCS, base variant: E:\work\13.WiFi_Mxchip\SDK_MiCOKit_v2.3.0.2\Buil
                    d\Cloud_Read_Humiture\MiCOKit-LPC5410x\obj_EWARM\mico_platf
                    orm_common.o
          AAPCS, VFP variant: mxchipWNET.o(mxchipWNet_cm4f_spi.a)
Warning[Lt049]: Potential floating point parameter passing conflict. The first
          module below references the second and they have been built with
          different settings.
          AAPCS, base variant: E:\work\13.WiFi_Mxchip\SDK_MiCOKit_v2.3.0.2\Buil
                    d\Cloud_Read_Humiture\MiCOKit-LPC5410x\obj_EWARM\micokit_ex
                    t_mfg.o
          AAPCS, VFP variant: wiced_rtos.o(mxchipWNet_cm4f_spi.a)
Warning[Lt049]: Potential floating point parameter passing conflict. The first
          module below references the second and they have been built with
          different settings.
          AAPCS, base variant: E:\work\13.WiFi_Mxchip\SDK_MiCOKit_v2.3.0.2\Buil
                    d\Cloud_Read_Humiture\MiCOKit-LPC5410x\obj_EWARM\micokit_ex
                    t_mfg.o
          AAPCS, VFP variant: mxchipWNET.o(mxchipWNet_cm4f_spi.a)
Warning[Lt049]: Potential floating point parameter passing conflict. The first
          module below references the second and they have been built with
          different settings.
          AAPCS, base variant: E:\work\13.WiFi_Mxchip\SDK_MiCOKit_v2.3.0.2\Buil
                    d\Cloud_Read_Humiture\MiCOKit-LPC5410x\obj_EWARM\micokit_ex
                    t_mfg.o
          AAPCS, VFP variant: wifimgr.o(mxchipWNet_cm4f_spi.a)
Warning[Lt049]: Potential floating point parameter passing conflict. The first
          module below references the second and they have been built with
          different settings.
          AAPCS, base variant: E:\work\13.WiFi_Mxchip\SDK_MiCOKit_v2.3.0.2\MICO
                    \system\tftp_ota\tftpc.o
          AAPCS, VFP variant: mxchipWNET.o(mxchipWNet_cm4f_spi.a)
Warning[Lt049]: Potential floating point parameter passing conflict. The first
          module below references the second and they have been built with
          different settings.
          AAPCS, VFP variant: FogCloudUtils.o(FogCloud_cm4_release.a)
          AAPCS, base variant: E:\work\13.WiFi_Mxchip\SDK_MiCOKit_v2.3.0.2\Buil
                    d\Cloud_Read_Humiture\MiCOKit-LPC5410x\obj_EWARM\mico_platf
                    orm_common.o
Warning[Lt049]: Potential floating point parameter passing conflict. The first
          module below references the second and they have been built with
          different settings.
          AAPCS, VFP variant: FogCloudService.o(FogCloud_cm4_release.a)
          AAPCS, base variant: E:\work\13.WiFi_Mxchip\SDK_MiCOKit_v2.3.0.2\Buil
                    d\Cloud_Read_Humiture\MiCOKit-LPC5410x\obj_EWARM\json_objec
                    t.o
Warning[Lt049]: Potential floating point parameter passing conflict. The first
          module below references the second and they have been built with
          different settings.
          AAPCS, VFP variant: FogCloudService.o(FogCloud_cm4_release.a)
          AAPCS, base variant: E:\work\13.WiFi_Mxchip\SDK_MiCOKit_v2.3.0.2\Buil
                    d\Cloud_Read_Humiture\MiCOKit-LPC5410x\obj_EWARM\json_token
                    er.o
Warning[Lt049]: Potential floating point parameter passing conflict. The first
          module below references the second and they have been built with
          different settings.
          AAPCS, VFP variant: wifi.o(mxchipWNet_cm4f_spi.a)
          AAPCS, base variant: E:\work\13.WiFi_Mxchip\SDK_MiCOKit_v2.3.0.2\Buil
                    d\Cloud_Read_Humiture\MiCOKit-LPC5410x\obj_EWARM\mico_platf
                    orm_common.o


*******************************************************************************
*** RUNTIME MODEL ATTRIBUTES
***

CppFlavor                     = *
__Heap_Handler                = DLMalloc
__SystemLibrary               = DLib
__dlib_dynamic_initialization = normal


*******************************************************************************
*** PLACEMENT SUMMARY
***

"A1":  place at 0x0000c000 { ro section .intvec };
"P1":  place in [from 0x0000c000 to 0x0007ffff] { ro };
"P2":  place in [from 0x02000100 to 0x02017fff] |
                [from 0x03400000 to 0x03401fff] { rw, block CSTACK, block HEAP };

  Section             Kind        Address     Size  Object
  -------             ----        -------     ----  ------
"A1":                                        0x108
  .intvec                      0x0000c000    0x108  <Block>
    .intvec           ro code  0x0000c000    0x108  startup_lpc54100_EWARM.o [1]
                             - 0x0000c108    0x108

"P1":                                      0x4427e
  .text               ro code  0x0000c108   0x27e4  smart_config.o [7]
  .text               ro code  0x0000e8ec     0x66  ABImemset.o [8]
  .text               ro code  0x0000e952     0x1e  xsscin.o [5]
  .text               ro code  0x0000e970     0x62  memcmp_unaligned.o [8]
  .text               ro code  0x0000e9d2     0x1a  xsnprout.o [5]
  .text               ro code  0x0000e9ec    0x846  mxchipWNET.o [7]
  .text               ro code  0x0000f232      0xa  xsprout.o [5]
  .text               ro code  0x0000f23c    0x410  mico_system_notification.o [1]
  .text               ro code  0x0000f64c     0x76  ABImemcpy_unaligned.o [8]
  .rodata             const    0x0000f6c2      0x2  wwd_bus_protocol.o [7]
  .text               ro code  0x0000f6c4     0x44  snprintf.o [5]
  .text               ro code  0x0000f708   0x14c0  wwd_wifi.o [7]
  .text               ro code  0x00010bc8   0x2650  wifimgr.o [7]
  .text               ro code  0x00013218     0x6c  strncpy_unaligned.o [8]
  .text               ro code  0x00013284     0x36  strlen.o [8]
  .rodata             const    0x000132ba      0x1  smart_config.o [7]
  .rodata             const    0x000132bb      0x1  smart_config.o [7]
  .text               ro code  0x000132bc    0x7ae  wiced_rtos.o [7]
  .rodata             const    0x00013a6a      0x1  smart_config.o [7]
  .rodata             const    0x00013a6b      0x1  smart_config.o [7]
  .text               ro code  0x00013a6c    0xba8  tasks.o [7]
  .text               ro code  0x00014614    0x440  wifi.o [7]
  .text               ro code  0x00014a54   0x2590  dlmalloc.o [7]
  .text               ro code  0x00016fe4     0xe0  arc4.o [7]
  .text               ro code  0x000170c4     0x92  wwd_buffer.o [7]
  .text               ro code  0x00017158     0x34  sprintf.o [5]
  .text               ro code  0x0001718c    0x628  tcpip.o [7]
  .text               ro code  0x000177b4    0x7ec  dns.o [7]
  .text               ro code  0x00017fa0    0x130  wwd_rtos.o [7]
  .text               ro code  0x000180d0     0x20  srand.o [5]
  .text               ro code  0x000180f0    0xe04  tcp.o [7]
  .text               ro code  0x00018ef4    0x25a  ip_addr.o [7]
  .text               ro code  0x0001914e     0x36  def.o [7]
  .text               ro code  0x00019184   0x19cc  sockets.o [7]
  .text               ro code  0x0001ab50     0x42  strcmp_unaligned.o [8]
  .text               ro code  0x0001ab94     0x44  strcpy_unaligned.o [8]
  .text               ro code  0x0001abd8    0x244  wwd_management.o [7]
  .text               ro code  0x0001ae1c     0x18  strrchr.o [5]
  .text               ro code  0x0001ae34     0x24  printf.o [5]
  .text               ro code  0x0001ae58   0x1156  xprintffull.o [5]
  .text               ro code  0x0001bfb0   0x101c  SDPCM.o [7]
  .text               ro code  0x0001cfcc     0x14  mxchip_debug.o [7]
  .text               ro code  0x0001cfe0    0x4ec  pbuf.o [7]
  .text               ro code  0x0001d4cc    0x4b4  ip.o [7]
  .text               ro code  0x0001d980    0xcd4  system_misc.o [1]
  .text               ro code  0x0001e654     0x30  aes_wrap.o [7]
  .text               ro code  0x0001e684    0x404  wiced_network.o [7]
  .text               ro code  0x0001ea88    0x1ec  dns_redirect.o [7]
  .text               ro code  0x0001ec74    0x492  wwd_ap.o [7]
  .text               ro code  0x0001f108     0x64  dnsclient.o [7]
  .text               ro code  0x0001f16c     0x2a  strncmp.o [5]
  .text               ro code  0x0001f198    0x4b8  system_factory_test.o [1]
  .text               ro code  0x0001f650    0x9e0  etharp.o [7]
  .text               ro code  0x00020030     0x46  strcasecmp.o [5]
  .text               ro code  0x00020078   0x1594  tcp_in.o [7]
  .text               ro code  0x0002160c    0x710  udp.o [7]
  .text               ro code  0x00021d1c      0x4  strtoul.o [5]
  .text               ro code  0x00021d20    0x140  platform_init.o [1]
  .text               ro code  0x00021e60    0x2fa  platform.o [1]
  .text               ro code  0x0002215c    0x7ac  MICOAppEntrance.o [1]
  .text               ro code  0x00022908    0x518  queue.o [7]
  .text               ro code  0x00022e20     0xe8  wlan_platform_common.o [1]
  .text               ro code  0x00022f08     0xec  port.o [7]
  .text               ro code  0x00022ff4    0x370  ostimers.o [7]
  .text               ro code  0x00023364     0x9a  list.o [7]
  CODE                ro code  0x00023400     0xa8  portasm.o [7]
  .text               ro code  0x000234a8     0x1c  strcat.o [5]
  .text               ro code  0x000234c4    0x10c  platform_mcu_powersave.o [1]
  .text               ro code  0x000235d0     0x38  heap_3.o [7]
  .text               ro code  0x00023608    0x974  mico_platform_common.o [1]
  .text               ro code  0x00023f7c      0x6  abort.o [5]
  .text               ro code  0x00023f84      0x6  ABImemclr4.o [8]
  .text               ro code  0x00023f8a     0x20  xsyslock.o [5]
  .text               ro code  0x00023fac     0x2c  xgetmemchunk.o [5]
  .text               ro code  0x00023fd8    0x190  wiced_ping.o [7]
  .text               ro code  0x00024168    0x5e0  api_lib.o [7]
  .text               ro code  0x00024748      0xc  mxchipbesl.o [7]
  .text               ro code  0x00024754     0xda  netbuf.o [7]
  .text               ro code  0x00024830    0x27c  lwiptcpip.o [7]
  .text               ro code  0x00024aac      0x2  xtls.o [5]
  .text               ro code  0x00024ab0    0xcc2  tcp_out.o [7]
  .text               ro code  0x00025774    0x300  lwiptimers.o [7]
  .text               ro code  0x00025a74    0x1b8  memp.o [7]
  .text               ro code  0x00025c2c     0xe0  rand.o [5]
  .text               ro code  0x00025d0c    0x2a0  sys_arch.o [7]
  .text               ro code  0x00025fac    0x568  igmp.o [7]
  .text               ro code  0x00026514    0x3ac  wlan_bus_spi.o [1]
  .text               ro code  0x000268c0    0x6f4  wwd_bus_protocol.o [7]
  .text               ro code  0x00026fb4    0x248  wwd_thread.o [7]
  .text               ro code  0x000271fc     0x10  wlan_platform.o [1]
  .text               ro code  0x0002720c     0x20  xmbtowc.o [5]
  .text               ro code  0x0002722c     0x16  strchr.o [8]
  .text               ro code  0x00027244     0x58  memchr.o [8]
  .text               ro code  0x0002729c      0xa  xmbcurmax.o [5]
  .text               ro code  0x000272a6     0x1a  xwctomb.o [5]
  .text               ro code  0x000272c0     0xee  I64DivMod.o [8]
  .text               ro code  0x000273ae     0x42  xdnorm.o [6]
  .text               ro code  0x000273f0     0x2e  DblCmpLe.o [6]
  .text               ro code  0x00027420     0x2e  DblCmpGe.o [6]
  .text               ro code  0x00027450    0x118  xdscale.o [6]
  .text               ro code  0x00027568     0x58  DblToI32.o [6]
  .text               ro code  0x000275c0     0x30  I32ToDbl.o [6]
  .text               ro code  0x000275f0    0x180  DblSub.o [6]
  .text               ro code  0x00027770    0x1a2  DblMul.o [6]
  .text               ro code  0x00027914    0x256  DblDiv.o [6]
  .text               ro code  0x00027b6c     0x6c  localeconv.o [5]
  .text               ro code  0x00027bd8      0xe  div.o [5]
  .text               ro code  0x00027be8    0x17c  wwd_network.o [7]
  .text               ro code  0x00027d64     0x78  ABImemmove_unaligned.o [8]
  .text               ro code  0x00027ddc    0x170  inet_chksum.o [7]
  .text               ro code  0x00027f4c    0x1cc  raw.o [7]
  .text               ro code  0x00028118    0x184  icmp.o [7]
  .text               ro code  0x0002829c    0x358  netif.o [7]
  .text               ro code  0x000285f4    0xba4  mico_system_para_storage.o [1]
  .text               ro code  0x00029198    0x900  StringUtils.o [1]
  .text               ro code  0x00029a98    0xb62  aes.o [7]
  .text               ro code  0x0002a5fc    0xf20  dhcp.o [7]
  .text               ro code  0x0002b51c     0x28  sys.o [7]
  .text               ro code  0x0002b544    0x650  dhcp_server.o [7]
  .text               ro code  0x0002bb94     0x48  netifapi.o [7]
  .text               ro code  0x0002bbdc     0xc6  RingBufferUtils.o [1]
  .text               ro code  0x0002bca4    0x3a8  mftest.o [7]
  .text               ro code  0x0002c04c     0x14  tolower.o [5]
  .text               ro code  0x0002c060    0x198  xstoul.o [5]
  .text               ro code  0x0002c1f8     0x44  fpu_init.o [1]
  .text               ro code  0x0002c23c     0x3c  power_control.o [1]
  .text               ro code  0x0002c278    0x394  platform_gpio.o [1]
  .text               ro code  0x0002c60c    0x698  platform_uart.o [1]
  .text               ro code  0x0002cca4      0xc  platform_rtc.o [1]
  .text               ro code  0x0002ccb0    0x2b8  platform_spi.o [1]
  .text               ro code  0x0002cf68    0x3ec  platform_i2c.o [1]
  .text               ro code  0x0002d354    0x4cc  mico_system_power_daemon.o [1]
  .text               ro code  0x0002d820     0x24  dc_motor.o [1]
  .text               ro code  0x0002d844    0x4f8  user_main.o [1]
  .text               ro code  0x0002dd3c   0x1788  MicoFogCloud.o [1]
  .text               ro code  0x0002f4c4    0x61c  mico_system_init.o [1]
  .text               ro code  0x0002fae0    0x470  MICOBonjour.o [1]
  .text               ro code  0x0002ff50      0x4  platform_watchdog.o [1]
  .text               ro code  0x0002ff54     0xf0  micokit_ext.o [1]
  .text               ro code  0x00030044    0x30c  platform_adc.o [1]
  .text               ro code  0x00030350    0x9ec  platform_flash.o [1]
  .text               ro code  0x00030d3c     0x60  platform_nano_second.o [1]
  .text               ro code  0x00030d9c     0x14  exit.o [9]
  .text               ro code  0x00030db0     0x3a  ABImemset48.o [8]
  .text               ro code  0x00030dec    0x15c  xsyslock_mtx.o [5]
  .text               ro code  0x00030f48    0xeac  api_msg.o [7]
  .text               ro code  0x00031df4     0x20  init.o [7]
  .text               ro code  0x00031e14    0x154  clock_5410x.o [1]
  .text               ro code  0x00031f68    0x260  wwd_internal.o [7]
  .text               ro code  0x000321c8    0x300  wwd_firmware.o [7]
  .text               ro code  0x000324c8     0x24  setlocale.o [5]
  .text               ro code  0x000324ec     0x60  xencoding_sb.o [5]
  .text               ro code  0x0003254c      0x2  I64DivZer.o [8]
  .text               ro code  0x00032550     0xe8  DblAdd.o [6]
  .text               ro code  0x00032638     0x4c  wps_host.o [7]
  .text               ro code  0x00032684     0x7a  CheckSumUtils.o [1]
  .text               ro code  0x000326fe     0x18  toupper.o [5]
  .text               ro code  0x00032716     0x3c  isxxx.o [5]
  .text               ro code  0x00032752     0x16  strnlen.o [5]
  .text               ro code  0x00032768     0x44  logging.o [7]
  .text               ro code  0x000327ac     0x8c  wiced_lib.o [7]
  .text               ro code  0x00032838      0xc  xlocale_c.o [5]
  .text               ro code  0x00032844      0xc  errno.o [5]
  .text               ro code  0x00032850     0x7c  syscon_5410x.o [1]
  .text               ro code  0x000328cc     0x88  uart_5410x.o [1]
  .text               ro code  0x00032954     0x94  dma_5410x.o [1]
  .text               ro code  0x000329e8     0x5c  i2c_common_5410x.o [1]
  .text               ro code  0x00032a44    0x19c  DHT11.o [1]
  .text               ro code  0x00032be0    0x5f8  json_object.o [1]
  .text               ro code  0x000331d8    0xa4c  oled.o [1]
  .text               ro code  0x00033c24   0x1b20  fogCloud.o [1]
  .text               ro code  0x00035744   0x1a9c  MicoFogCloudConfigServer.o [1]
  .text               ro code  0x000371e0   0x1298  MICOConfigDelegate.o [1]
  .text               ro code  0x00038478      0x6  ABImemclr.o [8]
  .text               ro code  0x00038480    0xf64  mico_cli.o [1]
  .text               ro code  0x000393e4    0x754  micokit_ext_mfg.o [1]
  .text               ro code  0x00039b38   0x1838  system_easylink.o [1]
  .text               ro code  0x0003b370   0x1fd0  config_server.o [1]
  .text               ro code  0x0003d340   0x1124  mico_mdns.o [1]
  .text               ro code  0x0003e464     0x98  rgb_led.o [1]
  .text               ro code  0x0003e4fc     0x38  light_sensor.o [1]
  .text               ro code  0x0003e534     0x3a  infrared_reflective.o [1]
  .text               ro code  0x0003e570    0x188  keys.o [1]
  .text               ro code  0x0003e6f8     0x30  temp_hum_sensor.o [1]
  .text               ro code  0x0003e728     0x22  adc_5410x.o [1]
  .text               ro code  0x0003e74c    0x484  spi_flash.o [1]
  .text               ro code  0x0003ebd0     0x72  iap.o [1]
  .text               ro code  0x0003ec44     0x74  timer_5410x.o [1]
  .text               ro code  0x0003ecb8     0x1c  iar_mutex.o [7]
  .text               ro code  0x0003ecd4    0x230  pll_5410x.o [1]
  .text               ro code  0x0003ef04     0x18  read_wifi_firmware.o [7]
  .text               ro code  0x0003ef1c     0x16  xlocale_c.o [5]
  .text               ro code  0x0003ef32     0x24  xlocale_c.o [5]
  .text               ro code  0x0003ef56     0x14  xlocale_c.o [5]
  .text               ro code  0x0003ef6c    0x136  printbuf.o [1]
  .text               ro code  0x0003f0a4    0x34c  linkhash.o [1]
  .text               ro code  0x0003f3f0     0x18  strdup.o [5]
  .text               ro code  0x0003f408     0x20  DblCmpEq.o [6]
  .text               ro code  0x0003f428     0xe4  json_util.o [1]
  .text               ro code  0x0003f50c     0xd4  arraylist.o [1]
  .text               ro code  0x0003f5e0     0x14  FogCloudServiceVersion.o [4]
  .text               ro code  0x0003f5f4   0x10c0  FogCloudService.o [4]
  .text               ro code  0x000406b4    0x9a6  md5.o [7]
  .text               ro code  0x0004105c   0x15ec  FogCloudUtils.o [4]
  .text               ro code  0x00042648    0x398  SocketUtils.o [1]
  .text               ro code  0x000429e0    0x4f0  config_server_menu.o [1]
  .text               ro code  0x00042ed0    0xeac  json_tokener.o [1]
  .text               ro code  0x00043d7c    0x6b4  tftpc.o [2]
  .text               ro code  0x00044430    0xa7c  tftp_ota.o [1]
  .text               ro code  0x00044eac     0x3c  vsnprint.o [5]
  .text               ro code  0x00044ee8      0xe  S32ToFlt.o [6]
  .text               ro code  0x00044ef8    0x262  hsb2rgb_led.o [1]
  .text               ro code  0x0004515c    0x524  bme280_user.o [1]
  .text               ro code  0x00045680      0xe  U32ToFlt.o [6]
  .text               ro code  0x0004568e     0x12  FltDiv.o [6]
  .text               ro code  0x000456a0     0x4e  FltToDbl.o [6]
  .text               ro code  0x000456ee     0x12  FltMul.o [6]
  .text               ro code  0x00045700      0x4  system_easylink_delegate.o [1]
  .text               ro code  0x00045704   0x1450  HTTPUtils.o [1]
  .text               ro code  0x00046b54     0x30  spi_flash_platform.o [1]
  .text               ro code  0x00046b84     0x2c  vsprintf.o [5]
  .text               ro code  0x00046bb0     0x18  vprintf.o [5]
  .text               ro code  0x00046bc8      0x4  exit.o [5]
  .text               ro code  0x00046bcc     0x24  sscanf.o [5]
  .text               ro code  0x00046bf0    0x800  FogCloudMQTTClient.o [4]
  .text               ro code  0x000473f0     0x28  strncat.o [5]
  .text               ro code  0x00047418    0x16c  URLUtils.o [1]
  .text               ro code  0x00047584     0x4e  strncasecmp.o [5]
  .text               ro code  0x000475d4     0x24  FltCmpGe.o [6]
  .text               ro code  0x000475f8     0x24  FltCmpLe.o [6]
  .text               ro code  0x0004761c     0x12  FltSub.o [6]
  .text               ro code  0x0004762e     0x12  FltAdd.o [6]
  .text               ro code  0x00047640      0xe  FltToS32.o [6]
  .text               ro code  0x00047650    0x778  bme280.o [1]
  .text               ro code  0x00047dc8     0x12  cexit.o [8]
  .text               ro code  0x00047ddc    0xcd0  xscanffull.o [5]
  .text               ro code  0x00048aac    0x2a6  MQTTMICO.o [4]
  .text               ro code  0x00048d54    0x6b0  MQTTClient.o [4]
  .text               ro code  0x00049404     0x58  xcloseall.o [5]
  .text               ro code  0x0004945c     0x40  xwctob.o [5]
  .text               ro code  0x0004949c     0xa4  xstoll.o [5]
  .text               ro code  0x00049540    0x1b0  xstoull.o [5]
  .text               ro code  0x000496f0    0x168  xstold.o [6]
  .text               ro code  0x00049858     0x90  DblToFlt.o [6]
  .text               ro code  0x000498e8    0x1f4  MQTTPacket.o [4]
  .text               ro code  0x00049adc    0x2e8  MQTTConnectClient.o [4]
  .text               ro code  0x00049dc4     0xf8  MQTTDeserializePublish.o [4]
  .text               ro code  0x00049ebc    0x10c  MQTTSerializePublish.o [4]
  .text               ro code  0x00049fc8    0x138  MQTTSubscribeClient.o [4]
  .text               ro code  0x0004a100     0x7a  fclose.o [5]
  .text               ro code  0x0004a17a     0x14  Retarget.o [1]
  .text               ro code  0x0004a18e    0x124  xstopfx.o [5]
  .text               ro code  0x0004a2b4    0x1b8  xstoflt.o [5]
  .rodata             const    0x0004a46c     0x4c  dns.o [7]
  .text               ro code  0x0004a4b8    0x200  xdtento.o [6]
  .text               ro code  0x0004a6b8    0x218  xstoxflt.o [5]
  .text               ro code  0x0004a8d0     0x7c  xfofind.o [5]
  .text               ro code  0x0004a94c     0xb0  fflush.o [5]
  .text               ro code  0x0004a9fc     0x1a  close.o [9]
  .text               ro code  0x0004aa16     0x16  remove.o [9]
  .text               ro code  0x0004aa2c     0x56  xdunscal.o [6]
  .text               ro code  0x0004aa84     0xe0  XShHandles.o [5]
  .rodata             const    0x0004ab64   0x1400  aes.o [7]
  .rodata             const    0x0004bf64   0x1400  aes.o [7]
  .text               ro code  0x0004d364    0x3a4  hardfault.o [1]
  .rodata             const    0x0004d708    0x30c  wwd_firmware.o [7]
  .rodata             const    0x0004da14    0x244  mico_cli.o [1]
  .rodata             const    0x0004dc58    0x230  MicoFogCloudConfigServer.o [1]
  .rodata             const    0x0004de88    0x1b8  platform.o [1]
  .rodata             const    0x0004e040    0x100  smart_config.o [7]
  .rodata             const    0x0004e140    0x100  wwd_wifi.o [7]
  .text               ro code  0x0004e240     0xd6  xfspos.o [5]
  .text               ro code  0x0004e316      0xc  xfgpos.o [5]
  .text               ro code  0x0004e322     0x4c  lseek.o [9]
  .text               ro code  0x0004e36e     0xd0  packbits_init.o [8]
  .text               ro code  0x0004e43e     0xb6  xfwprep.o [5]
  .text               ro code  0x0004e4f4     0x22  fseek.o [5]
  .rodata             const    0x0004e518     0xb0  config_server.o [1]
  .rodata             const    0x0004e5c8     0x68  wifimgr.o [7]
  .text               ro code  0x0004e630     0x68  startup_lpc54100_EWARM.o [1]
  .rodata             const    0x0004e698     0x58  smart_config.o [7]
  .text               ro code  0x0004e6f0     0x56  fputc.o [5]
  .rodata             const    0x0004e748     0x4c  dns.o [7]
  .rodata             const    0x0004e794     0x48  tcp_in.o [7]
  .rodata             const    0x0004e7dc     0x44  tcp_in.o [7]
  .rodata             const    0x0004e820     0x40  sockets.o [7]
  .rodata             const    0x0004e860     0x40  wifimgr.o [7]
  .rodata             const    0x0004e8a0     0x40  wifimgr.o [7]
  .rodata             const    0x0004e8e0     0x40  udp.o [7]
  .rodata             const    0x0004e920     0x40  udp.o [7]
  .text               ro code  0x0004e960     0x40  zero_init3.o [8]
  .rodata             const    0x0004e9a0     0x3c  wifimgr.o [7]
  .rodata             const    0x0004e9dc     0x3c  wifimgr.o [7]
  .rodata             const    0x0004ea18     0x3c  wifimgr.o [7]
  .rodata             const    0x0004ea54     0x38  wifimgr.o [7]
  .rodata             const    0x0004ea8c     0x38  wifimgr.o [7]
  .rodata             const    0x0004eac4     0x38  memp.o [7]
  .rodata             const    0x0004eafc     0x34  smart_config.o [7]
  .rodata             const    0x0004eb30     0x30  wifimgr.o [7]
  .rodata             const    0x0004eb60     0x30  tcp_in.o [7]
  .rodata             const    0x0004eb90     0x30  etharp.o [7]
  .rodata             const    0x0004ebc0     0x30  etharp.o [7]
  .rodata             const    0x0004ebf0     0x30  aes.o [7]
  .rodata             const    0x0004ec20     0x2c  wifimgr.o [7]
  .rodata             const    0x0004ec4c     0x2c  wifimgr.o [7]
  .rodata             const    0x0004ec78     0x2c  wifimgr.o [7]
  .rodata             const    0x0004eca4     0x2c  mftest.o [7]
  .rodata             const    0x0004ecd0     0x2c  etharp.o [7]
  .rodata             const    0x0004ecfc     0x28  wifimgr.o [7]
  .rodata             const    0x0004ed24     0x28  wifimgr.o [7]
  .rodata             const    0x0004ed4c     0x28  wifimgr.o [7]
  .rodata             const    0x0004ed74     0x28  wifimgr.o [7]
  .rodata             const    0x0004ed9c     0x28  wifimgr.o [7]
  .rodata             const    0x0004edc4     0x28  SDPCM.o [7]
  .rodata             const    0x0004edec     0x28  mftest.o [7]
  .rodata             const    0x0004ee14     0x28  smart_config.o [7]
  .rodata             const    0x0004ee3c     0x28  aes.o [7]
  .text               ro code  0x0004ee64     0x28  data_init.o [8]
  .rodata             const    0x0004ee8c     0x24  json_object.o [1]
  .rodata             const    0x0004eeb0     0x24  wifimgr.o [7]
  .rodata             const    0x0004eed4     0x24  wifimgr.o [7]
  .rodata             const    0x0004eef8     0x24  wifimgr.o [7]
  .rodata             const    0x0004ef1c     0x24  SDPCM.o [7]
  .rodata             const    0x0004ef40     0x24  memp.o [7]
  .rodata             const    0x0004ef64     0x24  mftest.o [7]
  .rodata             const    0x0004ef88     0x24  smart_config.o [7]
  .rodata             const    0x0004efac     0x24  smart_config.o [7]
  .rodata             const    0x0004efd0     0x24  tcp_in.o [7]
  .rodata             const    0x0004eff4     0x24  dhcp_server.o [7]
  .text               ro code  0x0004f018     0x22  fpinit_M.o [6]
  .iar.init_table     const    0x0004f03c     0x44  - Linker created -
  .rodata             const    0x0004f080     0x20  wifimgr.o [7]
  .rodata             const    0x0004f0a0     0x20  wifimgr.o [7]
  .rodata             const    0x0004f0c0     0x20  wifimgr.o [7]
  .rodata             const    0x0004f0e0     0x20  wifimgr.o [7]
  .rodata             const    0x0004f100     0x20  wifimgr.o [7]
  .rodata             const    0x0004f120     0x20  wifimgr.o [7]
  .rodata             const    0x0004f140     0x20  wifimgr.o [7]
  .rodata             const    0x0004f160     0x20  memp.o [7]
  .rodata             const    0x0004f180     0x20  memp.o [7]
  .rodata             const    0x0004f1a0     0x20  memp.o [7]
  .rodata             const    0x0004f1c0     0x20  mftest.o [7]
  .rodata             const    0x0004f1e0     0x20  mftest.o [7]
  .rodata             const    0x0004f200     0x20  mftest.o [7]
  .rodata             const    0x0004f220     0x20  smart_config.o [7]
  .rodata             const    0x0004f240     0x20  dns.o [7]
  .rodata             const    0x0004f260     0x20  wifi.o [7]
  .rodata             const    0x0004f280     0x20  udp.o [7]
  .rodata             const    0x0004f2a0     0x20  dhcp_server.o [7]
  .rodata             const    0x0004f2c0     0x1c  mxchipWNET.o [7]
  .rodata             const    0x0004f2dc     0x1c  sockets.o [7]
  .rodata             const    0x0004f2f8     0x1c  wifimgr.o [7]
  .rodata             const    0x0004f314     0x1c  wifimgr.o [7]
  .rodata             const    0x0004f330     0x1c  wifimgr.o [7]
  .rodata             const    0x0004f34c     0x1c  wifimgr.o [7]
  .rodata             const    0x0004f368     0x1c  SDPCM.o [7]
  .rodata             const    0x0004f384     0x1c  SDPCM.o [7]
  .rodata             const    0x0004f3a0     0x1c  mftest.o [7]
  .rodata             const    0x0004f3bc     0x1c  smart_config.o [7]
  .rodata             const    0x0004f3d8     0x1c  smart_config.o [7]
  .rodata             const    0x0004f3f4     0x1c  smart_config.o [7]
  .rodata             const    0x0004f410     0x1c  smart_config.o [7]
  .rodata             const    0x0004f42c     0x1c  wwd_wifi.o [7]
  .text               ro code  0x0004f448     0x1c  crt0_EWARM.o [1]
  .text               ro code  0x0004f464     0x1a  cmain.o [8]
  .rodata             const    0x0004f480     0x18  sockets.o [7]
  .rodata             const    0x0004f498     0x18  sockets.o [7]
  .rodata             const    0x0004f4b0     0x18  sockets.o [7]
  .rodata             const    0x0004f4c8     0x18  sockets.o [7]
  .rodata             const    0x0004f4e0     0x18  wifimgr.o [7]
  .rodata             const    0x0004f4f8     0x18  wifimgr.o [7]
  .rodata             const    0x0004f510     0x18  wifimgr.o [7]
  .rodata             const    0x0004f528     0x18  wifimgr.o [7]
  .rodata             const    0x0004f540     0x18  wifimgr.o [7]
  .rodata             const    0x0004f558     0x18  wifimgr.o [7]
  .rodata             const    0x0004f570     0x18  wifimgr.o [7]
  .rodata             const    0x0004f588     0x18  wifimgr.o [7]
  .rodata             const    0x0004f5a0     0x18  wifimgr.o [7]
  .rodata             const    0x0004f5b8     0x18  wifimgr.o [7]
  .rodata             const    0x0004f5d0     0x18  SDPCM.o [7]
  .rodata             const    0x0004f5e8     0x18  SDPCM.o [7]
  .rodata             const    0x0004f600     0x18  mftest.o [7]
  .rodata             const    0x0004f618     0x18  mftest.o [7]
  .rodata             const    0x0004f630     0x18  mftest.o [7]
  .rodata             const    0x0004f648     0x18  smart_config.o [7]
  .rodata             const    0x0004f660     0x18  smart_config.o [7]
  .rodata             const    0x0004f678     0x18  smart_config.o [7]
  .rodata             const    0x0004f690     0x18  smart_config.o [7]
  .rodata             const    0x0004f6a8     0x18  smart_config.o [7]
  .rodata             const    0x0004f6c0     0x18  smart_config.o [7]
  .rodata             const    0x0004f6d8     0x18  smart_config.o [7]
  .rodata             const    0x0004f6f0     0x18  smart_config.o [7]
  .rodata             const    0x0004f708     0x18  smart_config.o [7]
  .text               ro code  0x0004f720     0x16  xprout.o [5]
  .text               ro code  0x0004f738      0xc  putchar.o [5]
  .rodata             const    0x0004f744     0x14  wifimgr.o [7]
  .rodata             const    0x0004f758     0x14  wifimgr.o [7]
  .rodata             const    0x0004f76c     0x14  wifimgr.o [7]
  .rodata             const    0x0004f780     0x14  wifimgr.o [7]
  .rodata             const    0x0004f794     0x14  wifimgr.o [7]
  .rodata             const    0x0004f7a8     0x14  wifimgr.o [7]
  .rodata             const    0x0004f7bc     0x14  wifimgr.o [7]
  .rodata             const    0x0004f7d0     0x14  wifimgr.o [7]
  .rodata             const    0x0004f7e4     0x14  wifimgr.o [7]
  .rodata             const    0x0004f7f8     0x14  wifimgr.o [7]
  .rodata             const    0x0004f80c     0x14  wifimgr.o [7]
  .rodata             const    0x0004f820     0x14  wifimgr.o [7]
  .rodata             const    0x0004f834     0x14  wifimgr.o [7]
  .rodata             const    0x0004f848     0x14  wifimgr.o [7]
  .rodata             const    0x0004f85c     0x14  wifimgr.o [7]
  .rodata             const    0x0004f870     0x14  wifimgr.o [7]
  .rodata             const    0x0004f884     0x14  wifimgr.o [7]
  .rodata             const    0x0004f898     0x14  wifimgr.o [7]
  .rodata             const    0x0004f8ac     0x14  SDPCM.o [7]
  .rodata             const    0x0004f8c0     0x14  SDPCM.o [7]
  .rodata             const    0x0004f8d4     0x14  SDPCM.o [7]
  .rodata             const    0x0004f8e8     0x14  mftest.o [7]
  .rodata             const    0x0004f8fc     0x14  mftest.o [7]
  .rodata             const    0x0004f910     0x14  tasks.o [7]
  .rodata             const    0x0004f924     0x14  tasks.o [7]
  .rodata             const    0x0004f938     0x14  smart_config.o [7]
  .rodata             const    0x0004f94c     0x14  smart_config.o [7]
  .rodata             const    0x0004f960     0x14  smart_config.o [7]
  .rodata             const    0x0004f974     0x14  smart_config.o [7]
  .rodata             const    0x0004f988     0x14  smart_config.o [7]
  .rodata             const    0x0004f99c     0x14  aes_wrap.o [7]
  .rodata             const    0x0004f9b0     0x14  dns.o [7]
  .rodata             const    0x0004f9c4     0x14  wwd_wifi.o [7]
  .rodata             const    0x0004f9d8     0x14  wwd_wifi.o [7]
  .rodata             const    0x0004f9ec     0x14  wiced_network.o [7]
  .text               ro code  0x0004fa00     0x12  startup_lpc54100_EWARM.o [1]
  .rodata             const    0x0004fa14     0x10  mico_config.o [1]
  .rodata             const    0x0004fa24     0x10  wiced_rtos.o [7]
  .rodata             const    0x0004fa34     0x10  wiced_rtos.o [7]
  .rodata             const    0x0004fa44     0x10  mxchipWNET.o [7]
  .rodata             const    0x0004fa54     0x10  mxchipWNET.o [7]
  .rodata             const    0x0004fa64     0x10  wifimgr.o [7]
  .rodata             const    0x0004fa74     0x10  wifimgr.o [7]
  .rodata             const    0x0004fa84     0x10  wifimgr.o [7]
  .rodata             const    0x0004fa94     0x10  wifimgr.o [7]
  .rodata             const    0x0004faa4     0x10  wifimgr.o [7]
  .rodata             const    0x0004fab4     0x10  wifimgr.o [7]
  .rodata             const    0x0004fac4     0x10  wifimgr.o [7]
  .rodata             const    0x0004fad4     0x10  wifimgr.o [7]
  .rodata             const    0x0004fae4     0x10  wifimgr.o [7]
  .rodata             const    0x0004faf4     0x10  wifimgr.o [7]
  .rodata             const    0x0004fb04     0x10  wifimgr.o [7]
  .rodata             const    0x0004fb14     0x10  wifimgr.o [7]
  .rodata             const    0x0004fb24     0x10  SDPCM.o [7]
  .rodata             const    0x0004fb34     0x10  memp.o [7]
  .rodata             const    0x0004fb44     0x10  memp.o [7]
  .rodata             const    0x0004fb54     0x10  memp.o [7]
  .rodata             const    0x0004fb64     0x10  memp.o [7]
  .rodata             const    0x0004fb74     0x10  memp.o [7]
  .rodata             const    0x0004fb84     0x10  memp.o [7]
  .rodata             const    0x0004fb94     0x10  mftest.o [7]
  .rodata             const    0x0004fba4     0x10  mftest.o [7]
  .rodata             const    0x0004fbb4     0x10  smart_config.o [7]
  .rodata             const    0x0004fbc4     0x10  smart_config.o [7]
  .rodata             const    0x0004fbd4     0x10  smart_config.o [7]
  .rodata             const    0x0004fbe4     0x10  smart_config.o [7]
  .rodata             const    0x0004fbf4     0x10  smart_config.o [7]
  .rodata             const    0x0004fc04     0x10  smart_config.o [7]
  .rodata             const    0x0004fc14     0x10  smart_config.o [7]
  .rodata             const    0x0004fc24     0x10  smart_config.o [7]
  .rodata             const    0x0004fc34     0x10  smart_config.o [7]
  .rodata             const    0x0004fc44     0x10  dns.o [7]
  .rodata             const    0x0004fc54     0x10  tcp.o [7]
  .rodata             const    0x0004fc64     0x10  wwd_wifi.o [7]
  .rodata             const    0x0004fc74     0x10  wwd_wifi.o [7]
  .rodata             const    0x0004fc84     0x10  wwd_wifi.o [7]
  .rodata             const    0x0004fc94     0x10  wwd_wifi.o [7]
  .rodata             const    0x0004fca4     0x10  wifi.o [7]
  .rodata             const    0x0004fcb4     0x10  lwiptcpip.o [7]
  .rodata             const    0x0004fcc4     0x10  wwd_ap.o [7]
  .rodata             const    0x0004fcd4     0x10  FogCloudMQTTClient.o [4]
  .rodata             const    0x0004fce4      0xc  wiced_rtos.o [7]
  .rodata             const    0x0004fcf0      0xc  wifimgr.o [7]
  .rodata             const    0x0004fcfc      0xc  wifimgr.o [7]
  .rodata             const    0x0004fd08      0xc  wifimgr.o [7]
  .rodata             const    0x0004fd14      0xc  wifimgr.o [7]
  .rodata             const    0x0004fd20      0xc  wifimgr.o [7]
  .rodata             const    0x0004fd2c      0xc  wifimgr.o [7]
  .rodata             const    0x0004fd38      0xc  wifimgr.o [7]
  .rodata             const    0x0004fd44      0xc  wifimgr.o [7]
  .rodata             const    0x0004fd50      0xc  wifimgr.o [7]
  .rodata             const    0x0004fd5c      0xc  wifimgr.o [7]
  .rodata             const    0x0004fd68      0xc  wifimgr.o [7]
  .rodata             const    0x0004fd74      0xc  wifimgr.o [7]
  .rodata             const    0x0004fd80      0xc  memp.o [7]
  .rodata             const    0x0004fd8c      0xc  memp.o [7]
  .rodata             const    0x0004fd98      0xc  memp.o [7]
  .rodata             const    0x0004fda4      0xc  smart_config.o [7]
  .rodata             const    0x0004fdb0      0xc  smart_config.o [7]
  .rodata             const    0x0004fdbc      0xc  smart_config.o [7]
  .rodata             const    0x0004fdc8      0xc  smart_config.o [7]
  .rodata             const    0x0004fdd4      0xc  smart_config.o [7]
  .rodata             const    0x0004fde0      0xc  smart_config.o [7]
  .rodata             const    0x0004fdec      0xc  smart_config.o [7]
  .rodata             const    0x0004fdf8      0xc  smart_config.o [7]
  .rodata             const    0x0004fe04      0xc  smart_config.o [7]
  .rodata             const    0x0004fe10      0xc  smart_config.o [7]
  .rodata             const    0x0004fe1c      0xc  smart_config.o [7]
  .rodata             const    0x0004fe28      0xc  smart_config.o [7]
  .rodata             const    0x0004fe34      0xc  smart_config.o [7]
  .rodata             const    0x0004fe40      0xc  smart_config.o [7]
  .rodata             const    0x0004fe4c      0xc  smart_config.o [7]
  .rodata             const    0x0004fe58      0xc  smart_config.o [7]
  .rodata             const    0x0004fe64      0xc  smart_config.o [7]
  .rodata             const    0x0004fe70      0xc  smart_config.o [7]
  .rodata             const    0x0004fe7c      0xc  smart_config.o [7]
  .rodata             const    0x0004fe88      0xc  smart_config.o [7]
  .rodata             const    0x0004fe94      0xc  smart_config.o [7]
  .rodata             const    0x0004fea0      0xc  smart_config.o [7]
  .rodata             const    0x0004feac      0xc  smart_config.o [7]
  .rodata             const    0x0004feb8      0xc  smart_config.o [7]
  .rodata             const    0x0004fec4      0xc  smart_config.o [7]
  .rodata             const    0x0004fed0      0xc  smart_config.o [7]
  .rodata             const    0x0004fedc      0xc  smart_config.o [7]
  .rodata             const    0x0004fee8      0xc  dns.o [7]
  .rodata             const    0x0004fef4      0xc  dns.o [7]
  .rodata             const    0x0004ff00      0xc  dns.o [7]
  .rodata             const    0x0004ff0c      0xc  wwd_wifi.o [7]
  .rodata             const    0x0004ff18      0xc  wwd_wifi.o [7]
  .rodata             const    0x0004ff24      0xc  wwd_wifi.o [7]
  .rodata             const    0x0004ff30      0xc  wwd_wifi.o [7]
  .rodata             const    0x0004ff3c      0xc  tcp_in.o [7]
  .rodata             const    0x0004ff48      0xc  wwd_management.o [7]
  .rodata             const    0x0004ff54      0xc  wwd_management.o [7]
  .rodata             const    0x0004ff60      0xc  dns_redirect.o [7]
  .rodata             const    0x0004ff6c      0xc  dns_redirect.o [7]
  .rodata             const    0x0004ff78      0xc  wwd_ap.o [7]
  .rodata             const    0x0004ff84      0xc  wwd_ap.o [7]
  .rodata             const    0x0004ff90      0xc  wwd_ap.o [7]
  .rodata             const    0x0004ff9c      0xc  wwd_internal.o [7]
  .rodata             const    0x0004ffa8      0xc  dhcp_server.o [7]
  .rodata             const    0x0004ffb4      0xc  wiced_lib.o [7]
  .text               ro code  0x0004ffc0      0xc  cstartup_M.o [8]
  .rodata             const    0x0004ffcc      0x8  sockets.o [7]
  .rodata             const    0x0004ffd4      0x8  sockets.o [7]
  .rodata             const    0x0004ffdc      0x8  sockets.o [7]
  .rodata             const    0x0004ffe4      0x8  sockets.o [7]
  .rodata             const    0x0004ffec      0x8  sockets.o [7]
  .rodata             const    0x0004fff4      0x8  sockets.o [7]
  .rodata             const    0x0004fffc      0x8  wifimgr.o [7]
  .rodata             const    0x00050004      0x8  wifimgr.o [7]
  .rodata             const    0x0005000c      0x8  wifimgr.o [7]
  .rodata             const    0x00050014      0x8  wifimgr.o [7]
  .rodata             const    0x0005001c      0x8  wifimgr.o [7]
  .rodata             const    0x00050024      0x8  wifimgr.o [7]
  .rodata             const    0x0005002c      0x8  wifimgr.o [7]
  .rodata             const    0x00050034      0x8  wifimgr.o [7]
  .rodata             const    0x0005003c      0x8  wifimgr.o [7]
  .rodata             const    0x00050044      0x8  wifimgr.o [7]
  .rodata             const    0x0005004c      0x8  wifimgr.o [7]
  .rodata             const    0x00050054      0x8  wifimgr.o [7]
  .rodata             const    0x0005005c      0x8  wifimgr.o [7]
  .rodata             const    0x00050064      0x8  wifimgr.o [7]
  .rodata             const    0x0005006c      0x8  SDPCM.o [7]
  .rodata             const    0x00050074      0x8  memp.o [7]
  .rodata             const    0x0005007c      0x8  memp.o [7]
  .rodata             const    0x00050084      0x8  memp.o [7]
  .rodata             const    0x0005008c      0x8  memp.o [7]
  .rodata             const    0x00050094      0x8  memp.o [7]
  .rodata             const    0x0005009c      0x8  memp.o [7]
  .rodata             const    0x000500a4      0x8  memp.o [7]
  .rodata             const    0x000500ac      0x8  memp.o [7]
  .rodata             const    0x000500b4      0x8  wwd_thread.o [7]
  .rodata             const    0x000500bc      0x8  ostimers.o [7]
  .rodata             const    0x000500c4      0x8  tasks.o [7]
  .rodata             const    0x000500cc      0x8  smart_config.o [7]
  .rodata             const    0x000500d4      0x8  smart_config.o [7]
  .rodata             const    0x000500dc      0x8  smart_config.o [7]
  .rodata             const    0x000500e4      0x8  dns.o [7]
  .rodata             const    0x000500ec      0x8  dns.o [7]
  .rodata             const    0x000500f4      0x8  tcp.o [7]
  .rodata             const    0x000500fc      0x8  wwd_wifi.o [7]
  .rodata             const    0x00050104      0x8  wwd_wifi.o [7]
  .rodata             const    0x0005010c      0x8  wwd_wifi.o [7]
  .rodata             const    0x00050114      0x8  wwd_wifi.o [7]
  .rodata             const    0x0005011c      0x8  wwd_wifi.o [7]
  .rodata             const    0x00050124      0x8  tcp_in.o [7]
  .rodata             const    0x0005012c      0x8  tcp_in.o [7]
  .rodata             const    0x00050134      0x8  tcp_in.o [7]
  .rodata             const    0x0005013c      0x8  tcp_in.o [7]
  .rodata             const    0x00050144      0x8  wwd_management.o [7]
  .rodata             const    0x0005014c      0x8  wwd_management.o [7]
  .rodata             const    0x00050154      0x8  etharp.o [7]
  .rodata             const    0x0005015c      0x8  etharp.o [7]
  .rodata             const    0x00050164      0x8  etharp.o [7]
  .rodata             const    0x0005016c      0x8  etharp.o [7]
  .rodata             const    0x00050174      0x8  wiced_network.o [7]
  .rodata             const    0x0005017c      0x8  wwd_ap.o [7]
  .rodata             const    0x00050184      0x8  wwd_network.o [7]
  .rodata             const    0x0005018c      0x8  dhcp_server.o [7]
  .rodata             const    0x00050194      0x8  dhcp_server.o [7]
  .rodata             const    0x0005019c      0x8  dhcp_server.o [7]
  .rodata             const    0x000501a4      0x8  dhcp_server.o [7]
  .text               ro code  0x000501ac      0x6  startup_lpc54100_EWARM.o [1]
  .rodata             const    0x000501b4      0x4  smart_config.o [7]
  .rodata             const    0x000501b8      0x4  smart_config.o [7]
  .rodata             const    0x000501bc      0x4  ip_addr.o [7]
  .rodata             const    0x000501c0      0x4  ip_addr.o [7]
  .rodata             const    0x000501c4      0x4  dhcp_server.o [7]
  .rodata             const    0x000501c8      0x4  dhcp_server.o [7]
  .rodata             const    0x000501cc      0x4  dhcp_server.o [7]
  .rodata             const    0x000501d0      0x4  dhcp_server.o [7]
  .rodata             const    0x000501d4      0x4  dhcp_server.o [7]
  .text               ro code  0x000501d8      0x4  startup_lpc54100_EWARM.o [1]
  .text               ro code  0x000501dc      0x4  startup_lpc54100_EWARM.o [1]
  .text               ro code  0x000501e0      0x4  startup_lpc54100_EWARM.o [1]
  .text               ro code  0x000501e4      0x4  startup_lpc54100_EWARM.o [1]
  .text               ro code  0x000501e8      0x4  startup_lpc54100_EWARM.o [1]
  .text               ro code  0x000501ec      0x4  startup_lpc54100_EWARM.o [1]
  .text               ro code  0x000501f0      0x4  startup_lpc54100_EWARM.o [1]
  .text               ro code  0x000501f4      0x4  startup_lpc54100_EWARM.o [1]
  .text               ro code  0x000501f8      0x0  cstart_clearlocks.o [8]
  .text               ro code  0x000501f8      0x0  cstart_closeall.o [8]
  .rodata             const    0x000501f8      0x0  zero_init3.o [8]
  .rodata             const    0x000501f8      0x0  packbits_init.o [8]
  Initializer bytes   const    0x000501f8    0x18e  <for P2 s0>
                             - 0x00050386  0x4427e

"P2", part 1 of 2:                         0x17b94
  HEAP                         0x02000100  0x11000  <Block>
    HEAP              uninit   0x02000100  0x11000  <Block tail>
  .bss                zero     0x02011100   0x517c  memp.o [7]
  .bss                zero     0x0201627c    0x500  smart_config.o [7]
  .bss                zero     0x0201677c    0x460  dns.o [7]
  .bss                zero     0x02016bdc     0x64  dhcp_server.o [7]
  .bss                zero     0x02016c40    0x338  fogCloud.o [1]
  .bss                zero     0x02016f78    0x204  dns.o [7]
  .bss                zero     0x0201717c    0x1d8  dlmalloc.o [7]
  .bss                zero     0x02017354    0x180  sockets.o [7]
  .bss                zero     0x02017600    0x160  dma_5410x.o [1]
  .bss                zero     0x02017760      0x4  wifimgr.o [7]
  .bss                zero     0x02017764      0x4  wifimgr.o [7]
  .bss                zero     0x02017768      0x4  wifimgr.o [7]
  .bss                zero     0x0201776c      0x4  wifimgr.o [7]
  .bss                zero     0x02017770      0x4  wifimgr.o [7]
  .bss                zero     0x02017774      0x4  wifimgr.o [7]
  .bss                zero     0x02017778      0x4  wifimgr.o [7]
  .bss                zero     0x0201777c      0x4  wifimgr.o [7]
  .bss                zero     0x02017780      0x4  wifimgr.o [7]
  .bss                zero     0x02017784      0x4  wifimgr.o [7]
  .bss                zero     0x02017788      0x4  wifimgr.o [7]
  .bss                zero     0x0201778c      0x4  wifimgr.o [7]
  .bss                zero     0x02017790      0x4  SDPCM.o [7]
  .bss                zero     0x02017794      0x4  SDPCM.o [7]
  .bss                zero     0x02017798      0x4  SDPCM.o [7]
  .bss                zero     0x0201779c      0x4  SDPCM.o [7]
  .bss                zero     0x020177a0      0x4  SDPCM.o [7]
  .bss                zero     0x020177a4      0x4  SDPCM.o [7]
  .bss                zero     0x020177a8      0x4  SDPCM.o [7]
  .bss                zero     0x020177ac      0x4  SDPCM.o [7]
  .bss                zero     0x020177b0      0x4  SDPCM.o [7]
  .bss                zero     0x020177b4      0x4  mftest.o [7]
  .bss                zero     0x020177b8      0x4  mftest.o [7]
  .bss                zero     0x020177bc      0x4  mftest.o [7]
  .bss                zero     0x020177c0      0x4  mftest.o [7]
  .bss                zero     0x020177c4      0x4  wwd_thread.o [7]
  .bss                zero     0x020177c8      0x4  wwd_thread.o [7]
  .bss                zero     0x020177cc      0x4  wwd_thread.o [7]
  .bss                zero     0x020177d0      0x4  wwd_thread.o [7]
  .bss                zero     0x020177d4      0x4  ostimers.o [7]
  .bss                zero     0x020177d8      0x4  ostimers.o [7]
  .bss                zero     0x020177dc      0x4  ostimers.o [7]
  .bss                zero     0x020177e0      0x4  ostimers.o [7]
  .bss                zero     0x020177e4      0x4  tasks.o [7]
  .bss                zero     0x020177e8      0x4  tasks.o [7]
  .bss                zero     0x020177ec      0x4  tasks.o [7]
  .bss                zero     0x020177f0      0x4  tasks.o [7]
  .bss                zero     0x020177f4      0x4  tasks.o [7]
  .bss                zero     0x020177f8      0x4  tasks.o [7]
  .bss                zero     0x020177fc      0x4  tasks.o [7]
  .bss                zero     0x02017800      0x4  tasks.o [7]
  .bss                zero     0x02017804      0x4  tasks.o [7]
  .bss                zero     0x02017808      0x4  tasks.o [7]
  .bss                zero     0x0201780c      0x4  tasks.o [7]
  .bss                zero     0x02017810      0x4  tasks.o [7]
  .bss                zero     0x02017814      0x4  tasks.o [7]
  .bss                zero     0x02017818      0x4  tasks.o [7]
  .bss                zero     0x0201781c      0x4  smart_config.o [7]
  .bss                zero     0x02017820      0x4  smart_config.o [7]
  .bss                zero     0x02017824      0x4  smart_config.o [7]
  .bss                zero     0x02017828      0x4  smart_config.o [7]
  .bss                zero     0x0201782c      0x4  smart_config.o [7]
  .bss                zero     0x02017830      0x4  smart_config.o [7]
  .bss                zero     0x02017834      0x4  smart_config.o [7]
  .bss                zero     0x02017838      0x4  smart_config.o [7]
  .bss                zero     0x0201783c      0x4  smart_config.o [7]
  .bss                zero     0x02017840      0x4  smart_config.o [7]
  .bss                zero     0x02017844      0x4  smart_config.o [7]
  .bss                zero     0x02017848      0x4  smart_config.o [7]
  .bss                zero     0x0201784c      0x4  smart_config.o [7]
  .bss                zero     0x02017850      0x4  smart_config.o [7]
  .bss                zero     0x02017854      0x4  smart_config.o [7]
  .bss                zero     0x02017858      0x4  smart_config.o [7]
  .bss                zero     0x0201785c      0x4  smart_config.o [7]
  .bss                zero     0x02017860      0x4  smart_config.o [7]
  .bss                zero     0x02017864      0x4  smart_config.o [7]
  .bss                zero     0x02017868      0x4  smart_config.o [7]
  .bss                zero     0x0201786c      0x4  smart_config.o [7]
  .bss                zero     0x02017870      0x4  wps_host.o [7]
  .bss                zero     0x02017874      0x4  wps_host.o [7]
  .bss                zero     0x02017878      0x4  dns.o [7]
  .bss                zero     0x0201787c      0x4  dns.o [7]
  .bss                zero     0x02017880      0x4  tcp.o [7]
  .bss                zero     0x02017884      0x4  tcp.o [7]
  .bss                zero     0x02017888      0x4  tcp.o [7]
  .bss                zero     0x0201788c      0x4  tcp.o [7]
  .bss                zero     0x02017890      0x4  tcp.o [7]
  .bss                zero     0x02017894      0x4  tcp.o [7]
  .bss                zero     0x02017898      0x4  tcp.o [7]
  .bss                zero     0x0201789c      0x4  tcp.o [7]
  .bss                zero     0x020178a0      0x4  wwd_wifi.o [7]
  .bss                zero     0x020178a4      0x4  wwd_wifi.o [7]
  .bss                zero     0x020178a8      0x4  wwd_wifi.o [7]
  .bss                zero     0x020178ac      0x4  wwd_wifi.o [7]
  .bss                zero     0x020178b0      0x4  wwd_wifi.o [7]
  .bss                zero     0x020178b4      0x4  wifi.o [7]
  .bss                zero     0x020178b8      0x4  wifi.o [7]
  .bss                zero     0x020178bc      0x4  wifi.o [7]
  .bss                zero     0x020178c0      0x4  wifi.o [7]
  .bss                zero     0x020178c4      0x4  wifi.o [7]
  .bss                zero     0x020178c8      0x4  tcp_in.o [7]
  .bss                zero     0x020178cc      0x4  tcp_in.o [7]
  .bss                zero     0x020178d0      0x4  tcp_in.o [7]
  .bss                zero     0x020178d4      0x4  tcp_in.o [7]
  .bss                zero     0x020178d8      0x4  tcp_in.o [7]
  .bss                zero     0x020178dc      0x4  tcp_in.o [7]
  .bss                zero     0x020178e0      0x4  igmp.o [7]
  .bss                zero     0x020178e4      0x4  igmp.o [7]
  .bss                zero     0x020178e8      0x4  igmp.o [7]
  .bss                zero     0x020178ec      0x4  igmp.o [7]
  .bss                zero     0x020178f0      0x4  lwiptcpip.o [7]
  .bss                zero     0x020178f4      0x4  lwiptcpip.o [7]
  .bss                zero     0x020178f8      0x4  lwiptcpip.o [7]
  .bss                zero     0x020178fc      0x4  mxchip_debug.o [7]
  .bss                zero     0x02017900      0x4  mxchip_debug.o [7]
  .bss                zero     0x02017904      0x4  dnsclient.o [7]
  .bss                zero     0x02017908      0x4  ip.o [7]
  P2 s0                        0x02017910    0x388  <Init block>
    __DLIB_PERTHREAD  inited   0x02017910     0x8c  rand.o [5]
    __DLIB_PERTHREAD  inited   0x0201799c     0x88  localeconv.o [5]
    __DLIB_PERTHREAD  inited   0x02017a24     0x74  setlocale.o [5]
    .data             inited   0x02017a98     0x64  platform_init.o [1]
    .data             inited   0x02017afc     0x44  bme280_user.o [1]
    .data             inited   0x02017b40     0x40  memp.o [7]
    .data             inited   0x02017b80     0x40  xfiles.o [5]
    .data             inited   0x02017bc0     0x40  xfiles.o [5]
    .data             inited   0x02017c00     0x40  xfiles.o [5]
    .data             inited   0x02017c40     0x20  mico_mdns.o [1]
    .data             inited   0x02017c60     0x20  xfiles.o [5]
    .data             inited   0x02017c80     0x14  FogCloudUtils.o [4]
                             - 0x02017c94  0x17b94

"P2", part 2 of 2:                          0x1720
  P2 s0                        0x03400000     0xc9  <Init block>
    .data             inited   0x03400000     0x10  platform.o [1]
    .data             inited   0x03400010     0x10  tcp.o [7]
    .data             inited   0x03400020      0xc  platform.o [1]
    .data             inited   0x0340002c      0xc  wwd_internal.o [7]
    .data             inited   0x03400038      0x8  MicoFogCloudConfigServer.o [1]
    .data             inited   0x03400040      0x4  json_object.o [1]
    .data             inited   0x03400044      0x4  json_object.o [1]
    .data             inited   0x03400048      0x4  json_tokener.o [1]
    .data             inited   0x0340004c      0x4  mico_config.o [1]
    .data             inited   0x03400050      0x4  mico_config.o [1]
    .data             inited   0x03400054      0x4  platform_init.o [1]
    .data             inited   0x03400058      0x4  platform_init.o [1]
    .data             inited   0x0340005c      0x4  platform_init.o [1]
    .data             inited   0x03400060      0x4  platform_init.o [1]
    .data             inited   0x03400064      0x4  platform_init.o [1]
    .data             inited   0x03400068      0x4  platform_init.o [1]
    .data             inited   0x0340006c      0x4  platform_init.o [1]
    .data             inited   0x03400070      0x4  platform_init.o [1]
    .data             inited   0x03400074      0x4  platform_init.o [1]
    .data             inited   0x03400078      0x4  platform_init.o [1]
    .data             inited   0x0340007c      0x4  platform_init.o [1]
    .data             inited   0x03400080      0x4  wifimgr.o [7]
    .data             inited   0x03400084      0x4  wifimgr.o [7]
    .data             inited   0x03400088      0x4  wifimgr.o [7]
    .data             inited   0x0340008c      0x4  wifimgr.o [7]
    .data             inited   0x03400090      0x4  wifimgr.o [7]
    .data             inited   0x03400094      0x4  SDPCM.o [7]
    .data             inited   0x03400098      0x4  port.o [7]
    .data             inited   0x0340009c      0x4  mftest.o [7]
    .data             inited   0x034000a0      0x4  mftest.o [7]
    .data             inited   0x034000a4      0x4  wwd_rtos.o [7]
    .data             inited   0x034000a8      0x4  tasks.o [7]
    .data             inited   0x034000ac      0x4  smart_config.o [7]
    .data             inited   0x034000b0      0x4  tcp.o [7]
    .data             inited   0x034000b4      0x4  wwd_firmware.o [7]
    .data             inited   0x034000b8      0x4  wifi.o [7]
    .data             inited   0x034000bc      0x4  wwd_ap.o [7]
    .data             inited   0x034000c0      0x4  dhcp.o [7]
    __DLIB_PERTHREAD  inited   0x034000c4      0x4  errno.o [5]
    .data             inited   0x034000c8      0x1  smart_config.o [7]
  .bss                zero     0x034000cc    0x100  platform_flash.o [1]
  .bss                zero     0x034001cc    0x100  smart_config.o [7]
  .bss                zero     0x034002cc    0x100  smart_config.o [7]
  .bss                zero     0x034003cc     0xc8  tasks.o [7]
  .bss                zero     0x03400494     0xa0  etharp.o [7]
  .bss                zero     0x03400534     0x88  wiced_network.o [7]
  .bss                zero     0x034005bc     0x80  mico_mdns.o [1]
  .bss                zero     0x0340063c     0x80  XShHandles.o [5]
  .bss                zero     0x034006bc     0x70  wifimgr.o [7]
  .bss                zero     0x0340072c     0x68  platform.o [1]
  .bss                zero     0x03400794     0x60  sockets.o [7]
  .bss                zero     0x034007f4     0x60  FogCloudMQTTClient.o [4]
  .bss                zero     0x03400854     0x58  mico_cli.o [1]
  .bss                zero     0x034008ac     0x50  mico_system_notification.o [1]
  .bss                zero     0x034008fc     0x50  platform_gpio.o [1]
  .bss                zero     0x0340094c     0x50  smart_config.o [7]
  .bss                zero     0x0340099c     0x50  xfiles.o [5]
  .bss                zero     0x034009ec     0x50  xfiles.o [5]
  .bss                zero     0x03400a3c     0x44  FogCloudMQTTClient.o [4]
  .bss                zero     0x03400a80     0x44  netif.o [7]
  .bss                zero     0x03400ac4     0x40  system_factory_test.o [1]
  .bss                zero     0x03400b04     0x40  memp.o [7]
  .bss                zero     0x03400b44     0x40  memp.o [7]
  .bss                zero     0x03400b84     0x40  smart_config.o [7]
  .bss                zero     0x03400bc4     0x3c  wifimgr.o [7]
  .bss                zero     0x03400c00     0x3c  wifimgr.o [7]
  .bss                zero     0x03400c3c     0x3c  wifimgr.o [7]
  .bss                zero     0x03400c78     0x3c  wifimgr.o [7]
  .bss                zero     0x03400cb4     0x3c  SDPCM.o [7]
  .bss                zero     0x03400cf0     0x3c  wiced_network.o [7]
  .bss                zero     0x03400d2c     0x38  wiced_network.o [7]
  .bss                zero     0x03400d64     0x38  xsyslock_mtx.o [5]
  .bss                zero     0x03400d9c     0x34  tasks.o [7]
  .bss                zero     0x03400dd0     0x30  mftest.o [7]
  .bss                zero     0x03400e00     0x30  mftest.o [7]
  .bss                zero     0x03400e30     0x28  wlan_bus_spi.o [1]
  .bss                zero     0x03400e58     0x28  smart_config.o [7]
  .bss                zero     0x03400e80     0x28  dnsclient.o [7]
  .bss                zero     0x03400ea8     0x28  wiced_ping.o [7]
  .bss                zero     0x03400ed0     0x28  dhcp.o [7]
  .bss                zero     0x03400ef8     0x24  mico_platform_common.o [1]
  .bss                zero     0x03400f1c     0x24  power_control.o [1]
  .bss                zero     0x03400f40     0x24  wifimgr.o [7]
  .bss                zero     0x03400f64     0x20  config_server.o [1]
  .bss                zero     0x03400f84     0x20  platform_i2c.o [1]
  .bss                zero     0x03400fa4     0x20  smart_config.o [7]
  .bss                zero     0x03400fc4     0x20  wiced_network.o [7]
  .bss                zero     0x03400fe4     0x20  dhcp_server.o [7]
  .bss                zero     0x03401004     0x18  platform.o [1]
  .bss                zero     0x0340101c     0x18  mftest.o [7]
  .bss                zero     0x03401034     0x18  dlmalloc.o [7]
  .bss                zero     0x0340104c     0x14  wifimgr.o [7]
  .bss                zero     0x03401060     0x14  mftest.o [7]
  .bss                zero     0x03401074     0x14  ostimers.o [7]
  .bss                zero     0x03401088     0x14  ostimers.o [7]
  .bss                zero     0x0340109c     0x14  tasks.o [7]
  .bss                zero     0x034010b0     0x14  tasks.o [7]
  .bss                zero     0x034010c4     0x14  tasks.o [7]
  .bss                zero     0x034010d8     0x14  tasks.o [7]
  .bss                zero     0x034010ec     0x14  tasks.o [7]
  .bss                zero     0x03401100     0x14  tcp_in.o [7]
  .bss                zero     0x03401114     0x14  wiced_network.o [7]
  .bss                zero     0x03401128     0x14  wiced_network.o [7]
  .bss                zero     0x0340113c     0x10  keys.o [1]
[...]
vsnprintf               0x00044ead    0x3c  Code  Gb  vsnprint.o [5]
vsprintf                0x00046b85    0x2c  Code  Gb  vsprintf.o [5]
wiced_bus_allow_wlan_bus_to_sleep
                        0x00026e61    0x10  Code  Gb  wwd_bus_protocol.o [7]
wiced_bus_deinit        0x00026cad     0xc  Code  Gb  wwd_bus_protocol.o [7]
wiced_bus_ensure_wlan_bus_is_up
                        0x00026e35    0x2c  Code  Gb  wwd_bus_protocol.o [7]
wiced_bus_flow_controlled
                        0x0340131e     0x1  Data  Lc  wwd_bus_protocol.o [7]
wiced_bus_init          0x00026abf   0x1ee  Code  Gb  wwd_bus_protocol.o [7]
wiced_bus_interrupt     0x0340130a     0x1  Data  Lc  wwd_thread.o [7]
wiced_bus_is_flow_controlled
                        0x000269e3     0x8  Code  Gb  wwd_bus_protocol.o [7]
wiced_bus_poke_wlan     0x000269c3     0x4  Code  Gb  wwd_bus_protocol.o [7]
wiced_bus_process_interrupt
                        0x000269eb    0x36  Code  Gb  wwd_bus_protocol.o [7]
wiced_bus_set_flow_control
                        0x000269c7    0x1c  Code  Gb  wwd_bus_protocol.o [7]
wiced_bus_transfer_buffer
                        0x000268c1   0x102  Code  Gb  wwd_bus_protocol.o [7]
wiced_bus_transfer_bytes
                        0x00026d51    0xe4  Code  Gb  wwd_bus_protocol.o [7]
wiced_device_core_is_up
                        0x0003201d    0x5c  Code  Gb  wwd_internal.o [7]
wiced_dhcp_handle       0x03400cf0    0x3c  Data  Gb  wiced_network.o [7]
wiced_disable_device_core
                        0x00032079    0x9e  Code  Gb  wwd_internal.o [7]
wiced_dns_redirector_start
                        0x0001eaad    0x42  Code  Gb  dns_redirect.o [7]
wiced_dns_redirector_stop
                        0x0001eaef    0x30  Code  Gb  dns_redirect.o [7]
wiced_download_firmware
                        0x00026e71    0xd0  Code  Lc  wwd_bus_protocol.o [7]
wiced_get_available_bus_credits
                        0x0001cd3b     0xe  Code  Gb  SDPCM.o [7]
wiced_get_core_address  0x00032011     0xc  Code  Lc  wwd_internal.o [7]
wiced_get_ioctl_buffer  0x0001cbdd    0x26  Code  Gb  SDPCM.o [7]
wiced_get_iovar_buffer  0x0001cb75    0x68  Code  Gb  SDPCM.o [7]
wiced_get_mac_addr      0x0001aded    0x10  Code  Gb  wwd_management.o [7]
wiced_get_next_buffer_in_queue
                        0x0001cdd9     0xa  Code  Lc  SDPCM.o [7]
wiced_get_packet_to_send
                        0x0001cc03   0x138  Code  Gb  SDPCM.o [7]
wiced_gpio_input_get    0x00023725    0x14  Code  Gb  mico_platform_common.o [1]
wiced_gspi_32bit        0x0340131d     0x1  Data  Lc  wwd_bus_protocol.o [7]
wiced_handle_apsta_event
                        0x0001ec75    0x2e  Code  Lc  wwd_ap.o [7]
wiced_init              0x00014615    0x84  Code  Gb  wifi.o [7]
wiced_init_sdpcm        0x0001bfb1    0xe4  Code  Gb  SDPCM.o [7]
wiced_inited            0x03401309     0x1  Data  Lc  wwd_thread.o [7]
wiced_initialised       0x03401316     0x1  Data  Lc  wifi.o [7]
wiced_ioctl_response    0x02017794     0x4  Data  Lc  SDPCM.o [7]
wiced_ioctl_sleep       0x02017798     0x4  Data  Lc  SDPCM.o [7]
wiced_ip_broadcast      0x0004f9ec    0x14  Data  Gb  wiced_network.o [7]
wiced_ip_down           0x0001e9a9    0x7e  Code  Gb  wiced_network.o [7]
wiced_ip_get_gateway_address
                        0x000171b5    0x24  Code  Gb  tcpip.o [7]
wiced_ip_get_ipaddr     0x000171fd    0x56  Code  Gb  tcpip.o [7]
wiced_ip_get_ipv4_address
                        0x00017577    0x24  Code  Gb  tcpip.o [7]
wiced_ip_get_netmask    0x000171d9    0x24  Code  Gb  tcpip.o [7]
wiced_ip_handle         0x03400534    0x88  Data  Gb  wiced_network.o [7]
wiced_ip_up             0x0001e739   0x270  Code  Gb  wiced_network.o [7]
wiced_join_events_handler
                        0x00010239   0x12a  Code  Lc  wwd_wifi.o [7]
wiced_join_status       0x020178ac     0x4  Data  Gb  wwd_wifi.o [7]
wiced_mac_addr          0x03401244     0x8  Data  Lc  wwd_management.o [7]
wiced_management_init   0x0001abd9    0x1e  Code  Gb  wwd_management.o [7]
wiced_management_set_event_handler
                        0x0001c9bd     0xa  Code  Gb  SDPCM.o [7]
wiced_management_wifi_off
                        0x0001ad9d    0x50  Code  Gb  wwd_management.o [7]
wiced_management_wifi_on
                        0x0001abf7   0x1a6  Code  Gb  wwd_management.o [7]
wiced_network_init      0x0001e685    0xa2  Code  Gb  wiced_network.o [7]
wiced_network_link_renew_handler
                        0x0001ea27    0x18  Code  Gb  wiced_network.o [7]
wiced_network_send_ethernet_data
                        0x0001c113    0x8a  Code  Gb  SDPCM.o [7]
wiced_networking_worker_thread
                        0x034011fc     0x8  Data  Gb  wiced_rtos.o [7]
wiced_packet_create_tcp
                        0x00017447    0x6c  Code  Gb  tcpip.o [7]
wiced_packet_create_udp
                        0x000174b3    0x12  Code  Gb  tcpip.o [7]
wiced_packet_delete     0x000174c5     0xa  Code  Gb  tcpip.o [7]
wiced_packet_get_data   0x00017501    0x76  Code  Gb  tcpip.o [7]
wiced_packet_set_data_end
                        0x000174cf    0x16  Code  Gb  tcpip.o [7]
wiced_ping              0x0001718d    0x28  Code  Gb  tcpip.o [7]
wiced_ping_send         0x00023fd9    0x8c  Code  Gb  wiced_ping.o [7]
wiced_platform_notify_irq
                        0x000270a3    0x22  Code  Gb  wwd_thread.o [7]
wiced_process_bus_credit_update
                        0x0001c19d    0x72  Code  Gb  SDPCM.o [7]
wiced_process_sdpcm     0x0001c20f   0x496  Code  Gb  SDPCM.o [7]
wiced_quit_sdpcm        0x0001c095    0x4e  Code  Gb  SDPCM.o [7]
wiced_read_backplane_value
                        0x00026d23    0x2e  Code  Gb  wwd_bus_protocol.o [7]
wiced_read_frame        0x00026a21    0x9e  Code  Gb  wwd_bus_protocol.o [7]
wiced_read_register_value
                        0x00026f65    0x50  Code  Lc  wwd_bus_protocol.o [7]
wiced_receive_one_packet
                        0x00027043    0x38  Code  Gb  wwd_thread.o [7]
wiced_reset_device_core
                        0x00032117    0x9e  Code  Gb  wwd_internal.o [7]
wiced_rtos_create_thread
                        0x00013365    0x4e  Code  Gb  wiced_rtos.o [7]
wiced_rtos_create_worker_thread
                        0x000135ff    0x5a  Code  Gb  wiced_rtos.o [7]
wiced_rtos_deinit_queue
                        0x0001353f     0xc  Code  Gb  wiced_rtos.o [7]
wiced_rtos_deinit_semaphore
                        0x000134c7    0x16  Code  Gb  wiced_rtos.o [7]
wiced_rtos_deinit_timer
                        0x000135c1    0x22  Code  Gb  wiced_rtos.o [7]
wiced_rtos_delay_milliseconds
                        0x00013415     0xa  Code  Gb  wiced_rtos.o [7]
wiced_rtos_delete_thread
                        0x000133b3    0x24  Code  Gb  wiced_rtos.o [7]
wiced_rtos_deregister_timed_event
                        0x000136a1    0x24  Code  Gb  wiced_rtos.o [7]
wiced_rtos_get_semaphore
                        0x0001345f    0x22  Code  Gb  wiced_rtos.o [7]
wiced_rtos_init         0x00013343    0x22  Code  Gb  wiced_rtos.o [7]
wiced_rtos_init_queue   0x000134dd    0x1e  Code  Gb  wiced_rtos.o [7]
wiced_rtos_init_semaphore
                        0x0001343d    0x22  Code  Gb  wiced_rtos.o [7]
wiced_rtos_init_timer   0x00013561    0x36  Code  Gb  wiced_rtos.o [7]
wiced_rtos_is_current_thread
                        0x000133f1    0x18  Code  Gb  wiced_rtos.o [7]
wiced_rtos_pop_from_queue
                        0x0001351d    0x22  Code  Gb  wiced_rtos.o [7]
wiced_rtos_push_to_queue
                        0x000134fb    0x22  Code  Gb  wiced_rtos.o [7]
wiced_rtos_register_timed_event
                        0x00013659    0x48  Code  Gb  wiced_rtos.o [7]
wiced_rtos_send_asynchronous_event
                        0x000136c5    0x14  Code  Gb  wiced_rtos.o [7]
wiced_rtos_set_semaphore
                        0x00013481    0x46  Code  Gb  wiced_rtos.o [7]
wiced_rtos_start_timer  0x00013597    0x2a  Code  Gb  wiced_rtos.o [7]
wiced_rtos_thread_force_awake
                        0x00013409     0xc  Code  Gb  wiced_rtos.o [7]
wiced_rtos_thread_join  0x000133d7    0x1a  Code  Gb  wiced_rtos.o [7]
wiced_sdpcm_ioctl_mutex
                        0x02017790     0x4  Data  Lc  SDPCM.o [7]
wiced_sdpcm_send_queue_head
                        0x020177a4     0x4  Data  Lc  SDPCM.o [7]
wiced_sdpcm_send_queue_mutex
                        0x020177a0     0x4  Data  Lc  SDPCM.o [7]
wiced_sdpcm_send_queue_tail
                        0x020177a8     0x4  Data  Lc  SDPCM.o [7]
wiced_send_ioctl        0x0001c6a9   0x314  Code  Gb  SDPCM.o [7]
wiced_send_iovar        0x0001c0e3    0x30  Code  Gb  SDPCM.o [7]
wiced_send_one_packet   0x00027007    0x3c  Code  Gb  wwd_thread.o [7]
wiced_send_sdpcm_common
                        0x0001cd49    0x90  Code  Lc  SDPCM.o [7]
wiced_set_backplane_window
                        0x00031f69    0xa8  Code  Gb  wwd_internal.o [7]
wiced_set_next_buffer_in_queue
                        0x0001cde3     0xe  Code  Lc  SDPCM.o [7]
wiced_start_dhcp_server
                        0x0002b55d    0x58  Code  Gb  dhcp_server.o [7]
wiced_stop_dhcp         0x0001ea3f     0x8  Code  Gb  wiced_network.o [7]
wiced_stop_dhcp_server  0x0002b5b5    0x2a  Code  Gb  dhcp_server.o [7]
wiced_tcp_bind          0x0001735b    0x4a  Code  Gb  tcpip.o [7]
wiced_tcp_connect       0x000172b1    0xaa  Code  Gb  tcpip.o [7]
wiced_tcp_create_socket
                        0x00017253    0x5e  Code  Gb  tcpip.o [7]
wiced_tcp_send_packet   0x000173a5    0x20  Code  Gb  tcpip.o [7]
wiced_tcp_start_tls     0x0002474f     0x6  Code  Gb  mxchipbesl.o [7]
wiced_thread            0x020177cc     0x4  Data  Lc  wwd_thread.o [7]
wiced_thread_func       0x000270d9    0xfe  Code  Lc  wwd_thread.o [7]
wiced_thread_init       0x00026fb9    0x4e  Code  Gb  wwd_thread.o [7]
wiced_thread_notify     0x000270c5    0x14  Code  Gb  wwd_thread.o [7]
wiced_thread_quit       0x0002707b    0x28  Code  Gb  wwd_thread.o [7]
wiced_thread_quit_flag  0x03401308     0x1  Data  Lc  wwd_thread.o [7]
wiced_time_get_time     0x0001341f    0x1e  Code  Gb  wiced_rtos.o [7]
wiced_time_offset       0x03401274     0x4  Data  Lc  wiced_rtos.o [7]
wiced_tls_encrypt_packet
                        0x00024749     0x6  Code  Gb  mxchipbesl.o [7]
wiced_transceive_semaphore
                        0x020177d0     0x4  Data  Lc  wwd_thread.o [7]
wiced_udp_create_socket
                        0x0001759b    0x7c  Code  Gb  tcpip.o [7]
wiced_udp_delete_socket
                        0x000176d1    0x1e  Code  Gb  tcpip.o [7]
wiced_udp_packet_get_info
                        0x000174e5    0x1c  Code  Gb  tcpip.o [7]
wiced_udp_receive       0x00017693    0x3e  Code  Gb  tcpip.o [7]
wiced_udp_send          0x00017617    0x7c  Code  Gb  tcpip.o [7]
wiced_using_dhcp        0x0340131a     0x1  Data  Lc  wiced_network.o [7]
wiced_wifi_add_packet_filter
                        0x00010959    0x86  Code  Gb  wwd_wifi.o [7]
wiced_wifi_ap_is_up     0x0340131c     0x1  Data  Gb  wwd_ap.o [7]
wiced_wifi_disable_monitor_mode
                        0x00010811    0x5c  Code  Gb  wwd_wifi.o [7]
wiced_wifi_enable_monitor_mode
                        0x000107b5    0x5c  Code  Gb  wwd_wifi.o [7]
wiced_wifi_enable_packet_filter
                        0x00010a17     0xc  Code  Gb  wwd_wifi.o [7]
wiced_wifi_enable_powersave_with_throughput
                        0x00010461    0x8a  Code  Gb  wwd_wifi.o [7]
wiced_wifi_get_ap_name  0x00010a65    0x68  Code  Gb  wwd_wifi.o [7]
wiced_wifi_get_channel  0x0001089d     0xc  Code  Gb  wwd_wifi.o [7]
wiced_wifi_get_mac_address
                        0x00010363    0x4e  Code  Gb  wwd_wifi.o [7]
wiced_wifi_get_pmk      0x000104fd    0x86  Code  Gb  wwd_wifi.o [7]
wiced_wifi_get_rssi     0x00010769    0x4c  Code  Gb  wwd_wifi.o [7]
wiced_wifi_get_wifi_version
                        0x00010b29    0x52  Code  Gb  wwd_wifi.o [7]
wiced_wifi_is_packet_from_ap
                        0x0001f0f9     0xe  Code  Gb  wwd_ap.o [7]
wiced_wifi_is_ready_to_transceive
                        0x000103ed    0x70  Code  Gb  wwd_wifi.o [7]
wiced_wifi_join         0x0000fb9f   0x108  Code  Gb  wwd_wifi.o [7]
wiced_wifi_join_specific
                        0x0000fca7   0x194  Code  Gb  wwd_wifi.o [7]
wiced_wifi_leave        0x000101d1    0x66  Code  Gb  wwd_wifi.o [7]
wiced_wifi_prepare_join
                        0x0000fe3b   0x396  Code  Lc  wwd_wifi.o [7]
wiced_wifi_register_multicast_address
                        0x00010583    0xd0  Code  Gb  wwd_wifi.o [7]
wiced_wifi_remove_packet_filter
                        0x000109e9    0x2e  Code  Gb  wwd_wifi.o [7]
wiced_wifi_scan         0x0000f709   0x12c  Code  Gb  wwd_wifi.o [7]
wiced_wifi_scan_networks
                        0x00014699   0x11c  Code  Gb  wifi.o [7]
wiced_wifi_set_channel  0x000108e7     0xc  Code  Gb  wwd_wifi.o [7]
wiced_wifi_set_down     0x00010875    0x20  Code  Gb  wwd_wifi.o [7]
wiced_wifi_set_maxassoc
                        0x00010b7b    0x2c  Code  Gb  wwd_wifi.o [7]
wiced_wifi_set_nmode    0x000103b9    0x2e  Code  Gb  wwd_wifi.o [7]
wiced_wifi_sleep_flag   0x034012bc     0x4  Data  Lc  wwd_ap.o [7]
wiced_wifi_start_ap     0x0001eca3   0x332  Code  Gb  wwd_ap.o [7]
wiced_wifi_stop_ap      0x0001efd9    0xea  Code  Gb  wwd_ap.o [7]
wiced_wifi_stop_scan    0x0000f835    0x58  Code  Gb  wwd_wifi.o [7]
wiced_wifi_toggle_packet_filter
                        0x00010a23    0x32  Code  Gb  wwd_wifi.o [7]
wiced_wifi_unregister_multicast_address
                        0x00010653    0xf0  Code  Gb  wwd_wifi.o [7]
wiced_wlan_status       0x0340002c     0xc  Data  Gb  wwd_internal.o [7]
wiced_write_backplane_value
                        0x00026cf9    0x2a  Code  Gb  wwd_bus_protocol.o [7]
wiced_write_register_value
                        0x00026cb9    0x40  Code  Gb  wwd_bus_protocol.o [7]
wiced_write_wifi_firmware_image
                        0x000321c9    0xbe  Code  Gb  wwd_firmware.o [7]
wiced_write_wifi_nvram_image
                        0x00032287   0x162  Code  Gb  wwd_firmware.o [7]
wifi_control_pins       0x0004dfa0     0x8  Data  Gb  platform.o [1]
wifi_join_aping         0x03401315     0x1  Data  Lc  wwd_wifi.o [7]
wifi_mgmt_parse         0x0000e33d   0x10c  Code  Lc  smart_config.o [7]
wifi_nvram_image        0x0004d708   0x30c  Data  Lc  wwd_firmware.o [7]
wifi_power_down         0x0000f113    0x26  Code  Gb  mxchipWNET.o [7]
wifi_power_is_down      0x03401280     0x4  Data  Lc  mxchipWNET.o [7]
wifi_reboot_event       0x0000f369    0x16  Code  Gb  mico_system_notification.o [1]
wifi_reboot_only        0x00012025    0x34  Code  Gb  wifimgr.o [7]
wifi_spi_pins           0x0004dfa8     0xc  Data  Gb  platform.o [1]
wifi_status_callback    0x0000eb97    0x74  Code  Gb  mxchipWNET.o [7]
wifi_up                 0x03401268     0x4  Data  Lc  tftp_ota.o [1]
wifidebug_Command       0x00012755    0x70  Code  Gb  wifimgr.o [7]
wifimgr_debug_enable    0x00010bc9    0x1c  Code  Gb  wifimgr.o [7]
wifimgr_sem             0x02017770     0x4  Data  Lc  wifimgr.o [7]
wifimgr_thread          0x0001218d   0x148  Code  Lc  wifimgr.o [7]
wifiscan_Command        0x0001280d   0x268  Code  Gb  wifimgr.o [7]
wifistate_Command       0x00012571   0x1dc  Code  Gb  wifimgr.o [7]
wlan_disconnect         0x0001154d    0x48  Code  Gb  wifimgr.o [7]
wlan_driver_version     0x0000f1c3     0xa  Code  Gb  mxchipWNET.o [7]
wlan_get_mac_address    0x00011ee7     0x8  Code  Gb  wifimgr.o [7]
wlan_init               0x00011ff9    0x28  Code  Gb  wifimgr.o [7]
wlan_spi_xfer_done      0x000265b1    0x40  Code  Gb  wlan_bus_spi.o [1]
wlu_is_ali_ie           0x0000d763    0x36  Code  Lc  smart_config.o [7]
wlu_is_wpa_ie           0x00010af3    0x36  Code  Lc  wwd_wifi.o [7]
wlu_parse_tlvs          0x0000d73d    0x26  Code  Lc  smart_config.o [7]
wlu_parse_tlvs          0x00010acd    0x26  Code  Lc  wwd_wifi.o [7]
work_mode               0x0201786c     0x4  Data  Lc  smart_config.o [7]
worker_thread_main      0x000135e3    0x1c  Code  Lc  wiced_rtos.o [7]
wps_running             0x03401310     0x1  Data  Lc  wps_host.o [7]
write                   0x0000efed     0xa  Code  Gb  mxchipWNET.o [7]
writeCString            0x000499d7    0x38  Code  Gb  MQTTPacket.o [4]
writeChar               0x000499b7     0x4  Code  Gb  MQTTPacket.o [4]
writeInt                0x000499bb    0x12  Code  Gb  MQTTPacket.o [4]
writeMQTTString         0x00049a0f    0x58  Code  Gb  MQTTPacket.o [4]
wwd_management_set_event_handler
                        0x0001c9c7   0x17e  Code  Gb  SDPCM.o [7]
wwd_thread_line         0x020177c4     0x4  Data  Gb  wwd_thread.o [7]
wwd_wifi_get_channel    0x000108a9    0x3e  Code  Gb  wwd_wifi.o [7]
wwd_wifi_set_channel    0x000108f3    0x62  Code  Gb  wwd_wifi.o [7]
xActiveTimerList1       0x03401074    0x14  Data  Lc  ostimers.o [7]
xActiveTimerList2       0x03401088    0x14  Data  Lc  ostimers.o [7]
xDelayedTaskList1       0x0340109c    0x14  Data  Lc  tasks.o [7]
xDelayedTaskList2       0x034010b0    0x14  Data  Lc  tasks.o [7]
xMissedYield            0x02017810     0x4  Data  Lc  tasks.o [7]
xNextTaskUnblockTime    0x034000a8     0x4  Data  Lc  tasks.o [7]
xNumOfOverflows         0x02017814     0x4  Data  Lc  tasks.o [7]
xPendingReadyList       0x034010c4    0x14  Data  Lc  tasks.o [7]
xPortPendSVHandler      0x00023407          Code  Gb  portasm.o [7]
xPortStartScheduler     0x00022f2b    0x3c  Code  Gb  port.o [7]
xPortSysTickHandler     0x00022f9d    0x1a  Code  Gb  port.o [7]
xQueueCreateCountingSemaphore
                        0x000229e3    0x14  Code  Gb  queue.o [7]
xQueueCreateMutex       0x00022987    0x5c  Code  Gb  queue.o [7]
xQueueGenericCreate     0x00022909    0x7e  Code  Gb  queue.o [7]
xQueueGenericReceive    0x00022b21   0x156  Code  Gb  queue.o [7]
xQueueGenericSend       0x000229f7    0xd4  Code  Gb  queue.o [7]
xQueueGenericSendFromISR
                        0x00022acb    0x56  Code  Gb  queue.o [7]
xQueueIsQueueFullFromISR
                        0x00022dd3    0x10  Code  Gb  queue.o [7]
xSchedulerRunning       0x02017804     0x4  Data  Lc  tasks.o [7]
xSuspendedTaskList      0x034010ec    0x14  Data  Lc  tasks.o [7]
xTaskCheckForTimeOut    0x00014197    0x60  Code  Gb  tasks.o [7]
xTaskForceAwakeClearPending
                        0x00013d15     0xc  Code  Gb  tasks.o [7]
xTaskForceAwakePending  0x00013d0b     0xa  Code  Gb  tasks.o [7]
xTaskGenericCreate      0x00013a6d   0x130  Code  Gb  tasks.o [7]
xTaskGetCurrentTaskHandle
                        0x000144f7     0x6  Code  Gb  tasks.o [7]
xTaskGetCurrentThread   0x00013cb7     0x8  Code  Gb  tasks.o [7]
xTaskGetSchedulerState  0x000144fd    0x1c  Code  Gb  tasks.o [7]
xTaskGetTickCount       0x00013e4f    0x14  Code  Gb  tasks.o [7]
xTaskGetTickCountFromISR
                        0x00013e63    0x16  Code  Gb  tasks.o [7]
xTaskIsTaskFinished     0x00013c47    0x70  Code  Gb  tasks.o [7]
xTaskRemoveFromEventList
                        0x00014125    0x62  Code  Gb  tasks.o [7]
xTaskResumeAll          0x00013d7d    0xd2  Code  Gb  tasks.o [7]
xTasksWaitingTermination
                        0x034010d8    0x14  Data  Lc  tasks.o [7]
xTickCount              0x020177f8     0x4  Data  Lc  tasks.o [7]
xTimerCreate            0x0002302f    0x4c  Code  Gb  ostimers.o [7]
xTimerCreateTimerTask   0x00022ff5    0x3a  Code  Gb  ostimers.o [7]
xTimerGenericCommand    0x0002307b    0x52  Code  Gb  ostimers.o [7]
xTimerQueue             0x020177dc     0x4  Data  Lc  ostimers.o [7]
xorbuf                  0x00029af7    0x32  Code  Lc  aes.o [7]


[1] = E:\work\13.WiFi_Mxchip\SDK_MiCOKit_v2.3.0.2\Build\Cloud_Read_Humiture\MiCOKit-LPC5410x\obj_EWARM
[2] = E:\work\13.WiFi_Mxchip\SDK_MiCOKit_v2.3.0.2\MICO\system\tftp_ota
[3] = command line
[4] = FogCloud_cm4_release.a
[5] = dl7M_tlf.a
[6] = m7M_tls.a
[7] = mxchipWNet_cm4f_spi.a
[8] = rt7M_tl.a
[9] = shb_l.a

  258 930 bytes of readonly  code memory
   20 500 bytes of readonly  data memory
  103 088 bytes of readwrite data memory

Errors: none
Warnings: 14
